
> habitus-frontend@1.0.0 build
> tsc && vite build

src/components/admin/__tests__/AdminLogWindow.test.tsx(16,9): error TS2304: Cannot find name 'global'.
src/components/admin/__tests__/AdminLogWindow.test.tsx(28,10): error TS2304: Cannot find name 'global'.
src/components/admin/__tests__/AdminLogWindow.test.tsx(36,20): error TS2304: Cannot find name 'global'.
src/components/admin/__tests__/AdminLogWindow.test.tsx(46,10): error TS2304: Cannot find name 'global'.
src/components/admin/__tests__/AdminLogWindow.test.tsx(54,20): error TS2304: Cannot find name 'global'.
src/components/admin/__tests__/AdminLogWindow.test.tsx(63,10): error TS2304: Cannot find name 'global'.
src/components/admin/__tests__/AdminLogWindow.test.tsx(71,20): error TS2304: Cannot find name 'global'.
src/components/admin/__tests__/AdminLogWindow.test.tsx(83,10): error TS2304: Cannot find name 'global'.
src/components/admin/__tests__/AdminLogWindow.test.tsx(96,10): error TS2304: Cannot find name 'global'.
src/components/admin/__tests__/AdminLogWindow.test.tsx(112,10): error TS2304: Cannot find name 'global'.
src/components/admin/__tests__/AdminLogWindow.test.tsx(124,10): error TS2304: Cannot find name 'global'.
src/components/admin/__tests__/AdminLogWindow.test.tsx(132,20): error TS2304: Cannot find name 'global'.
src/components/admin/__tests__/AdminLogWindow.test.tsx(139,20): error TS2304: Cannot find name 'global'.
src/components/admin/__tests__/AdminLogWindow.test.tsx(144,10): error TS2304: Cannot find name 'global'.
src/components/admin/__tests__/AdminLogWindow.test.tsx(163,10): error TS2304: Cannot find name 'global'.
src/components/admin/__tests__/AdminLogWindow.test.tsx(182,10): error TS2304: Cannot find name 'global'.
src/components/admin/__tests__/AdminLogWindow.test.tsx(204,20): error TS2304: Cannot find name 'global'.
src/components/admin/__tests__/AdminLogWindow.test.tsx(231,10): error TS2304: Cannot find name 'global'.
src/components/PWAUpdatePrompt.tsx(12,9): error TS2339: Property 'needUpdate' does not exist on type '{ needRefresh: [boolean, Dispatch<SetStateAction<boolean>>]; offlineReady: [boolean, Dispatch<SetStateAction<boolean>>]; updateServiceWorker: (reloadPage?: boolean | undefined) => Promise<...>; }'.
src/components/TelegramConnectionStepsModal.tsx(34,39): error TS2503: Cannot find namespace 'NodeJS'.
src/config/__tests__/api.test.ts(7,1): error TS2304: Cannot find name 'global'.
src/config/__tests__/api.test.ts(10,29): error TS2591: Cannot find name 'process'. Do you need to install type definitions for node? Try `npm i --save-dev @types/node` and then add 'node' to the types field in your tsconfig.
src/config/__tests__/api.test.ts(11,24): error TS2591: Cannot find name 'process'. Do you need to install type definitions for node? Try `npm i --save-dev @types/node` and then add 'node' to the types field in your tsconfig.
src/config/__tests__/api.test.ts(16,6): error TS2304: Cannot find name 'global'.
src/config/__tests__/api.test.ts(18,12): error TS2591: Cannot find name 'process'. Do you need to install type definitions for node? Try `npm i --save-dev @types/node` and then add 'node' to the types field in your tsconfig.
src/config/__tests__/api.test.ts(19,12): error TS2591: Cannot find name 'process'. Do you need to install type definitions for node? Try `npm i --save-dev @types/node` and then add 'node' to the types field in your tsconfig.
src/config/__tests__/api.test.ts(25,7): error TS2591: Cannot find name 'process'. Do you need to install type definitions for node? Try `npm i --save-dev @types/node` and then add 'node' to the types field in your tsconfig.
src/config/__tests__/api.test.ts(28,7): error TS2591: Cannot find name 'process'. Do you need to install type definitions for node? Try `npm i --save-dev @types/node` and then add 'node' to the types field in your tsconfig.
src/config/__tests__/api.test.ts(136,10): error TS2304: Cannot find name 'global'.
src/config/__tests__/api.test.ts(143,16): error TS2304: Cannot find name 'global'.
src/config/__tests__/api.test.ts(152,10): error TS2304: Cannot find name 'global'.
src/config/__tests__/api.test.ts(172,10): error TS2304: Cannot find name 'global'.
src/config/__tests__/api.test.ts(179,16): error TS2304: Cannot find name 'global'.
src/config/__tests__/api.test.ts(195,10): error TS2304: Cannot find name 'global'.
src/config/__tests__/api.test.ts(201,16): error TS2304: Cannot find name 'global'.
src/config/__tests__/api.test.ts(211,10): error TS2304: Cannot find name 'global'.
src/config/__tests__/api.test.ts(217,16): error TS2304: Cannot find name 'global'.
src/config/__tests__/api.test.ts(228,10): error TS2304: Cannot find name 'global'.
src/config/__tests__/api.test.ts(235,16): error TS2304: Cannot find name 'global'.
src/config/__tests__/api.test.ts(257,10): error TS2304: Cannot find name 'global'.
src/config/__tests__/api.test.ts(264,16): error TS2304: Cannot find name 'global'.
src/config/__tests__/api.test.ts(284,10): error TS2304: Cannot find name 'global'.
src/config/__tests__/api.test.ts(291,16): error TS2304: Cannot find name 'global'.
src/config/__tests__/api.test.ts(316,10): error TS2304: Cannot find name 'global'.
src/config/__tests__/api.test.ts(323,16): error TS2304: Cannot find name 'global'.
src/config/__tests__/api.test.ts(340,10): error TS2304: Cannot find name 'global'.
src/config/__tests__/api.test.ts(356,10): error TS2304: Cannot find name 'global'.
src/config/__tests__/api.test.ts(362,16): error TS2304: Cannot find name 'global'.
src/config/__tests__/api.test.ts(374,10): error TS2304: Cannot find name 'global'.
src/config/__tests__/api.test.ts(380,16): error TS2304: Cannot find name 'global'.
src/config/__tests__/api.test.ts(402,10): error TS2304: Cannot find name 'global'.
src/config/__tests__/api.test.ts(409,16): error TS2304: Cannot find name 'global'.
src/config/__tests__/api.test.ts(431,10): error TS2304: Cannot find name 'global'.
src/config/__tests__/api.test.ts(444,16): error TS2304: Cannot find name 'global'.
src/config/__tests__/api.test.ts(451,29): error TS2304: Cannot find name 'global'.
src/config/__tests__/api.test.ts(481,10): error TS2304: Cannot find name 'global'.
src/config/__tests__/api.test.ts(492,16): error TS2304: Cannot find name 'global'.
src/config/__tests__/api.test.ts(499,29): error TS2304: Cannot find name 'global'.
src/config/__tests__/api.test.ts(519,10): error TS2304: Cannot find name 'global'.
src/config/__tests__/api.test.ts(525,16): error TS2304: Cannot find name 'global'.
src/config/__tests__/api.test.ts(536,10): error TS2304: Cannot find name 'global'.
src/config/__tests__/api.test.ts(553,10): error TS2304: Cannot find name 'global'.
src/config/__tests__/api.test.ts(560,16): error TS2304: Cannot find name 'global'.
src/config/__tests__/api.test.ts(569,10): error TS2304: Cannot find name 'global'.
src/config/__tests__/api.test.ts(578,16): error TS2304: Cannot find name 'global'.
src/config/__tests__/api.test.ts(587,10): error TS2304: Cannot find name 'global'.
src/config/__tests__/api.test.ts(595,16): error TS2304: Cannot find name 'global'.
src/config/__tests__/api.test.ts(611,10): error TS2304: Cannot find name 'global'.
src/config/__tests__/api.test.ts(621,16): error TS2304: Cannot find name 'global'.
src/config/__tests__/api.test.ts(641,10): error TS2304: Cannot find name 'global'.
src/config/__tests__/api.test.ts(648,29): error TS2304: Cannot find name 'global'.
src/config/__tests__/api.test.ts(669,10): error TS2304: Cannot find name 'global'.
src/config/__tests__/api.test.ts(676,16): error TS2304: Cannot find name 'global'.
src/config/__tests__/api.test.ts(692,10): error TS2304: Cannot find name 'global'.
src/config/__tests__/api.test.ts(699,16): error TS2304: Cannot find name 'global'.
src/config/__tests__/api.test.ts(713,10): error TS2304: Cannot find name 'global'.
src/config/__tests__/api.test.ts(732,10): error TS2304: Cannot find name 'global'.
src/config/__tests__/api.test.ts(742,16): error TS2304: Cannot find name 'global'.
src/config/__tests__/api.test.ts(762,10): error TS2304: Cannot find name 'global'.
src/config/__tests__/api.test.ts(769,29): error TS2304: Cannot find name 'global'.
src/config/__tests__/api.test.ts(789,10): error TS2304: Cannot find name 'global'.
src/config/__tests__/api.test.ts(799,29): error TS2304: Cannot find name 'global'.
src/config/__tests__/api.test.ts(823,10): error TS2304: Cannot find name 'global'.
src/config/__tests__/api.test.ts(833,16): error TS2304: Cannot find name 'global'.
src/config/__tests__/api.test.ts(847,10): error TS2304: Cannot find name 'global'.
src/config/__tests__/api.test.ts(854,16): error TS2304: Cannot find name 'global'.
src/config/__tests__/api.test.ts(875,10): error TS2304: Cannot find name 'global'.
src/config/__tests__/api.test.ts(882,16): error TS2304: Cannot find name 'global'.
src/config/__tests__/api.test.ts(900,10): error TS2304: Cannot find name 'global'.
src/config/__tests__/api.test.ts(907,16): error TS2304: Cannot find name 'global'.
src/config/__tests__/api.test.ts(925,10): error TS2304: Cannot find name 'global'.
src/config/__tests__/api.test.ts(935,16): error TS2304: Cannot find name 'global'.
src/config/__tests__/api.test.ts(958,10): error TS2304: Cannot find name 'global'.
src/config/__tests__/api.test.ts(970,16): error TS2304: Cannot find name 'global'.
src/config/__tests__/api.test.ts(991,10): error TS2304: Cannot find name 'global'.
src/config/__tests__/api.test.ts(998,29): error TS2304: Cannot find name 'global'.
src/config/__tests__/api.test.ts(1021,10): error TS2304: Cannot find name 'global'.
src/config/__tests__/api.test.ts(1028,16): error TS2304: Cannot find name 'global'.
src/config/__tests__/api.test.ts(1047,10): error TS2304: Cannot find name 'global'.
src/config/__tests__/api.test.ts(1054,16): error TS2304: Cannot find name 'global'.
src/config/__tests__/api.test.ts(1073,10): error TS2304: Cannot find name 'global'.
src/config/__tests__/api.test.ts(1080,16): error TS2304: Cannot find name 'global'.
src/config/__tests__/api.test.ts(1092,10): error TS2304: Cannot find name 'global'.
src/config/__tests__/api.test.ts(1098,16): error TS2304: Cannot find name 'global'.
src/config/__tests__/api.test.ts(1112,10): error TS2304: Cannot find name 'global'.
src/config/__tests__/api.test.ts(1118,16): error TS2304: Cannot find name 'global'.
src/config/__tests__/api.test.ts(1132,10): error TS2304: Cannot find name 'global'.
src/config/__tests__/api.test.ts(1138,29): error TS2304: Cannot find name 'global'.
src/config/__tests__/api.test.ts(1146,10): error TS2304: Cannot find name 'global'.
src/config/__tests__/api.test.ts(1152,16): error TS2304: Cannot find name 'global'.
src/config/__tests__/api.test.ts(1170,10): error TS2304: Cannot find name 'global'.
src/config/__tests__/api.test.ts(1177,29): error TS2304: Cannot find name 'global'.
src/config/__tests__/api.test.ts(1199,10): error TS2304: Cannot find name 'global'.
src/config/__tests__/api.test.ts(1208,29): error TS2304: Cannot find name 'global'.
src/config/__tests__/api.test.ts(1231,10): error TS2304: Cannot find name 'global'.
src/config/__tests__/api.test.ts(1237,29): error TS2304: Cannot find name 'global'.
src/config/__tests__/api.test.ts(1251,10): error TS2304: Cannot find name 'global'.
src/config/__tests__/api.test.ts(1257,29): error TS2304: Cannot find name 'global'.
src/config/__tests__/api.test.ts(1270,10): error TS2304: Cannot find name 'global'.
src/config/__tests__/api.test.ts(1278,29): error TS2304: Cannot find name 'global'.
src/config/__tests__/api.test.ts(1286,10): error TS2304: Cannot find name 'global'.
src/config/__tests__/api.test.ts(1293,29): error TS2304: Cannot find name 'global'.
src/config/__tests__/api.test.ts(1311,10): error TS2304: Cannot find name 'global'.
src/config/__tests__/api.test.ts(1319,29): error TS2304: Cannot find name 'global'.
src/config/__tests__/api.test.ts(1332,10): error TS2304: Cannot find name 'global'.
src/config/__tests__/api.test.ts(1340,16): error TS2304: Cannot find name 'global'.
src/config/__tests__/api.test.ts(1350,10): error TS2304: Cannot find name 'global'.
src/config/__tests__/api.test.ts(1356,29): error TS2304: Cannot find name 'global'.
src/config/__tests__/api.test.ts(1370,10): error TS2304: Cannot find name 'global'.
src/config/__tests__/api.test.ts(1377,16): error TS2304: Cannot find name 'global'.
src/config/__tests__/api.test.ts(1386,10): error TS2304: Cannot find name 'global'.
src/config/__tests__/api.test.ts(1393,16): error TS2304: Cannot find name 'global'.
src/config/api.ts(78,16): error TS2591: Cannot find name 'process'. Do you need to install type definitions for node? Try `npm i --save-dev @types/node` and then add 'node' to the types field in your tsconfig.
src/config/api.ts(78,43): error TS2591: Cannot find name 'process'. Do you need to install type definitions for node? Try `npm i --save-dev @types/node` and then add 'node' to the types field in your tsconfig.
src/config/api.ts(79,32): error TS2591: Cannot find name 'process'. Do you need to install type definitions for node? Try `npm i --save-dev @types/node` and then add 'node' to the types field in your tsconfig.
src/config/api.ts(80,22): error TS2591: Cannot find name 'process'. Do you need to install type definitions for node? Try `npm i --save-dev @types/node` and then add 'node' to the types field in your tsconfig.
src/hooks/__tests__/useAuth.test.ts(8,1): error TS2304: Cannot find name 'global'.
src/hooks/__tests__/useAuth.test.ts(26,6): error TS2304: Cannot find name 'global'.
src/hooks/__tests__/useAuth.test.ts(27,6): error TS2304: Cannot find name 'global'.
src/hooks/__tests__/useAuth.test.ts(40,8): error TS2304: Cannot find name 'global'.
src/hooks/__tests__/useAuth.test.ts(69,8): error TS2304: Cannot find name 'global'.
src/hooks/__tests__/useAuth.test.ts(83,14): error TS2304: Cannot find name 'global'.
src/hooks/__tests__/useAuth.test.ts(96,8): error TS2304: Cannot find name 'global'.
src/hooks/__tests__/useAuth.test.ts(121,8): error TS2304: Cannot find name 'global'.
src/hooks/__tests__/useAuth.test.ts(142,8): error TS2304: Cannot find name 'global'.
src/hooks/__tests__/useAuth.test.ts(188,14): error TS2304: Cannot find name 'global'.
src/hooks/__tests__/useAuth.test.ts(201,8): error TS2304: Cannot find name 'global'.
src/hooks/__tests__/useAuth.test.ts(246,8): error TS2304: Cannot find name 'global'.
src/hooks/__tests__/useAuth.test.ts(296,8): error TS2304: Cannot find name 'global'.
src/hooks/__tests__/useAuth.test.ts(347,30): error TS2304: Cannot find name 'global'.
src/hooks/__tests__/useAuth.test.ts(362,8): error TS2304: Cannot find name 'global'.
src/hooks/__tests__/useAuth.test.ts(407,14): error TS2304: Cannot find name 'global'.
src/hooks/__tests__/useAuth.test.ts(416,8): error TS2304: Cannot find name 'global'.
src/hooks/__tests__/useAuth.test.ts(473,8): error TS2304: Cannot find name 'global'.
src/hooks/__tests__/useAuth.test.ts(546,14): error TS2304: Cannot find name 'global'.
src/hooks/__tests__/useAuth.test.ts(555,8): error TS2304: Cannot find name 'global'.
src/hooks/__tests__/useAuth.test.ts(611,8): error TS2304: Cannot find name 'global'.
src/hooks/__tests__/useAuth.test.ts(647,8): error TS2304: Cannot find name 'global'.
src/hooks/__tests__/useAuth.test.ts(729,8): error TS2304: Cannot find name 'global'.
src/hooks/__tests__/useAuth.test.ts(819,8): error TS2304: Cannot find name 'global'.
src/hooks/__tests__/useAuth.test.ts(861,33): error TS2304: Cannot find name 'global'.
src/hooks/__tests__/useAuth.test.ts(873,8): error TS2304: Cannot find name 'global'.
src/hooks/__tests__/useAuth.test.ts(919,8): error TS2304: Cannot find name 'global'.
src/hooks/__tests__/useAuth.test.ts(981,8): error TS2304: Cannot find name 'global'.
src/hooks/__tests__/useAuth.test.ts(1046,8): error TS2304: Cannot find name 'global'.
src/hooks/__tests__/useAuth.test.ts(1101,8): error TS2304: Cannot find name 'global'.
src/hooks/__tests__/useAuth.test.ts(1147,8): error TS2304: Cannot find name 'global'.
src/hooks/__tests__/useAuth.test.ts(1206,8): error TS2304: Cannot find name 'global'.
src/hooks/__tests__/useAuth.test.ts(1259,8): error TS2304: Cannot find name 'global'.
src/hooks/__tests__/useAuth.test.ts(1305,8): error TS2304: Cannot find name 'global'.
src/hooks/__tests__/useAuth.test.ts(1375,8): error TS2304: Cannot find name 'global'.
src/hooks/__tests__/useAuth.test.ts(1449,8): error TS2304: Cannot find name 'global'.
src/hooks/__tests__/useAuth.test.ts(1502,8): error TS2304: Cannot find name 'global'.
src/hooks/__tests__/useAuth.test.ts(1548,8): error TS2304: Cannot find name 'global'.
src/hooks/__tests__/useAuth.test.ts(1623,8): error TS2304: Cannot find name 'global'.
src/hooks/__tests__/useAuth.test.ts(1688,8): error TS2304: Cannot find name 'global'.
src/hooks/__tests__/useAuth.test.ts(1732,8): error TS2304: Cannot find name 'global'.
src/hooks/__tests__/useAuth.test.ts(1778,8): error TS2304: Cannot find name 'global'.
src/hooks/__tests__/useAuth.test.ts(1841,8): error TS2304: Cannot find name 'global'.
src/hooks/__tests__/useAuth.test.ts(1908,8): error TS2304: Cannot find name 'global'.
src/hooks/__tests__/useAuth.test.ts(1972,8): error TS2304: Cannot find name 'global'.
src/hooks/__tests__/useAuth.test.ts(2035,8): error TS2304: Cannot find name 'global'.
src/hooks/__tests__/useAuth.test.ts(2085,8): error TS2304: Cannot find name 'global'.
src/hooks/__tests__/useAuth.test.ts(2146,8): error TS2304: Cannot find name 'global'.
src/hooks/__tests__/useAuth.test.ts(2266,8): error TS2304: Cannot find name 'global'.
src/hooks/__tests__/useAuth.test.ts(2334,8): error TS2304: Cannot find name 'global'.
src/hooks/__tests__/useAuth.test.ts(2392,8): error TS2304: Cannot find name 'global'.
src/hooks/__tests__/useAuth.test.ts(2440,8): error TS2304: Cannot find name 'global'.
src/hooks/__tests__/useAuth.test.ts(2538,8): error TS2304: Cannot find name 'global'.
src/hooks/__tests__/useAuth.test.ts(2586,8): error TS2304: Cannot find name 'global'.
src/hooks/__tests__/useAuth.test.ts(2636,8): error TS2304: Cannot find name 'global'.
src/hooks/__tests__/useAuth.test.ts(2666,8): error TS2304: Cannot find name 'global'.
src/hooks/__tests__/useAuth.test.ts(2725,8): error TS2304: Cannot find name 'global'.
src/hooks/__tests__/useAuth.test.ts(2798,8): error TS2304: Cannot find name 'global'.
src/hooks/__tests__/useAuth.test.ts(2861,8): error TS2304: Cannot find name 'global'.
src/hooks/__tests__/useAuth.test.ts(2932,8): error TS2304: Cannot find name 'global'.
src/hooks/__tests__/useAuth.test.ts(2996,8): error TS2304: Cannot find name 'global'.
src/hooks/__tests__/useAuth.test.ts(3051,8): error TS2304: Cannot find name 'global'.
src/hooks/__tests__/useAuth.test.ts(3138,8): error TS2304: Cannot find name 'global'.
src/hooks/__tests__/useAuth.test.ts(3230,8): error TS2304: Cannot find name 'global'.
src/hooks/__tests__/useAuth.test.ts(3307,8): error TS2304: Cannot find name 'global'.
src/hooks/__tests__/useReminders.test.ts(14,1): error TS2304: Cannot find name 'global'.
src/hooks/__tests__/useReminders.test.ts(31,6): error TS2304: Cannot find name 'global'.
src/hooks/__tests__/useReminders.test.ts(32,6): error TS2304: Cannot find name 'global'.
src/hooks/__tests__/useReminders.test.ts(51,8): error TS2304: Cannot find name 'global'.
src/hooks/__tests__/useReminders.test.ts(81,8): error TS2304: Cannot find name 'global'.
src/hooks/__tests__/useReminders.test.ts(94,14): error TS2304: Cannot find name 'global'.
src/hooks/__tests__/useReminders.test.ts(107,8): error TS2304: Cannot find name 'global'.
src/hooks/__tests__/useReminders.test.ts(124,8): error TS2304: Cannot find name 'global'.
src/hooks/__tests__/useReminders.test.ts(136,33): error TS2304: Cannot find name 'global'.
src/hooks/__tests__/useReminders.test.ts(148,17): error TS2304: Cannot find name 'global'.
src/hooks/__tests__/useReminders.test.ts(157,8): error TS2304: Cannot find name 'global'.
src/hooks/__tests__/useReminders.test.ts(169,33): error TS2304: Cannot find name 'global'.
src/hooks/__tests__/useReminders.test.ts(183,15): error TS2304: Cannot find name 'global'.
src/hooks/__tests__/useReminders.test.ts(192,8): error TS2304: Cannot find name 'global'.
src/hooks/__tests__/useReminders.test.ts(223,33): error TS2304: Cannot find name 'global'.
src/hooks/__tests__/useReminders.test.ts(254,19): error TS2304: Cannot find name 'global'.
src/hooks/__tests__/useReminders.test.ts(263,8): error TS2304: Cannot find name 'global'.
src/hooks/__tests__/useReminders.test.ts(281,33): error TS2304: Cannot find name 'global'.
src/hooks/__tests__/useReminders.test.ts(287,15): error TS2304: Cannot find name 'global'.
src/hooks/__tests__/useReminders.test.ts(310,8): error TS2304: Cannot find name 'global'.
src/hooks/__tests__/useReminders.test.ts(341,8): error TS2304: Cannot find name 'global'.
src/hooks/__tests__/useReminders.test.ts(370,8): error TS2304: Cannot find name 'global'.
src/hooks/__tests__/useReminders.test.ts(409,8): error TS2304: Cannot find name 'global'.
src/hooks/__tests__/useReminders.test.ts(439,8): error TS2304: Cannot find name 'global'.
src/hooks/__tests__/useReminders.test.ts(468,8): error TS2304: Cannot find name 'global'.
src/hooks/__tests__/useReminders.test.ts(507,8): error TS2304: Cannot find name 'global'.
src/hooks/__tests__/useReminders.test.ts(537,8): error TS2304: Cannot find name 'global'.
src/hooks/__tests__/useReminders.test.ts(566,8): error TS2304: Cannot find name 'global'.
src/hooks/__tests__/useReminders.test.ts(605,8): error TS2304: Cannot find name 'global'.
src/hooks/__tests__/useReminders.test.ts(632,8): error TS2304: Cannot find name 'global'.
src/hooks/__tests__/useReminders.test.ts(661,8): error TS2304: Cannot find name 'global'.
src/hooks/__tests__/useReminders.test.ts(694,8): error TS2304: Cannot find name 'global'.
src/hooks/__tests__/useReminders.test.ts(718,16): error TS2304: Cannot find name 'global'.
src/hooks/__tests__/useReminders.test.ts(728,8): error TS2304: Cannot find name 'global'.
src/hooks/__tests__/useReminders.test.ts(757,8): error TS2304: Cannot find name 'global'.
src/hooks/__tests__/useReminders.test.ts(802,8): error TS2304: Cannot find name 'global'.
src/hooks/__tests__/useReminders.test.ts(850,8): error TS2304: Cannot find name 'global'.
src/hooks/__tests__/useReminders.test.ts(875,8): error TS2304: Cannot find name 'global'.
src/hooks/__tests__/useReminders.test.ts(893,33): error TS2304: Cannot find name 'global'.
src/hooks/__tests__/useReminders.test.ts(899,15): error TS2304: Cannot find name 'global'.
src/hooks/__tests__/useReminders.test.ts(912,8): error TS2304: Cannot find name 'global'.
src/hooks/__tests__/useReminders.test.ts(930,33): error TS2304: Cannot find name 'global'.
src/hooks/__tests__/useReminders.test.ts(936,15): error TS2304: Cannot find name 'global'.
src/hooks/__tests__/useReminders.test.ts(942,8): error TS2304: Cannot find name 'global'.
src/hooks/__tests__/useReminders.test.ts(964,39): error TS2304: Cannot find name 'global'.
src/hooks/__tests__/useReminders.test.ts(975,15): error TS2304: Cannot find name 'global'.
src/hooks/__tests__/useReminders.test.ts(986,8): error TS2304: Cannot find name 'global'.
src/hooks/__tests__/useReminders.test.ts(1017,33): error TS2304: Cannot find name 'global'.
src/hooks/__tests__/useReminders.test.ts(1043,19): error TS2304: Cannot find name 'global'.
src/hooks/__tests__/useReminders.test.ts(1060,8): error TS2304: Cannot find name 'global'.
src/hooks/__tests__/useReminders.test.ts(1082,38): error TS2304: Cannot find name 'global'.
src/hooks/__tests__/useReminders.test.ts(1099,15): error TS2304: Cannot find name 'global'.
src/hooks/__tests__/useReminders.test.ts(1113,8): error TS2304: Cannot find name 'global'.
src/hooks/__tests__/useReminders.test.ts(1125,33): error TS2304: Cannot find name 'global'.
src/hooks/__tests__/useReminders.test.ts(1143,19): error TS2304: Cannot find name 'global'.
src/hooks/__tests__/useReminders.test.ts(1154,8): error TS2304: Cannot find name 'global'.
src/hooks/__tests__/useReminders.test.ts(1182,19): error TS2304: Cannot find name 'global'.
src/hooks/__tests__/useTrackings.test.ts(10,1): error TS2304: Cannot find name 'global'.
src/hooks/__tests__/useTrackings.test.ts(17,6): error TS2304: Cannot find name 'global'.
src/hooks/__tests__/useTrackings.test.ts(24,6): error TS2304: Cannot find name 'global'.
src/hooks/__tests__/useTrackings.test.ts(36,12): error TS2304: Cannot find name 'global'.
src/hooks/__tests__/useTrackings.test.ts(60,12): error TS2304: Cannot find name 'global'.
src/hooks/__tests__/useTrackings.test.ts(79,6): error TS2304: Cannot find name 'global'.
src/hooks/__tests__/useTrackings.test.ts(91,12): error TS2304: Cannot find name 'global'.
src/hooks/__tests__/useTrackings.test.ts(103,6): error TS2304: Cannot find name 'global'.
src/hooks/__tests__/useTrackings.test.ts(148,6): error TS2304: Cannot find name 'global'.
src/hooks/__tests__/useTrackings.test.ts(176,12): error TS2304: Cannot find name 'global'.
src/hooks/__tests__/useTrackings.test.ts(188,25): error TS2304: Cannot find name 'global'.
src/hooks/__tests__/useTrackings.test.ts(207,6): error TS2304: Cannot find name 'global'.
src/hooks/__tests__/useTrackings.test.ts(228,12): error TS2304: Cannot find name 'global'.
src/hooks/__tests__/useTrackings.test.ts(242,6): error TS2304: Cannot find name 'global'.
src/hooks/__tests__/useTrackings.test.ts(256,6): error TS2304: Cannot find name 'global'.
src/hooks/__tests__/useTrackings.test.ts(289,6): error TS2304: Cannot find name 'global'.
src/hooks/__tests__/useTrackings.test.ts(317,6): error TS2304: Cannot find name 'global'.
src/hooks/__tests__/useTrackings.test.ts(339,6): error TS2304: Cannot find name 'global'.
src/hooks/__tests__/useTrackings.test.ts(358,6): error TS2304: Cannot find name 'global'.
src/hooks/__tests__/useUsers.test.ts(7,1): error TS2304: Cannot find name 'global'.
src/hooks/__tests__/useUsers.test.ts(12,6): error TS2304: Cannot find name 'global'.
src/hooks/__tests__/useUsers.test.ts(16,6): error TS2304: Cannot find name 'global'.
src/hooks/__tests__/useUsers.test.ts(28,12): error TS2304: Cannot find name 'global'.
src/hooks/__tests__/useUsers.test.ts(43,6): error TS2304: Cannot find name 'global'.
src/hooks/__tests__/useUsers.test.ts(55,12): error TS2304: Cannot find name 'global'.
src/hooks/__tests__/useUsers.test.ts(65,6): error TS2304: Cannot find name 'global'.
src/hooks/__tests__/useUsers.test.ts(93,6): error TS2304: Cannot find name 'global'.
src/hooks/__tests__/useUsers.test.ts(111,12): error TS2304: Cannot find name 'global'.
src/hooks/__tests__/useUsers.test.ts(128,6): error TS2304: Cannot find name 'global'.
src/hooks/__tests__/useUsers.test.ts(170,6): error TS2304: Cannot find name 'global'.
src/hooks/__tests__/useUsers.test.ts(186,6): error TS2304: Cannot find name 'global'.
src/hooks/__tests__/useUsers.test.ts(206,6): error TS2304: Cannot find name 'global'.
src/hooks/__tests__/useUsers.test.ts(233,6): error TS2304: Cannot find name 'global'.
src/hooks/__tests__/useUsers.test.ts(262,6): error TS2304: Cannot find name 'global'.
src/hooks/__tests__/useUsers.test.ts(277,6): error TS2304: Cannot find name 'global'.
src/hooks/base/TokenManager.ts(21,25): error TS2503: Cannot find namespace 'NodeJS'.
src/hooks/useReminders.ts(112,23): error TS2503: Cannot find namespace 'NodeJS'.
src/pages/admin/__tests__/AdminPage.test.tsx(79,9): error TS2304: Cannot find name 'global'.
src/pages/admin/__tests__/AdminPage.test.tsx(145,16): error TS2304: Cannot find name 'global'.
src/pages/admin/__tests__/AdminPage.test.tsx(170,16): error TS2304: Cannot find name 'global'.
src/pages/admin/__tests__/AdminPage.test.tsx(182,10): error TS2304: Cannot find name 'global'.
src/pages/admin/__tests__/AdminPage.test.tsx(200,16): error TS2304: Cannot find name 'global'.
src/pages/admin/__tests__/AdminPage.test.tsx(221,10): error TS2304: Cannot find name 'global'.
src/pages/admin/__tests__/AdminPage.test.tsx(251,10): error TS2304: Cannot find name 'global'.
src/pages/admin/__tests__/AdminPage.test.tsx(283,10): error TS2304: Cannot find name 'global'.
src/setupTests.ts(35,1): error TS2304: Cannot find name 'global'.
src/setupTests.ts(49,6): error TS2591: Cannot find name 'process'. Do you need to install type definitions for node? Try `npm i --save-dev @types/node` and then add 'node' to the types field in your tsconfig.
src/setupTests.ts(54,6): error TS2591: Cannot find name 'process'. Do you need to install type definitions for node? Try `npm i --save-dev @types/node` and then add 'node' to the types field in your tsconfig.
src/setupTests.ts(63,26): error TS2591: Cannot find name 'process'. Do you need to install type definitions for node? Try `npm i --save-dev @types/node` and then add 'node' to the types field in your tsconfig.
src/setupTests.ts(64,20): error TS2591: Cannot find name 'process'. Do you need to install type definitions for node? Try `npm i --save-dev @types/node` and then add 'node' to the types field in your tsconfig.
node.exe : npm error 
Lifecycle script 
`build` failed with 
error:
En línea: 1 Carácter: 
1
+ & "C:\Program Files\
nodejs/node.exe" "C:\U
sers\twall\AppData\Roa
ming\ ...
+ ~~~~~~~~~~~~~~~~~~~~
~~~~~~~~~~~~~~~~~~~~~~
~~~~~~~~~~~~~~~~~~~~~~
~~~~~
    + CategoryInfo    
          : NotSpeci  
  fied: (npm error    
 Lifec...led with     
error::String) []    
, RemoteException
    + FullyQualifiedE 
   rrorId : NativeCo  
  mmandError
 
npm error code 2
npm error path D:\Code
\habitus\frontend
npm error workspace 
habitus-frontend@1.0.0
npm error location D:\
Code\habitus\frontend
npm error command 
failed
npm error command C:\W
INDOWS\system32\cmd.ex
e /d /s /c tsc && 
vite build
