src/components/PWAUpdatePrompt.tsx(1,31): error TS2307: Cannot find module 'virtual:pwa-register/react' or its corresponding type declarations.
src/components/PWAUpdatePrompt.tsx(15,22): error TS7006: Parameter 'r' implicitly has an 'any' type.
src/components/PWAUpdatePrompt.tsx(18,25): error TS7006: Parameter 'error' implicitly has an 'any' type.
