
> habitus@1.0.0 test:frontend
> vitest run --config config/vitest.config.ts --coverage && node config/coverage-report-low.js --run

[dotenv@17.2.3] injecting env (16) from config\.env -- tip: ÔÜÖ´©Å  specify custom .env file path with { path: '/custom/path/.env' }

[1m[46m RUN [49m[22m [36mv4.0.14 [39m[90mD:/Code/habitus[39m
      [2mCoverage enabled with [22m[33mv8[39m

 [32mÔ£ô[39m backend/src/__tests__/server.test.ts[2m > [22mServer Configuration - Integration Tests[2m > [22mTrust Proxy Configuration[2m > [22mshould set trust proxy when TRUST_PROXY is true[32m 4[2mms[22m[39m
 [32mÔ£ô[39m backend/src/__tests__/server.test.ts[2m > [22mServer Configuration - Integration Tests[2m > [22mTrust Proxy Configuration[2m > [22mshould not set trust proxy when TRUST_PROXY is not true[32m 1[2mms[22m[39m
 [32mÔ£ô[39m backend/src/__tests__/server.test.ts[2m > [22mServer Configuration - Integration Tests[2m > [22mRequest Logging Middleware Logic[2m > [22mshould log requests in production mode[32m 39[2mms[22m[39m
 [32mÔ£ô[39m backend/src/__tests__/server.test.ts[2m > [22mServer Configuration - Integration Tests[2m > [22mRequest Logging Middleware Logic[2m > [22mshould log errors in development mode[32m 10[2mms[22m[39m
 [32mÔ£ô[39m backend/src/__tests__/server.test.ts[2m > [22mServer Configuration - Integration Tests[2m > [22mRequest Logging Middleware Logic[2m > [22mshould skip logging for Vite HMR routes in development[32m 9[2mms[22m[39m
 [32mÔ£ô[39m backend/src/__tests__/server.test.ts[2m > [22mServer Configuration - Integration Tests[2m > [22mRequest Logging Middleware Logic[2m > [22mshould log requests when VERBOSE_LOGGING is enabled in development[32m 16[2mms[22m[39m
 [32mÔ£ô[39m backend/src/__tests__/server.test.ts[2m > [22mServer Configuration - Integration Tests[2m > [22mCORS Configuration[2m > [22mshould use CORS with origin true in development[32m 2[2mms[22m[39m
 [32mÔ£ô[39m backend/src/__tests__/server.test.ts[2m > [22mServer Configuration - Integration Tests[2m > [22mCORS Configuration[2m > [22mshould use default CORS in production[32m 2[2mms[22m[39m
 [32mÔ£ô[39m backend/src/__tests__/server.test.ts[2m > [22mServer Configuration - Integration Tests[2m > [22mHealth Check Endpoint[2m > [22mshould return ok status for health check[32m 12[2mms[22m[39m
 [32mÔ£ô[39m backend/src/__tests__/server.test.ts[2m > [22mServer Configuration - Integration Tests[2m > [22mStatic File Serving[2m > [22mshould configure static file serving for uploads[32m 2[2mms[22m[39m
 [32mÔ£ô[39m backend/src/__tests__/server.test.ts[2m > [22mServer Configuration - Integration Tests[2m > [22mVite Dev Server Initialization Logic[2m > [22mshould return null in production mode[32m 1[2mms[22m[39m
 [32mÔ£ô[39m backend/src/__tests__/server.test.ts[2m > [22mServer Configuration - Integration Tests[2m > [22mVite Dev Server Initialization Logic[2m > [22mshould handle Vite initialization logic in development[32m 0[2mms[22m[39m
 [32mÔ£ô[39m backend/src/__tests__/server.test.ts[2m > [22mServer Configuration - Integration Tests[2m > [22mProduction Static File Serving Logic[2m > [22mshould serve static files from frontend/dist in production[32m 1[2mms[22m[39m
 [32mÔ£ô[39m backend/src/__tests__/server.test.ts[2m > [22mServer Configuration - Integration Tests[2m > [22mProduction Static File Serving Logic[2m > [22mshould serve index.html for all non-API routes in production[32m 1[2mms[22m[39m
 [32mÔ£ô[39m backend/src/__tests__/server.test.ts[2m > [22mServer Configuration - Integration Tests[2m > [22mDevelopment Vite Route Handling Logic[2m > [22mshould skip API routes when serving via Vite[32m 14[2mms[22m[39m
 [32mÔ£ô[39m backend/src/__tests__/server.test.ts[2m > [22mServer Configuration - Integration Tests[2m > [22mDevelopment Vite Route Handling Logic[2m > [22mshould skip uploads routes when serving via Vite[32m 11[2mms[22m[39m
 [32mÔ£ô[39m backend/src/__tests__/server.test.ts[2m > [22mServer Configuration - Integration Tests[2m > [22mDevelopment Vite Route Handling Logic[2m > [22mshould skip health check route when serving via Vite[32m 7[2mms[22m[39m
 [32mÔ£ô[39m backend/src/__tests__/server.test.ts[2m > [22mServer Configuration - Integration Tests[2m > [22mDevelopment Vite Route Handling Logic[2m > [22mshould handle errors when transforming index.html[32m 9[2mms[22m[39m
 [32mÔ£ô[39m backend/src/__tests__/server.test.ts[2m > [22mServer Configuration - Integration Tests[2m > [22mServer Initialization and Shutdown Logic[2m > [22mshould handle database initialization failure[32m 3[2mms[22m[39m
 [32mÔ£ô[39m backend/src/__tests__/server.test.ts[2m > [22mServer Configuration - Integration Tests[2m > [22mServer Initialization and Shutdown Logic[2m > [22mshould handle graceful shutdown logic[32m 24[2mms[22m[39m
 [32mÔ£ô[39m backend/src/__tests__/server.test.ts[2m > [22mServer Configuration - Integration Tests[2m > [22mServer.ts Integration - Actual Import Tests[2m > [22mshould import server.ts with all mocks in place[32m 137[2mms[22m[39m
 [32mÔ£ô[39m backend/src/__tests__/server.test.ts[2m > [22mServer Configuration - Integration Tests[2m > [22mServer.ts Integration - Actual Import Tests[2m > [22mshould import server.ts in development mode with Vite[32m 6[2mms[22m[39m
 [32mÔ£ô[39m backend/src/__tests__/server.test.ts[2m > [22mServer Configuration - Integration Tests[2m > [22mServer.ts Integration - Actual Import Tests[2m > [22mshould import server.ts with VERBOSE_LOGGING enabled[32m 4[2mms[22m[39m
 [32mÔ£ô[39m backend/src/__tests__/server.test.ts[2m > [22mServer Configuration - Integration Tests[2m > [22mServer.ts Integration - Actual Import Tests[2m > [22mshould handle server.ts import in production mode[32m 4[2mms[22m[39m
 [32mÔ£ô[39m backend/src/__tests__/server.test.ts[2m > [22mServer Configuration - Integration Tests[2m > [22mServer.ts Integration - Actual Import Tests[2m > [22mshould handle Vite initialization error[32m 7[2mms[22m[39m
 [32mÔ£ô[39m backend/src/__tests__/server.test.ts[2m > [22mServer Configuration - Integration Tests[2m > [22mServer.ts Integration - Actual Import Tests[2m > [22mshould handle server.ts import with TRUST_PROXY enabled[32m 4[2mms[22m[39m
 [32mÔ£ô[39m backend/src/__tests__/server.test.ts[2m > [22mServer Configuration - Integration Tests[2m > [22mServer.ts Integration - Actual Import Tests[2m > [22mshould handle server.ts import with development mode and Vite server[32m 4[2mms[22m[39m
 [32mÔ£ô[39m backend/src/__tests__/server.test.ts[2m > [22mServer Configuration - Integration Tests[2m > [22mServer.ts Complete Integration - Real Execution Tests[2m > [22mshould execute middleware with real HTTP requests[33m 493[2mms[22m[39m
 [32mÔ£ô[39m backend/src/__tests__/server.test.ts[2m > [22mServer Configuration - Integration Tests[2m > [22mServer.ts Complete Integration - Real Execution Tests[2m > [22mshould execute middleware for error responses[33m 483[2mms[22m[39m
 [32mÔ£ô[39m frontend/src/hooks/base/__tests__/TokenManager.test.ts[2m > [22mTokenManager[2m > [22mgetToken[2m > [22mshould return null when no token exists[32m 2[2mms[22m[39m
 [32mÔ£ô[39m frontend/src/hooks/base/__tests__/TokenManager.test.ts[2m > [22mTokenManager[2m > [22mgetToken[2m > [22mshould return token when it exists[32m 1[2mms[22m[39m
 [32mÔ£ô[39m frontend/src/hooks/base/__tests__/TokenManager.test.ts[2m > [22mTokenManager[2m > [22msetToken[2m > [22mshould set token in localStorage[32m 1[2mms[22m[39m
 [32mÔ£ô[39m frontend/src/hooks/base/__tests__/TokenManager.test.ts[2m > [22mTokenManager[2m > [22msetToken[2m > [22mshould remove token when set to null[32m 0[2mms[22m[39m
 [32mÔ£ô[39m frontend/src/hooks/base/__tests__/TokenManager.test.ts[2m > [22mTokenManager[2m > [22msetToken[2m > [22mshould notify listeners when token changes[32m 2[2mms[22m[39m
 [32mÔ£ô[39m frontend/src/hooks/base/__tests__/TokenManager.test.ts[2m > [22mTokenManager[2m > [22mhasToken[2m > [22mshould return false when no token exists[32m 0[2mms[22m[39m
 [32mÔ£ô[39m frontend/src/hooks/base/__tests__/TokenManager.test.ts[2m > [22mTokenManager[2m > [22mhasToken[2m > [22mshould return true when token exists[32m 0[2mms[22m[39m
 [32mÔ£ô[39m frontend/src/hooks/base/__tests__/TokenManager.test.ts[2m > [22mTokenManager[2m > [22monTokenChange[2m > [22mshould call listener when token changes[32m 0[2mms[22m[39m
 [32mÔ£ô[39m backend/src/__tests__/server.test.ts[2m > [22mServer Configuration - Integration Tests[2m > [22mServer.ts Complete Integration - Real Execution Tests[2m > [22mshould execute shutdown handler for SIGTERM[33m 421[2mms[22m[39m
 [32mÔ£ô[39m frontend/src/hooks/base/__tests__/TokenManager.test.ts[2m > [22mTokenManager[2m > [22mstartPolling[2m > [22mshould poll for token changes[33m 609[2mms[22m[39m
 [32mÔ£ô[39m backend/src/__tests__/server.test.ts[2m > [22mServer Configuration - Integration Tests[2m > [22mServer.ts Complete Integration - Real Execution Tests[2m > [22mshould execute shutdown handler for SIGINT[33m 437[2mms[22m[39m
 [32mÔ£ô[39m frontend/src/hooks/__tests__/useAuth.test.ts[2m > [22museAuth[2m > [22minitialization[2m > [22mshould initialize with loading state and no user[32m 39[2mms[22m[39m
 [32mÔ£ô[39m frontend/src/hooks/__tests__/useReminders.test.ts[2m > [22museReminders[2m > [22minitialization[2m > [22mshould initialize with empty reminders when no token[32m 40[2mms[22m[39m
 [32mÔ£ô[39m frontend/src/hooks/__tests__/useAuth.test.ts[2m > [22museAuth[2m > [22minitialization[2m > [22mshould load and verify valid token from localStorage[32m 71[2mms[22m[39m
 [32mÔ£ô[39m frontend/src/hooks/__tests__/useAuth.test.ts[2m > [22museAuth[2m > [22minitialization[2m > [22mshould remove invalid token from localStorage[32m 72[2mms[22m[39m
 [32mÔ£ô[39m frontend/src/components/__tests__/DeleteTrackingConfirmationModal.test.tsx[2m > [22mDeleteTrackingConfirmationModal[2m > [22mshould render modal with tracking question[32m 95[2mms[22m[39m
 [32mÔ£ô[39m frontend/src/components/__tests__/ChangeEmailModal.test.tsx[2m > [22mChangeEmailModal[2m > [22mshould render modal with current email[32m 91[2mms[22m[39m
 [32mÔ£ô[39m frontend/src/hooks/base/__tests__/useEntityFactory.test.ts[2m > [22museEntityFactory[2m > [22mEntity Loading[2m > [22mshould create hook that loads entities[32m 105[2mms[22m[39m
 [32mÔ£ô[39m frontend/src/hooks/base/__tests__/useEntityFactory.test.ts[2m > [22museEntityFactory[2m > [22mEntity Loading[2m > [22mshould clear entities when no token is found[32m 16[2mms[22m[39m
 [32mÔ£ô[39m frontend/src/hooks/base/__tests__/useEntityFactory.test.ts[2m > [22museEntityFactory[2m > [22mEntity Loading[2m > [22mshould handle errors when loading entities[32m 71[2mms[22m[39m
 [32mÔ£ô[39m frontend/src/hooks/__tests__/useReminders.test.ts[2m > [22museReminders[2m > [22minitialization[2m > [22mshould load reminders when token exists[32m 72[2mms[22m[39m
 [32mÔ£ô[39m frontend/src/hooks/__tests__/useReminders.test.ts[2m > [22museReminders[2m > [22minitialization[2m > [22mshould handle fetch error and clear reminders[32m 81[2mms[22m[39m
 [32mÔ£ô[39m frontend/src/hooks/__tests__/useAuth.test.ts[2m > [22museAuth[2m > [22minitialization[2m > [22mshould handle fetch error during token verification[32m 74[2mms[22m[39m
 [32mÔ£ô[39m frontend/src/hooks/__tests__/useAuth.test.ts[2m > [22museAuth[2m > [22mrequestLoginMagicLink[2m > [22mshould request login magic link successfully[32m 16[2mms[22m[39m
 [32mÔ£ô[39m frontend/src/hooks/__tests__/useAuth.test.ts[2m > [22museAuth[2m > [22mrequestLoginMagicLink[2m > [22mshould throw error when request fails[32m 19[2mms[22m[39m
 [32mÔ£ô[39m frontend/src/hooks/__tests__/useAuth.test.ts[2m > [22museAuth[2m > [22mrequestLoginMagicLink[2m > [22mshould handle non-JSON error response[32m 12[2mms[22m[39m
 [32mÔ£ô[39m frontend/src/components/__tests__/TrackingsList.test.tsx[2m > [22mTrackingsList[2m > [22mshould render empty state when no trackings[32m 45[2mms[22m[39m
 [32mÔ£ô[39m frontend/src/components/__tests__/TrackingsList.test.tsx[2m > [22mTrackingsList[2m > [22mshould render loading state[32m 4[2mms[22m[39m
 [32mÔ£ô[39m frontend/src/components/__tests__/ChangeEmailModal.test.tsx[2m > [22mChangeEmailModal[2m > [22mshould close modal when close button is clicked[32m 68[2mms[22m[39m
 [32mÔ£ô[39m frontend/src/components/__tests__/RemindersList.test.tsx[2m > [22mRemindersList[2m > [22mshould render loading state[32m 43[2mms[22m[39m
 [32mÔ£ô[39m frontend/src/components/__tests__/RemindersList.test.tsx[2m > [22mRemindersList[2m > [22mshould render empty state when no reminders[32m 6[2mms[22m[39m
 [32mÔ£ô[39m frontend/src/components/__tests__/RemindersList.test.tsx[2m > [22mRemindersList[2m > [22mshould render empty state with create link when onCreate is provided[32m 5[2mms[22m[39m
 [32mÔ£ô[39m frontend/src/hooks/base/__tests__/useEntityFactory.test.ts[2m > [22museEntityFactory[2m > [22mEntity Loading[2m > [22mshould set loading state during fetch[32m 81[2mms[22m[39m
 [32mÔ£ô[39m frontend/src/hooks/__tests__/useAuth.test.ts[2m > [22museAuth[2m > [22mrequestRegisterMagicLink[2m > [22mshould request registration magic link with all fields[32m 18[2mms[22m[39m
 [32mÔ£ô[39m frontend/src/hooks/__tests__/useAuth.test.ts[2m > [22museAuth[2m > [22mrequestRegisterMagicLink[2m > [22mshould request registration magic link with minimal fields[32m 14[2mms[22m[39m
 [32mÔ£ô[39m frontend/src/hooks/__tests__/useAuth.test.ts[2m > [22museAuth[2m > [22mrequestRegisterMagicLink[2m > [22mshould throw error when registration fails[32m 20[2mms[22m[39m
 [32mÔ£ô[39m frontend/src/components/__tests__/DaysPatternInput.test.tsx[2m > [22mDaysPatternInput[2m > [22mshould render frequency selector[32m 46[2mms[22m[39m
 [32mÔ£ô[39m frontend/src/components/__tests__/DeleteTrackingConfirmationModal.test.tsx[2m > [22mDeleteTrackingConfirmationModal[2m > [22mshould close modal when close button is clicked[32m 68[2mms[22m[39m
 [32mÔ£ô[39m frontend/src/components/__tests__/DeleteTrackingConfirmationModal.test.tsx[2m > [22mDeleteTrackingConfirmationModal[2m > [22mshould disable delete button when confirmation text is not "DELETE"[32m 22[2mms[22m[39m
 [32mÔ£ô[39m frontend/src/components/__tests__/EditProfileModal.test.tsx[2m > [22mEditProfileModal[2m > [22mshould render modal with user information[32m 53[2mms[22m[39m
 [32mÔ£ô[39m frontend/src/hooks/__tests__/useReminders.test.ts[2m > [22museReminders[2m > [22mtoken watching[2m > [22mshould detect token changes via storage event[32m 73[2mms[22m[39m
 [32mÔ£ô[39m frontend/src/components/__tests__/DeleteUserConfirmationModal.test.tsx[2m > [22mDeleteUserConfirmationModal[2m > [22mshould render modal with user name[32m 138[2mms[22m[39m
 [32mÔ£ô[39m frontend/src/components/__tests__/DeleteUserConfirmationModal.test.tsx[2m > [22mDeleteUserConfirmationModal[2m > [22mshould close modal when close button is clicked[32m 82[2mms[22m[39m
 [32mÔ£ô[39m frontend/src/components/__tests__/AuthForm.test.tsx[2m > [22mAuthForm[2m > [22mLogin mode[2m > [22mshould render login form[32m 144[2mms[22m[39m
 [32mÔ£ô[39m frontend/src/components/__tests__/EditTrackingModal.test.tsx[2m > [22mEditTrackingModal[2m > [22mshould render modal with tracking information[32m 86[2mms[22m[39m
 [31m├ù[39m frontend/src/components/__tests__/TrackingsList.test.tsx[2m > [22mTrackingsList[2m > [22mshould render list of trackings[32m 55[2mms[22m[39m
[31m   ÔåÆ Found multiple elements with the text: Did I exercise today?

Here are the matching elements:

Ignored nodes: comments, script, style
[36m<button[31m
  [33maria-label[31m=[32m"Edit tracking: Did I exercise today?"[31m
  [33mclass[31m=[32m"tracking-name-link"[31m
  [33mtitle[31m=[32m"Did I exercise today?. Click to edit"[31m
  [33mtype[31m=[32m"button"[31m
[36m>[31m
  [0mDid I exercise today?[0m
[36m</button>[31m

Ignored nodes: comments, script, style
[36m<h3[31m
  [33mclass[31m=[32m"tracking-card-question"[31m
[36m>[31m
  [0mDid I exercise today?[0m
[36m</h3>[31m

(If this is intentional, then use the `*AllBy*` variant of the query (like `queryAllByText`, `getAllByText`, or `findAllByText`)).

Ignored nodes: comments, script, style
[36m<body>[31m
  [36m<div>[31m
    [36m<div[31m
      [33mclass[31m=[32m"trackings-list"[31m
    [36m>[31m
      [36m<div[31m
        [33mclass[31m=[32m"trackings-list-content"[31m
      [36m>[31m
        [36m<table[31m
          [33mclass[31m=[32m"trackings-table"[31m
        [36m>[31m
          [36m<thead>[31m
            [36m<tr>[31m
              [36m<th[31m
                [33mclass[31m=[32m"col-tracking"[31m
              [36m>[31m
                [36m<div[31m
                  [33mclass[31m=[32m"header-with-filter"[31m
                [36m>[31m
                  [36m<button[31m
                    [33maria-expanded[31m=[32m"false"[31m
                    [33maria-label[31m=[32m"Show filters"[31m
                    [33mclass[31m=[32m"filter-toggle-button"[31m
                    [33mtitle[31m=[32m"Show filters"[31m
                    [33mtype[31m=[32m"button"[31m
                  [36m>[31m
                    [36m<span[31m
                      [33mclass[31m=[32m"filter-toggle-icon"[31m
                    [36m>[31m
                      [0m­ƒöì[0m
                    [36m</span>[31m
                  [36m</button>[31m
                  [36m<button[31m
                    [33maria-label[31m=[32m"Sort by tracking"[31m
                    [33mclass[31m=[32m"sortable-header"[31m
                    [33mtype[31m=[32m"button"[31m
                  [36m>[31m
                    [0mTracking[0m
                  [36m</button>[31m
                [36m</div>[31m
              [36m</th>[31m
              [36m<th[31m
                [33mclass[31m=[32m"col-notes"[31m
              [36m>[31m
                [0mNotes[0m
              [36m</th>[31m
              [36m<th[31m
                [33mclass[31m=[32m"col-times"[31m
              [36m>[31m
                [36m<button[31m
                  [33maria-label[31m=[32m"Sort by times"[31m
                  [33mclass[31m=[32m"sortable-header"[31m
                  [33mtype[31m=[32m"button"[31m
                [36m>[31m
                  [0mTimes[0m
                [36m</button>[31m
              [36m</th>[31m
              [36m<th[31m
                [33mclass[31m=[32m"col-frequency"[31m
              [36m>[31m
                [36m<button[31m
                  [33maria-label[31m=[32m"Sort by frequency"[31m
                  [33mclass[31m=[32m"sortable-header"[31m
                  [33mtype[31m=[32m"button"[31m
                [36m>[31m
                  [0mFrequency[0m
                [36m</button>[31m
              [36m</th>[31m
              [36m<th[31m
                [33mclass[31m=[32m"col-next-reminder"[31m
              [36m>[31m
                [36m<button[31m
                  [33maria-label[31m=[32m"Sort by next reminder"[31m
                  [33mclass[31m=[32m"sortable-header"[31m
                  [33mtype[31m=[32m"button"[31m
                [36m>[31m
                  [0mNext reminder[0m
                [36m</button>[31m
              [36m</th>[31m
              [36m<th[31m
                [33mclass[31m=[32m"col-status"[31m
              [36m>[31m
                [36m<button[31m
                  [33maria-label[31m=[32m"Sort by status"[31m
                  [33mclass[31m=[32m"sortable-header"[31m
                  [33mtype[31m=[32m"button"[31m
                [36m>[31m
                  [0mStatus[0m
                [36m</button>[31m
              [36m</th>[31m
              [36m<th[31m
                [33mclass[31m=[32m"col-actions"[31m
              [36m>[31m
                [0mActions[0m
              [36m</th>[31m
            [36m</tr>[31m
          [36m</thead>[31m
          [36m<tbody>[31m
            [36m<tr[31m
              [33mclass[31m=[32m"tracking-row"[31m
            [36m>[31m
              [36m<td[31m
                [33mclass[31m=[32m"cell-tracking"[31m
              [36m>[31m
                [36m<button[31m
                  [33maria-label[31m=[32m"Edit tracking: Did I exercise today?"[31m
                  [33mclass[31m=[32m"tracking-name-link"[31m
                  [33mtitle[31m=[32m"Did I exercise today?. Click to edit"[31m
                  [33mtype[31m=[32m"button"[31m
                [36m>[31m
                  [0mDid I exercise today?[0m
                [36m</button>[31m
              [36m</td>[31m
              [36m<td[31m
                [33mclass[31m=[32m"cell-notes"[31m
              [36m>[31m
                [36m<span[31m
                  [33mclass[31m=[32m"notes-empty"[31m
                [36m>[31m
                  [0mÔÇö[0m
                [36m</span>[31m
              [36m</td>[31m
              [36m<td[31m
                [33mclass[31m=[32m"cell-times"[31m
                [33mtitle[31m=[32m"No times"[31m
              [36m/>[31m
              [36m<td[31m
                [33mclass[31m=[32m"cell-frequency"[31m
                [33mtitle[31m=[32m"No upcoming reminder"[31m
              [36m>[31m
                [0mDaily[0m
              [36m</td>[31m
              [36m<td[31m
                [33mclass[31m=[32m"cell-next-reminder"[31m
              [36m>[31m
                [0mÔÇö[0m
              [36m</td>[31m
              [36m<td[31m
                [33mclass[31m=[32m"cell-status"[31m
              [36m>[31m
                [36m<span[31m
                  [33mclass[31m=[32m"status-badge state-badge-running"[31m
                [36m>[31m
                  [0mRunning[0m
                [36m</span>[31m
              [36m</td>[31m
              [36m<td[31m
                [33mclass[31m=[32m"cell-actions"[31m
              [36m>[31m
                [36m<div[31m
                  [33mclass[31m=[32m"actions-container"[31m
                [36m>[31m
                  [36m<div[31m
                    [33mclass[31m=[32m"actions-buttons"[31m
                  [36m>[31m
                    [36m<button[31m
                      [33maria-label[31m=[32m"Pause"[31m
                      [33mclass[31m=[32m"action-button"[31m
                      [33mtitle[31m=[32m"Pause: Stops generating new reminders. Existing reminders remain active."[31m
                      [33mtype[31m=[32m"button"[31m
                    [36m>[31m
                      [0mÔÅ©´©Å[0m
                    [36m</button>[31m
                    [36m<button[31m
                      [33maria-label[31m=[32m"Archive"[31m
                      [33mclass[31m=[32m"action-button"[31m
                      [33mtitle[31m=[32m"Archive: Moves tracking to archived state and stops all reminder generation. All pending and upcoming reminders will be deleted."[31m
                      [33mtype[31m=[32m"button"[31m
                    [36m>[31m
                      [0m­ƒôª[0m
                    [36m</button>[31m
                    [36m<button[31m
                      [33maria-label[31m=[32m"Delete"[31m
                      [33mclass[31m=[32m"action-button"[31m
                      [33mtitle[31m=[32m"Delete: Permanently removes this tracking and all its reminders. This action cannot be undone."[31m
                      [33mtype[31m=[32m"button"[31m
                    [36m>[31m
                      [0m­ƒùæ´©Å[0m
                    [36m</button>[31m
                  [36m</div>[31m
                [36m</div>[31m
              [36m</td>[31m
            [36m</tr>[31m
            [36m<tr[31m
              [33mclass[31m=[32m"tracking-row"[31m
            [36m>[31m
              [36m<td[31m
                [33mclass[31m=[32m"cell-tracking"[31m
              [36m>[31m
                [36m<button[31m
                  [33maria-label[31m=[32m"Edit tracking: Did I meditate?"[31m
                  [33mclass[31m=[32m"tracking-name-link"[31m
                  [33mtitle[31m=[32m"Did I meditate?. Click to edit"[31m
                  [33mtype[31m=[32m"button"[31m
                [36m>[31m
                  [0mDid I meditate?[0m
                [36m</button>[31m
              [36m</td>[31m
              [36m<td[31m
                [33mclass[31m=[32m"cell-notes"[31m
              [36m>[31m
                [36m<span[31m
                  [33mclass[31m=[32m"notes-empty"[31m
                [36m>[31m
                  [0mÔÇö[0m
                [36m</span>[31m
              [36m</td>[31m
              [36m<td[31m
                [33mclass[31m=[32m"cell-times"[31m
                [33mtitle[31m=[32m"No times"[31m
              [36m/>[31m
              [36m<td[31m
                [33mclass[31m=[32m"cell-frequency"[31m
                [33mtitle[31m=[32m"No upcoming reminder"[31m
              [36m>[31m
                [0mDaily[0m
              [36m</td>[31m
              [36m<td[31m
                [33mclass[31m=[32m"cell-next-reminder"[31m
              [36m>[31m
                [0mÔÇö[0m
              [36m</td>[31m
              [36m<td[31m
                [33mclass[31m=[32m"cell-status"[31m
              [36m>[31m
                [36m<span[31m
                  [33mclass[31m=[32m"status-badge state-badge-running"[31m
                [36m>[31m
                  [0mRunning[0m
                [36m</span>[31m
              [36m</td>[31m
              [36m<td[31m
                [33mclass[31m=[32m"cell-actions"[31m
              [36m>[31m
                [36m<div[31m
                  [33mclass[31m=[32m"actions-container"[31m
                [36m>[31m
                  [36m<div[31m
                    [33mclass[31m=[32m"actions-buttons"[31m
                  [36m>[31m
                    [36m<button[31m
                      [33maria-label[31m=[32m"Pause"[31m
                      [33mclass[31m=[32m"action-button"[31m
                      [33mtitle[31m=[32m"Pause: Stops generating new reminders. Existing reminders remain active."[31m
                      [33mtype[31m=[32m"button"[31m
                    [36m>[31m
                      [0mÔÅ©´©Å[0m
                    [36m</button>[31m
                    [36m<button[31m
                      [33maria-label[31m=[32m"Archive"[31m
                      [33mclass[31m=[32m"action-button"[31m
                      [33mtitle[31m=[32m"Archive: Moves tracking to archived state and stops all reminder generation. All pending and upcoming reminders will be deleted."[31m
                      [33mtype[31m=[32m"button"[31m
                    [36m>[31m
                      [0m­ƒôª[0m
                    [36m</button>[31m
                    [36m<button[31m
                      [33maria-label[31m=[32m"Delete"[31m
                      [33mclass[31m=[32m"action-button"[31m
                      [33mtitle[31m=[32m"Delete: Permanently removes this tracking and all its reminders. This action cannot be undone."[31m
                      [33mtype[31m=[32m"button"[31m
                    [36m>[31m
                      [0m­ƒùæ´©Å[0m
                    [36m</button>[31m
                  [36m</div>[31m
                [36m</div>[31m
              [36m</td>[31m
            [36m</tr>[31m
          [36m</tbody>[31m
        [36m</table>[31m
        [36m<div[31m
          [33mclass[31m=[32m"trackings-cards"[31m
        [36m>[31m
          [36m<div[31m
            [33mclass[31m=[32m"tracking-card"[31m
          [36m>[31m
            [36m<div[31m
              [33mclass[31m=[32m"tracking-card-header"[31m
            [36m>[31m
              [36m<div[31m
                [33mclass[31m=[32m"tracking-card-title"[31m
              [36m>[31m
                [36m<h3[31m
                  [33mclass[31m=[32m"tracking-card-question"[31m
                [36m>[31m
                  [0mDid I exercise today?[0m
                [36m</h3>[31m
                [36m<div[31m
                  [33mclass[31m=[32m"tracking-card-times"[31m
                [36m/>[31m
              [36m</div>[31m
            [36m</div>[31m
            [36m<div[31m
              [33mclass[31m=[32m"tracking-card-body"[31m
            [36m>[31m
              [36m<div[31m
                [33mclass[31m=[32m"tracking-card-row"[31m
              [36m>[31m
                [36m<span[31m
                  [33mclass[31m=[32m"tracking-card-label"[31m
                [36m>[31m
                  [0mFrequency[0m
                [36m</span>[31m
                [36m<span[31m
                  [33mclass[31m=[32m"tracking-card-value"[31m
                [36m>[31m
                  [0mDaily[0m
                [36m</span>[31m
              [36m</div>[31m
            [36m</div>[31m
            [36m<div[31m
              [33mclass[31m=[32m"tracking-card-footer"[31m
            [36m>[31m
              [36m<div[31m
                [33mclass[31m=[32m"tracking-card-status"[31m
              [36m>[31m
                [36m<span[31m
                  [33mclass[31m=[32m"status-badge state-badge-running"[31m
                [36m>[31m
                  [0mRunning[0m
                [36m</span>[31m
              [36m</div>[31m
              [36m<div[31m
                [33mclass[31m=[32m"tracking-card-actions"[31m
              [36m>[31m
                [36m<button[31m
                  [33maria-label[31m=[32m"Edit tracking"[31m
                  [33mclass[31m=[32m"action-button"[31m
                  [33mtitle[31m=[32m"Edit tracking"[31m
                  [33mtype[31m=[32m"button"[31m
                [36m>[31m
                  [0mÔ£Å´©Å[0m
                [36m</button>[31m
              [36m</div>[31m
            [36m</div>[31m
          [36m</div>[31m
          [36m<div[31m
            [33mclass[31m=[32m"tracking-card"[31m
          [36m>[31m
            [36m<div[31m
              [33mclass[31m=[32m"tracking-card-header"[31m
            [36m>[31m
              [36m<div[31m
                [33mclass[31m=[32m"tracking-card-title"[31m
              [36m>[31m
                [36m<h3[31m
                  [33mclass[31m=[32m"tracking-card-question"[31m
                [36m>[31m
                  [0mDid I meditate?[0m
                [36m</h3>[31m
                [36m<div[31m
                  [33mclass[31m=[32m"tracking-card-times"[31m
                [36m/>[31m
              [36m</div>[31m
            [36m</div>[31m
            [36m<div[31m
              [33mclass[31m=[32m"tracking-card-body"[31m
            [36m>[31m
              [36m<div[31m
                [33mclass[31m=[32m"tracking-card-row"[31m
              [36m>[31m
                [36m<span[31m
                  [33mclass[31m=[32m"tracking-card-label"[31m
                [36m>[31m
                  [0mFrequency[0m
                [36m</span>[31m
                [36m<span[31m
                  [33mclass[31m=[32m"tracking-card-value"[31m
                [36m>[31m
                  [0mDaily[0m
                [36m</span>[31m
              [36m</div>[31m
            [36m</div>[31m
            [36m<div[31m
              [33mclass[31m=[32m"tracking-card-footer"[31m
            [36m>[31m
              [36m<div[31m
                [33mclass[31m=[32m"tracking-card-status"[31m
              [36m>[31m
                [36m<span[31m
                  [33mclass[31m=[32m"status-badge state-badge-running"[31m
                [36m>[31m
                  [0mRunning[0m
                [36m</span>[31m
              [36m</div>[31m
              [36m<div[31m
                [33mclass[31m=[32m"tracking-card-actions"[31m
              [36m>[31m
                [36m<button[31m
                  [33maria-label[31m=[32m"Edit tracking"[31m
                  [33mclass[31m=[32m"action-button"[31m
                  [33mtitle[31m=[32m"Edit tracking"[31m
                  [33mtype[31m=[32m"button"[31m
                [36m>[31m
                  [0mÔ£Å´©Å[0m
                [36m</button>[31m
              [36m</div>[31m
            [36m</div>[31m
          [36m</div>[31m
        [36m</div>[31m
      [36m</div>[31m
    [36m</div>[31m
  [36m</div>[31m
[36m</body>[31m[39m
 [32mÔ£ô[39m frontend/src/hooks/base/__tests__/useEntityFactory.test.ts[2m > [22museEntityFactory[2m > [22mToken Change Handling[2m > [22mshould reload entities when token changes via polling[32m 67[2mms[22m[39m
 [32mÔ£ô[39m frontend/src/hooks/base/__tests__/useEntityFactory.test.ts[2m > [22museEntityFactory[2m > [22mToken Change Handling[2m > [22mshould reload entities when token changes via storage event[32m 67[2mms[22m[39m
 [32mÔ£ô[39m frontend/src/hooks/__tests__/useAuth.test.ts[2m > [22museAuth[2m > [22mverifyMagicLink[2m > [22mshould verify magic link and set user[32m 66[2mms[22m[39m
 [32mÔ£ô[39m frontend/src/hooks/__tests__/useAuth.test.ts[2m > [22museAuth[2m > [22mverifyMagicLink[2m > [22mshould throw error when magic link is invalid[32m 5[2mms[22m[39m
 [32mÔ£ô[39m frontend/src/hooks/base/__tests__/TokenManager.test.ts[2m > [22mTokenManager[2m > [22mstartPolling[2m > [22mshould stop polling when stop function is called[33m 616[2mms[22m[39m
 [32mÔ£ô[39m frontend/src/components/__tests__/DaysPatternInput.test.tsx[2m > [22mDaysPatternInput[2m > [22mshould have daily as default preset[32m 101[2mms[22m[39m
 [32mÔ£ô[39m frontend/src/components/__tests__/DaysPatternInput.test.tsx[2m > [22mDaysPatternInput[2m > [22mshould call onChange with daily pattern for daily preset[32m 18[2mms[22m[39m
 [31m├ù[39m frontend/src/components/__tests__/RemindersList.test.tsx[2m > [22mRemindersList[2m > [22mshould render list of reminders[32m 79[2mms[22m[39m
[31m   ÔåÆ Found multiple elements with the text: Did I exercise?

Here are the matching elements:

Ignored nodes: comments, script, style
[36m<span[31m
  [33mclass[31m=[32m"tracking-text"[31m
  [33mtitle[31m=[32m"­ƒÆ¬ Did I exercise?"[31m
[36m>[31m
  [36m<span[31m
    [33mclass[31m=[32m"tracking-icon"[31m
  [36m>[31m
    [0m­ƒÆ¬[0m
  [36m</span>[31m
  [0mDid I exercise?[0m
[36m</span>[31m

Ignored nodes: comments, script, style
[36m<h3[31m
  [33mclass[31m=[32m"reminder-card-question"[31m
[36m>[31m
  [0mDid I exercise?[0m
[36m</h3>[31m

(If this is intentional, then use the `*AllBy*` variant of the query (like `queryAllByText`, `getAllByText`, or `findAllByText`)).

Ignored nodes: comments, script, style
[36m<body>[31m
  [36m<div>[31m
    [36m<div[31m
      [33mclass[31m=[32m"reminders-list"[31m
    [36m>[31m
      [36m<div[31m
        [33mclass[31m=[32m"reminders-list-content"[31m
      [36m>[31m
        [36m<div[31m
          [33mclass[31m=[32m"reminders-table-container"[31m
        [36m>[31m
          [36m<table[31m
            [33mclass[31m=[32m"reminders-table"[31m
          [36m>[31m
            [36m<thead>[31m
              [36m<tr>[31m
                [36m<th[31m
                  [33mclass[31m=[32m"col-time"[31m
                [36m>[31m
                  [36m<div[31m
                    [33mclass[31m=[32m"header-with-filter"[31m
                  [36m>[31m
                    [36m<button[31m
                      [33maria-expanded[31m=[32m"false"[31m
                      [33maria-label[31m=[32m"Show filters"[31m
                      [33mclass[31m=[32m"filter-toggle-button"[31m
                      [33mtitle[31m=[32m"Show filters"[31m
                      [33mtype[31m=[32m"button"[31m
                    [36m>[31m
                      [36m<span[31m
                        [33mclass[31m=[32m"filter-toggle-icon"[31m
                      [36m>[31m
                        [0m­ƒöì[0m
                      [36m</span>[31m
                    [36m</button>[31m
                    [36m<button[31m
                      [33maria-label[31m=[32m"Sort by time"[31m
                      [33mclass[31m=[32m"sortable-header"[31m
                      [33mtype[31m=[32m"button"[31m
                    [36m>[31m
                      [0mTime[0m
                    [36m</button>[31m
                  [36m</div>[31m
                [36m</th>[31m
                [36m<th[31m
                  [33mclass[31m=[32m"col-tracking"[31m
                [36m>[31m
                  [36m<button[31m
                    [33maria-label[31m=[32m"Sort by tracking"[31m
                    [33mclass[31m=[32m"sortable-header"[31m
                    [33mtype[31m=[32m"button"[31m
                  [36m>[31m
                    [0mTracking[0m
                  [36m</button>[31m
                [36m</th>[31m
                [36m<th[31m
                  [33mclass[31m=[32m"col-notes"[31m
                [36m>[31m
                  [36m<button[31m
                    [33maria-label[31m=[32m"Sort by notes"[31m
                    [33mclass[31m=[32m"sortable-header"[31m
                    [33mtype[31m=[32m"button"[31m
                  [36m>[31m
                    [0mNotes[0m
                  [36m</button>[31m
                [36m</th>[31m
                [36m<th[31m
                  [33mclass[31m=[32m"col-actions"[31m
                [36m>[31m
                  [0mActions[0m
                [36m</th>[31m
              [36m</tr>[31m
            [36m</thead>[31m
            [36m<tbody>[31m
              [36m<tr[31m
                [33mclass[31m=[32m"reminder-row"[31m
              [36m>[31m
                [36m<td[31m
                  [33mclass[31m=[32m"cell-time"[31m
                [36m>[31m
                  [0m1/1/2024 07:00 a.┬ám.[0m
                [36m</td>[31m
                [36m<td[31m
                  [33mclass[31m=[32m"cell-tracking"[31m
                [36m>[31m
                  [36m<span[31m
                    [33mclass[31m=[32m"tracking-text"[31m
                    [33mtitle[31m=[32m"­ƒÆ¬ Did I exercise?"[31m
                  [36m>[31m
                    [36m<span[31m
                      [33mclass[31m=[32m"tracking-icon"[31m
                    [36m>[31m
                      [0m­ƒÆ¬[0m
                    [36m</span>[31m
                    [0mDid I exercise?[0m
                  [36m</span>[31m
                [36m</td>[31m
                [36m<td[31m
                  [33mclass[31m=[32m"cell-notes"[31m
                [36m>[31m
                  [36m<textarea[31m
                    [33mclass[31m=[32m"notes-textarea"[31m
                    [33mplaceholder[31m=[32m"Add notes..."[31m
                    [33mrows[31m=[32m"2"[31m
                  [36m/>[31m
                [36m</td>[31m
                [36m<td[31m
                  [33mclass[31m=[32m"cell-actions"[31m
                [36m>[31m
                  [36m<div[31m
                    [33mclass[31m=[32m"actions-container"[31m
                  [36m>[31m
                    [36m<div[31m
                      [33mclass[31m=[32m"actions-buttons"[31m
                    [36m>[31m
                      [36m<button[31m
                        [33maria-label[31m=[32m"Complete reminder"[31m
                        [33mclass[31m=[32m"action-button action-complete"[31m
                        [33mtitle[31m=[32m"Complete reminder"[31m
                        [33mtype[31m=[32m"button"[31m
                      [36m>[31m
                        [0mÔ£ô[0m
                      [36m</button>[31m
                      [36m<button[31m
                        [33maria-label[31m=[32m"Dismiss reminder"[31m
                        [33mclass[31m=[32m"action-button action-dismiss"[31m
                        [33mtitle[31m=[32m"Dismiss reminder"[31m
                        [33mtype[31m=[32m"button"[31m
                      [36m>[31m
                        [0mÔ£ò[0m
                      [36m</button>[31m
                      [36m<button[31m
                        [33maria-label[31m=[32m"Snooze reminder"[31m
                        [33mclass[31m=[32m"action-button action-snooze"[31m
                        [33mtitle[31m=[32m"Snooze reminder (click to see options)"[31m
                        [33mtype[31m=[32m"button"[31m
                      [36m>[31m
                        [0m­ƒÆñ[0m
                      [36m</button>[31m
                    [36m</div>[31m
                  [36m</div>[31m
                [36m</td>[31m
              [36m</tr>[31m
            [36m</tbody>[31m
          [36m</table>[31m
        [36m</div>[31m
        [36m<div[31m
          [33mclass[31m=[32m"reminders-cards"[31m
        [36m>[31m
          [36m<div[31m
            [33mclass[31m=[32m"reminder-card"[31m
          [36m>[31m
            [36m<div[31m
              [33mclass[31m=[32m"reminder-card-header"[31m
            [36m>[31m
              [36m<div[31m
                [33mclass[31m=[32m"reminder-card-icon"[31m
              [36m>[31m
                [0m­ƒÆ¬[0m
              [36m</div>[31m
              [36m<div[31m
                [33mclass[31m=[32m"reminder-card-title"[31m
              [36m>[31m
                [36m<h3[31m
                  [33mclass[31m=[32m"reminder-card-question"[31m
                [36m>[31m
                  [0mDid I exercise?[0m
                [36m</h3>[31m
                [36m<div[31m
                  [33mclass[31m=[32m"reminder-card-time"[31m
                [36m>[31m
                  [0m1/1/2024 07:00 a.┬ám.[0m
                [36m</div>[31m
              [36m</div>[31m
            [36m</div>[31m
            [36m<div[31m
              [33mclass[31m=[32m"reminder-card-footer"[31m
            [36m>[31m
              [36m<div[31m
                [33mclass[31m=[32m"reminder-card-actions"[31m
              [36m>[31m
                [36m<button[31m
                  [33maria-label[31m=[32m"Complete reminder"[31m
                  [33mclass[31m=[32m"action-button action-complete"[31m
                  [33mtitle[31m=[32m"Complete"[31m
                  [33mtype[31m=[32m"button"[31m
                [36m>[31m
                  [0mÔ£ô[0m
                [36m</button>[31m
                [36m<button[31m
                  [33maria-label[31m=[32m"Snooze reminder"[31m
                  [33mclass[31m=[32m"action-button"[31m
                  [33mtitle[31m=[32m"Snooze"[31m
                  [33mtype[31m=[32m"button"[31m
                [36m>[31m
                  [0mÔÅ░[0m
                [36m</button>[31m
                [36m<button[31m
                  [33maria-label[31m=[32m"Dismiss reminder"[31m
                  [33mclass[31m=[32m"action-button action-dismiss"[31m
                  [33mtitle[31m=[32m"Dismiss"[31m
                  [33mtype[31m=[32m"button"[31m
                [36m>[31m
                  [0mÔ£ò[0m
                [36m</button>[31m
              [36m</div>[31m
            [36m</div>[31m
          [36m</div>[31m
        [36m</div>[31m
      [36m</div>[31m
    [36m</div>[31m
  [36m</div>[31m
[36m</body>[31m[39m
 [32mÔ£ô[39m frontend/src/components/__tests__/RemindersList.test.tsx[2m > [22mRemindersList[2m > [22mshould show notes indicator when reminder has notes[32m 19[2mms[22m[39m
 [32mÔ£ô[39m frontend/src/components/__tests__/DeleteTrackingConfirmationModal.test.tsx[2m > [22mDeleteTrackingConfirmationModal[2m > [22mshould enable delete button when confirmation text is "DELETE"[32m 120[2mms[22m[39m
 [32mÔ£ô[39m frontend/src/components/__tests__/EditProfileModal.test.tsx[2m > [22mEditProfileModal[2m > [22mshould close modal when close button is clicked[32m 154[2mms[22m[39m
 [32mÔ£ô[39m frontend/src/components/__tests__/DeleteUserConfirmationModal.test.tsx[2m > [22mDeleteUserConfirmationModal[2m > [22mshould disable delete button when confirmation text is not "DELETE"[32m 18[2mms[22m[39m
 [32mÔ£ô[39m frontend/src/components/__tests__/TrackingForm.test.tsx[2m > [22mTrackingForm[2m > [22mshould render form elements[32m 220[2mms[22m[39m
 [32mÔ£ô[39m frontend/src/hooks/__tests__/useReminders.test.ts[2m > [22museReminders[2m > [22mtoken watching[2m > [22mshould ignore storage events for other keys[32m 173[2mms[22m[39m
 [32mÔ£ô[39m frontend/src/hooks/__tests__/useReminders.test.ts[2m > [22museReminders[2m > [22mtoken watching[2m > [22mshould detect token changes via polling interval[32m 17[2mms[22m[39m
 [32mÔ£ô[39m frontend/src/components/__tests__/TrackingsList.test.tsx[2m > [22mTrackingsList[2m > [22mshould call onEdit when tracking name is clicked[32m 133[2mms[22m[39m
 [31m├ù[39m frontend/src/components/__tests__/TrackingsList.test.tsx[2m > [22mTrackingsList[2m > [22mshould display icon with question when icon is present[32m 19[2mms[22m[39m
[31m   ÔåÆ Found multiple elements with the text: ­ƒÆ¬

Here are the matching elements:

Ignored nodes: comments, script, style
[36m<span[31m
  [33mclass[31m=[32m"tracking-icon"[31m
[36m>[31m
  [0m­ƒÆ¬[0m
[36m</span>[31m

Ignored nodes: comments, script, style
[36m<div[31m
  [33mclass[31m=[32m"tracking-card-icon"[31m
[36m>[31m
  [0m­ƒÆ¬[0m
[36m</div>[31m

(If this is intentional, then use the `*AllBy*` variant of the query (like `queryAllByText`, `getAllByText`, or `findAllByText`)).

Ignored nodes: comments, script, style
[36m<body>[31m
  [36m<div>[31m
    [36m<div[31m
      [33mclass[31m=[32m"trackings-list"[31m
    [36m>[31m
      [36m<div[31m
        [33mclass[31m=[32m"trackings-list-content"[31m
      [36m>[31m
        [36m<table[31m
          [33mclass[31m=[32m"trackings-table"[31m
        [36m>[31m
          [36m<thead>[31m
            [36m<tr>[31m
              [36m<th[31m
                [33mclass[31m=[32m"col-tracking"[31m
              [36m>[31m
                [36m<div[31m
                  [33mclass[31m=[32m"header-with-filter"[31m
                [36m>[31m
                  [36m<button[31m
                    [33maria-expanded[31m=[32m"false"[31m
                    [33maria-label[31m=[32m"Show filters"[31m
                    [33mclass[31m=[32m"filter-toggle-button"[31m
                    [33mtitle[31m=[32m"Show filters"[31m
                    [33mtype[31m=[32m"button"[31m
                  [36m>[31m
                    [36m<span[31m
                      [33mclass[31m=[32m"filter-toggle-icon"[31m
                    [36m>[31m
                      [0m­ƒöì[0m
                    [36m</span>[31m
                  [36m</button>[31m
                  [36m<button[31m
                    [33maria-label[31m=[32m"Sort by tracking"[31m
                    [33mclass[31m=[32m"sortable-header"[31m
                    [33mtype[31m=[32m"button"[31m
                  [36m>[31m
                    [0mTracking[0m
                  [36m</button>[31m
                [36m</div>[31m
              [36m</th>[31m
              [36m<th[31m
                [33mclass[31m=[32m"col-notes"[31m
              [36m>[31m
                [0mNotes[0m
              [36m</th>[31m
              [36m<th[31m
                [33mclass[31m=[32m"col-times"[31m
              [36m>[31m
                [36m<button[31m
                  [33maria-label[31m=[32m"Sort by times"[31m
                  [33mclass[31m=[32m"sortable-header"[31m
                  [33mtype[31m=[32m"button"[31m
                [36m>[31m
                  [0mTimes[0m
                [36m</button>[31m
              [36m</th>[31m
              [36m<th[31m
                [33mclass[31m=[32m"col-frequency"[31m
              [36m>[31m
                [36m<button[31m
                  [33maria-label[31m=[32m"Sort by frequency"[31m
                  [33mclass[31m=[32m"sortable-header"[31m
                  [33mtype[31m=[32m"button"[31m
                [36m>[31m
                  [0mFrequency[0m
                [36m</button>[31m
              [36m</th>[31m
              [36m<th[31m
                [33mclass[31m=[32m"col-next-reminder"[31m
              [36m>[31m
                [36m<button[31m
                  [33maria-label[31m=[32m"Sort by next reminder"[31m
                  [33mclass[31m=[32m"sortable-header"[31m
                  [33mtype[31m=[32m"button"[31m
                [36m>[31m
                  [0mNext reminder[0m
                [36m</button>[31m
              [36m</th>[31m
              [36m<th[31m
                [33mclass[31m=[32m"col-status"[31m
              [36m>[31m
                [36m<button[31m
                  [33maria-label[31m=[32m"Sort by status"[31m
                  [33mclass[31m=[32m"sortable-header"[31m
                  [33mtype[31m=[32m"button"[31m
                [36m>[31m
                  [0mStatus[0m
                [36m</button>[31m
              [36m</th>[31m
              [36m<th[31m
                [33mclass[31m=[32m"col-actions"[31m
              [36m>[31m
                [0mActions[0m
              [36m</th>[31m
            [36m</tr>[31m
          [36m</thead>[31m
          [36m<tbody>[31m
            [36m<tr[31m
              [33mclass[31m=[32m"tracking-row"[31m
            [36m>[31m
              [36m<td[31m
                [33mclass[31m=[32m"cell-tracking"[31m
              [36m>[31m
                [36m<span[31m
                  [33mclass[31m=[32m"tracking-icon"[31m
                [36m>[31m
                  [0m­ƒÆ¬[0m
                [36m</span>[31m
                [36m<button[31m
                  [33maria-label[31m=[32m"Edit tracking: Did I exercise?"[31m
                  [33mclass[31m=[32m"tracking-name-link"[31m
                  [33mtitle[31m=[32m"Did I exercise?. Click to edit"[31m
                  [33mtype[31m=[32m"button"[31m
                [36m>[31m
                  [0mDid I exercise?[0m
                [36m</button>[31m
              [36m</td>[31m
              [36m<td[31m
                [33mclass[31m=[32m"cell-notes"[31m
              [36m>[31m
                [36m<span[31m
                  [33mclass[31m=[32m"notes-empty"[31m
                [36m>[31m
                  [0mÔÇö[0m
                [36m</span>[31m
              [36m</td>[31m
              [36m<td[31m
                [33mclass[31m=[32m"cell-times"[31m
                [33mtitle[31m=[32m"No times"[31m
              [36m/>[31m
              [36m<td[31m
                [33mclass[31m=[32m"cell-frequency"[31m
                [33mtitle[31m=[32m"No upcoming reminder"[31m
              [36m>[31m
                [0mDaily[0m
              [36m</td>[31m
              [36m<td[31m
                [33mclass[31m=[32m"cell-next-reminder"[31m
              [36m>[31m
                [0mÔÇö[0m
              [36m</td>[31m
              [36m<td[31m
                [33mclass[31m=[32m"cell-status"[31m
              [36m>[31m
                [36m<span[31m
                  [33mclass[31m=[32m"status-badge state-badge-running"[31m
                [36m>[31m
                  [0mRunning[0m
                [36m</span>[31m
              [36m</td>[31m
              [36m<td[31m
                [33mclass[31m=[32m"cell-actions"[31m
              [36m>[31m
                [36m<div[31m
                  [33mclass[31m=[32m"actions-container"[31m
                [36m>[31m
                  [36m<div[31m
                    [33mclass[31m=[32m"actions-buttons"[31m
                  [36m>[31m
                    [36m<button[31m
                      [33maria-label[31m=[32m"Pause"[31m
                      [33mclass[31m=[32m"action-button"[31m
                      [33mtitle[31m=[32m"Pause: Stops generating new reminders. Existing reminders remain active."[31m
                      [33mtype[31m=[32m"button"[31m
                    [36m>[31m
                      [0mÔÅ©´©Å[0m
                    [36m</button>[31m
                    [36m<button[31m
                      [33maria-label[31m=[32m"Archive"[31m
                      [33mclass[31m=[32m"action-button"[31m
                      [33mtitle[31m=[32m"Archive: Moves tracking to archived state and stops all reminder generation. All pending and upcoming reminders will be deleted."[31m
                      [33mtype[31m=[32m"button"[31m
                    [36m>[31m
                      [0m­ƒôª[0m
                    [36m</button>[31m
                    [36m<button[31m
                      [33maria-label[31m=[32m"Delete"[31m
                      [33mclass[31m=[32m"action-button"[31m
                      [33mtitle[31m=[32m"Delete: Permanently removes this tracking and all its reminders. This action cannot be undone."[31m
                      [33mtype[31m=[32m"button"[31m
                    [36m>[31m
                      [0m­ƒùæ´©Å[0m
                    [36m</button>[31m
                  [36m</div>[31m
                [36m</div>[31m
              [36m</td>[31m
            [36m</tr>[31m
          [36m</tbody>[31m
        [36m</table>[31m
        [36m<div[31m
          [33mclass[31m=[32m"trackings-cards"[31m
        [36m>[31m
          [36m<div[31m
            [33mclass[31m=[32m"tracking-card"[31m
          [36m>[31m
            [36m<div[31m
              [33mclass[31m=[32m"tracking-card-header"[31m
            [36m>[31m
              [36m<div[31m
                [33mclass[31m=[32m"tracking-card-icon"[31m
              [36m>[31m
                [0m­ƒÆ¬[0m
              [36m</div>[31m
              [36m<div[31m
                [33mclass[31m=[32m"tracking-card-title"[31m
              [36m>[31m
                [36m<h3[31m
                  [33mclass[31m=[32m"tracking-card-question"[31m
                [36m>[31m
                  [0mDid I exercise?[0m
                [36m</h3>[31m
                [36m<div[31m
                  [33mclass[31m=[32m"tracking-card-times"[31m
                [36m/>[31m
              [36m</div>[31m
            [36m</div>[31m
            [36m<div[31m
              [33mclass[31m=[32m"tracking-card-body"[31m
            [36m>[31m
              [36m<div[31m
                [33mclass[31m=[32m"tracking-card-row"[31m
              [36m>[31m
                [36m<span[31m
                  [33mclass[31m=[32m"tracking-card-label"[31m
                [36m>[31m
                  [0mFrequency[0m
                [36m</span>[31m
                [36m<span[31m
                  [33mclass[31m=[32m"tracking-card-value"[31m
                [36m>[31m
                  [0mDaily[0m
                [36m</span>[31m
              [36m</div>[31m
            [36m</div>[31m
            [36m<div[31m
              [33mclass[31m=[32m"tracking-card-footer"[31m
            [36m>[31m
              [36m<div[31m
                [33mclass[31m=[32m"tracking-card-status"[31m
              [36m>[31m
                [36m<span[31m
                  [33mclass[31m=[32m"status-badge state-badge-running"[31m
                [36m>[31m
                  [0mRunning[0m
                [36m</span>[31m
              [36m</div>[31m
              [36m<div[31m
                [33mclass[31m=[32m"tracking-card-actions"[31m
              [36m>[31m
                [36m<button[31m
                  [33maria-label[31m=[32m"Edit tracking"[31m
                  [33mclass[31m=[32m"action-button"[31m
                  [33mtitle[31m=[32m"Edit tracking"[31m
                  [33mtype[31m=[32m"button"[31m
                [36m>[31m
                  [0mÔ£Å´©Å[0m
                [36m</button>[31m
              [36m</div>[31m
            [36m</div>[31m
          [36m</div>[31m
        [36m</div>[31m
      [36m</div>[31m
    [36m</div>[31m
  [36m</div>[31m
[36m</body>[31m[39m
 [31m├ù[39m frontend/src/components/__tests__/TrackingsList.test.tsx[2m > [22mTrackingsList[2m > [22mshould display only question when icon is absent[32m 27[2mms[22m[39m
[31m   ÔåÆ Found multiple elements with the text: Did I exercise?

Here are the matching elements:

Ignored nodes: comments, script, style
[36m<button[31m
  [33maria-label[31m=[32m"Edit tracking: Did I exercise?"[31m
  [33mclass[31m=[32m"tracking-name-link"[31m
  [33mtitle[31m=[32m"Did I exercise?. Click to edit"[31m
  [33mtype[31m=[32m"button"[31m
[36m>[31m
  [0mDid I exercise?[0m
[36m</button>[31m

Ignored nodes: comments, script, style
[36m<h3[31m
  [33mclass[31m=[32m"tracking-card-question"[31m
[36m>[31m
  [0mDid I exercise?[0m
[36m</h3>[31m

(If this is intentional, then use the `*AllBy*` variant of the query (like `queryAllByText`, `getAllByText`, or `findAllByText`)).

Ignored nodes: comments, script, style
[36m<body>[31m
  [36m<div>[31m
    [36m<div[31m
      [33mclass[31m=[32m"trackings-list"[31m
    [36m>[31m
      [36m<div[31m
        [33mclass[31m=[32m"trackings-list-content"[31m
      [36m>[31m
        [36m<table[31m
          [33mclass[31m=[32m"trackings-table"[31m
        [36m>[31m
          [36m<thead>[31m
            [36m<tr>[31m
              [36m<th[31m
                [33mclass[31m=[32m"col-tracking"[31m
              [36m>[31m
                [36m<div[31m
                  [33mclass[31m=[32m"header-with-filter"[31m
                [36m>[31m
                  [36m<button[31m
                    [33maria-expanded[31m=[32m"false"[31m
                    [33maria-label[31m=[32m"Show filters"[31m
                    [33mclass[31m=[32m"filter-toggle-button"[31m
                    [33mtitle[31m=[32m"Show filters"[31m
                    [33mtype[31m=[32m"button"[31m
                  [36m>[31m
                    [36m<span[31m
                      [33mclass[31m=[32m"filter-toggle-icon"[31m
                    [36m>[31m
                      [0m­ƒöì[0m
                    [36m</span>[31m
                  [36m</button>[31m
                  [36m<button[31m
                    [33maria-label[31m=[32m"Sort by tracking"[31m
                    [33mclass[31m=[32m"sortable-header"[31m
                    [33mtype[31m=[32m"button"[31m
                  [36m>[31m
                    [0mTracking[0m
                  [36m</button>[31m
                [36m</div>[31m
              [36m</th>[31m
              [36m<th[31m
                [33mclass[31m=[32m"col-notes"[31m
              [36m>[31m
                [0mNotes[0m
              [36m</th>[31m
              [36m<th[31m
                [33mclass[31m=[32m"col-times"[31m
              [36m>[31m
                [36m<button[31m
                  [33maria-label[31m=[32m"Sort by times"[31m
                  [33mclass[31m=[32m"sortable-header"[31m
                  [33mtype[31m=[32m"button"[31m
                [36m>[31m
                  [0mTimes[0m
                [36m</button>[31m
              [36m</th>[31m
              [36m<th[31m
                [33mclass[31m=[32m"col-frequency"[31m
              [36m>[31m
                [36m<button[31m
                  [33maria-label[31m=[32m"Sort by frequency"[31m
                  [33mclass[31m=[32m"sortable-header"[31m
                  [33mtype[31m=[32m"button"[31m
                [36m>[31m
                  [0mFrequency[0m
                [36m</button>[31m
              [36m</th>[31m
              [36m<th[31m
                [33mclass[31m=[32m"col-next-reminder"[31m
              [36m>[31m
                [36m<button[31m
                  [33maria-label[31m=[32m"Sort by next reminder"[31m
                  [33mclass[31m=[32m"sortable-header"[31m
                  [33mtype[31m=[32m"button"[31m
                [36m>[31m
                  [0mNext reminder[0m
                [36m</button>[31m
              [36m</th>[31m
              [36m<th[31m
                [33mclass[31m=[32m"col-status"[31m
              [36m>[31m
                [36m<button[31m
                  [33maria-label[31m=[32m"Sort by status"[31m
                  [33mclass[31m=[32m"sortable-header"[31m
                  [33mtype[31m=[32m"button"[31m
                [36m>[31m
                  [0mStatus[0m
                [36m</button>[31m
              [36m</th>[31m
              [36m<th[31m
                [33mclass[31m=[32m"col-actions"[31m
              [36m>[31m
                [0mActions[0m
              [36m</th>[31m
            [36m</tr>[31m
          [36m</thead>[31m
          [36m<tbody>[31m
            [36m<tr[31m
              [33mclass[31m=[32m"tracking-row"[31m
            [36m>[31m
              [36m<td[31m
                [33mclass[31m=[32m"cell-tracking"[31m
              [36m>[31m
                [36m<button[31m
                  [33maria-label[31m=[32m"Edit tracking: Did I exercise?"[31m
                  [33mclass[31m=[32m"tracking-name-link"[31m
                  [33mtitle[31m=[32m"Did I exercise?. Click to edit"[31m
                  [33mtype[31m=[32m"button"[31m
                [36m>[31m
                  [0mDid I exercise?[0m
                [36m</button>[31m
              [36m</td>[31m
              [36m<td[31m
                [33mclass[31m=[32m"cell-notes"[31m
              [36m>[31m
                [36m<span[31m
                  [33mclass[31m=[32m"notes-empty"[31m
                [36m>[31m
                  [0mÔÇö[0m
                [36m</span>[31m
              [36m</td>[31m
              [36m<td[31m
                [33mclass[31m=[32m"cell-times"[31m
                [33mtitle[31m=[32m"No times"[31m
              [36m/>[31m
              [36m<td[31m
                [33mclass[31m=[32m"cell-frequency"[31m
                [33mtitle[31m=[32m"No upcoming reminder"[31m
              [36m>[31m
                [0mDaily[0m
              [36m</td>[31m
              [36m<td[31m
                [33mclass[31m=[32m"cell-next-reminder"[31m
              [36m>[31m
                [0mÔÇö[0m
              [36m</td>[31m
              [36m<td[31m
                [33mclass[31m=[32m"cell-status"[31m
              [36m>[31m
                [36m<span[31m
                  [33mclass[31m=[32m"status-badge state-badge-running"[31m
                [36m>[31m
                  [0mRunning[0m
                [36m</span>[31m
              [36m</td>[31m
              [36m<td[31m
                [33mclass[31m=[32m"cell-actions"[31m
              [36m>[31m
                [36m<div[31m
                  [33mclass[31m=[32m"actions-container"[31m
                [36m>[31m
                  [36m<div[31m
                    [33mclass[31m=[32m"actions-buttons"[31m
                  [36m>[31m
                    [36m<button[31m
                      [33maria-label[31m=[32m"Pause"[31m
                      [33mclass[31m=[32m"action-button"[31m
                      [33mtitle[31m=[32m"Pause: Stops generating new reminders. Existing reminders remain active."[31m
                      [33mtype[31m=[32m"button"[31m
                    [36m>[31m
                      [0mÔÅ©´©Å[0m
                    [36m</button>[31m
                    [36m<button[31m
                      [33maria-label[31m=[32m"Archive"[31m
                      [33mclass[31m=[32m"action-button"[31m
                      [33mtitle[31m=[32m"Archive: Moves tracking to archived state and stops all reminder generation. All pending and upcoming reminders will be deleted."[31m
                      [33mtype[31m=[32m"button"[31m
                    [36m>[31m
                      [0m­ƒôª[0m
                    [36m</button>[31m
                    [36m<button[31m
                      [33maria-label[31m=[32m"Delete"[31m
                      [33mclass[31m=[32m"action-button"[31m
                      [33mtitle[31m=[32m"Delete: Permanently removes this tracking and all its reminders. This action cannot be undone."[31m
                      [33mtype[31m=[32m"button"[31m
                    [36m>[31m
                      [0m­ƒùæ´©Å[0m
                    [36m</button>[31m
                  [36m</div>[31m
                [36m</div>[31m
              [36m</td>[31m
            [36m</tr>[31m
          [36m</tbody>[31m
        [36m</table>[31m
        [36m<div[31m
          [33mclass[31m=[32m"trackings-cards"[31m
        [36m>[31m
          [36m<div[31m
            [33mclass[31m=[32m"tracking-card"[31m
          [36m>[31m
            [36m<div[31m
              [33mclass[31m=[32m"tracking-card-header"[31m
            [36m>[31m
              [36m<div[31m
                [33mclass[31m=[32m"tracking-card-title"[31m
              [36m>[31m
                [36m<h3[31m
                  [33mclass[31m=[32m"tracking-card-question"[31m
                [36m>[31m
                  [0mDid I exercise?[0m
                [36m</h3>[31m
                [36m<div[31m
                  [33mclass[31m=[32m"tracking-card-times"[31m
                [36m/>[31m
              [36m</div>[31m
            [36m</div>[31m
            [36m<div[31m
              [33mclass[31m=[32m"tracking-card-body"[31m
            [36m>[31m
              [36m<div[31m
                [33mclass[31m=[32m"tracking-card-row"[31m
              [36m>[31m
                [36m<span[31m
                  [33mclass[31m=[32m"tracking-card-label"[31m
                [36m>[31m
                  [0mFrequency[0m
                [36m</span>[31m
                [36m<span[31m
                  [33mclass[31m=[32m"tracking-card-value"[31m
                [36m>[31m
                  [0mDaily[0m
                [36m</span>[31m
              [36m</div>[31m
            [36m</div>[31m
            [36m<div[31m
              [33mclass[31m=[32m"tracking-card-footer"[31m
            [36m>[31m
              [36m<div[31m
                [33mclass[31m=[32m"tracking-card-status"[31m
              [36m>[31m
                [36m<span[31m
                  [33mclass[31m=[32m"status-badge state-badge-running"[31m
                [36m>[31m
                  [0mRunning[0m
                [36m</span>[31m
              [36m</div>[31m
              [36m<div[31m
                [33mclass[31m=[32m"tracking-card-actions"[31m
              [36m>[31m
                [36m<button[31m
                  [33maria-label[31m=[32m"Edit tracking"[31m
                  [33mclass[31m=[32m"action-button"[31m
                  [33mtitle[31m=[32m"Edit tracking"[31m
                  [33mtype[31m=[32m"button"[31m
                [36m>[31m
                  [0mÔ£Å´©Å[0m
                [36m</button>[31m
              [36m</div>[31m
            [36m</div>[31m
          [36m</div>[31m
        [36m</div>[31m
      [36m</div>[31m
    [36m</div>[31m
  [36m</div>[31m
[36m</body>[31m[39m
 [31m├ù[39m frontend/src/components/__tests__/TrackingsList.test.tsx[2m > [22mTrackingsList[2m > [22mshould display single schedule time[32m 24[2mms[22m[39m
[31m   ÔåÆ Found multiple elements with the text: 09:00

Here are the matching elements:

Ignored nodes: comments, script, style
[36m<td[31m
  [33mclass[31m=[32m"cell-times"[31m
[36m>[31m
  [0m09:00[0m
[36m</td>[31m

Ignored nodes: comments, script, style
[36m<div[31m
  [33mclass[31m=[32m"tracking-card-times"[31m
[36m>[31m
  [0m09:00[0m
[36m</div>[31m

(If this is intentional, then use the `*AllBy*` variant of the query (like `queryAllByText`, `getAllByText`, or `findAllByText`)).

Ignored nodes: comments, script, style
[36m<body>[31m
  [36m<div>[31m
    [36m<div[31m
      [33mclass[31m=[32m"trackings-list"[31m
    [36m>[31m
      [36m<div[31m
        [33mclass[31m=[32m"trackings-list-content"[31m
      [36m>[31m
        [36m<table[31m
          [33mclass[31m=[32m"trackings-table"[31m
        [36m>[31m
          [36m<thead>[31m
            [36m<tr>[31m
              [36m<th[31m
                [33mclass[31m=[32m"col-tracking"[31m
              [36m>[31m
                [36m<div[31m
                  [33mclass[31m=[32m"header-with-filter"[31m
                [36m>[31m
                  [36m<button[31m
                    [33maria-expanded[31m=[32m"false"[31m
                    [33maria-label[31m=[32m"Show filters"[31m
                    [33mclass[31m=[32m"filter-toggle-button"[31m
                    [33mtitle[31m=[32m"Show filters"[31m
                    [33mtype[31m=[32m"button"[31m
                  [36m>[31m
                    [36m<span[31m
                      [33mclass[31m=[32m"filter-toggle-icon"[31m
                    [36m>[31m
                      [0m­ƒöì[0m
                    [36m</span>[31m
                  [36m</button>[31m
                  [36m<button[31m
                    [33maria-label[31m=[32m"Sort by tracking"[31m
                    [33mclass[31m=[32m"sortable-header"[31m
                    [33mtype[31m=[32m"button"[31m
                  [36m>[31m
                    [0mTracking[0m
                  [36m</button>[31m
                [36m</div>[31m
              [36m</th>[31m
              [36m<th[31m
                [33mclass[31m=[32m"col-notes"[31m
              [36m>[31m
                [0mNotes[0m
              [36m</th>[31m
              [36m<th[31m
                [33mclass[31m=[32m"col-times"[31m
              [36m>[31m
                [36m<button[31m
                  [33maria-label[31m=[32m"Sort by times"[31m
                  [33mclass[31m=[32m"sortable-header"[31m
                  [33mtype[31m=[32m"button"[31m
                [36m>[31m
                  [0mTimes[0m
                [36m</button>[31m
              [36m</th>[31m
              [36m<th[31m
                [33mclass[31m=[32m"col-frequency"[31m
              [36m>[31m
                [36m<button[31m
                  [33maria-label[31m=[32m"Sort by frequency"[31m
                  [33mclass[31m=[32m"sortable-header"[31m
                  [33mtype[31m=[32m"button"[31m
                [36m>[31m
                  [0mFrequency[0m
                [36m</button>[31m
              [36m</th>[31m
              [36m<th[31m
                [33mclass[31m=[32m"col-next-reminder"[31m
              [36m>[31m
                [36m<button[31m
                  [33maria-label[31m=[32m"Sort by next reminder"[31m
                  [33mclass[31m=[32m"sortable-header"[31m
                  [33mtype[31m=[32m"button"[31m
                [36m>[31m
                  [0mNext reminder[0m
                [36m</button>[31m
              [36m</th>[31m
              [36m<th[31m
                [33mclass[31m=[32m"col-status"[31m
              [36m>[31m
                [36m<button[31m
                  [33maria-label[31m=[32m"Sort by status"[31m
                  [33mclass[31m=[32m"sortable-header"[31m
                  [33mtype[31m=[32m"button"[31m
                [36m>[31m
                  [0mStatus[0m
                [36m</button>[31m
              [36m</th>[31m
              [36m<th[31m
                [33mclass[31m=[32m"col-actions"[31m
              [36m>[31m
                [0mActions[0m
              [36m</th>[31m
            [36m</tr>[31m
          [36m</thead>[31m
          [36m<tbody>[31m
            [36m<tr[31m
              [33mclass[31m=[32m"tracking-row"[31m
            [36m>[31m
              [36m<td[31m
                [33mclass[31m=[32m"cell-tracking"[31m
              [36m>[31m
                [36m<button[31m
                  [33maria-label[31m=[32m"Edit tracking: Did I exercise?"[31m
                  [33mclass[31m=[32m"tracking-name-link"[31m
                  [33mtitle[31m=[32m"Did I exercise?. Click to edit"[31m
                  [33mtype[31m=[32m"button"[31m
                [36m>[31m
                  [0mDid I exercise?[0m
                [36m</button>[31m
              [36m</td>[31m
              [36m<td[31m
                [33mclass[31m=[32m"cell-notes"[31m
              [36m>[31m
                [36m<span[31m
                  [33mclass[31m=[32m"notes-empty"[31m
                [36m>[31m
                  [0mÔÇö[0m
                [36m</span>[31m
              [36m</td>[31m
              [36m<td[31m
                [33mclass[31m=[32m"cell-times"[31m
              [36m>[31m
                [0m09:00[0m
              [36m</td>[31m
              [36m<td[31m
                [33mclass[31m=[32m"cell-frequency"[31m
                [33mtitle[31m=[32m"No upcoming reminder"[31m
              [36m>[31m
                [0mDaily[0m
              [36m</td>[31m
              [36m<td[31m
                [33mclass[31m=[32m"cell-next-reminder"[31m
              [36m>[31m
                [0mÔÇö[0m
              [36m</td>[31m
              [36m<td[31m
                [33mclass[31m=[32m"cell-status"[31m
              [36m>[31m
                [36m<span[31m
                  [33mclass[31m=[32m"status-badge state-badge-running"[31m
                [36m>[31m
                  [0mRunning[0m
                [36m</span>[31m
              [36m</td>[31m
              [36m<td[31m
                [33mclass[31m=[32m"cell-actions"[31m
              [36m>[31m
                [36m<div[31m
                  [33mclass[31m=[32m"actions-container"[31m
                [36m>[31m
                  [36m<div[31m
                    [33mclass[31m=[32m"actions-buttons"[31m
                  [36m>[31m
                    [36m<button[31m
                      [33maria-label[31m=[32m"Pause"[31m
                      [33mclass[31m=[32m"action-button"[31m
                      [33mtitle[31m=[32m"Pause: Stops generating new reminders. Existing reminders remain active."[31m
                      [33mtype[31m=[32m"button"[31m
                    [36m>[31m
                      [0mÔÅ©´©Å[0m
                    [36m</button>[31m
                    [36m<button[31m
                      [33maria-label[31m=[32m"Archive"[31m
                      [33mclass[31m=[32m"action-button"[31m
                      [33mtitle[31m=[32m"Archive: Moves tracking to archived state and stops all reminder generation. All pending and upcoming reminders will be deleted."[31m
                      [33mtype[31m=[32m"button"[31m
                    [36m>[31m
                      [0m­ƒôª[0m
                    [36m</button>[31m
                    [36m<button[31m
                      [33maria-label[31m=[32m"Delete"[31m
                      [33mclass[31m=[32m"action-button"[31m
                      [33mtitle[31m=[32m"Delete: Permanently removes this tracking and all its reminders. This action cannot be undone."[31m
                      [33mtype[31m=[32m"button"[31m
                    [36m>[31m
                      [0m­ƒùæ´©Å[0m
                    [36m</button>[31m
                  [36m</div>[31m
                [36m</div>[31m
              [36m</td>[31m
            [36m</tr>[31m
          [36m</tbody>[31m
        [36m</table>[31m
        [36m<div[31m
          [33mclass[31m=[32m"trackings-cards"[31m
        [36m>[31m
          [36m<div[31m
            [33mclass[31m=[32m"tracking-card"[31m
          [36m>[31m
            [36m<div[31m
              [33mclass[31m=[32m"tracking-card-header"[31m
            [36m>[31m
              [36m<div[31m
                [33mclass[31m=[32m"tracking-card-title"[31m
              [36m>[31m
                [36m<h3[31m
                  [33mclass[31m=[32m"tracking-card-question"[31m
                [36m>[31m
                  [0mDid I exercise?[0m
                [36m</h3>[31m
                [36m<div[31m
                  [33mclass[31m=[32m"tracking-card-times"[31m
                [36m>[31m
                  [0m09:00[0m
                [36m</div>[31m
              [36m</div>[31m
            [36m</div>[31m
            [36m<div[31m
              [33mclass[31m=[32m"tracking-card-body"[31m
            [36m>[31m
              [36m<div[31m
                [33mclass[31m=[32m"tracking-card-row"[31m
              [36m>[31m
                [36m<span[31m
                  [33mclass[31m=[32m"tracking-card-label"[31m
                [36m>[31m
                  [0mFrequency[0m
                [36m</span>[31m
                [36m<span[31m
                  [33mclass[31m=[32m"tracking-card-value"[31m
                [36m>[31m
                  [0mDaily[0m
                [36m</span>[31m
              [36m</div>[31m
            [36m</div>[31m
            [36m<div[31m
              [33mclass[31m=[32m"tracking-card-footer"[31m
            [36m>[31m
              [36m<div[31m
                [33mclass[31m=[32m"tracking-card-status"[31m
              [36m>[31m
                [36m<span[31m
                  [33mclass[31m=[32m"status-badge state-badge-running"[31m
                [36m>[31m
                  [0mRunning[0m
                [36m</span>[31m
              [36m</div>[31m
              [36m<div[31m
                [33mclass[31m=[32m"tracking-card-actions"[31m
              [36m>[31m
                [36m<button[31m
                  [33maria-label[31m=[32m"Edit tracking"[31m
                  [33mclass[31m=[32m"action-button"[31m
                  [33mtitle[31m=[32m"Edit tracking"[31m
                  [33mtype[31m=[32m"button"[31m
                [36m>[31m
                  [0mÔ£Å´©Å[0m
                [36m</button>[31m
              [36m</div>[31m
            [36m</div>[31m
          [36m</div>[31m
        [36m</div>[31m
      [36m</div>[31m
    [36m</div>[31m
  [36m</div>[31m
[36m</body>[31m[39m
 [31m├ù[39m frontend/src/components/__tests__/TrackingsList.test.tsx[2m > [22mTrackingsList[2m > [22mshould display first time with count for multiple schedules[32m 18[2mms[22m[39m
[31m   ÔåÆ Found multiple elements with the text: /09:00 \+2/

Here are the matching elements:

Ignored nodes: comments, script, style
[36m<td[31m
  [33mclass[31m=[32m"cell-times"[31m
  [33mtitle[31m=[32m"09:00, 14:30, 20:00"[31m
[36m>[31m
  [0m09:00 +2[0m
[36m</td>[31m

Ignored nodes: comments, script, style
[36m<div[31m
  [33mclass[31m=[32m"tracking-card-times"[31m
[36m>[31m
  [0m09:00 +2[0m
[36m</div>[31m

(If this is intentional, then use the `*AllBy*` variant of the query (like `queryAllByText`, `getAllByText`, or `findAllByText`)).

Ignored nodes: comments, script, style
[36m<body>[31m
  [36m<div>[31m
    [36m<div[31m
      [33mclass[31m=[32m"trackings-list"[31m
    [36m>[31m
      [36m<div[31m
        [33mclass[31m=[32m"trackings-list-content"[31m
      [36m>[31m
        [36m<table[31m
          [33mclass[31m=[32m"trackings-table"[31m
        [36m>[31m
          [36m<thead>[31m
            [36m<tr>[31m
              [36m<th[31m
                [33mclass[31m=[32m"col-tracking"[31m
              [36m>[31m
                [36m<div[31m
                  [33mclass[31m=[32m"header-with-filter"[31m
                [36m>[31m
                  [36m<button[31m
                    [33maria-expanded[31m=[32m"false"[31m
                    [33maria-label[31m=[32m"Show filters"[31m
                    [33mclass[31m=[32m"filter-toggle-button"[31m
                    [33mtitle[31m=[32m"Show filters"[31m
                    [33mtype[31m=[32m"button"[31m
                  [36m>[31m
                    [36m<span[31m
                      [33mclass[31m=[32m"filter-toggle-icon"[31m
                    [36m>[31m
                      [0m­ƒöì[0m
                    [36m</span>[31m
                  [36m</button>[31m
                  [36m<button[31m
                    [33maria-label[31m=[32m"Sort by tracking"[31m
                    [33mclass[31m=[32m"sortable-header"[31m
                    [33mtype[31m=[32m"button"[31m
                  [36m>[31m
                    [0mTracking[0m
                  [36m</button>[31m
                [36m</div>[31m
              [36m</th>[31m
              [36m<th[31m
                [33mclass[31m=[32m"col-notes"[31m
              [36m>[31m
                [0mNotes[0m
              [36m</th>[31m
              [36m<th[31m
                [33mclass[31m=[32m"col-times"[31m
              [36m>[31m
                [36m<button[31m
                  [33maria-label[31m=[32m"Sort by times"[31m
                  [33mclass[31m=[32m"sortable-header"[31m
                  [33mtype[31m=[32m"button"[31m
                [36m>[31m
                  [0mTimes[0m
                [36m</button>[31m
              [36m</th>[31m
              [36m<th[31m
                [33mclass[31m=[32m"col-frequency"[31m
              [36m>[31m
                [36m<button[31m
                  [33maria-label[31m=[32m"Sort by frequency"[31m
                  [33mclass[31m=[32m"sortable-header"[31m
                  [33mtype[31m=[32m"button"[31m
                [36m>[31m
                  [0mFrequency[0m
                [36m</button>[31m
              [36m</th>[31m
              [36m<th[31m
                [33mclass[31m=[32m"col-next-reminder"[31m
              [36m>[31m
                [36m<button[31m
                  [33maria-label[31m=[32m"Sort by next reminder"[31m
                  [33mclass[31m=[32m"sortable-header"[31m
                  [33mtype[31m=[32m"button"[31m
                [36m>[31m
                  [0mNext reminder[0m
                [36m</button>[31m
              [36m</th>[31m
              [36m<th[31m
                [33mclass[31m=[32m"col-status"[31m
              [36m>[31m
                [36m<button[31m
                  [33maria-label[31m=[32m"Sort by status"[31m
                  [33mclass[31m=[32m"sortable-header"[31m
                  [33mtype[31m=[32m"button"[31m
                [36m>[31m
                  [0mStatus[0m
                [36m</button>[31m
              [36m</th>[31m
              [36m<th[31m
                [33mclass[31m=[32m"col-actions"[31m
              [36m>[31m
                [0mActions[0m
              [36m</th>[31m
            [36m</tr>[31m
          [36m</thead>[31m
          [36m<tbody>[31m
            [36m<tr[31m
              [33mclass[31m=[32m"tracking-row"[31m
            [36m>[31m
              [36m<td[31m
                [33mclass[31m=[32m"cell-tracking"[31m
              [36m>[31m
                [36m<button[31m
                  [33maria-label[31m=[32m"Edit tracking: Did I exercise?"[31m
                  [33mclass[31m=[32m"tracking-name-link"[31m
                  [33mtitle[31m=[32m"Did I exercise?. Click to edit"[31m
                  [33mtype[31m=[32m"button"[31m
                [36m>[31m
                  [0mDid I exercise?[0m
                [36m</button>[31m
              [36m</td>[31m
              [36m<td[31m
                [33mclass[31m=[32m"cell-notes"[31m
              [36m>[31m
                [36m<span[31m
                  [33mclass[31m=[32m"notes-empty"[31m
                [36m>[31m
                  [0mÔÇö[0m
                [36m</span>[31m
              [36m</td>[31m
              [36m<td[31m
                [33mclass[31m=[32m"cell-times"[31m
                [33mtitle[31m=[32m"09:00, 14:30, 20:00"[31m
              [36m>[31m
                [0m09:00 +2[0m
              [36m</td>[31m
              [36m<td[31m
                [33mclass[31m=[32m"cell-frequency"[31m
                [33mtitle[31m=[32m"No upcoming reminder"[31m
              [36m>[31m
                [0mDaily[0m
              [36m</td>[31m
              [36m<td[31m
                [33mclass[31m=[32m"cell-next-reminder"[31m
              [36m>[31m
                [0mÔÇö[0m
              [36m</td>[31m
              [36m<td[31m
                [33mclass[31m=[32m"cell-status"[31m
              [36m>[31m
                [36m<span[31m
                  [33mclass[31m=[32m"status-badge state-badge-running"[31m
                [36m>[31m
                  [0mRunning[0m
                [36m</span>[31m
              [36m</td>[31m
              [36m<td[31m
                [33mclass[31m=[32m"cell-actions"[31m
              [36m>[31m
                [36m<div[31m
                  [33mclass[31m=[32m"actions-container"[31m
                [36m>[31m
                  [36m<div[31m
                    [33mclass[31m=[32m"actions-buttons"[31m
                  [36m>[31m
                    [36m<button[31m
                      [33maria-label[31m=[32m"Pause"[31m
                      [33mclass[31m=[32m"action-button"[31m
                      [33mtitle[31m=[32m"Pause: Stops generating new reminders. Existing reminders remain active."[31m
                      [33mtype[31m=[32m"button"[31m
                    [36m>[31m
                      [0mÔÅ©´©Å[0m
                    [36m</button>[31m
                    [36m<button[31m
                      [33maria-label[31m=[32m"Archive"[31m
                      [33mclass[31m=[32m"action-button"[31m
                      [33mtitle[31m=[32m"Archive: Moves tracking to archived state and stops all reminder generation. All pending and upcoming reminders will be deleted."[31m
                      [33mtype[31m=[32m"button"[31m
                    [36m>[31m
                      [0m­ƒôª[0m
                    [36m</button>[31m
                    [36m<button[31m
                      [33maria-label[31m=[32m"Delete"[31m
                      [33mclass[31m=[32m"action-button"[31m
                      [33mtitle[31m=[32m"Delete: Permanently removes this tracking and all its reminders. This action cannot be undone."[31m
                      [33mtype[31m=[32m"button"[31m
                    [36m>[31m
                      [0m­ƒùæ´©Å[0m
                    [36m</button>[31m
                  [36m</div>[31m
                [36m</div>[31m
              [36m</td>[31m
            [36m</tr>[31m
          [36m</tbody>[31m
        [36m</table>[31m
        [36m<div[31m
          [33mclass[31m=[32m"trackings-cards"[31m
        [36m>[31m
          [36m<div[31m
            [33mclass[31m=[32m"tracking-card"[31m
          [36m>[31m
            [36m<div[31m
              [33mclass[31m=[32m"tracking-card-header"[31m
            [36m>[31m
              [36m<div[31m
                [33mclass[31m=[32m"tracking-card-title"[31m
              [36m>[31m
                [36m<h3[31m
                  [33mclass[31m=[32m"tracking-card-question"[31m
                [36m>[31m
                  [0mDid I exercise?[0m
                [36m</h3>[31m
                [36m<div[31m
                  [33mclass[31m=[32m"tracking-card-times"[31m
                [36m>[31m
                  [0m09:00 +2[0m
                [36m</div>[31m
              [36m</div>[31m
            [36m</div>[31m
            [36m<div[31m
              [33mclass[31m=[32m"tracking-card-body"[31m
            [36m>[31m
              [36m<div[31m
                [33mclass[31m=[32m"tracking-card-row"[31m
              [36m>[31m
                [36m<span[31m
                  [33mclass[31m=[32m"tracking-card-label"[31m
                [36m>[31m
                  [0mFrequency[0m
                [36m</span>[31m
                [36m<span[31m
                  [33mclass[31m=[32m"tracking-card-value"[31m
                [36m>[31m
                  [0mDaily[0m
                [36m</span>[31m
              [36m</div>[31m
            [36m</div>[31m
            [36m<div[31m
              [33mclass[31m=[32m"tracking-card-footer"[31m
            [36m>[31m
              [36m<div[31m
                [33mclass[31m=[32m"tracking-card-status"[31m
              [36m>[31m
                [36m<span[31m
                  [33mclass[31m=[32m"status-badge state-badge-running"[31m
                [36m>[31m
                  [0mRunning[0m
                [36m</span>[31m
              [36m</div>[31m
              [36m<div[31m
                [33mclass[31m=[32m"tracking-card-actions"[31m
              [36m>[31m
                [36m<button[31m
                  [33maria-label[31m=[32m"Edit tracking"[31m
                  [33mclass[31m=[32m"action-button"[31m
                  [33mtitle[31m=[32m"Edit tracking"[31m
                  [33mtype[31m=[32m"button"[31m
                [36m>[31m
                  [0mÔ£Å´©Å[0m
                [36m</button>[31m
              [36m</div>[31m
            [36m</div>[31m
          [36m</div>[31m
        [36m</div>[31m
      [36m</div>[31m
    [36m</div>[31m
  [36m</div>[31m
[36m</body>[31m[39m
 [32mÔ£ô[39m backend/src/__tests__/server.test.ts[2m > [22mServer Configuration - Integration Tests[2m > [22mServer.ts Complete Integration - Real Execution Tests[2m > [22mshould handle shutdown with Vite server[33m 542[2mms[22m[39m
 [32mÔ£ô[39m frontend/src/hooks/__tests__/useAuth.test.ts[2m > [22museAuth[2m > [22mlogout[2m > [22mshould clear user and token[32m 142[2mms[22m[39m
 [32mÔ£ô[39m frontend/src/components/__tests__/EditTrackingModal.test.tsx[2m > [22mEditTrackingModal[2m > [22mshould close modal when close button is clicked[32m 178[2mms[22m[39m
 [32mÔ£ô[39m frontend/src/components/__tests__/DaysPatternInput.test.tsx[2m > [22mDaysPatternInput[2m > [22mshould show weekly options when weekly preset is selected[32m 116[2mms[22m[39m
 [31m├ù[39m frontend/src/components/__tests__/RemindersList.test.tsx[2m > [22mRemindersList[2m > [22mshould complete reminder when Complete is clicked[32m 132[2mms[22m[39m
[31m   ÔåÆ Found multiple elements with the role "button" and name "Complete reminder"

Here are the matching elements:

Ignored nodes: comments, script, style
[36m<button[31m
  [33maria-label[31m=[32m"Complete reminder"[31m
  [33mclass[31m=[32m"action-button action-complete"[31m
  [33mtitle[31m=[32m"Complete reminder"[31m
  [33mtype[31m=[32m"button"[31m
[36m>[31m
  [0mÔ£ô[0m
[36m</button>[31m

Ignored nodes: comments, script, style
[36m<button[31m
  [33maria-label[31m=[32m"Complete reminder"[31m
  [33mclass[31m=[32m"action-button action-complete"[31m
  [33mtitle[31m=[32m"Complete"[31m
  [33mtype[31m=[32m"button"[31m
[36m>[31m
  [0mÔ£ô[0m
[36m</button>[31m

(If this is intentional, then use the `*AllBy*` variant of the query (like `queryAllByText`, `getAllByText`, or `findAllByText`)).

Ignored nodes: comments, script, style
[36m<body>[31m
  [36m<div>[31m
    [36m<div[31m
      [33mclass[31m=[32m"reminders-list"[31m
    [36m>[31m
      [36m<div[31m
        [33mclass[31m=[32m"reminders-list-content"[31m
      [36m>[31m
        [36m<div[31m
          [33mclass[31m=[32m"reminders-table-container"[31m
        [36m>[31m
          [36m<table[31m
            [33mclass[31m=[32m"reminders-table"[31m
          [36m>[31m
            [36m<thead>[31m
              [36m<tr>[31m
                [36m<th[31m
                  [33mclass[31m=[32m"col-time"[31m
                [36m>[31m
                  [36m<div[31m
                    [33mclass[31m=[32m"header-with-filter"[31m
                  [36m>[31m
                    [36m<button[31m
                      [33maria-expanded[31m=[32m"false"[31m
                      [33maria-label[31m=[32m"Show filters"[31m
                      [33mclass[31m=[32m"filter-toggle-button"[31m
                      [33mtitle[31m=[32m"Show filters"[31m
                      [33mtype[31m=[32m"button"[31m
                    [36m>[31m
                      [36m<span[31m
                        [33mclass[31m=[32m"filter-toggle-icon"[31m
                      [36m>[31m
                        [0m­ƒöì[0m
                      [36m</span>[31m
                    [36m</button>[31m
                    [36m<button[31m
                      [33maria-label[31m=[32m"Sort by time"[31m
                      [33mclass[31m=[32m"sortable-header"[31m
                      [33mtype[31m=[32m"button"[31m
                    [36m>[31m
                      [0mTime[0m
                    [36m</button>[31m
                  [36m</div>[31m
                [36m</th>[31m
                [36m<th[31m
                  [33mclass[31m=[32m"col-tracking"[31m
                [36m>[31m
                  [36m<button[31m
                    [33maria-label[31m=[32m"Sort by tracking"[31m
                    [33mclass[31m=[32m"sortable-header"[31m
                    [33mtype[31m=[32m"button"[31m
                  [36m>[31m
                    [0mTracking[0m
                  [36m</button>[31m
                [36m</th>[31m
                [36m<th[31m
                  [33mclass[31m=[32m"col-notes"[31m
                [36m>[31m
                  [36m<button[31m
                    [33maria-label[31m=[32m"Sort by notes"[31m
                    [33mclass[31m=[32m"sortable-header"[31m
                    [33mtype[31m=[32m"button"[31m
                  [36m>[31m
                    [0mNotes[0m
                  [36m</button>[31m
                [36m</th>[31m
                [36m<th[31m
                  [33mclass[31m=[32m"col-actions"[31m
                [36m>[31m
                  [0mActions[0m
                [36m</th>[31m
              [36m</tr>[31m
            [36m</thead>[31m
            [36m<tbody>[31m
              [36m<tr[31m
                [33mclass[31m=[32m"reminder-row"[31m
              [36m>[31m
                [36m<td[31m
                  [33mclass[31m=[32m"cell-time"[31m
                [36m>[31m
                  [0m1/1/2024 07:00 a.┬ám.[0m
                [36m</td>[31m
                [36m<td[31m
                  [33mclass[31m=[32m"cell-tracking"[31m
                [36m>[31m
                  [36m<span[31m
                    [33mclass[31m=[32m"tracking-text"[31m
                    [33mtitle[31m=[32m"­ƒÆ¬ Did I exercise?"[31m
                  [36m>[31m
                    [36m<span[31m
                      [33mclass[31m=[32m"tracking-icon"[31m
                    [36m>[31m
                      [0m­ƒÆ¬[0m
                    [36m</span>[31m
                    [0mDid I exercise?[0m
                  [36m</span>[31m
                [36m</td>[31m
                [36m<td[31m
                  [33mclass[31m=[32m"cell-notes"[31m
                [36m>[31m
                  [36m<textarea[31m
                    [33mclass[31m=[32m"notes-textarea"[31m
                    [33mplaceholder[31m=[32m"Add notes..."[31m
                    [33mrows[31m=[32m"2"[31m
                  [36m/>[31m
                [36m</td>[31m
                [36m<td[31m
                  [33mclass[31m=[32m"cell-actions"[31m
                [36m>[31m
                  [36m<div[31m
                    [33mclass[31m=[32m"actions-container"[31m
                  [36m>[31m
                    [36m<div[31m
                      [33mclass[31m=[32m"actions-buttons"[31m
                    [36m>[31m
                      [36m<button[31m
                        [33maria-label[31m=[32m"Complete reminder"[31m
                        [33mclass[31m=[32m"action-button action-complete"[31m
                        [33mtitle[31m=[32m"Complete reminder"[31m
                        [33mtype[31m=[32m"button"[31m
                      [36m>[31m
                        [0mÔ£ô[0m
                      [36m</button>[31m
                      [36m<button[31m
                        [33maria-label[31m=[32m"Dismiss reminder"[31m
                        [33mclass[31m=[32m"action-button action-dismiss"[31m
                        [33mtitle[31m=[32m"Dismiss reminder"[31m
                        [33mtype[31m=[32m"button"[31m
                      [36m>[31m
                        [0mÔ£ò[0m
                      [36m</button>[31m
                      [36m<button[31m
                        [33maria-label[31m=[32m"Snooze reminder"[31m
                        [33mclass[31m=[32m"action-button action-snooze"[31m
                        [33mtitle[31m=[32m"Snooze reminder (click to see options)"[31m
                        [33mtype[31m=[32m"button"[31m
                      [36m>[31m
                        [0m­ƒÆñ[0m
                      [36m</button>[31m
                    [36m</div>[31m
                  [36m</div>[31m
                [36m</td>[31m
              [36m</tr>[31m
            [36m</tbody>[31m
          [36m</table>[31m
        [36m</div>[31m
        [36m<div[31m
          [33mclass[31m=[32m"reminders-cards"[31m
        [36m>[31m
          [36m<div[31m
            [33mclass[31m=[32m"reminder-card"[31m
          [36m>[31m
            [36m<div[31m
              [33mclass[31m=[32m"reminder-card-header"[31m
            [36m>[31m
              [36m<div[31m
                [33mclass[31m=[32m"reminder-card-icon"[31m
              [36m>[31m
                [0m­ƒÆ¬[0m
              [36m</div>[31m
              [36m<div[31m
                [33mclass[31m=[32m"reminder-card-title"[31m
              [36m>[31m
                [36m<h3[31m
                  [33mclass[31m=[32m"reminder-card-question"[31m
                [36m>[31m
                  [0mDid I exercise?[0m
                [36m</h3>[31m
                [36m<div[31m
                  [33mclass[31m=[32m"reminder-card-time"[31m
                [36m>[31m
                  [0m1/1/2024 07:00 a.┬ám.[0m
                [36m</div>[31m
              [36m</div>[31m
            [36m</div>[31m
            [36m<div[31m
              [33mclass[31m=[32m"reminder-card-footer"[31m
            [36m>[31m
              [36m<div[31m
                [33mclass[31m=[32m"reminder-card-actions"[31m
              [36m>[31m
                [36m<button[31m
                  [33maria-label[31m=[32m"Complete reminder"[31m
                  [33mclass[31m=[32m"action-button action-complete"[31m
                  [33mtitle[31m=[32m"Complete"[31m
                  [33mtype[31m=[32m"button"[31m
                [36m>[31m
                  [0mÔ£ô[0m
                [36m</button>[31m
                [36m<button[31m
                  [33maria-label[31m=[32m"Snooze reminder"[31m
                  [33mclass[31m=[32m"action-button"[31m
                  [33mtitle[31m=[32m"Snooze"[31m
                  [33mtype[31m=[32m"button"[31m
                [36m>[31m
                  [0mÔÅ░[0m
                [36m</button>[31m
                [36m<button[31m
                  [33maria-label[31m=[32m"Dismiss reminder"[31m
                  [33mclass[31m=[32m"action-button action-dismiss"[31m
                  [33mtitle[31m=[32m"Dismiss"[31m
                  [33mtype[31m=[32m"button"[31m
                [36m>[31m
                  [0mÔ£ò[0m
                [36m</button>[31m
              [36m</div>[31m
            [36m</div>[31m
          [36m</div>[31m
        [36m</div>[31m
      [36m</div>[31m
    [36m</div>[31m
  [36m</div>[31m
[36m</body>[31m[39m
 [31m├ù[39m frontend/src/components/__tests__/RemindersList.test.tsx[2m > [22mRemindersList[2m > [22mshould dismiss reminder when Dismiss is clicked[32m 61[2mms[22m[39m
[31m   ÔåÆ Found multiple elements with the role "button" and name "Dismiss reminder"

Here are the matching elements:

Ignored nodes: comments, script, style
[36m<button[31m
  [33maria-label[31m=[32m"Dismiss reminder"[31m
  [33mclass[31m=[32m"action-button action-dismiss"[31m
  [33mtitle[31m=[32m"Dismiss reminder"[31m
  [33mtype[31m=[32m"button"[31m
[36m>[31m
  [0mÔ£ò[0m
[36m</button>[31m

Ignored nodes: comments, script, style
[36m<button[31m
  [33maria-label[31m=[32m"Dismiss reminder"[31m
  [33mclass[31m=[32m"action-button action-dismiss"[31m
  [33mtitle[31m=[32m"Dismiss"[31m
  [33mtype[31m=[32m"button"[31m
[36m>[31m
  [0mÔ£ò[0m
[36m</button>[31m

(If this is intentional, then use the `*AllBy*` variant of the query (like `queryAllByText`, `getAllByText`, or `findAllByText`)).

Ignored nodes: comments, script, style
[36m<body>[31m
  [36m<div>[31m
    [36m<div[31m
      [33mclass[31m=[32m"reminders-list"[31m
    [36m>[31m
      [36m<div[31m
        [33mclass[31m=[32m"reminders-list-content"[31m
      [36m>[31m
        [36m<div[31m
          [33mclass[31m=[32m"reminders-table-container"[31m
        [36m>[31m
          [36m<table[31m
            [33mclass[31m=[32m"reminders-table"[31m
          [36m>[31m
            [36m<thead>[31m
              [36m<tr>[31m
                [36m<th[31m
                  [33mclass[31m=[32m"col-time"[31m
                [36m>[31m
                  [36m<div[31m
                    [33mclass[31m=[32m"header-with-filter"[31m
                  [36m>[31m
                    [36m<button[31m
                      [33maria-expanded[31m=[32m"false"[31m
                      [33maria-label[31m=[32m"Show filters"[31m
                      [33mclass[31m=[32m"filter-toggle-button"[31m
                      [33mtitle[31m=[32m"Show filters"[31m
                      [33mtype[31m=[32m"button"[31m
                    [36m>[31m
                      [36m<span[31m
                        [33mclass[31m=[32m"filter-toggle-icon"[31m
                      [36m>[31m
                        [0m­ƒöì[0m
                      [36m</span>[31m
                    [36m</button>[31m
                    [36m<button[31m
                      [33maria-label[31m=[32m"Sort by time"[31m
                      [33mclass[31m=[32m"sortable-header"[31m
                      [33mtype[31m=[32m"button"[31m
                    [36m>[31m
                      [0mTime[0m
                    [36m</button>[31m
                  [36m</div>[31m
                [36m</th>[31m
                [36m<th[31m
                  [33mclass[31m=[32m"col-tracking"[31m
                [36m>[31m
                  [36m<button[31m
                    [33maria-label[31m=[32m"Sort by tracking"[31m
                    [33mclass[31m=[32m"sortable-header"[31m
                    [33mtype[31m=[32m"button"[31m
                  [36m>[31m
                    [0mTracking[0m
                  [36m</button>[31m
                [36m</th>[31m
                [36m<th[31m
                  [33mclass[31m=[32m"col-notes"[31m
                [36m>[31m
                  [36m<button[31m
                    [33maria-label[31m=[32m"Sort by notes"[31m
                    [33mclass[31m=[32m"sortable-header"[31m
                    [33mtype[31m=[32m"button"[31m
                  [36m>[31m
                    [0mNotes[0m
                  [36m</button>[31m
                [36m</th>[31m
                [36m<th[31m
                  [33mclass[31m=[32m"col-actions"[31m
                [36m>[31m
                  [0mActions[0m
                [36m</th>[31m
              [36m</tr>[31m
            [36m</thead>[31m
            [36m<tbody>[31m
              [36m<tr[31m
                [33mclass[31m=[32m"reminder-row"[31m
              [36m>[31m
                [36m<td[31m
                  [33mclass[31m=[32m"cell-time"[31m
                [36m>[31m
                  [0m1/1/2024 07:00 a.┬ám.[0m
                [36m</td>[31m
                [36m<td[31m
                  [33mclass[31m=[32m"cell-tracking"[31m
                [36m>[31m
                  [36m<span[31m
                    [33mclass[31m=[32m"tracking-text"[31m
                    [33mtitle[31m=[32m"­ƒÆ¬ Did I exercise?"[31m
                  [36m>[31m
                    [36m<span[31m
                      [33mclass[31m=[32m"tracking-icon"[31m
                    [36m>[31m
                      [0m­ƒÆ¬[0m
                    [36m</span>[31m
                    [0mDid I exercise?[0m
                  [36m</span>[31m
                [36m</td>[31m
                [36m<td[31m
                  [33mclass[31m=[32m"cell-notes"[31m
                [36m>[31m
                  [36m<textarea[31m
                    [33mclass[31m=[32m"notes-textarea"[31m
                    [33mplaceholder[31m=[32m"Add notes..."[31m
                    [33mrows[31m=[32m"2"[31m
                  [36m/>[31m
                [36m</td>[31m
                [36m<td[31m
                  [33mclass[31m=[32m"cell-actions"[31m
                [36m>[31m
                  [36m<div[31m
                    [33mclass[31m=[32m"actions-container"[31m
                  [36m>[31m
                    [36m<div[31m
                      [33mclass[31m=[32m"actions-buttons"[31m
                    [36m>[31m
                      [36m<button[31m
                        [33maria-label[31m=[32m"Complete reminder"[31m
                        [33mclass[31m=[32m"action-button action-complete"[31m
                        [33mtitle[31m=[32m"Complete reminder"[31m
                        [33mtype[31m=[32m"button"[31m
                      [36m>[31m
                        [0mÔ£ô[0m
                      [36m</button>[31m
                      [36m<button[31m
                        [33maria-label[31m=[32m"Dismiss reminder"[31m
                        [33mclass[31m=[32m"action-button action-dismiss"[31m
                        [33mtitle[31m=[32m"Dismiss reminder"[31m
                        [33mtype[31m=[32m"button"[31m
                      [36m>[31m
                        [0mÔ£ò[0m
                      [36m</button>[31m
                      [36m<button[31m
                        [33maria-label[31m=[32m"Snooze reminder"[31m
                        [33mclass[31m=[32m"action-button action-snooze"[31m
                        [33mtitle[31m=[32m"Snooze reminder (click to see options)"[31m
                        [33mtype[31m=[32m"button"[31m
                      [36m>[31m
                        [0m­ƒÆñ[0m
                      [36m</button>[31m
                    [36m</div>[31m
                  [36m</div>[31m
                [36m</td>[31m
              [36m</tr>[31m
            [36m</tbody>[31m
          [36m</table>[31m
        [36m</div>[31m
        [36m<div[31m
          [33mclass[31m=[32m"reminders-cards"[31m
        [36m>[31m
          [36m<div[31m
            [33mclass[31m=[32m"reminder-card"[31m
          [36m>[31m
            [36m<div[31m
              [33mclass[31m=[32m"reminder-card-header"[31m
            [36m>[31m
              [36m<div[31m
                [33mclass[31m=[32m"reminder-card-icon"[31m
              [36m>[31m
                [0m­ƒÆ¬[0m
              [36m</div>[31m
              [36m<div[31m
                [33mclass[31m=[32m"reminder-card-title"[31m
              [36m>[31m
                [36m<h3[31m
                  [33mclass[31m=[32m"reminder-card-question"[31m
                [36m>[31m
                  [0mDid I exercise?[0m
                [36m</h3>[31m
                [36m<div[31m
                  [33mclass[31m=[32m"reminder-card-time"[31m
                [36m>[31m
                  [0m1/1/2024 07:00 a.┬ám.[0m
                [36m</div>[31m
              [36m</div>[31m
            [36m</div>[31m
            [36m<div[31m
              [33mclass[31m=[32m"reminder-card-footer"[31m
            [36m>[31m
              [36m<div[31m
                [33mclass[31m=[32m"reminder-card-actions"[31m
              [36m>[31m
                [36m<button[31m
                  [33maria-label[31m=[32m"Complete reminder"[31m
                  [33mclass[31m=[32m"action-button action-complete"[31m
                  [33mtitle[31m=[32m"Complete"[31m
                  [33mtype[31m=[32m"button"[31m
                [36m>[31m
                  [0mÔ£ô[0m
                [36m</button>[31m
                [36m<button[31m
                  [33maria-label[31m=[32m"Snooze reminder"[31m
                  [33mclass[31m=[32m"action-button"[31m
                  [33mtitle[31m=[32m"Snooze"[31m
                  [33mtype[31m=[32m"button"[31m
                [36m>[31m
                  [0mÔÅ░[0m
                [36m</button>[31m
                [36m<button[31m
                  [33maria-label[31m=[32m"Dismiss reminder"[31m
                  [33mclass[31m=[32m"action-button action-dismiss"[31m
                  [33mtitle[31m=[32m"Dismiss"[31m
                  [33mtype[31m=[32m"button"[31m
                [36m>[31m
                  [0mÔ£ò[0m
                [36m</button>[31m
              [36m</div>[31m
            [36m</div>[31m
          [36m</div>[31m
        [36m</div>[31m
      [36m</div>[31m
    [36m</div>[31m
  [36m</div>[31m
[36m</body>[31m[39m
 [32mÔ£ô[39m frontend/src/components/__tests__/DeleteTrackingConfirmationModal.test.tsx[2m > [22mDeleteTrackingConfirmationModal[2m > [22mshould not enable delete button for case-insensitive match[32m 116[2mms[22m[39m
 [32mÔ£ô[39m frontend/src/components/__tests__/EditProfileModal.test.tsx[2m > [22mEditProfileModal[2m > [22mshould update name when input changes[32m 200[2mms[22m[39m
 [32mÔ£ô[39m frontend/src/components/__tests__/DeleteUserConfirmationModal.test.tsx[2m > [22mDeleteUserConfirmationModal[2m > [22mshould enable delete button when confirmation text is "DELETE"[32m 140[2mms[22m[39m
 [32mÔ£ô[39m frontend/src/components/__tests__/ChangeEmailModal.test.tsx[2m > [22mChangeEmailModal[2m > [22mshould update new email when input changes[33m 305[2mms[22m[39m
 [32mÔ£ô[39m frontend/src/components/__tests__/ChangeEmailModal.test.tsx[2m > [22mChangeEmailModal[2m > [22mshould disable button and prevent submission for empty email[32m 53[2mms[22m[39m
 [31m├ù[39m frontend/src/components/__tests__/TrackingsList.test.tsx[2m > [22mTrackingsList[2m > [22mshould display tooltip with all times[32m 22[2mms[22m[39m
[31m   ÔåÆ Found multiple elements with the text: /09:00 \+1/

Here are the matching elements:

Ignored nodes: comments, script, style
[36m<td[31m
  [33mclass[31m=[32m"cell-times"[31m
  [33mtitle[31m=[32m"09:00, 14:30"[31m
[36m>[31m
  [0m09:00 +1[0m
[36m</td>[31m

Ignored nodes: comments, script, style
[36m<div[31m
  [33mclass[31m=[32m"tracking-card-times"[31m
[36m>[31m
  [0m09:00 +1[0m
[36m</div>[31m

(If this is intentional, then use the `*AllBy*` variant of the query (like `queryAllByText`, `getAllByText`, or `findAllByText`)).

Ignored nodes: comments, script, style
[36m<body>[31m
  [36m<div>[31m
    [36m<div[31m
      [33mclass[31m=[32m"trackings-list"[31m
    [36m>[31m
      [36m<div[31m
        [33mclass[31m=[32m"trackings-list-content"[31m
      [36m>[31m
        [36m<table[31m
          [33mclass[31m=[32m"trackings-table"[31m
        [36m>[31m
          [36m<thead>[31m
            [36m<tr>[31m
              [36m<th[31m
                [33mclass[31m=[32m"col-tracking"[31m
              [36m>[31m
                [36m<div[31m
                  [33mclass[31m=[32m"header-with-filter"[31m
                [36m>[31m
                  [36m<button[31m
                    [33maria-expanded[31m=[32m"false"[31m
                    [33maria-label[31m=[32m"Show filters"[31m
                    [33mclass[31m=[32m"filter-toggle-button"[31m
                    [33mtitle[31m=[32m"Show filters"[31m
                    [33mtype[31m=[32m"button"[31m
                  [36m>[31m
                    [36m<span[31m
                      [33mclass[31m=[32m"filter-toggle-icon"[31m
                    [36m>[31m
                      [0m­ƒöì[0m
                    [36m</span>[31m
                  [36m</button>[31m
                  [36m<button[31m
                    [33maria-label[31m=[32m"Sort by tracking"[31m
                    [33mclass[31m=[32m"sortable-header"[31m
                    [33mtype[31m=[32m"button"[31m
                  [36m>[31m
                    [0mTracking[0m
                  [36m</button>[31m
                [36m</div>[31m
              [36m</th>[31m
              [36m<th[31m
                [33mclass[31m=[32m"col-notes"[31m
              [36m>[31m
                [0mNotes[0m
              [36m</th>[31m
              [36m<th[31m
                [33mclass[31m=[32m"col-times"[31m
              [36m>[31m
                [36m<button[31m
                  [33maria-label[31m=[32m"Sort by times"[31m
                  [33mclass[31m=[32m"sortable-header"[31m
                  [33mtype[31m=[32m"button"[31m
                [36m>[31m
                  [0mTimes[0m
                [36m</button>[31m
              [36m</th>[31m
              [36m<th[31m
                [33mclass[31m=[32m"col-frequency"[31m
              [36m>[31m
                [36m<button[31m
                  [33maria-label[31m=[32m"Sort by frequency"[31m
                  [33mclass[31m=[32m"sortable-header"[31m
                  [33mtype[31m=[32m"button"[31m
                [36m>[31m
                  [0mFrequency[0m
                [36m</button>[31m
              [36m</th>[31m
              [36m<th[31m
                [33mclass[31m=[32m"col-next-reminder"[31m
              [36m>[31m
                [36m<button[31m
                  [33maria-label[31m=[32m"Sort by next reminder"[31m
                  [33mclass[31m=[32m"sortable-header"[31m
                  [33mtype[31m=[32m"button"[31m
                [36m>[31m
                  [0mNext reminder[0m
                [36m</button>[31m
              [36m</th>[31m
              [36m<th[31m
                [33mclass[31m=[32m"col-status"[31m
              [36m>[31m
                [36m<button[31m
                  [33maria-label[31m=[32m"Sort by status"[31m
                  [33mclass[31m=[32m"sortable-header"[31m
                  [33mtype[31m=[32m"button"[31m
                [36m>[31m
                  [0mStatus[0m
                [36m</button>[31m
              [36m</th>[31m
              [36m<th[31m
                [33mclass[31m=[32m"col-actions"[31m
              [36m>[31m
                [0mActions[0m
              [36m</th>[31m
            [36m</tr>[31m
          [36m</thead>[31m
          [36m<tbody>[31m
            [36m<tr[31m
              [33mclass[31m=[32m"tracking-row"[31m
            [36m>[31m
              [36m<td[31m
                [33mclass[31m=[32m"cell-tracking"[31m
              [36m>[31m
                [36m<button[31m
                  [33maria-label[31m=[32m"Edit tracking: Did I exercise?"[31m
                  [33mclass[31m=[32m"tracking-name-link"[31m
                  [33mtitle[31m=[32m"Did I exercise?. Click to edit"[31m
                  [33mtype[31m=[32m"button"[31m
                [36m>[31m
                  [0mDid I exercise?[0m
                [36m</button>[31m
              [36m</td>[31m
              [36m<td[31m
                [33mclass[31m=[32m"cell-notes"[31m
              [36m>[31m
                [36m<span[31m
                  [33mclass[31m=[32m"notes-empty"[31m
                [36m>[31m
                  [0mÔÇö[0m
                [36m</span>[31m
              [36m</td>[31m
              [36m<td[31m
                [33mclass[31m=[32m"cell-times"[31m
                [33mtitle[31m=[32m"09:00, 14:30"[31m
              [36m>[31m
                [0m09:00 +1[0m
              [36m</td>[31m
              [36m<td[31m
                [33mclass[31m=[32m"cell-frequency"[31m
                [33mtitle[31m=[32m"No upcoming reminder"[31m
              [36m>[31m
                [0mDaily[0m
              [36m</td>[31m
              [36m<td[31m
                [33mclass[31m=[32m"cell-next-reminder"[31m
              [36m>[31m
                [0mÔÇö[0m
              [36m</td>[31m
              [36m<td[31m
                [33mclass[31m=[32m"cell-status"[31m
              [36m>[31m
                [36m<span[31m
                  [33mclass[31m=[32m"status-badge state-badge-running"[31m
                [36m>[31m
                  [0mRunning[0m
                [36m</span>[31m
              [36m</td>[31m
              [36m<td[31m
                [33mclass[31m=[32m"cell-actions"[31m
              [36m>[31m
                [36m<div[31m
                  [33mclass[31m=[32m"actions-container"[31m
                [36m>[31m
                  [36m<div[31m
                    [33mclass[31m=[32m"actions-buttons"[31m
                  [36m>[31m
                    [36m<button[31m
                      [33maria-label[31m=[32m"Pause"[31m
                      [33mclass[31m=[32m"action-button"[31m
                      [33mtitle[31m=[32m"Pause: Stops generating new reminders. Existing reminders remain active."[31m
                      [33mtype[31m=[32m"button"[31m
                    [36m>[31m
                      [0mÔÅ©´©Å[0m
                    [36m</button>[31m
                    [36m<button[31m
                      [33maria-label[31m=[32m"Archive"[31m
                      [33mclass[31m=[32m"action-button"[31m
                      [33mtitle[31m=[32m"Archive: Moves tracking to archived state and stops all reminder generation. All pending and upcoming reminders will be deleted."[31m
                      [33mtype[31m=[32m"button"[31m
                    [36m>[31m
                      [0m­ƒôª[0m
                    [36m</button>[31m
                    [36m<button[31m
                      [33maria-label[31m=[32m"Delete"[31m
                      [33mclass[31m=[32m"action-button"[31m
                      [33mtitle[31m=[32m"Delete: Permanently removes this tracking and all its reminders. This action cannot be undone."[31m
                      [33mtype[31m=[32m"button"[31m
                    [36m>[31m
                      [0m­ƒùæ´©Å[0m
                    [36m</button>[31m
                  [36m</div>[31m
                [36m</div>[31m
              [36m</td>[31m
            [36m</tr>[31m
          [36m</tbody>[31m
        [36m</table>[31m
        [36m<div[31m
          [33mclass[31m=[32m"trackings-cards"[31m
        [36m>[31m
          [36m<div[31m
            [33mclass[31m=[32m"tracking-card"[31m
          [36m>[31m
            [36m<div[31m
              [33mclass[31m=[32m"tracking-card-header"[31m
            [36m>[31m
              [36m<div[31m
                [33mclass[31m=[32m"tracking-card-title"[31m
              [36m>[31m
                [36m<h3[31m
                  [33mclass[31m=[32m"tracking-card-question"[31m
                [36m>[31m
                  [0mDid I exercise?[0m
                [36m</h3>[31m
                [36m<div[31m
                  [33mclass[31m=[32m"tracking-card-times"[31m
                [36m>[31m
                  [0m09:00 +1[0m
                [36m</div>[31m
              [36m</div>[31m
            [36m</div>[31m
            [36m<div[31m
              [33mclass[31m=[32m"tracking-card-body"[31m
            [36m>[31m
              [36m<div[31m
                [33mclass[31m=[32m"tracking-card-row"[31m
              [36m>[31m
                [36m<span[31m
                  [33mclass[31m=[32m"tracking-card-label"[31m
                [36m>[31m
                  [0mFrequency[0m
                [36m</span>[31m
                [36m<span[31m
                  [33mclass[31m=[32m"tracking-card-value"[31m
                [36m>[31m
                  [0mDaily[0m
                [36m</span>[31m
              [36m</div>[31m
            [36m</div>[31m
            [36m<div[31m
              [33mclass[31m=[32m"tracking-card-footer"[31m
            [36m>[31m
              [36m<div[31m
                [33mclass[31m=[32m"tracking-card-status"[31m
              [36m>[31m
                [36m<span[31m
                  [33mclass[31m=[32m"status-badge state-badge-running"[31m
                [36m>[31m
                  [0mRunning[0m
                [36m</span>[31m
              [36m</div>[31m
              [36m<div[31m
                [33mclass[31m=[32m"tracking-card-actions"[31m
              [36m>[31m
                [36m<button[31m
                  [33maria-label[31m=[32m"Edit tracking"[31m
                  [33mclass[31m=[32m"action-button"[31m
                  [33mtitle[31m=[32m"Edit tracking"[31m
                  [33mtype[31m=[32m"button"[31m
                [36m>[31m
                  [0mÔ£Å´©Å[0m
                [36m</button>[31m
              [36m</div>[31m
            [36m</div>[31m
          [36m</div>[31m
        [36m</div>[31m
      [36m</div>[31m
    [36m</div>[31m
  [36m</div>[31m
[36m</body>[31m[39m
 [32mÔ£ô[39m frontend/src/components/__tests__/TrackingsList.test.tsx[2m > [22mTrackingsList[2m > [22mshould truncate long questions[32m 14[2mms[22m[39m
 [32mÔ£ô[39m frontend/src/components/__tests__/TrackingsList.test.tsx[2m > [22mTrackingsList[2m > [22mshould truncate long questions with icon[32m 12[2mms[22m[39m
 [32mÔ£ô[39m frontend/src/components/__tests__/TrackingsList.test.tsx[2m > [22mTrackingsList[2m > [22mshould display full question in tooltip even when truncated[32m 20[2mms[22m[39m
 [31m├ù[39m frontend/src/components/__tests__/TrackingsList.test.tsx[2m > [22mTrackingsList[2m > [22mshould display frequency for daily pattern[32m 23[2mms[22m[39m
[31m   ÔåÆ Found multiple elements with the text: Daily

Here are the matching elements:

Ignored nodes: comments, script, style
[36m<td[31m
  [33mclass[31m=[32m"cell-frequency"[31m
  [33mtitle[31m=[32m"No upcoming reminder"[31m
[36m>[31m
  [0mDaily[0m
[36m</td>[31m

Ignored nodes: comments, script, style
[36m<span[31m
  [33mclass[31m=[32m"tracking-card-value"[31m
[36m>[31m
  [0mDaily[0m
[36m</span>[31m

(If this is intentional, then use the `*AllBy*` variant of the query (like `queryAllByText`, `getAllByText`, or `findAllByText`)).

Ignored nodes: comments, script, style
[36m<body>[31m
  [36m<div>[31m
    [36m<div[31m
      [33mclass[31m=[32m"trackings-list"[31m
    [36m>[31m
      [36m<div[31m
        [33mclass[31m=[32m"trackings-list-content"[31m
      [36m>[31m
        [36m<table[31m
          [33mclass[31m=[32m"trackings-table"[31m
        [36m>[31m
          [36m<thead>[31m
            [36m<tr>[31m
              [36m<th[31m
                [33mclass[31m=[32m"col-tracking"[31m
              [36m>[31m
                [36m<div[31m
                  [33mclass[31m=[32m"header-with-filter"[31m
                [36m>[31m
                  [36m<button[31m
                    [33maria-expanded[31m=[32m"false"[31m
                    [33maria-label[31m=[32m"Show filters"[31m
                    [33mclass[31m=[32m"filter-toggle-button"[31m
                    [33mtitle[31m=[32m"Show filters"[31m
                    [33mtype[31m=[32m"button"[31m
                  [36m>[31m
                    [36m<span[31m
                      [33mclass[31m=[32m"filter-toggle-icon"[31m
                    [36m>[31m
                      [0m­ƒöì[0m
                    [36m</span>[31m
                  [36m</button>[31m
                  [36m<button[31m
                    [33maria-label[31m=[32m"Sort by tracking"[31m
                    [33mclass[31m=[32m"sortable-header"[31m
                    [33mtype[31m=[32m"button"[31m
                  [36m>[31m
                    [0mTracking[0m
                  [36m</button>[31m
                [36m</div>[31m
              [36m</th>[31m
              [36m<th[31m
                [33mclass[31m=[32m"col-notes"[31m
              [36m>[31m
                [0mNotes[0m
              [36m</th>[31m
              [36m<th[31m
                [33mclass[31m=[32m"col-times"[31m
              [36m>[31m
                [36m<button[31m
                  [33maria-label[31m=[32m"Sort by times"[31m
                  [33mclass[31m=[32m"sortable-header"[31m
                  [33mtype[31m=[32m"button"[31m
                [36m>[31m
                  [0mTimes[0m
                [36m</button>[31m
              [36m</th>[31m
              [36m<th[31m
                [33mclass[31m=[32m"col-frequency"[31m
              [36m>[31m
                [36m<button[31m
                  [33maria-label[31m=[32m"Sort by frequency"[31m
                  [33mclass[31m=[32m"sortable-header"[31m
                  [33mtype[31m=[32m"button"[31m
                [36m>[31m
                  [0mFrequency[0m
                [36m</button>[31m
              [36m</th>[31m
              [36m<th[31m
                [33mclass[31m=[32m"col-next-reminder"[31m
              [36m>[31m
                [36m<button[31m
                  [33maria-label[31m=[32m"Sort by next reminder"[31m
                  [33mclass[31m=[32m"sortable-header"[31m
                  [33mtype[31m=[32m"button"[31m
                [36m>[31m
                  [0mNext reminder[0m
                [36m</button>[31m
              [36m</th>[31m
              [36m<th[31m
                [33mclass[31m=[32m"col-status"[31m
              [36m>[31m
                [36m<button[31m
                  [33maria-label[31m=[32m"Sort by status"[31m
                  [33mclass[31m=[32m"sortable-header"[31m
                  [33mtype[31m=[32m"button"[31m
                [36m>[31m
                  [0mStatus[0m
                [36m</button>[31m
              [36m</th>[31m
              [36m<th[31m
                [33mclass[31m=[32m"col-actions"[31m
              [36m>[31m
                [0mActions[0m
              [36m</th>[31m
            [36m</tr>[31m
          [36m</thead>[31m
          [36m<tbody>[31m
            [36m<tr[31m
              [33mclass[31m=[32m"tracking-row"[31m
            [36m>[31m
              [36m<td[31m
                [33mclass[31m=[32m"cell-tracking"[31m
              [36m>[31m
                [36m<button[31m
                  [33maria-label[31m=[32m"Edit tracking: Did I exercise?"[31m
                  [33mclass[31m=[32m"tracking-name-link"[31m
                  [33mtitle[31m=[32m"Did I exercise?. Click to edit"[31m
                  [33mtype[31m=[32m"button"[31m
                [36m>[31m
                  [0mDid I exercise?[0m
                [36m</button>[31m
              [36m</td>[31m
              [36m<td[31m
                [33mclass[31m=[32m"cell-notes"[31m
              [36m>[31m
                [36m<span[31m
                  [33mclass[31m=[32m"notes-empty"[31m
                [36m>[31m
                  [0mÔÇö[0m
                [36m</span>[31m
              [36m</td>[31m
              [36m<td[31m
                [33mclass[31m=[32m"cell-times"[31m
                [33mtitle[31m=[32m"No times"[31m
              [36m/>[31m
              [36m<td[31m
                [33mclass[31m=[32m"cell-frequency"[31m
                [33mtitle[31m=[32m"No upcoming reminder"[31m
              [36m>[31m
                [0mDaily[0m
              [36m</td>[31m
              [36m<td[31m
                [33mclass[31m=[32m"cell-next-reminder"[31m
              [36m>[31m
                [0mÔÇö[0m
              [36m</td>[31m
              [36m<td[31m
                [33mclass[31m=[32m"cell-status"[31m
              [36m>[31m
                [36m<span[31m
                  [33mclass[31m=[32m"status-badge state-badge-running"[31m
                [36m>[31m
                  [0mRunning[0m
                [36m</span>[31m
              [36m</td>[31m
              [36m<td[31m
                [33mclass[31m=[32m"cell-actions"[31m
              [36m>[31m
                [36m<div[31m
                  [33mclass[31m=[32m"actions-container"[31m
                [36m>[31m
                  [36m<div[31m
                    [33mclass[31m=[32m"actions-buttons"[31m
                  [36m>[31m
                    [36m<button[31m
                      [33maria-label[31m=[32m"Pause"[31m
                      [33mclass[31m=[32m"action-button"[31m
                      [33mtitle[31m=[32m"Pause: Stops generating new reminders. Existing reminders remain active."[31m
                      [33mtype[31m=[32m"button"[31m
                    [36m>[31m
                      [0mÔÅ©´©Å[0m
                    [36m</button>[31m
                    [36m<button[31m
                      [33maria-label[31m=[32m"Archive"[31m
                      [33mclass[31m=[32m"action-button"[31m
                      [33mtitle[31m=[32m"Archive: Moves tracking to archived state and stops all reminder generation. All pending and upcoming reminders will be deleted."[31m
                      [33mtype[31m=[32m"button"[31m
                    [36m>[31m
                      [0m­ƒôª[0m
                    [36m</button>[31m
                    [36m<button[31m
                      [33maria-label[31m=[32m"Delete"[31m
                      [33mclass[31m=[32m"action-button"[31m
                      [33mtitle[31m=[32m"Delete: Permanently removes this tracking and all its reminders. This action cannot be undone."[31m
                      [33mtype[31m=[32m"button"[31m
                    [36m>[31m
                      [0m­ƒùæ´©Å[0m
                    [36m</button>[31m
                  [36m</div>[31m
                [36m</div>[31m
              [36m</td>[31m
            [36m</tr>[31m
          [36m</tbody>[31m
        [36m</table>[31m
        [36m<div[31m
          [33mclass[31m=[32m"trackings-cards"[31m
        [36m>[31m
          [36m<div[31m
            [33mclass[31m=[32m"tracking-card"[31m
          [36m>[31m
            [36m<div[31m
              [33mclass[31m=[32m"tracking-card-header"[31m
            [36m>[31m
              [36m<div[31m
                [33mclass[31m=[32m"tracking-card-title"[31m
              [36m>[31m
                [36m<h3[31m
                  [33mclass[31m=[32m"tracking-card-question"[31m
                [36m>[31m
                  [0mDid I exercise?[0m
                [36m</h3>[31m
                [36m<div[31m
                  [33mclass[31m=[32m"tracking-card-times"[31m
                [36m/>[31m
              [36m</div>[31m
            [36m</div>[31m
            [36m<div[31m
              [33mclass[31m=[32m"tracking-card-body"[31m
            [36m>[31m
              [36m<div[31m
                [33mclass[31m=[32m"tracking-card-row"[31m
              [36m>[31m
                [36m<span[31m
                  [33mclass[31m=[32m"tracking-card-label"[31m
                [36m>[31m
                  [0mFrequency[0m
                [36m</span>[31m
                [36m<span[31m
                  [33mclass[31m=[32m"tracking-card-value"[31m
                [36m>[31m
                  [0mDaily[0m
                [36m</span>[31m
              [36m</div>[31m
            [36m</div>[31m
            [36m<div[31m
              [33mclass[31m=[32m"tracking-card-footer"[31m
            [36m>[31m
              [36m<div[31m
                [33mclass[31m=[32m"tracking-card-status"[31m
              [36m>[31m
                [36m<span[31m
                  [33mclass[31m=[32m"status-badge state-badge-running"[31m
                [36m>[31m
                  [0mRunning[0m
                [36m</span>[31m
              [36m</div>[31m
              [36m<div[31m
                [33mclass[31m=[32m"tracking-card-actions"[31m
              [36m>[31m
                [36m<button[31m
                  [33maria-label[31m=[32m"Edit tracking"[31m
                  [33mclass[31m=[32m"action-button"[31m
                  [33mtitle[31m=[32m"Edit tracking"[31m
                  [33mtype[31m=[32m"button"[31m
                [36m>[31m
                  [0mÔ£Å´©Å[0m
                [36m</button>[31m
              [36m</div>[31m
            [36m</div>[31m
          [36m</div>[31m
        [36m</div>[31m
      [36m</div>[31m
    [36m</div>[31m
  [36m</div>[31m
[36m</body>[31m[39m
 [31m├ù[39m frontend/src/components/__tests__/TrackingsList.test.tsx[2m > [22mTrackingsList[2m > [22mshould display frequency for weekly pattern[32m 21[2mms[22m[39m
[31m   ÔåÆ Found multiple elements with the text: Mon, Wed, Fri

Here are the matching elements:

Ignored nodes: comments, script, style
[36m<td[31m
  [33mclass[31m=[32m"cell-frequency"[31m
  [33mtitle[31m=[32m"No upcoming reminder"[31m
[36m>[31m
  [0mMon, Wed, Fri[0m
[36m</td>[31m

Ignored nodes: comments, script, style
[36m<span[31m
  [33mclass[31m=[32m"tracking-card-value"[31m
[36m>[31m
  [0mMon, Wed, Fri[0m
[36m</span>[31m

(If this is intentional, then use the `*AllBy*` variant of the query (like `queryAllByText`, `getAllByText`, or `findAllByText`)).

Ignored nodes: comments, script, style
[36m<body>[31m
  [36m<div>[31m
    [36m<div[31m
      [33mclass[31m=[32m"trackings-list"[31m
    [36m>[31m
      [36m<div[31m
        [33mclass[31m=[32m"trackings-list-content"[31m
      [36m>[31m
        [36m<table[31m
          [33mclass[31m=[32m"trackings-table"[31m
        [36m>[31m
          [36m<thead>[31m
            [36m<tr>[31m
              [36m<th[31m
                [33mclass[31m=[32m"col-tracking"[31m
              [36m>[31m
                [36m<div[31m
                  [33mclass[31m=[32m"header-with-filter"[31m
                [36m>[31m
                  [36m<button[31m
                    [33maria-expanded[31m=[32m"false"[31m
                    [33maria-label[31m=[32m"Show filters"[31m
                    [33mclass[31m=[32m"filter-toggle-button"[31m
                    [33mtitle[31m=[32m"Show filters"[31m
                    [33mtype[31m=[32m"button"[31m
                  [36m>[31m
                    [36m<span[31m
                      [33mclass[31m=[32m"filter-toggle-icon"[31m
                    [36m>[31m
                      [0m­ƒöì[0m
                    [36m</span>[31m
                  [36m</button>[31m
                  [36m<button[31m
                    [33maria-label[31m=[32m"Sort by tracking"[31m
                    [33mclass[31m=[32m"sortable-header"[31m
                    [33mtype[31m=[32m"button"[31m
                  [36m>[31m
                    [0mTracking[0m
                  [36m</button>[31m
                [36m</div>[31m
              [36m</th>[31m
              [36m<th[31m
                [33mclass[31m=[32m"col-notes"[31m
              [36m>[31m
                [0mNotes[0m
              [36m</th>[31m
              [36m<th[31m
                [33mclass[31m=[32m"col-times"[31m
              [36m>[31m
                [36m<button[31m
                  [33maria-label[31m=[32m"Sort by times"[31m
                  [33mclass[31m=[32m"sortable-header"[31m
                  [33mtype[31m=[32m"button"[31m
                [36m>[31m
                  [0mTimes[0m
                [36m</button>[31m
              [36m</th>[31m
              [36m<th[31m
                [33mclass[31m=[32m"col-frequency"[31m
              [36m>[31m
                [36m<button[31m
                  [33maria-label[31m=[32m"Sort by frequency"[31m
                  [33mclass[31m=[32m"sortable-header"[31m
                  [33mtype[31m=[32m"button"[31m
                [36m>[31m
                  [0mFrequency[0m
                [36m</button>[31m
              [36m</th>[31m
              [36m<th[31m
                [33mclass[31m=[32m"col-next-reminder"[31m
              [36m>[31m
                [36m<button[31m
                  [33maria-label[31m=[32m"Sort by next reminder"[31m
                  [33mclass[31m=[32m"sortable-header"[31m
                  [33mtype[31m=[32m"button"[31m
                [36m>[31m
                  [0mNext reminder[0m
                [36m</button>[31m
              [36m</th>[31m
              [36m<th[31m
                [33mclass[31m=[32m"col-status"[31m
              [36m>[31m
                [36m<button[31m
                  [33maria-label[31m=[32m"Sort by status"[31m
                  [33mclass[31m=[32m"sortable-header"[31m
                  [33mtype[31m=[32m"button"[31m
                [36m>[31m
                  [0mStatus[0m
                [36m</button>[31m
              [36m</th>[31m
              [36m<th[31m
                [33mclass[31m=[32m"col-actions"[31m
              [36m>[31m
                [0mActions[0m
              [36m</th>[31m
            [36m</tr>[31m
          [36m</thead>[31m
          [36m<tbody>[31m
            [36m<tr[31m
              [33mclass[31m=[32m"tracking-row"[31m
            [36m>[31m
              [36m<td[31m
                [33mclass[31m=[32m"cell-tracking"[31m
              [36m>[31m
                [36m<button[31m
                  [33maria-label[31m=[32m"Edit tracking: Did I exercise?"[31m
                  [33mclass[31m=[32m"tracking-name-link"[31m
                  [33mtitle[31m=[32m"Did I exercise?. Click to edit"[31m
                  [33mtype[31m=[32m"button"[31m
                [36m>[31m
                  [0mDid I exercise?[0m
                [36m</button>[31m
              [36m</td>[31m
              [36m<td[31m
                [33mclass[31m=[32m"cell-notes"[31m
              [36m>[31m
                [36m<span[31m
                  [33mclass[31m=[32m"notes-empty"[31m
                [36m>[31m
                  [0mÔÇö[0m
                [36m</span>[31m
              [36m</td>[31m
              [36m<td[31m
                [33mclass[31m=[32m"cell-times"[31m
                [33mtitle[31m=[32m"No times"[31m
              [36m/>[31m
              [36m<td[31m
                [33mclass[31m=[32m"cell-frequency"[31m
                [33mtitle[31m=[32m"No upcoming reminder"[31m
              [36m>[31m
                [0mMon, Wed, Fri[0m
              [36m</td>[31m
              [36m<td[31m
                [33mclass[31m=[32m"cell-next-reminder"[31m
              [36m>[31m
                [0mÔÇö[0m
              [36m</td>[31m
              [36m<td[31m
                [33mclass[31m=[32m"cell-status"[31m
              [36m>[31m
                [36m<span[31m
                  [33mclass[31m=[32m"status-badge state-badge-running"[31m
                [36m>[31m
                  [0mRunning[0m
                [36m</span>[31m
              [36m</td>[31m
              [36m<td[31m
                [33mclass[31m=[32m"cell-actions"[31m
              [36m>[31m
                [36m<div[31m
                  [33mclass[31m=[32m"actions-container"[31m
                [36m>[31m
                  [36m<div[31m
                    [33mclass[31m=[32m"actions-buttons"[31m
                  [36m>[31m
                    [36m<button[31m
                      [33maria-label[31m=[32m"Pause"[31m
                      [33mclass[31m=[32m"action-button"[31m
                      [33mtitle[31m=[32m"Pause: Stops generating new reminders. Existing reminders remain active."[31m
                      [33mtype[31m=[32m"button"[31m
                    [36m>[31m
                      [0mÔÅ©´©Å[0m
                    [36m</button>[31m
                    [36m<button[31m
                      [33maria-label[31m=[32m"Archive"[31m
                      [33mclass[31m=[32m"action-button"[31m
                      [33mtitle[31m=[32m"Archive: Moves tracking to archived state and stops all reminder generation. All pending and upcoming reminders will be deleted."[31m
                      [33mtype[31m=[32m"button"[31m
                    [36m>[31m
                      [0m­ƒôª[0m
                    [36m</button>[31m
                    [36m<button[31m
                      [33maria-label[31m=[32m"Delete"[31m
                      [33mclass[31m=[32m"action-button"[31m
                      [33mtitle[31m=[32m"Delete: Permanently removes this tracking and all its reminders. This action cannot be undone."[31m
                      [33mtype[31m=[32m"button"[31m
                    [36m>[31m
                      [0m­ƒùæ´©Å[0m
                    [36m</button>[31m
                  [36m</div>[31m
                [36m</div>[31m
              [36m</td>[31m
            [36m</tr>[31m
          [36m</tbody>[31m
        [36m</table>[31m
        [36m<div[31m
          [33mclass[31m=[32m"trackings-cards"[31m
        [36m>[31m
          [36m<div[31m
            [33mclass[31m=[32m"tracking-card"[31m
          [36m>[31m
            [36m<div[31m
              [33mclass[31m=[32m"tracking-card-header"[31m
            [36m>[31m
              [36m<div[31m
                [33mclass[31m=[32m"tracking-card-title"[31m
              [36m>[31m
                [36m<h3[31m
                  [33mclass[31m=[32m"tracking-card-question"[31m
                [36m>[31m
                  [0mDid I exercise?[0m
                [36m</h3>[31m
                [36m<div[31m
                  [33mclass[31m=[32m"tracking-card-times"[31m
                [36m/>[31m
              [36m</div>[31m
            [36m</div>[31m
            [36m<div[31m
              [33mclass[31m=[32m"tracking-card-body"[31m
            [36m>[31m
              [36m<div[31m
                [33mclass[31m=[32m"tracking-card-row"[31m
              [36m>[31m
                [36m<span[31m
                  [33mclass[31m=[32m"tracking-card-label"[31m
                [36m>[31m
                  [0mFrequency[0m
                [36m</span>[31m
                [36m<span[31m
                  [33mclass[31m=[32m"tracking-card-value"[31m
                [36m>[31m
                  [0mMon, Wed, Fri[0m
                [36m</span>[31m
              [36m</div>[31m
            [36m</div>[31m
            [36m<div[31m
              [33mclass[31m=[32m"tracking-card-footer"[31m
            [36m>[31m
              [36m<div[31m
                [33mclass[31m=[32m"tracking-card-status"[31m
              [36m>[31m
                [36m<span[31m
                  [33mclass[31m=[32m"status-badge state-badge-running"[31m
                [36m>[31m
                  [0mRunning[0m
                [36m</span>[31m
              [36m</div>[31m
              [36m<div[31m
                [33mclass[31m=[32m"tracking-card-actions"[31m
              [36m>[31m
                [36m<button[31m
                  [33maria-label[31m=[32m"Edit tracking"[31m
                  [33mclass[31m=[32m"action-button"[31m
                  [33mtitle[31m=[32m"Edit tracking"[31m
                  [33mtype[31m=[32m"button"[31m
                [36m>[31m
                  [0mÔ£Å´©Å[0m
                [36m</button>[31m
              [36m</div>[31m
            [36m</div>[31m
          [36m</div>[31m
        [36m</div>[31m
      [36m</div>[31m
    [36m</div>[31m
  [36m</div>[31m
[36m</body>[31m[39m
 [32mÔ£ô[39m frontend/src/hooks/__tests__/useAuth.test.ts[2m > [22museAuth[2m > [22msetTokenFromCallback[2m > [22mshould set token and user from callback token[32m 87[2mms[22m[39m
 [32mÔ£ô[39m frontend/src/hooks/__tests__/useAuth.test.ts[2m > [22museAuth[2m > [22msetTokenFromCallback[2m > [22mshould throw error when callback token is invalid[32m 18[2mms[22m[39m
 [32mÔ£ô[39m frontend/src/hooks/__tests__/useAuth.test.ts[2m > [22museAuth[2m > [22mrequestEmailChange[2m > [22mshould request email change successfully when authenticated[32m 66[2mms[22m[39m
 [32mÔ£ô[39m frontend/src/hooks/base/__tests__/useEntityFactory.test.ts[2m > [22museEntityFactory[2m > [22mToken Change Handling[2m > [22mshould not reload entities when token hasn't changed[32m 187[2mms[22m[39m
 [32mÔ£ô[39m frontend/src/hooks/base/__tests__/useEntityFactory.test.ts[2m > [22museEntityFactory[2m > [22mToken Change Handling[2m > [22mshould cleanup polling and listeners on unmount[32m 13[2mms[22m[39m
 [32mÔ£ô[39m frontend/src/hooks/base/__tests__/useEntityFactory.test.ts[2m > [22museEntityFactory[2m > [22mCreate Entity[2m > [22mshould provide createEntity function when configured[32m 80[2mms[22m[39m
 [32mÔ£ô[39m frontend/src/components/__tests__/DaysPatternInput.test.tsx[2m > [22mDaysPatternInput[2m > [22mshould show weekday buttons when weekly preset is selected[32m 108[2mms[22m[39m
 [32mÔ£ô[39m frontend/src/components/__tests__/EditProfileModal.test.tsx[2m > [22mEditProfileModal[2m > [22mshould show character count[32m 16[2mms[22m[39m
 [32mÔ£ô[39m frontend/src/components/__tests__/AuthForm.test.tsx[2m > [22mAuthForm[2m > [22mLogin mode[2m > [22mshould request login magic link[33m 310[2mms[22m[39m
 [32mÔ£ô[39m frontend/src/components/__tests__/DeleteTrackingConfirmationModal.test.tsx[2m > [22mDeleteTrackingConfirmationModal[2m > [22mshould call onConfirm when form is submitted with correct confirmation[32m 145[2mms[22m[39m
 [32mÔ£ô[39m frontend/src/components/__tests__/DeleteUserConfirmationModal.test.tsx[2m > [22mDeleteUserConfirmationModal[2m > [22mshould not enable delete button for case-insensitive match[32m 85[2mms[22m[39m
 [31m├ù[39m frontend/src/components/__tests__/TrackingsList.test.tsx[2m > [22mTrackingsList[2m > [22mshould display frequency for monthly pattern[32m 17[2mms[22m[39m
[31m   ÔåÆ Found multiple elements with the text: Days 1, 15 of month

Here are the matching elements:

Ignored nodes: comments, script, style
[36m<td[31m
  [33mclass[31m=[32m"cell-frequency"[31m
  [33mtitle[31m=[32m"No upcoming reminder"[31m
[36m>[31m
  [0mDays 1, 15 of month[0m
[36m</td>[31m

Ignored nodes: comments, script, style
[36m<span[31m
  [33mclass[31m=[32m"tracking-card-value"[31m
[36m>[31m
  [0mDays 1, 15 of month[0m
[36m</span>[31m

(If this is intentional, then use the `*AllBy*` variant of the query (like `queryAllByText`, `getAllByText`, or `findAllByText`)).

Ignored nodes: comments, script, style
[36m<body>[31m
  [36m<div>[31m
    [36m<div[31m
      [33mclass[31m=[32m"trackings-list"[31m
    [36m>[31m
      [36m<div[31m
        [33mclass[31m=[32m"trackings-list-content"[31m
      [36m>[31m
        [36m<table[31m
          [33mclass[31m=[32m"trackings-table"[31m
        [36m>[31m
          [36m<thead>[31m
            [36m<tr>[31m
              [36m<th[31m
                [33mclass[31m=[32m"col-tracking"[31m
              [36m>[31m
                [36m<div[31m
                  [33mclass[31m=[32m"header-with-filter"[31m
                [36m>[31m
                  [36m<button[31m
                    [33maria-expanded[31m=[32m"false"[31m
                    [33maria-label[31m=[32m"Show filters"[31m
                    [33mclass[31m=[32m"filter-toggle-button"[31m
                    [33mtitle[31m=[32m"Show filters"[31m
                    [33mtype[31m=[32m"button"[31m
                  [36m>[31m
                    [36m<span[31m
                      [33mclass[31m=[32m"filter-toggle-icon"[31m
                    [36m>[31m
                      [0m­ƒöì[0m
                    [36m</span>[31m
                  [36m</button>[31m
                  [36m<button[31m
                    [33maria-label[31m=[32m"Sort by tracking"[31m
                    [33mclass[31m=[32m"sortable-header"[31m
                    [33mtype[31m=[32m"button"[31m
                  [36m>[31m
                    [0mTracking[0m
                  [36m</button>[31m
                [36m</div>[31m
              [36m</th>[31m
              [36m<th[31m
                [33mclass[31m=[32m"col-notes"[31m
              [36m>[31m
                [0mNotes[0m
              [36m</th>[31m
              [36m<th[31m
                [33mclass[31m=[32m"col-times"[31m
              [36m>[31m
                [36m<button[31m
                  [33maria-label[31m=[32m"Sort by times"[31m
                  [33mclass[31m=[32m"sortable-header"[31m
                  [33mtype[31m=[32m"button"[31m
                [36m>[31m
                  [0mTimes[0m
                [36m</button>[31m
              [36m</th>[31m
              [36m<th[31m
                [33mclass[31m=[32m"col-frequency"[31m
              [36m>[31m
                [36m<button[31m
                  [33maria-label[31m=[32m"Sort by frequency"[31m
                  [33mclass[31m=[32m"sortable-header"[31m
                  [33mtype[31m=[32m"button"[31m
                [36m>[31m
                  [0mFrequency[0m
                [36m</button>[31m
              [36m</th>[31m
              [36m<th[31m
                [33mclass[31m=[32m"col-next-reminder"[31m
              [36m>[31m
                [36m<button[31m
                  [33maria-label[31m=[32m"Sort by next reminder"[31m
                  [33mclass[31m=[32m"sortable-header"[31m
                  [33mtype[31m=[32m"button"[31m
                [36m>[31m
                  [0mNext reminder[0m
                [36m</button>[31m
              [36m</th>[31m
              [36m<th[31m
                [33mclass[31m=[32m"col-status"[31m
              [36m>[31m
                [36m<button[31m
                  [33maria-label[31m=[32m"Sort by status"[31m
                  [33mclass[31m=[32m"sortable-header"[31m
                  [33mtype[31m=[32m"button"[31m
                [36m>[31m
                  [0mStatus[0m
                [36m</button>[31m
              [36m</th>[31m
              [36m<th[31m
                [33mclass[31m=[32m"col-actions"[31m
              [36m>[31m
                [0mActions[0m
              [36m</th>[31m
            [36m</tr>[31m
          [36m</thead>[31m
          [36m<tbody>[31m
            [36m<tr[31m
              [33mclass[31m=[32m"tracking-row"[31m
            [36m>[31m
              [36m<td[31m
                [33mclass[31m=[32m"cell-tracking"[31m
              [36m>[31m
                [36m<button[31m
                  [33maria-label[31m=[32m"Edit tracking: Did I exercise?"[31m
                  [33mclass[31m=[32m"tracking-name-link"[31m
                  [33mtitle[31m=[32m"Did I exercise?. Click to edit"[31m
                  [33mtype[31m=[32m"button"[31m
                [36m>[31m
                  [0mDid I exercise?[0m
                [36m</button>[31m
              [36m</td>[31m
              [36m<td[31m
                [33mclass[31m=[32m"cell-notes"[31m
              [36m>[31m
                [36m<span[31m
                  [33mclass[31m=[32m"notes-empty"[31m
                [36m>[31m
                  [0mÔÇö[0m
                [36m</span>[31m
              [36m</td>[31m
              [36m<td[31m
                [33mclass[31m=[32m"cell-times"[31m
                [33mtitle[31m=[32m"No times"[31m
              [36m/>[31m
              [36m<td[31m
                [33mclass[31m=[32m"cell-frequency"[31m
                [33mtitle[31m=[32m"No upcoming reminder"[31m
              [36m>[31m
                [0mDays 1, 15 of month[0m
              [36m</td>[31m
              [36m<td[31m
                [33mclass[31m=[32m"cell-next-reminder"[31m
              [36m>[31m
                [0mÔÇö[0m
              [36m</td>[31m
              [36m<td[31m
                [33mclass[31m=[32m"cell-status"[31m
              [36m>[31m
                [36m<span[31m
                  [33mclass[31m=[32m"status-badge state-badge-running"[31m
                [36m>[31m
                  [0mRunning[0m
                [36m</span>[31m
              [36m</td>[31m
              [36m<td[31m
                [33mclass[31m=[32m"cell-actions"[31m
              [36m>[31m
                [36m<div[31m
                  [33mclass[31m=[32m"actions-container"[31m
                [36m>[31m
                  [36m<div[31m
                    [33mclass[31m=[32m"actions-buttons"[31m
                  [36m>[31m
                    [36m<button[31m
                      [33maria-label[31m=[32m"Pause"[31m
                      [33mclass[31m=[32m"action-button"[31m
                      [33mtitle[31m=[32m"Pause: Stops generating new reminders. Existing reminders remain active."[31m
                      [33mtype[31m=[32m"button"[31m
                    [36m>[31m
                      [0mÔÅ©´©Å[0m
                    [36m</button>[31m
                    [36m<button[31m
                      [33maria-label[31m=[32m"Archive"[31m
                      [33mclass[31m=[32m"action-button"[31m
                      [33mtitle[31m=[32m"Archive: Moves tracking to archived state and stops all reminder generation. All pending and upcoming reminders will be deleted."[31m
                      [33mtype[31m=[32m"button"[31m
                    [36m>[31m
                      [0m­ƒôª[0m
                    [36m</button>[31m
                    [36m<button[31m
                      [33maria-label[31m=[32m"Delete"[31m
                      [33mclass[31m=[32m"action-button"[31m
                      [33mtitle[31m=[32m"Delete: Permanently removes this tracking and all its reminders. This action cannot be undone."[31m
                      [33mtype[31m=[32m"button"[31m
                    [36m>[31m
                      [0m­ƒùæ´©Å[0m
                    [36m</button>[31m
                  [36m</div>[31m
                [36m</div>[31m
              [36m</td>[31m
            [36m</tr>[31m
          [36m</tbody>[31m
        [36m</table>[31m
        [36m<div[31m
          [33mclass[31m=[32m"trackings-cards"[31m
        [36m>[31m
          [36m<div[31m
            [33mclass[31m=[32m"tracking-card"[31m
          [36m>[31m
            [36m<div[31m
              [33mclass[31m=[32m"tracking-card-header"[31m
            [36m>[31m
              [36m<div[31m
                [33mclass[31m=[32m"tracking-card-title"[31m
              [36m>[31m
                [36m<h3[31m
                  [33mclass[31m=[32m"tracking-card-question"[31m
                [36m>[31m
                  [0mDid I exercise?[0m
                [36m</h3>[31m
                [36m<div[31m
                  [33mclass[31m=[32m"tracking-card-times"[31m
                [36m/>[31m
              [36m</div>[31m
            [36m</div>[31m
            [36m<div[31m
              [33mclass[31m=[32m"tracking-card-body"[31m
            [36m>[31m
              [36m<div[31m
                [33mclass[31m=[32m"tracking-card-row"[31m
              [36m>[31m
                [36m<span[31m
                  [33mclass[31m=[32m"tracking-card-label"[31m
                [36m>[31m
                  [0mFrequency[0m
                [36m</span>[31m
                [36m<span[31m
                  [33mclass[31m=[32m"tracking-card-value"[31m
                [36m>[31m
                  [0mDays 1, 15 of month[0m
                [36m</span>[31m
              [36m</div>[31m
            [36m</div>[31m
            [36m<div[31m
              [33mclass[31m=[32m"tracking-card-footer"[31m
            [36m>[31m
              [36m<div[31m
                [33mclass[31m=[32m"tracking-card-status"[31m
              [36m>[31m
                [36m<span[31m
                  [33mclass[31m=[32m"status-badge state-badge-running"[31m
                [36m>[31m
                  [0mRunning[0m
                [36m</span>[31m
              [36m</div>[31m
              [36m<div[31m
                [33mclass[31m=[32m"tracking-card-actions"[31m
              [36m>[31m
                [36m<button[31m
                  [33maria-label[31m=[32m"Edit tracking"[31m
                  [33mclass[31m=[32m"action-button"[31m
                  [33mtitle[31m=[32m"Edit tracking"[31m
                  [33mtype[31m=[32m"button"[31m
                [36m>[31m
                  [0mÔ£Å´©Å[0m
                [36m</button>[31m
              [36m</div>[31m
            [36m</div>[31m
          [36m</div>[31m
        [36m</div>[31m
      [36m</div>[31m
    [36m</div>[31m
  [36m</div>[31m
[36m</body>[31m[39m
 [31m├ù[39m frontend/src/components/__tests__/TrackingsList.test.tsx[2m > [22mTrackingsList[2m > [22mshould display frequency for yearly pattern[32m 16[2mms[22m[39m
[31m   ÔåÆ Found multiple elements with the text: January 1

Here are the matching elements:

Ignored nodes: comments, script, style
[36m<td[31m
  [33mclass[31m=[32m"cell-frequency"[31m
  [33mtitle[31m=[32m"No upcoming reminder"[31m
[36m>[31m
  [0mJanuary 1[0m
[36m</td>[31m

Ignored nodes: comments, script, style
[36m<span[31m
  [33mclass[31m=[32m"tracking-card-value"[31m
[36m>[31m
  [0mJanuary 1[0m
[36m</span>[31m

(If this is intentional, then use the `*AllBy*` variant of the query (like `queryAllByText`, `getAllByText`, or `findAllByText`)).

Ignored nodes: comments, script, style
[36m<body>[31m
  [36m<div>[31m
    [36m<div[31m
      [33mclass[31m=[32m"trackings-list"[31m
    [36m>[31m
      [36m<div[31m
        [33mclass[31m=[32m"trackings-list-content"[31m
      [36m>[31m
        [36m<table[31m
          [33mclass[31m=[32m"trackings-table"[31m
        [36m>[31m
          [36m<thead>[31m
            [36m<tr>[31m
              [36m<th[31m
                [33mclass[31m=[32m"col-tracking"[31m
              [36m>[31m
                [36m<div[31m
                  [33mclass[31m=[32m"header-with-filter"[31m
                [36m>[31m
                  [36m<button[31m
                    [33maria-expanded[31m=[32m"false"[31m
                    [33maria-label[31m=[32m"Show filters"[31m
                    [33mclass[31m=[32m"filter-toggle-button"[31m
                    [33mtitle[31m=[32m"Show filters"[31m
                    [33mtype[31m=[32m"button"[31m
                  [36m>[31m
                    [36m<span[31m
                      [33mclass[31m=[32m"filter-toggle-icon"[31m
                    [36m>[31m
                      [0m­ƒöì[0m
                    [36m</span>[31m
                  [36m</button>[31m
                  [36m<button[31m
                    [33maria-label[31m=[32m"Sort by tracking"[31m
                    [33mclass[31m=[32m"sortable-header"[31m
                    [33mtype[31m=[32m"button"[31m
                  [36m>[31m
                    [0mTracking[0m
                  [36m</button>[31m
                [36m</div>[31m
              [36m</th>[31m
              [36m<th[31m
                [33mclass[31m=[32m"col-notes"[31m
              [36m>[31m
                [0mNotes[0m
              [36m</th>[31m
              [36m<th[31m
                [33mclass[31m=[32m"col-times"[31m
              [36m>[31m
                [36m<button[31m
                  [33maria-label[31m=[32m"Sort by times"[31m
                  [33mclass[31m=[32m"sortable-header"[31m
                  [33mtype[31m=[32m"button"[31m
                [36m>[31m
                  [0mTimes[0m
                [36m</button>[31m
              [36m</th>[31m
              [36m<th[31m
                [33mclass[31m=[32m"col-frequency"[31m
              [36m>[31m
                [36m<button[31m
                  [33maria-label[31m=[32m"Sort by frequency"[31m
                  [33mclass[31m=[32m"sortable-header"[31m
                  [33mtype[31m=[32m"button"[31m
                [36m>[31m
                  [0mFrequency[0m
                [36m</button>[31m
              [36m</th>[31m
              [36m<th[31m
                [33mclass[31m=[32m"col-next-reminder"[31m
              [36m>[31m
                [36m<button[31m
                  [33maria-label[31m=[32m"Sort by next reminder"[31m
                  [33mclass[31m=[32m"sortable-header"[31m
                  [33mtype[31m=[32m"button"[31m
                [36m>[31m
                  [0mNext reminder[0m
                [36m</button>[31m
              [36m</th>[31m
              [36m<th[31m
                [33mclass[31m=[32m"col-status"[31m
              [36m>[31m
                [36m<button[31m
                  [33maria-label[31m=[32m"Sort by status"[31m
                  [33mclass[31m=[32m"sortable-header"[31m
                  [33mtype[31m=[32m"button"[31m
                [36m>[31m
                  [0mStatus[0m
                [36m</button>[31m
              [36m</th>[31m
              [36m<th[31m
                [33mclass[31m=[32m"col-actions"[31m
              [36m>[31m
                [0mActions[0m
              [36m</th>[31m
            [36m</tr>[31m
          [36m</thead>[31m
          [36m<tbody>[31m
            [36m<tr[31m
              [33mclass[31m=[32m"tracking-row"[31m
            [36m>[31m
              [36m<td[31m
                [33mclass[31m=[32m"cell-tracking"[31m
              [36m>[31m
                [36m<button[31m
                  [33maria-label[31m=[32m"Edit tracking: Did I exercise?"[31m
                  [33mclass[31m=[32m"tracking-name-link"[31m
                  [33mtitle[31m=[32m"Did I exercise?. Click to edit"[31m
                  [33mtype[31m=[32m"button"[31m
                [36m>[31m
                  [0mDid I exercise?[0m
                [36m</button>[31m
              [36m</td>[31m
              [36m<td[31m
                [33mclass[31m=[32m"cell-notes"[31m
              [36m>[31m
                [36m<span[31m
                  [33mclass[31m=[32m"notes-empty"[31m
                [36m>[31m
                  [0mÔÇö[0m
                [36m</span>[31m
              [36m</td>[31m
              [36m<td[31m
                [33mclass[31m=[32m"cell-times"[31m
                [33mtitle[31m=[32m"No times"[31m
              [36m/>[31m
              [36m<td[31m
                [33mclass[31m=[32m"cell-frequency"[31m
                [33mtitle[31m=[32m"No upcoming reminder"[31m
              [36m>[31m
                [0mJanuary 1[0m
              [36m</td>[31m
              [36m<td[31m
                [33mclass[31m=[32m"cell-next-reminder"[31m
              [36m>[31m
                [0mÔÇö[0m
              [36m</td>[31m
              [36m<td[31m
                [33mclass[31m=[32m"cell-status"[31m
              [36m>[31m
                [36m<span[31m
                  [33mclass[31m=[32m"status-badge state-badge-running"[31m
                [36m>[31m
                  [0mRunning[0m
                [36m</span>[31m
              [36m</td>[31m
              [36m<td[31m
                [33mclass[31m=[32m"cell-actions"[31m
              [36m>[31m
                [36m<div[31m
                  [33mclass[31m=[32m"actions-container"[31m
                [36m>[31m
                  [36m<div[31m
                    [33mclass[31m=[32m"actions-buttons"[31m
                  [36m>[31m
                    [36m<button[31m
                      [33maria-label[31m=[32m"Pause"[31m
                      [33mclass[31m=[32m"action-button"[31m
                      [33mtitle[31m=[32m"Pause: Stops generating new reminders. Existing reminders remain active."[31m
                      [33mtype[31m=[32m"button"[31m
                    [36m>[31m
                      [0mÔÅ©´©Å[0m
                    [36m</button>[31m
                    [36m<button[31m
                      [33maria-label[31m=[32m"Archive"[31m
                      [33mclass[31m=[32m"action-button"[31m
                      [33mtitle[31m=[32m"Archive: Moves tracking to archived state and stops all reminder generation. All pending and upcoming reminders will be deleted."[31m
                      [33mtype[31m=[32m"button"[31m
                    [36m>[31m
                      [0m­ƒôª[0m
                    [36m</button>[31m
                    [36m<button[31m
                      [33maria-label[31m=[32m"Delete"[31m
                      [33mclass[31m=[32m"action-button"[31m
                      [33mtitle[31m=[32m"Delete: Permanently removes this tracking and all its reminders. This action cannot be undone."[31m
                      [33mtype[31m=[32m"button"[31m
                    [36m>[31m
                      [0m­ƒùæ´©Å[0m
                    [36m</button>[31m
                  [36m</div>[31m
                [36m</div>[31m
              [36m</td>[31m
            [36m</tr>[31m
          [36m</tbody>[31m
        [36m</table>[31m
        [36m<div[31m
          [33mclass[31m=[32m"trackings-cards"[31m
        [36m>[31m
          [36m<div[31m
            [33mclass[31m=[32m"tracking-card"[31m
          [36m>[31m
            [36m<div[31m
              [33mclass[31m=[32m"tracking-card-header"[31m
            [36m>[31m
              [36m<div[31m
                [33mclass[31m=[32m"tracking-card-title"[31m
              [36m>[31m
                [36m<h3[31m
                  [33mclass[31m=[32m"tracking-card-question"[31m
                [36m>[31m
                  [0mDid I exercise?[0m
                [36m</h3>[31m
                [36m<div[31m
                  [33mclass[31m=[32m"tracking-card-times"[31m
                [36m/>[31m
              [36m</div>[31m
            [36m</div>[31m
            [36m<div[31m
              [33mclass[31m=[32m"tracking-card-body"[31m
            [36m>[31m
              [36m<div[31m
                [33mclass[31m=[32m"tracking-card-row"[31m
              [36m>[31m
                [36m<span[31m
                  [33mclass[31m=[32m"tracking-card-label"[31m
                [36m>[31m
                  [0mFrequency[0m
                [36m</span>[31m
                [36m<span[31m
                  [33mclass[31m=[32m"tracking-card-value"[31m
                [36m>[31m
                  [0mJanuary 1[0m
                [36m</span>[31m
              [36m</div>[31m
            [36m</div>[31m
            [36m<div[31m
              [33mclass[31m=[32m"tracking-card-footer"[31m
            [36m>[31m
              [36m<div[31m
                [33mclass[31m=[32m"tracking-card-status"[31m
              [36m>[31m
                [36m<span[31m
                  [33mclass[31m=[32m"status-badge state-badge-running"[31m
                [36m>[31m
                  [0mRunning[0m
                [36m</span>[31m
              [36m</div>[31m
              [36m<div[31m
                [33mclass[31m=[32m"tracking-card-actions"[31m
              [36m>[31m
                [36m<button[31m
                  [33maria-label[31m=[32m"Edit tracking"[31m
                  [33mclass[31m=[32m"action-button"[31m
                  [33mtitle[31m=[32m"Edit tracking"[31m
                  [33mtype[31m=[32m"button"[31m
                [36m>[31m
                  [0mÔ£Å´©Å[0m
                [36m</button>[31m
              [36m</div>[31m
            [36m</div>[31m
          [36m</div>[31m
        [36m</div>[31m
      [36m</div>[31m
    [36m</div>[31m
  [36m</div>[31m
[36m</body>[31m[39m
 [31m├ù[39m frontend/src/components/__tests__/TrackingsList.test.tsx[2m > [22mTrackingsList[2m > [22mshould display default frequency when days pattern is missing[32m 10[2mms[22m[39m
[31m   ÔåÆ Found multiple elements with the text: Daily

Here are the matching elements:

Ignored nodes: comments, script, style
[36m<td[31m
  [33mclass[31m=[32m"cell-frequency"[31m
  [33mtitle[31m=[32m"No upcoming reminder"[31m
[36m>[31m
  [0mDaily[0m
[36m</td>[31m

Ignored nodes: comments, script, style
[36m<span[31m
  [33mclass[31m=[32m"tracking-card-value"[31m
[36m>[31m
  [0mDaily[0m
[36m</span>[31m

(If this is intentional, then use the `*AllBy*` variant of the query (like `queryAllByText`, `getAllByText`, or `findAllByText`)).

Ignored nodes: comments, script, style
[36m<body>[31m
  [36m<div>[31m
    [36m<div[31m
      [33mclass[31m=[32m"trackings-list"[31m
    [36m>[31m
      [36m<div[31m
        [33mclass[31m=[32m"trackings-list-content"[31m
      [36m>[31m
        [36m<table[31m
          [33mclass[31m=[32m"trackings-table"[31m
        [36m>[31m
          [36m<thead>[31m
            [36m<tr>[31m
              [36m<th[31m
                [33mclass[31m=[32m"col-tracking"[31m
              [36m>[31m
                [36m<div[31m
                  [33mclass[31m=[32m"header-with-filter"[31m
                [36m>[31m
                  [36m<button[31m
                    [33maria-expanded[31m=[32m"false"[31m
                    [33maria-label[31m=[32m"Show filters"[31m
                    [33mclass[31m=[32m"filter-toggle-button"[31m
                    [33mtitle[31m=[32m"Show filters"[31m
                    [33mtype[31m=[32m"button"[31m
                  [36m>[31m
                    [36m<span[31m
                      [33mclass[31m=[32m"filter-toggle-icon"[31m
                    [36m>[31m
                      [0m­ƒöì[0m
                    [36m</span>[31m
                  [36m</button>[31m
                  [36m<button[31m
                    [33maria-label[31m=[32m"Sort by tracking"[31m
                    [33mclass[31m=[32m"sortable-header"[31m
                    [33mtype[31m=[32m"button"[31m
                  [36m>[31m
                    [0mTracking[0m
                  [36m</button>[31m
                [36m</div>[31m
              [36m</th>[31m
              [36m<th[31m
                [33mclass[31m=[32m"col-notes"[31m
              [36m>[31m
                [0mNotes[0m
              [36m</th>[31m
              [36m<th[31m
                [33mclass[31m=[32m"col-times"[31m
              [36m>[31m
                [36m<button[31m
                  [33maria-label[31m=[32m"Sort by times"[31m
                  [33mclass[31m=[32m"sortable-header"[31m
                  [33mtype[31m=[32m"button"[31m
                [36m>[31m
                  [0mTimes[0m
                [36m</button>[31m
              [36m</th>[31m
              [36m<th[31m
                [33mclass[31m=[32m"col-frequency"[31m
              [36m>[31m
                [36m<button[31m
                  [33maria-label[31m=[32m"Sort by frequency"[31m
                  [33mclass[31m=[32m"sortable-header"[31m
                  [33mtype[31m=[32m"button"[31m
                [36m>[31m
                  [0mFrequency[0m
                [36m</button>[31m
              [36m</th>[31m
              [36m<th[31m
                [33mclass[31m=[32m"col-next-reminder"[31m
              [36m>[31m
                [36m<button[31m
                  [33maria-label[31m=[32m"Sort by next reminder"[31m
                  [33mclass[31m=[32m"sortable-header"[31m
                  [33mtype[31m=[32m"button"[31m
                [36m>[31m
                  [0mNext reminder[0m
                [36m</button>[31m
              [36m</th>[31m
              [36m<th[31m
                [33mclass[31m=[32m"col-status"[31m
              [36m>[31m
                [36m<button[31m
                  [33maria-label[31m=[32m"Sort by status"[31m
                  [33mclass[31m=[32m"sortable-header"[31m
                  [33mtype[31m=[32m"button"[31m
                [36m>[31m
                  [0mStatus[0m
                [36m</button>[31m
              [36m</th>[31m
              [36m<th[31m
                [33mclass[31m=[32m"col-actions"[31m
              [36m>[31m
                [0mActions[0m
              [36m</th>[31m
            [36m</tr>[31m
          [36m</thead>[31m
          [36m<tbody>[31m
            [36m<tr[31m
              [33mclass[31m=[32m"tracking-row"[31m
            [36m>[31m
              [36m<td[31m
                [33mclass[31m=[32m"cell-tracking"[31m
              [36m>[31m
                [36m<button[31m
                  [33maria-label[31m=[32m"Edit tracking: Did I exercise?"[31m
                  [33mclass[31m=[32m"tracking-name-link"[31m
                  [33mtitle[31m=[32m"Did I exercise?. Click to edit"[31m
                  [33mtype[31m=[32m"button"[31m
                [36m>[31m
                  [0mDid I exercise?[0m
                [36m</button>[31m
              [36m</td>[31m
              [36m<td[31m
                [33mclass[31m=[32m"cell-notes"[31m
              [36m>[31m
                [36m<span[31m
                  [33mclass[31m=[32m"notes-empty"[31m
                [36m>[31m
                  [0mÔÇö[0m
                [36m</span>[31m
              [36m</td>[31m
              [36m<td[31m
                [33mclass[31m=[32m"cell-times"[31m
                [33mtitle[31m=[32m"No times"[31m
              [36m/>[31m
              [36m<td[31m
                [33mclass[31m=[32m"cell-frequency"[31m
                [33mtitle[31m=[32m"No upcoming reminder"[31m
              [36m>[31m
                [0mDaily[0m
              [36m</td>[31m
              [36m<td[31m
                [33mclass[31m=[32m"cell-next-reminder"[31m
              [36m>[31m
                [0mÔÇö[0m
              [36m</td>[31m
              [36m<td[31m
                [33mclass[31m=[32m"cell-status"[31m
              [36m>[31m
                [36m<span[31m
                  [33mclass[31m=[32m"status-badge state-badge-running"[31m
                [36m>[31m
                  [0mRunning[0m
                [36m</span>[31m
              [36m</td>[31m
              [36m<td[31m
                [33mclass[31m=[32m"cell-actions"[31m
              [36m>[31m
                [36m<div[31m
                  [33mclass[31m=[32m"actions-container"[31m
                [36m>[31m
                  [36m<div[31m
                    [33mclass[31m=[32m"actions-buttons"[31m
                  [36m>[31m
                    [36m<button[31m
                      [33maria-label[31m=[32m"Pause"[31m
                      [33mclass[31m=[32m"action-button"[31m
                      [33mtitle[31m=[32m"Pause: Stops generating new reminders. Existing reminders remain active."[31m
                      [33mtype[31m=[32m"button"[31m
                    [36m>[31m
                      [0mÔÅ©´©Å[0m
                    [36m</button>[31m
                    [36m<button[31m
                      [33maria-label[31m=[32m"Archive"[31m
                      [33mclass[31m=[32m"action-button"[31m
                      [33mtitle[31m=[32m"Archive: Moves tracking to archived state and stops all reminder generation. All pending and upcoming reminders will be deleted."[31m
                      [33mtype[31m=[32m"button"[31m
                    [36m>[31m
                      [0m­ƒôª[0m
                    [36m</button>[31m
                    [36m<button[31m
                      [33maria-label[31m=[32m"Delete"[31m
                      [33mclass[31m=[32m"action-button"[31m
                      [33mtitle[31m=[32m"Delete: Permanently removes this tracking and all its reminders. This action cannot be undone."[31m
                      [33mtype[31m=[32m"button"[31m
                    [36m>[31m
                      [0m­ƒùæ´©Å[0m
                    [36m</button>[31m
                  [36m</div>[31m
                [36m</div>[31m
              [36m</td>[31m
            [36m</tr>[31m
          [36m</tbody>[31m
        [36m</table>[31m
        [36m<div[31m
          [33mclass[31m=[32m"trackings-cards"[31m
        [36m>[31m
          [36m<div[31m
            [33mclass[31m=[32m"tracking-card"[31m
          [36m>[31m
            [36m<div[31m
              [33mclass[31m=[32m"tracking-card-header"[31m
            [36m>[31m
              [36m<div[31m
                [33mclass[31m=[32m"tracking-card-title"[31m
              [36m>[31m
                [36m<h3[31m
                  [33mclass[31m=[32m"tracking-card-question"[31m
                [36m>[31m
                  [0mDid I exercise?[0m
                [36m</h3>[31m
                [36m<div[31m
                  [33mclass[31m=[32m"tracking-card-times"[31m
                [36m/>[31m
              [36m</div>[31m
            [36m</div>[31m
            [36m<div[31m
              [33mclass[31m=[32m"tracking-card-body"[31m
            [36m>[31m
              [36m<div[31m
                [33mclass[31m=[32m"tracking-card-row"[31m
              [36m>[31m
                [36m<span[31m
                  [33mclass[31m=[32m"tracking-card-label"[31m
                [36m>[31m
                  [0mFrequency[0m
                [36m</span>[31m
                [36m<span[31m
                  [33mclass[31m=[32m"tracking-card-value"[31m
                [36m>[31m
                  [0mDaily[0m
                [36m</span>[31m
              [36m</div>[31m
            [36m</div>[31m
            [36m<div[31m
              [33mclass[31m=[32m"tracking-card-footer"[31m
            [36m>[31m
              [36m<div[31m
                [33mclass[31m=[32m"tracking-card-status"[31m
              [36m>[31m
                [36m<span[31m
                  [33mclass[31m=[32m"status-badge state-badge-running"[31m
                [36m>[31m
                  [0mRunning[0m
                [36m</span>[31m
              [36m</div>[31m
              [36m<div[31m
                [33mclass[31m=[32m"tracking-card-actions"[31m
              [36m>[31m
                [36m<button[31m
                  [33maria-label[31m=[32m"Edit tracking"[31m
                  [33mclass[31m=[32m"action-button"[31m
                  [33mtitle[31m=[32m"Edit tracking"[31m
                  [33mtype[31m=[32m"button"[31m
                [36m>[31m
                  [0mÔ£Å´©Å[0m
                [36m</button>[31m
              [36m</div>[31m
            [36m</div>[31m
          [36m</div>[31m
        [36m</div>[31m
      [36m</div>[31m
    [36m</div>[31m
  [36m</div>[31m
[36m</body>[31m[39m
 [31m├ù[39m frontend/src/components/__tests__/TrackingsList.test.tsx[2m > [22mTrackingsList[2m > [22mshould display next reminder time in tooltip[32m 16[2mms[22m[39m
[31m   ÔåÆ Found multiple elements with the text: Mon, Wed, Fri

Here are the matching elements:

Ignored nodes: comments, script, style
[36m<td[31m
  [33mclass[31m=[32m"cell-frequency"[31m
  [33mtitle[31m=[32m"No upcoming reminder"[31m
[36m>[31m
  [0mMon, Wed, Fri[0m
[36m</td>[31m

Ignored nodes: comments, script, style
[36m<span[31m
  [33mclass[31m=[32m"tracking-card-value"[31m
[36m>[31m
  [0mMon, Wed, Fri[0m
[36m</span>[31m

(If this is intentional, then use the `*AllBy*` variant of the query (like `queryAllByText`, `getAllByText`, or `findAllByText`)).

Ignored nodes: comments, script, style
[36m<body>[31m
  [36m<div>[31m
    [36m<div[31m
      [33mclass[31m=[32m"trackings-list"[31m
    [36m>[31m
      [36m<div[31m
        [33mclass[31m=[32m"trackings-list-content"[31m
      [36m>[31m
        [36m<table[31m
          [33mclass[31m=[32m"trackings-table"[31m
        [36m>[31m
          [36m<thead>[31m
            [36m<tr>[31m
              [36m<th[31m
                [33mclass[31m=[32m"col-tracking"[31m
              [36m>[31m
                [36m<div[31m
                  [33mclass[31m=[32m"header-with-filter"[31m
                [36m>[31m
                  [36m<button[31m
                    [33maria-expanded[31m=[32m"false"[31m
                    [33maria-label[31m=[32m"Show filters"[31m
                    [33mclass[31m=[32m"filter-toggle-button"[31m
                    [33mtitle[31m=[32m"Show filters"[31m
                    [33mtype[31m=[32m"button"[31m
                  [36m>[31m
                    [36m<span[31m
                      [33mclass[31m=[32m"filter-toggle-icon"[31m
                    [36m>[31m
                      [0m­ƒöì[0m
                    [36m</span>[31m
                  [36m</button>[31m
                  [36m<button[31m
                    [33maria-label[31m=[32m"Sort by tracking"[31m
                    [33mclass[31m=[32m"sortable-header"[31m
                    [33mtype[31m=[32m"button"[31m
                  [36m>[31m
                    [0mTracking[0m
                  [36m</button>[31m
                [36m</div>[31m
              [36m</th>[31m
              [36m<th[31m
                [33mclass[31m=[32m"col-notes"[31m
              [36m>[31m
                [0mNotes[0m
              [36m</th>[31m
              [36m<th[31m
                [33mclass[31m=[32m"col-times"[31m
              [36m>[31m
                [36m<button[31m
                  [33maria-label[31m=[32m"Sort by times"[31m
                  [33mclass[31m=[32m"sortable-header"[31m
                  [33mtype[31m=[32m"button"[31m
                [36m>[31m
                  [0mTimes[0m
                [36m</button>[31m
              [36m</th>[31m
              [36m<th[31m
                [33mclass[31m=[32m"col-frequency"[31m
              [36m>[31m
                [36m<button[31m
                  [33maria-label[31m=[32m"Sort by frequency"[31m
                  [33mclass[31m=[32m"sortable-header"[31m
                  [33mtype[31m=[32m"button"[31m
                [36m>[31m
                  [0mFrequency[0m
                [36m</button>[31m
              [36m</th>[31m
              [36m<th[31m
                [33mclass[31m=[32m"col-next-reminder"[31m
              [36m>[31m
                [36m<button[31m
                  [33maria-label[31m=[32m"Sort by next reminder"[31m
                  [33mclass[31m=[32m"sortable-header"[31m
                  [33mtype[31m=[32m"button"[31m
                [36m>[31m
                  [0mNext reminder[0m
                [36m</button>[31m
              [36m</th>[31m
              [36m<th[31m
                [33mclass[31m=[32m"col-status"[31m
              [36m>[31m
                [36m<button[31m
                  [33maria-label[31m=[32m"Sort by status"[31m
                  [33mclass[31m=[32m"sortable-header"[31m
                  [33mtype[31m=[32m"button"[31m
                [36m>[31m
                  [0mStatus[0m
                [36m</button>[31m
              [36m</th>[31m
              [36m<th[31m
                [33mclass[31m=[32m"col-actions"[31m
              [36m>[31m
                [0mActions[0m
              [36m</th>[31m
            [36m</tr>[31m
          [36m</thead>[31m
          [36m<tbody>[31m
            [36m<tr[31m
              [33mclass[31m=[32m"tracking-row"[31m
            [36m>[31m
              [36m<td[31m
                [33mclass[31m=[32m"cell-tracking"[31m
              [36m>[31m
                [36m<button[31m
                  [33maria-label[31m=[32m"Edit tracking: Did I exercise?"[31m
                  [33mclass[31m=[32m"tracking-name-link"[31m
                  [33mtitle[31m=[32m"Did I exercise?. Click to edit"[31m
                  [33mtype[31m=[32m"button"[31m
                [36m>[31m
                  [0mDid I exercise?[0m
                [36m</button>[31m
              [36m</td>[31m
              [36m<td[31m
                [33mclass[31m=[32m"cell-notes"[31m
              [36m>[31m
                [36m<span[31m
                  [33mclass[31m=[32m"notes-empty"[31m
                [36m>[31m
                  [0mÔÇö[0m
                [36m</span>[31m
              [36m</td>[31m
              [36m<td[31m
                [33mclass[31m=[32m"cell-times"[31m
                [33mtitle[31m=[32m"No times"[31m
              [36m/>[31m
              [36m<td[31m
                [33mclass[31m=[32m"cell-frequency"[31m
                [33mtitle[31m=[32m"No upcoming reminder"[31m
              [36m>[31m
                [0mMon, Wed, Fri[0m
              [36m</td>[31m
              [36m<td[31m
                [33mclass[31m=[32m"cell-next-reminder"[31m
              [36m>[31m
                [0mÔÇö[0m
              [36m</td>[31m
              [36m<td[31m
                [33mclass[31m=[32m"cell-status"[31m
              [36m>[31m
                [36m<span[31m
                  [33mclass[31m=[32m"status-badge state-badge-running"[31m
                [36m>[31m
                  [0mRunning[0m
                [36m</span>[31m
              [36m</td>[31m
              [36m<td[31m
                [33mclass[31m=[32m"cell-actions"[31m
              [36m>[31m
                [36m<div[31m
                  [33mclass[31m=[32m"actions-container"[31m
                [36m>[31m
                  [36m<div[31m
                    [33mclass[31m=[32m"actions-buttons"[31m
                  [36m>[31m
                    [36m<button[31m
                      [33maria-label[31m=[32m"Pause"[31m
                      [33mclass[31m=[32m"action-button"[31m
                      [33mtitle[31m=[32m"Pause: Stops generating new reminders. Existing reminders remain active."[31m
                      [33mtype[31m=[32m"button"[31m
                    [36m>[31m
                      [0mÔÅ©´©Å[0m
                    [36m</button>[31m
                    [36m<button[31m
                      [33maria-label[31m=[32m"Archive"[31m
                      [33mclass[31m=[32m"action-button"[31m
                      [33mtitle[31m=[32m"Archive: Moves tracking to archived state and stops all reminder generation. All pending and upcoming reminders will be deleted."[31m
                      [33mtype[31m=[32m"button"[31m
                    [36m>[31m
                      [0m­ƒôª[0m
                    [36m</button>[31m
                    [36m<button[31m
                      [33maria-label[31m=[32m"Delete"[31m
                      [33mclass[31m=[32m"action-button"[31m
                      [33mtitle[31m=[32m"Delete: Permanently removes this tracking and all its reminders. This action cannot be undone."[31m
                      [33mtype[31m=[32m"button"[31m
                    [36m>[31m
                      [0m­ƒùæ´©Å[0m
                    [36m</button>[31m
                  [36m</div>[31m
                [36m</div>[31m
              [36m</td>[31m
            [36m</tr>[31m
          [36m</tbody>[31m
        [36m</table>[31m
        [36m<div[31m
          [33mclass[31m=[32m"trackings-cards"[31m
        [36m>[31m
          [36m<div[31m
            [33mclass[31m=[32m"tracking-card"[31m
          [36m>[31m
            [36m<div[31m
              [33mclass[31m=[32m"tracking-card-header"[31m
            [36m>[31m
              [36m<div[31m
                [33mclass[31m=[32m"tracking-card-title"[31m
              [36m>[31m
                [36m<h3[31m
                  [33mclass[31m=[32m"tracking-card-question"[31m
                [36m>[31m
                  [0mDid I exercise?[0m
                [36m</h3>[31m
                [36m<div[31m
                  [33mclass[31m=[32m"tracking-card-times"[31m
                [36m/>[31m
              [36m</div>[31m
            [36m</div>[31m
            [36m<div[31m
              [33mclass[31m=[32m"tracking-card-body"[31m
            [36m>[31m
              [36m<div[31m
                [33mclass[31m=[32m"tracking-card-row"[31m
              [36m>[31m
                [36m<span[31m
                  [33mclass[31m=[32m"tracking-card-label"[31m
                [36m>[31m
                  [0mFrequency[0m
                [36m</span>[31m
                [36m<span[31m
                  [33mclass[31m=[32m"tracking-card-value"[31m
                [36m>[31m
                  [0mMon, Wed, Fri[0m
                [36m</span>[31m
              [36m</div>[31m
            [36m</div>[31m
            [36m<div[31m
              [33mclass[31m=[32m"tracking-card-footer"[31m
            [36m>[31m
              [36m<div[31m
                [33mclass[31m=[32m"tracking-card-status"[31m
              [36m>[31m
                [36m<span[31m
                  [33mclass[31m=[32m"status-badge state-badge-running"[31m
                [36m>[31m
                  [0mRunning[0m
                [36m</span>[31m
              [36m</div>[31m
              [36m<div[31m
                [33mclass[31m=[32m"tracking-card-actions"[31m
              [36m>[31m
                [36m<button[31m
                  [33maria-label[31m=[32m"Edit tracking"[31m
                  [33mclass[31m=[32m"action-button"[31m
                  [33mtitle[31m=[32m"Edit tracking"[31m
                  [33mtype[31m=[32m"button"[31m
                [36m>[31m
                  [0mÔ£Å´©Å[0m
                [36m</button>[31m
              [36m</div>[31m
            [36m</div>[31m
          [36m</div>[31m
        [36m</div>[31m
      [36m</div>[31m
    [36m</div>[31m
  [36m</div>[31m
[36m</body>[31m[39m
 [31m├ù[39m frontend/src/components/__tests__/TrackingsList.test.tsx[2m > [22mTrackingsList[2m > [22mshould display table headers[32m 30[2mms[22m[39m
[31m   ÔåÆ Found multiple elements with the text: Frequency

Here are the matching elements:

Ignored nodes: comments, script, style
[36m<button[31m
  [33maria-label[31m=[32m"Sort by frequency"[31m
  [33mclass[31m=[32m"sortable-header"[31m
  [33mtype[31m=[32m"button"[31m
[36m>[31m
  [0mFrequency[0m
[36m</button>[31m

Ignored nodes: comments, script, style
[36m<span[31m
  [33mclass[31m=[32m"tracking-card-label"[31m
[36m>[31m
  [0mFrequency[0m
[36m</span>[31m

(If this is intentional, then use the `*AllBy*` variant of the query (like `queryAllByText`, `getAllByText`, or `findAllByText`)).

Ignored nodes: comments, script, style
[36m<body>[31m
  [36m<div>[31m
    [36m<div[31m
      [33mclass[31m=[32m"trackings-list"[31m
    [36m>[31m
      [36m<div[31m
        [33mclass[31m=[32m"trackings-list-content"[31m
      [36m>[31m
        [36m<table[31m
          [33mclass[31m=[32m"trackings-table"[31m
        [36m>[31m
          [36m<thead>[31m
            [36m<tr>[31m
              [36m<th[31m
                [33mclass[31m=[32m"col-tracking"[31m
              [36m>[31m
                [36m<div[31m
                  [33mclass[31m=[32m"header-with-filter"[31m
                [36m>[31m
                  [36m<button[31m
                    [33maria-expanded[31m=[32m"false"[31m
                    [33maria-label[31m=[32m"Show filters"[31m
                    [33mclass[31m=[32m"filter-toggle-button"[31m
                    [33mtitle[31m=[32m"Show filters"[31m
                    [33mtype[31m=[32m"button"[31m
                  [36m>[31m
                    [36m<span[31m
                      [33mclass[31m=[32m"filter-toggle-icon"[31m
                    [36m>[31m
                      [0m­ƒöì[0m
                    [36m</span>[31m
                  [36m</button>[31m
                  [36m<button[31m
                    [33maria-label[31m=[32m"Sort by tracking"[31m
                    [33mclass[31m=[32m"sortable-header"[31m
                    [33mtype[31m=[32m"button"[31m
                  [36m>[31m
                    [0mTracking[0m
                  [36m</button>[31m
                [36m</div>[31m
              [36m</th>[31m
              [36m<th[31m
                [33mclass[31m=[32m"col-notes"[31m
              [36m>[31m
                [0mNotes[0m
              [36m</th>[31m
              [36m<th[31m
                [33mclass[31m=[32m"col-times"[31m
              [36m>[31m
                [36m<button[31m
                  [33maria-label[31m=[32m"Sort by times"[31m
                  [33mclass[31m=[32m"sortable-header"[31m
                  [33mtype[31m=[32m"button"[31m
                [36m>[31m
                  [0mTimes[0m
                [36m</button>[31m
              [36m</th>[31m
              [36m<th[31m
                [33mclass[31m=[32m"col-frequency"[31m
              [36m>[31m
                [36m<button[31m
                  [33maria-label[31m=[32m"Sort by frequency"[31m
                  [33mclass[31m=[32m"sortable-header"[31m
                  [33mtype[31m=[32m"button"[31m
                [36m>[31m
                  [0mFrequency[0m
                [36m</button>[31m
              [36m</th>[31m
              [36m<th[31m
                [33mclass[31m=[32m"col-next-reminder"[31m
              [36m>[31m
                [36m<button[31m
                  [33maria-label[31m=[32m"Sort by next reminder"[31m
                  [33mclass[31m=[32m"sortable-header"[31m
                  [33mtype[31m=[32m"button"[31m
                [36m>[31m
                  [0mNext reminder[0m
                [36m</button>[31m
              [36m</th>[31m
              [36m<th[31m
                [33mclass[31m=[32m"col-status"[31m
              [36m>[31m
                [36m<button[31m
                  [33maria-label[31m=[32m"Sort by status"[31m
                  [33mclass[31m=[32m"sortable-header"[31m
                  [33mtype[31m=[32m"button"[31m
                [36m>[31m
                  [0mStatus[0m
                [36m</button>[31m
              [36m</th>[31m
              [36m<th[31m
                [33mclass[31m=[32m"col-actions"[31m
              [36m>[31m
                [0mActions[0m
              [36m</th>[31m
            [36m</tr>[31m
          [36m</thead>[31m
          [36m<tbody>[31m
            [36m<tr[31m
              [33mclass[31m=[32m"tracking-row"[31m
            [36m>[31m
              [36m<td[31m
                [33mclass[31m=[32m"cell-tracking"[31m
              [36m>[31m
                [36m<button[31m
                  [33maria-label[31m=[32m"Edit tracking: Did I exercise?"[31m
                  [33mclass[31m=[32m"tracking-name-link"[31m
                  [33mtitle[31m=[32m"Did I exercise?. Click to edit"[31m
                  [33mtype[31m=[32m"button"[31m
                [36m>[31m
                  [0mDid I exercise?[0m
                [36m</button>[31m
              [36m</td>[31m
              [36m<td[31m
                [33mclass[31m=[32m"cell-notes"[31m
              [36m>[31m
                [36m<span[31m
                  [33mclass[31m=[32m"notes-empty"[31m
                [36m>[31m
                  [0mÔÇö[0m
                [36m</span>[31m
              [36m</td>[31m
              [36m<td[31m
                [33mclass[31m=[32m"cell-times"[31m
                [33mtitle[31m=[32m"No times"[31m
              [36m/>[31m
              [36m<td[31m
                [33mclass[31m=[32m"cell-frequency"[31m
                [33mtitle[31m=[32m"No upcoming reminder"[31m
              [36m>[31m
                [0mDaily[0m
              [36m</td>[31m
              [36m<td[31m
                [33mclass[31m=[32m"cell-next-reminder"[31m
              [36m>[31m
                [0mÔÇö[0m
              [36m</td>[31m
              [36m<td[31m
                [33mclass[31m=[32m"cell-status"[31m
              [36m>[31m
                [36m<span[31m
                  [33mclass[31m=[32m"status-badge state-badge-running"[31m
                [36m>[31m
                  [0mRunning[0m
                [36m</span>[31m
              [36m</td>[31m
              [36m<td[31m
                [33mclass[31m=[32m"cell-actions"[31m
              [36m>[31m
                [36m<div[31m
                  [33mclass[31m=[32m"actions-container"[31m
                [36m>[31m
                  [36m<div[31m
                    [33mclass[31m=[32m"actions-buttons"[31m
                  [36m>[31m
                    [36m<button[31m
                      [33maria-label[31m=[32m"Pause"[31m
                      [33mclass[31m=[32m"action-button"[31m
                      [33mtitle[31m=[32m"Pause: Stops generating new reminders. Existing reminders remain active."[31m
                      [33mtype[31m=[32m"button"[31m
                    [36m>[31m
                      [0mÔÅ©´©Å[0m
                    [36m</button>[31m
                    [36m<button[31m
                      [33maria-label[31m=[32m"Archive"[31m
                      [33mclass[31m=[32m"action-button"[31m
                      [33mtitle[31m=[32m"Archive: Moves tracking to archived state and stops all reminder generation. All pending and upcoming reminders will be deleted."[31m
                      [33mtype[31m=[32m"button"[31m
                    [36m>[31m
                      [0m­ƒôª[0m
                    [36m</button>[31m
                    [36m<button[31m
                      [33maria-label[31m=[32m"Delete"[31m
                      [33mclass[31m=[32m"action-button"[31m
                      [33mtitle[31m=[32m"Delete: Permanently removes this tracking and all its reminders. This action cannot be undone."[31m
                      [33mtype[31m=[32m"button"[31m
                    [36m>[31m
                      [0m­ƒùæ´©Å[0m
                    [36m</button>[31m
                  [36m</div>[31m
                [36m</div>[31m
              [36m</td>[31m
            [36m</tr>[31m
          [36m</tbody>[31m
        [36m</table>[31m
        [36m<div[31m
          [33mclass[31m=[32m"trackings-cards"[31m
        [36m>[31m
          [36m<div[31m
            [33mclass[31m=[32m"tracking-card"[31m
          [36m>[31m
            [36m<div[31m
              [33mclass[31m=[32m"tracking-card-header"[31m
            [36m>[31m
              [36m<div[31m
                [33mclass[31m=[32m"tracking-card-title"[31m
              [36m>[31m
                [36m<h3[31m
                  [33mclass[31m=[32m"tracking-card-question"[31m
                [36m>[31m
                  [0mDid I exercise?[0m
                [36m</h3>[31m
                [36m<div[31m
                  [33mclass[31m=[32m"tracking-card-times"[31m
                [36m/>[31m
              [36m</div>[31m
            [36m</div>[31m
            [36m<div[31m
              [33mclass[31m=[32m"tracking-card-body"[31m
            [36m>[31m
              [36m<div[31m
                [33mclass[31m=[32m"tracking-card-row"[31m
              [36m>[31m
                [36m<span[31m
                  [33mclass[31m=[32m"tracking-card-label"[31m
                [36m>[31m
                  [0mFrequency[0m
                [36m</span>[31m
                [36m<span[31m
                  [33mclass[31m=[32m"tracking-card-value"[31m
                [36m>[31m
                  [0mDaily[0m
                [36m</span>[31m
              [36m</div>[31m
            [36m</div>[31m
            [36m<div[31m
              [33mclass[31m=[32m"tracking-card-footer"[31m
            [36m>[31m
              [36m<div[31m
                [33mclass[31m=[32m"tracking-card-status"[31m
              [36m>[31m
                [36m<span[31m
                  [33mclass[31m=[32m"status-badge state-badge-running"[31m
                [36m>[31m
                  [0mRunning[0m
                [36m</span>[31m
              [36m</div>[31m
              [36m<div[31m
                [33mclass[31m=[32m"tracking-card-actions"[31m
              [36m>[31m
                [36m<button[31m
                  [33maria-label[31m=[32m"Edit tracking"[31m
                  [33mclass[31m=[32m"action-button"[31m
                  [33mtitle[31m=[32m"Edit tracking"[31m
                  [33mtype[31m=[32m"button"[31m
                [36m>[31m
                  [0mÔ£Å´©Å[0m
                [36m</button>[31m
              [36m</div>[31m
            [36m</div>[31m
          [36m</div>[31m
        [36m</div>[31m
      [36m</div>[31m
    [36m</div>[31m
  [36m</div>[31m
[36m</body>[31m[39m
 [32mÔ£ô[39m frontend/src/hooks/__tests__/useAuth.test.ts[2m > [22museAuth[2m > [22mrequestEmailChange[2m > [22mshould throw error when not authenticated[32m 21[2mms[22m[39m
 [32mÔ£ô[39m frontend/src/hooks/__tests__/useAuth.test.ts[2m > [22museAuth[2m > [22mrequestEmailChange[2m > [22mshould throw error when request fails[32m 89[2mms[22m[39m
 [32mÔ£ô[39m frontend/src/components/__tests__/DaysPatternInput.test.tsx[2m > [22mDaysPatternInput[2m > [22mshould toggle weekday selection[32m 158[2mms[22m[39m
 [32mÔ£ô[39m frontend/src/hooks/base/__tests__/useEntityFactory.test.ts[2m > [22museEntityFactory[2m > [22mCreate Entity[2m > [22mshould throw error when createEntity is called but not configured[32m 83[2mms[22m[39m
 [32mÔ£ô[39m frontend/src/components/__tests__/TrackingsList.test.tsx[2m > [22mTrackingsList[2m > [22mshould call onCreate when create button is clicked in empty state[32m 62[2mms[22m[39m
 [32mÔ£ô[39m frontend/src/components/__tests__/TrackingsList.test.tsx[2m > [22mTrackingsList[2m > [22mshould display empty state message without button when onCreate is not provided[32m 3[2mms[22m[39m
 [31m├ù[39m frontend/src/components/__tests__/TrackingsList.test.tsx[2m > [22mTrackingsList[2m > [22mshould handle trackings with all fields populated[32m 17[2mms[22m[39m
[31m   ÔåÆ Found multiple elements with the text: ­ƒÅï´©Å

Here are the matching elements:

Ignored nodes: comments, script, style
[36m<span[31m
  [33mclass[31m=[32m"tracking-icon"[31m
[36m>[31m
  [0m­ƒÅï´©Å[0m
[36m</span>[31m

Ignored nodes: comments, script, style
[36m<div[31m
  [33mclass[31m=[32m"tracking-card-icon"[31m
[36m>[31m
  [0m­ƒÅï´©Å[0m
[36m</div>[31m

(If this is intentional, then use the `*AllBy*` variant of the query (like `queryAllByText`, `getAllByText`, or `findAllByText`)).

Ignored nodes: comments, script, style
[36m<body>[31m
  [36m<div>[31m
    [36m<div[31m
      [33mclass[31m=[32m"trackings-list"[31m
    [36m>[31m
      [36m<div[31m
        [33mclass[31m=[32m"trackings-list-content"[31m
      [36m>[31m
        [36m<table[31m
          [33mclass[31m=[32m"trackings-table"[31m
        [36m>[31m
          [36m<thead>[31m
            [36m<tr>[31m
              [36m<th[31m
                [33mclass[31m=[32m"col-tracking"[31m
              [36m>[31m
                [36m<div[31m
                  [33mclass[31m=[32m"header-with-filter"[31m
                [36m>[31m
                  [36m<button[31m
                    [33maria-expanded[31m=[32m"false"[31m
                    [33maria-label[31m=[32m"Show filters"[31m
                    [33mclass[31m=[32m"filter-toggle-button"[31m
                    [33mtitle[31m=[32m"Show filters"[31m
                    [33mtype[31m=[32m"button"[31m
                  [36m>[31m
                    [36m<span[31m
                      [33mclass[31m=[32m"filter-toggle-icon"[31m
                    [36m>[31m
                      [0m­ƒöì[0m
                    [36m</span>[31m
                  [36m</button>[31m
                  [36m<button[31m
                    [33maria-label[31m=[32m"Sort by tracking"[31m
                    [33mclass[31m=[32m"sortable-header"[31m
                    [33mtype[31m=[32m"button"[31m
                  [36m>[31m
                    [0mTracking[0m
                  [36m</button>[31m
                [36m</div>[31m
              [36m</th>[31m
              [36m<th[31m
                [33mclass[31m=[32m"col-notes"[31m
              [36m>[31m
                [0mNotes[0m
              [36m</th>[31m
              [36m<th[31m
                [33mclass[31m=[32m"col-times"[31m
              [36m>[31m
                [36m<button[31m
                  [33maria-label[31m=[32m"Sort by times"[31m
                  [33mclass[31m=[32m"sortable-header"[31m
                  [33mtype[31m=[32m"button"[31m
                [36m>[31m
                  [0mTimes[0m
                [36m</button>[31m
              [36m</th>[31m
              [36m<th[31m
                [33mclass[31m=[32m"col-frequency"[31m
              [36m>[31m
                [36m<button[31m
                  [33maria-label[31m=[32m"Sort by frequency"[31m
                  [33mclass[31m=[32m"sortable-header"[31m
                  [33mtype[31m=[32m"button"[31m
                [36m>[31m
                  [0mFrequency[0m
                [36m</button>[31m
              [36m</th>[31m
              [36m<th[31m
                [33mclass[31m=[32m"col-next-reminder"[31m
              [36m>[31m
                [36m<button[31m
                  [33maria-label[31m=[32m"Sort by next reminder"[31m
                  [33mclass[31m=[32m"sortable-header"[31m
                  [33mtype[31m=[32m"button"[31m
                [36m>[31m
                  [0mNext reminder[0m
                [36m</button>[31m
              [36m</th>[31m
              [36m<th[31m
                [33mclass[31m=[32m"col-status"[31m
              [36m>[31m
                [36m<button[31m
                  [33maria-label[31m=[32m"Sort by status"[31m
                  [33mclass[31m=[32m"sortable-header"[31m
                  [33mtype[31m=[32m"button"[31m
                [36m>[31m
                  [0mStatus[0m
                [36m</button>[31m
              [36m</th>[31m
              [36m<th[31m
                [33mclass[31m=[32m"col-actions"[31m
              [36m>[31m
                [0mActions[0m
              [36m</th>[31m
            [36m</tr>[31m
          [36m</thead>[31m
          [36m<tbody>[31m
            [36m<tr[31m
              [33mclass[31m=[32m"tracking-row"[31m
            [36m>[31m
              [36m<td[31m
                [33mclass[31m=[32m"cell-tracking"[31m
              [36m>[31m
                [36m<span[31m
                  [33mclass[31m=[32m"tracking-icon"[31m
                [36m>[31m
                  [0m­ƒÅï´©Å[0m
                [36m</span>[31m
                [36m<button[31m
                  [33maria-label[31m=[32m"Edit tracking: Did I exercise today?"[31m
                  [33mclass[31m=[32m"tracking-name-link"[31m
                  [33mtitle[31m=[32m"Did I exercise today?. Click to edit"[31m
                  [33mtype[31m=[32m"button"[31m
                [36m>[31m
                  [0mDid I exercise today?[0m
                [36m</button>[31m
              [36m</td>[31m
              [36m<td[31m
                [33mclass[31m=[32m"cell-notes"[31m
              [36m>[31m
                [36m<span[31m
                  [33maria-label[31m=[32m"Notes: <p>Exercise notes</p>"[31m
                  [33mclass[31m=[32m"notes-icon"[31m
                  [33mtitle[31m=[32m"<p>Exercise notes</p>"[31m
                [36m>[31m
                  [0m­ƒôØ[0m
                [36m</span>[31m
              [36m</td>[31m
              [36m<td[31m
                [33mclass[31m=[32m"cell-times"[31m
                [33mtitle[31m=[32m"09:00, 18:30"[31m
              [36m>[31m
                [0m09:00 +1[0m
              [36m</td>[31m
              [36m<td[31m
                [33mclass[31m=[32m"cell-frequency"[31m
                [33mtitle[31m=[32m"No upcoming reminder"[31m
              [36m>[31m
                [0mMon, Wed, Fri[0m
              [36m</td>[31m
              [36m<td[31m
                [33mclass[31m=[32m"cell-next-reminder"[31m
              [36m>[31m
                [0mÔÇö[0m
              [36m</td>[31m
              [36m<td[31m
                [33mclass[31m=[32m"cell-status"[31m
              [36m>[31m
                [36m<span[31m
                  [33mclass[31m=[32m"status-badge state-badge-running"[31m
                [36m>[31m
                  [0mRunning[0m
                [36m</span>[31m
              [36m</td>[31m
              [36m<td[31m
                [33mclass[31m=[32m"cell-actions"[31m
              [36m>[31m
                [36m<div[31m
                  [33mclass[31m=[32m"actions-container"[31m
                [36m>[31m
                  [36m<div[31m
                    [33mclass[31m=[32m"actions-buttons"[31m
                  [36m>[31m
                    [36m<button[31m
                      [33maria-label[31m=[32m"Pause"[31m
                      [33mclass[31m=[32m"action-button"[31m
                      [33mtitle[31m=[32m"Pause: Stops generating new reminders. Existing reminders remain active."[31m
                      [33mtype[31m=[32m"button"[31m
                    [36m>[31m
                      [0mÔÅ©´©Å[0m
                    [36m</button>[31m
                    [36m<button[31m
                      [33maria-label[31m=[32m"Archive"[31m
                      [33mclass[31m=[32m"action-button"[31m
                      [33mtitle[31m=[32m"Archive: Moves tracking to archived state and stops all reminder generation. All pending and upcoming reminders will be deleted."[31m
                      [33mtype[31m=[32m"button"[31m
                    [36m>[31m
                      [0m­ƒôª[0m
                    [36m</button>[31m
                    [36m<button[31m
                      [33maria-label[31m=[32m"Delete"[31m
                      [33mclass[31m=[32m"action-button"[31m
                      [33mtitle[31m=[32m"Delete: Permanently removes this tracking and all its reminders. This action cannot be undone."[31m
                      [33mtype[31m=[32m"button"[31m
                    [36m>[31m
                      [0m­ƒùæ´©Å[0m
                    [36m</button>[31m
                  [36m</div>[31m
                [36m</div>[31m
              [36m</td>[31m
            [36m</tr>[31m
          [36m</tbody>[31m
        [36m</table>[31m
        [36m<div[31m
          [33mclass[31m=[32m"trackings-cards"[31m
        [36m>[31m
          [36m<div[31m
            [33mclass[31m=[32m"tracking-card"[31m
          [36m>[31m
            [36m<div[31m
              [33mclass[31m=[32m"tracking-card-header"[31m
            [36m>[31m
              [36m<div[31m
                [33mclass[31m=[32m"tracking-card-icon"[31m
              [36m>[31m
                [0m­ƒÅï´©Å[0m
              [36m</div>[31m
              [36m<div[31m
                [33mclass[31m=[32m"tracking-card-title"[31m
              [36m>[31m
                [36m<h3[31m
                  [33mclass[31m=[32m"tracking-card-question"[31m
                [36m>[31m
                  [0mDid I exercise today?[0m
                [36m</h3>[31m
                [36m<div[31m
                  [33mclass[31m=[32m"tracking-card-times"[31m
                [36m>[31m
                  [0m09:00 +1[0m
                [36m</div>[31m
              [36m</div>[31m
            [36m</div>[31m
            [36m<div[31m
              [33mclass[31m=[32m"tracking-card-body"[31m
            [36m>[31m
              [36m<div[31m
                [33mclass[31m=[32m"tracking-card-row"[31m
              [36m>[31m
                [36m<span[31m
                  [33mclass[31m=[32m"tracking-card-label"[31m
                [36m>[31m
                  [0mFrequency[0m
                [36m</span>[31m
                [36m<span[31m
                  [33mclass[31m=[32m"tracking-card-value"[31m
                [36m>[31m
                  [0mMon, Wed, Fri[0m
                [36m</span>[31m
              [36m</div>[31m
              [36m<div[31m
                [33mclass[31m=[32m"tracking-card-row"[31m
              [36m>[31m
                [36m<span[31m
                  [33mclass[31m=[32m"tracking-card-label"[31m
                [36m>[31m
                  [0mNotes[0m
                [36m</span>[31m
                [36m<span[31m
                  [33mclass[31m=[32m"tracking-card-value"[31m
                [36m>[31m
                  [0m­ƒôØ[0m
                [36m</span>[31m
              [36m</div>[31m
            [36m</div>[31m
            [36m<div[31m
              [33mclass[31m=[32m"tracking-card-footer"[31m
            [36m>[31m
              [36m<div[31m
                [33mclass[31m=[32m"tracking-card-status"[31m
              [36m>[31m
                [36m<span[31m
                  [33mclass[31m=[32m"status-badge state-badge-running"[31m
                [36m>[31m
                  [0mRunning[0m
                [36m</span>[31m
              [36m</div>[31m
              [36m<div[31m
                [33mclass[31m=[32m"tracking-card-actions"[31m
              [36m>[31m
                [36m<button[31m
                  [33maria-label[31m=[32m"Edit tracking"[31m
                  [33mclass[31m=[32m"action-button"[31m
                  [33mtitle[31m=[32m"Edit tracking"[31m
                  [33mtype[31m=[32m"button"[31m
                [36m>[31m
                  [0mÔ£Å´©Å[0m
                [36m</button>[31m
              [36m</div>[31m
            [36m</div>[31m
          [36m</div>[31m
        [36m</div>[31m
      [36m</div>[31m
    [36m</div>[31m
  [36m</div>[31m
[36m</body>[31m[39m
 [31m├ù[39m frontend/src/components/__tests__/TrackingsList.test.tsx[2m > [22mTrackingsList[2m > [22mshould display notes icon with tooltip when notes are present[32m 22[2mms[22m[39m
[31m   ÔåÆ Found multiple elements with the text: ­ƒôØ

Here are the matching elements:

Ignored nodes: comments, script, style
[36m<span[31m
  [33maria-label[31m=[32m"Notes: Some exercise notes"[31m
  [33mclass[31m=[32m"notes-icon"[31m
  [33mtitle[31m=[32m"Some exercise notes"[31m
[36m>[31m
  [0m­ƒôØ[0m
[36m</span>[31m

Ignored nodes: comments, script, style
[36m<span[31m
  [33mclass[31m=[32m"tracking-card-value"[31m
[36m>[31m
  [0m­ƒôØ[0m
[36m</span>[31m

(If this is intentional, then use the `*AllBy*` variant of the query (like `queryAllByText`, `getAllByText`, or `findAllByText`)).

Ignored nodes: comments, script, style
[36m<body>[31m
  [36m<div>[31m
    [36m<div[31m
      [33mclass[31m=[32m"trackings-list"[31m
    [36m>[31m
      [36m<div[31m
        [33mclass[31m=[32m"trackings-list-content"[31m
      [36m>[31m
        [36m<table[31m
          [33mclass[31m=[32m"trackings-table"[31m
        [36m>[31m
          [36m<thead>[31m
            [36m<tr>[31m
              [36m<th[31m
                [33mclass[31m=[32m"col-tracking"[31m
              [36m>[31m
                [36m<div[31m
                  [33mclass[31m=[32m"header-with-filter"[31m
                [36m>[31m
                  [36m<button[31m
                    [33maria-expanded[31m=[32m"false"[31m
                    [33maria-label[31m=[32m"Show filters"[31m
                    [33mclass[31m=[32m"filter-toggle-button"[31m
                    [33mtitle[31m=[32m"Show filters"[31m
                    [33mtype[31m=[32m"button"[31m
                  [36m>[31m
                    [36m<span[31m
                      [33mclass[31m=[32m"filter-toggle-icon"[31m
                    [36m>[31m
                      [0m­ƒöì[0m
                    [36m</span>[31m
                  [36m</button>[31m
                  [36m<button[31m
                    [33maria-label[31m=[32m"Sort by tracking"[31m
                    [33mclass[31m=[32m"sortable-header"[31m
                    [33mtype[31m=[32m"button"[31m
                  [36m>[31m
                    [0mTracking[0m
                  [36m</button>[31m
                [36m</div>[31m
              [36m</th>[31m
              [36m<th[31m
                [33mclass[31m=[32m"col-notes"[31m
              [36m>[31m
                [0mNotes[0m
              [36m</th>[31m
              [36m<th[31m
                [33mclass[31m=[32m"col-times"[31m
              [36m>[31m
                [36m<button[31m
                  [33maria-label[31m=[32m"Sort by times"[31m
                  [33mclass[31m=[32m"sortable-header"[31m
                  [33mtype[31m=[32m"button"[31m
                [36m>[31m
                  [0mTimes[0m
                [36m</button>[31m
              [36m</th>[31m
              [36m<th[31m
                [33mclass[31m=[32m"col-frequency"[31m
              [36m>[31m
                [36m<button[31m
                  [33maria-label[31m=[32m"Sort by frequency"[31m
                  [33mclass[31m=[32m"sortable-header"[31m
                  [33mtype[31m=[32m"button"[31m
                [36m>[31m
                  [0mFrequency[0m
                [36m</button>[31m
              [36m</th>[31m
              [36m<th[31m
                [33mclass[31m=[32m"col-next-reminder"[31m
              [36m>[31m
                [36m<button[31m
                  [33maria-label[31m=[32m"Sort by next reminder"[31m
                  [33mclass[31m=[32m"sortable-header"[31m
                  [33mtype[31m=[32m"button"[31m
                [36m>[31m
                  [0mNext reminder[0m
                [36m</button>[31m
              [36m</th>[31m
              [36m<th[31m
                [33mclass[31m=[32m"col-status"[31m
              [36m>[31m
                [36m<button[31m
                  [33maria-label[31m=[32m"Sort by status"[31m
                  [33mclass[31m=[32m"sortable-header"[31m
                  [33mtype[31m=[32m"button"[31m
                [36m>[31m
                  [0mStatus[0m
                [36m</button>[31m
              [36m</th>[31m
              [36m<th[31m
                [33mclass[31m=[32m"col-actions"[31m
              [36m>[31m
                [0mActions[0m
              [36m</th>[31m
            [36m</tr>[31m
          [36m</thead>[31m
          [36m<tbody>[31m
            [36m<tr[31m
              [33mclass[31m=[32m"tracking-row"[31m
            [36m>[31m
              [36m<td[31m
                [33mclass[31m=[32m"cell-tracking"[31m
              [36m>[31m
                [36m<button[31m
                  [33maria-label[31m=[32m"Edit tracking: Did I exercise?"[31m
                  [33mclass[31m=[32m"tracking-name-link"[31m
                  [33mtitle[31m=[32m"Did I exercise?. Click to edit"[31m
                  [33mtype[31m=[32m"button"[31m
                [36m>[31m
                  [0mDid I exercise?[0m
                [36m</button>[31m
              [36m</td>[31m
              [36m<td[31m
                [33mclass[31m=[32m"cell-notes"[31m
              [36m>[31m
                [36m<span[31m
                  [33maria-label[31m=[32m"Notes: Some exercise notes"[31m
                  [33mclass[31m=[32m"notes-icon"[31m
                  [33mtitle[31m=[32m"Some exercise notes"[31m
                [36m>[31m
                  [0m­ƒôØ[0m
                [36m</span>[31m
              [36m</td>[31m
              [36m<td[31m
                [33mclass[31m=[32m"cell-times"[31m
                [33mtitle[31m=[32m"No times"[31m
              [36m/>[31m
              [36m<td[31m
                [33mclass[31m=[32m"cell-frequency"[31m
                [33mtitle[31m=[32m"No upcoming reminder"[31m
              [36m>[31m
                [0mDaily[0m
              [36m</td>[31m
              [36m<td[31m
                [33mclass[31m=[32m"cell-next-reminder"[31m
              [36m>[31m
                [0mÔÇö[0m
              [36m</td>[31m
              [36m<td[31m
                [33mclass[31m=[32m"cell-status"[31m
              [36m>[31m
                [36m<span[31m
                  [33mclass[31m=[32m"status-badge state-badge-running"[31m
                [36m>[31m
                  [0mRunning[0m
                [36m</span>[31m
              [36m</td>[31m
              [36m<td[31m
                [33mclass[31m=[32m"cell-actions"[31m
              [36m>[31m
                [36m<div[31m
                  [33mclass[31m=[32m"actions-container"[31m
                [36m>[31m
                  [36m<div[31m
                    [33mclass[31m=[32m"actions-buttons"[31m
                  [36m>[31m
                    [36m<button[31m
                      [33maria-label[31m=[32m"Pause"[31m
                      [33mclass[31m=[32m"action-button"[31m
                      [33mtitle[31m=[32m"Pause: Stops generating new reminders. Existing reminders remain active."[31m
                      [33mtype[31m=[32m"button"[31m
                    [36m>[31m
                      [0mÔÅ©´©Å[0m
                    [36m</button>[31m
                    [36m<button[31m
                      [33maria-label[31m=[32m"Archive"[31m
                      [33mclass[31m=[32m"action-button"[31m
                      [33mtitle[31m=[32m"Archive: Moves tracking to archived state and stops all reminder generation. All pending and upcoming reminders will be deleted."[31m
                      [33mtype[31m=[32m"button"[31m
                    [36m>[31m
                      [0m­ƒôª[0m
                    [36m</button>[31m
                    [36m<button[31m
                      [33maria-label[31m=[32m"Delete"[31m
                      [33mclass[31m=[32m"action-button"[31m
                      [33mtitle[31m=[32m"Delete: Permanently removes this tracking and all its reminders. This action cannot be undone."[31m
                      [33mtype[31m=[32m"button"[31m
                    [36m>[31m
                      [0m­ƒùæ´©Å[0m
                    [36m</button>[31m
                  [36m</div>[31m
                [36m</div>[31m
              [36m</td>[31m
            [36m</tr>[31m
          [36m</tbody>[31m
        [36m</table>[31m
        [36m<div[31m
          [33mclass[31m=[32m"trackings-cards"[31m
        [36m>[31m
          [36m<div[31m
            [33mclass[31m=[32m"tracking-card"[31m
          [36m>[31m
            [36m<div[31m
              [33mclass[31m=[32m"tracking-card-header"[31m
            [36m>[31m
              [36m<div[31m
                [33mclass[31m=[32m"tracking-card-title"[31m
              [36m>[31m
                [36m<h3[31m
                  [33mclass[31m=[32m"tracking-card-question"[31m
                [36m>[31m
                  [0mDid I exercise?[0m
                [36m</h3>[31m
                [36m<div[31m
                  [33mclass[31m=[32m"tracking-card-times"[31m
                [36m/>[31m
              [36m</div>[31m
            [36m</div>[31m
            [36m<div[31m
              [33mclass[31m=[32m"tracking-card-body"[31m
            [36m>[31m
              [36m<div[31m
                [33mclass[31m=[32m"tracking-card-row"[31m
              [36m>[31m
                [36m<span[31m
                  [33mclass[31m=[32m"tracking-card-label"[31m
                [36m>[31m
                  [0mFrequency[0m
                [36m</span>[31m
                [36m<span[31m
                  [33mclass[31m=[32m"tracking-card-value"[31m
                [36m>[31m
                  [0mDaily[0m
                [36m</span>[31m
              [36m</div>[31m
              [36m<div[31m
                [33mclass[31m=[32m"tracking-card-row"[31m
              [36m>[31m
                [36m<span[31m
                  [33mclass[31m=[32m"tracking-card-label"[31m
                [36m>[31m
                  [0mNotes[0m
                [36m</span>[31m
                [36m<span[31m
                  [33mclass[31m=[32m"tracking-card-value"[31m
                [36m>[31m
                  [0m­ƒôØ[0m
                [36m</span>[31m
              [36m</div>[31m
            [36m</div>[31m
            [36m<div[31m
              [33mclass[31m=[32m"tracking-card-footer"[31m
            [36m>[31m
              [36m<div[31m
                [33mclass[31m=[32m"tracking-card-status"[31m
              [36m>[31m
                [36m<span[31m
                  [33mclass[31m=[32m"status-badge state-badge-running"[31m
                [36m>[31m
                  [0mRunning[0m
                [36m</span>[31m
              [36m</div>[31m
              [36m<div[31m
                [33mclass[31m=[32m"tracking-card-actions"[31m
              [36m>[31m
                [36m<button[31m
                  [33maria-label[31m=[32m"Edit tracking"[31m
                  [33mclass[31m=[32m"action-button"[31m
                  [33mtitle[31m=[32m"Edit tracking"[31m
                  [33mtype[31m=[32m"button"[31m
                [36m>[31m
                  [0mÔ£Å´©Å[0m
                [36m</button>[31m
              [36m</div>[31m
            [36m</div>[31m
          [36m</div>[31m
        [36m</div>[31m
      [36m</div>[31m
    [36m</div>[31m
  [36m</div>[31m
[36m</body>[31m[39m
 [31m├ù[39m frontend/src/components/__tests__/TrackingsList.test.tsx[2m > [22mTrackingsList[2m > [22mshould display dash when notes are empty or undefined[32m 18[2mms[22m[39m
[31m   ÔåÆ [2mexpect([22m[31melement[31m[2m).not.toBeInTheDocument()[22m

[31mexpected document not to contain element, found <span
  class="tracking-card-value"
>
  ­ƒôØ
</span> instead[31m[39m
 [31m├ù[39m frontend/src/components/__tests__/TrackingsList.test.tsx[2m > [22mTrackingsList[2m > [22mshould handle trackings with no schedules[32m 7[2mms[22m[39m
[31m   ÔåÆ Found multiple elements with the text: Did I exercise?

Here are the matching elements:

Ignored nodes: comments, script, style
[36m<button[31m
  [33maria-label[31m=[32m"Edit tracking: Did I exercise?"[31m
  [33mclass[31m=[32m"tracking-name-link"[31m
  [33mtitle[31m=[32m"Did I exercise?. Click to edit"[31m
  [33mtype[31m=[32m"button"[31m
[36m>[31m
  [0mDid I exercise?[0m
[36m</button>[31m

Ignored nodes: comments, script, style
[36m<h3[31m
  [33mclass[31m=[32m"tracking-card-question"[31m
[36m>[31m
  [0mDid I exercise?[0m
[36m</h3>[31m

(If this is intentional, then use the `*AllBy*` variant of the query (like `queryAllByText`, `getAllByText`, or `findAllByText`)).

Ignored nodes: comments, script, style
[36m<body>[31m
  [36m<div>[31m
    [36m<div[31m
      [33mclass[31m=[32m"trackings-list"[31m
    [36m>[31m
      [36m<div[31m
        [33mclass[31m=[32m"trackings-list-content"[31m
      [36m>[31m
        [36m<table[31m
          [33mclass[31m=[32m"trackings-table"[31m
        [36m>[31m
          [36m<thead>[31m
            [36m<tr>[31m
              [36m<th[31m
                [33mclass[31m=[32m"col-tracking"[31m
              [36m>[31m
                [36m<div[31m
                  [33mclass[31m=[32m"header-with-filter"[31m
                [36m>[31m
                  [36m<button[31m
                    [33maria-expanded[31m=[32m"false"[31m
                    [33maria-label[31m=[32m"Show filters"[31m
                    [33mclass[31m=[32m"filter-toggle-button"[31m
                    [33mtitle[31m=[32m"Show filters"[31m
                    [33mtype[31m=[32m"button"[31m
                  [36m>[31m
                    [36m<span[31m
                      [33mclass[31m=[32m"filter-toggle-icon"[31m
                    [36m>[31m
                      [0m­ƒöì[0m
                    [36m</span>[31m
                  [36m</button>[31m
                  [36m<button[31m
                    [33maria-label[31m=[32m"Sort by tracking"[31m
                    [33mclass[31m=[32m"sortable-header"[31m
                    [33mtype[31m=[32m"button"[31m
                  [36m>[31m
                    [0mTracking[0m
                  [36m</button>[31m
                [36m</div>[31m
              [36m</th>[31m
              [36m<th[31m
                [33mclass[31m=[32m"col-notes"[31m
              [36m>[31m
                [0mNotes[0m
              [36m</th>[31m
              [36m<th[31m
                [33mclass[31m=[32m"col-times"[31m
              [36m>[31m
                [36m<button[31m
                  [33maria-label[31m=[32m"Sort by times"[31m
                  [33mclass[31m=[32m"sortable-header"[31m
                  [33mtype[31m=[32m"button"[31m
                [36m>[31m
                  [0mTimes[0m
                [36m</button>[31m
              [36m</th>[31m
              [36m<th[31m
                [33mclass[31m=[32m"col-frequency"[31m
              [36m>[31m
                [36m<button[31m
                  [33maria-label[31m=[32m"Sort by frequency"[31m
                  [33mclass[31m=[32m"sortable-header"[31m
                  [33mtype[31m=[32m"button"[31m
                [36m>[31m
                  [0mFrequency[0m
                [36m</button>[31m
              [36m</th>[31m
              [36m<th[31m
                [33mclass[31m=[32m"col-next-reminder"[31m
              [36m>[31m
                [36m<button[31m
                  [33maria-label[31m=[32m"Sort by next reminder"[31m
                  [33mclass[31m=[32m"sortable-header"[31m
                  [33mtype[31m=[32m"button"[31m
                [36m>[31m
                  [0mNext reminder[0m
                [36m</button>[31m
              [36m</th>[31m
              [36m<th[31m
                [33mclass[31m=[32m"col-status"[31m
              [36m>[31m
                [36m<button[31m
                  [33maria-label[31m=[32m"Sort by status"[31m
                  [33mclass[31m=[32m"sortable-header"[31m
                  [33mtype[31m=[32m"button"[31m
                [36m>[31m
                  [0mStatus[0m
                [36m</button>[31m
              [36m</th>[31m
              [36m<th[31m
                [33mclass[31m=[32m"col-actions"[31m
              [36m>[31m
                [0mActions[0m
              [36m</th>[31m
            [36m</tr>[31m
          [36m</thead>[31m
          [36m<tbody>[31m
            [36m<tr[31m
              [33mclass[31m=[32m"tracking-row"[31m
            [36m>[31m
              [36m<td[31m
                [33mclass[31m=[32m"cell-tracking"[31m
              [36m>[31m
                [36m<button[31m
                  [33maria-label[31m=[32m"Edit tracking: Did I exercise?"[31m
                  [33mclass[31m=[32m"tracking-name-link"[31m
                  [33mtitle[31m=[32m"Did I exercise?. Click to edit"[31m
                  [33mtype[31m=[32m"button"[31m
                [36m>[31m
                  [0mDid I exercise?[0m
                [36m</button>[31m
              [36m</td>[31m
              [36m<td[31m
                [33mclass[31m=[32m"cell-notes"[31m
              [36m>[31m
                [36m<span[31m
                  [33mclass[31m=[32m"notes-empty"[31m
                [36m>[31m
                  [0mÔÇö[0m
                [36m</span>[31m
              [36m</td>[31m
              [36m<td[31m
                [33mclass[31m=[32m"cell-times"[31m
                [33mtitle[31m=[32m"No times"[31m
              [36m/>[31m
              [36m<td[31m
                [33mclass[31m=[32m"cell-frequency"[31m
                [33mtitle[31m=[32m"No upcoming reminder"[31m
              [36m>[31m
                [0mDaily[0m
              [36m</td>[31m
              [36m<td[31m
                [33mclass[31m=[32m"cell-next-reminder"[31m
              [36m>[31m
                [0mÔÇö[0m
              [36m</td>[31m
              [36m<td[31m
                [33mclass[31m=[32m"cell-status"[31m
              [36m>[31m
                [36m<span[31m
                  [33mclass[31m=[32m"status-badge state-badge-running"[31m
                [36m>[31m
                  [0mRunning[0m
                [36m</span>[31m
              [36m</td>[31m
              [36m<td[31m
                [33mclass[31m=[32m"cell-actions"[31m
              [36m>[31m
                [36m<div[31m
                  [33mclass[31m=[32m"actions-container"[31m
                [36m>[31m
                  [36m<div[31m
                    [33mclass[31m=[32m"actions-buttons"[31m
                  [36m>[31m
                    [36m<button[31m
                      [33maria-label[31m=[32m"Pause"[31m
                      [33mclass[31m=[32m"action-button"[31m
                      [33mtitle[31m=[32m"Pause: Stops generating new reminders. Existing reminders remain active."[31m
                      [33mtype[31m=[32m"button"[31m
                    [36m>[31m
                      [0mÔÅ©´©Å[0m
                    [36m</button>[31m
                    [36m<button[31m
                      [33maria-label[31m=[32m"Archive"[31m
                      [33mclass[31m=[32m"action-button"[31m
                      [33mtitle[31m=[32m"Archive: Moves tracking to archived state and stops all reminder generation. All pending and upcoming reminders will be deleted."[31m
                      [33mtype[31m=[32m"button"[31m
                    [36m>[31m
                      [0m­ƒôª[0m
                    [36m</button>[31m
                    [36m<button[31m
                      [33maria-label[31m=[32m"Delete"[31m
                      [33mclass[31m=[32m"action-button"[31m
                      [33mtitle[31m=[32m"Delete: Permanently removes this tracking and all its reminders. This action cannot be undone."[31m
                      [33mtype[31m=[32m"button"[31m
                    [36m>[31m
                      [0m­ƒùæ´©Å[0m
                    [36m</button>[31m
                  [36m</div>[31m
                [36m</div>[31m
              [36m</td>[31m
            [36m</tr>[31m
          [36m</tbody>[31m
        [36m</table>[31m
        [36m<div[31m
          [33mclass[31m=[32m"trackings-cards"[31m
        [36m>[31m
          [36m<div[31m
            [33mclass[31m=[32m"tracking-card"[31m
          [36m>[31m
            [36m<div[31m
              [33mclass[31m=[32m"tracking-card-header"[31m
            [36m>[31m
              [36m<div[31m
                [33mclass[31m=[32m"tracking-card-title"[31m
              [36m>[31m
                [36m<h3[31m
                  [33mclass[31m=[32m"tracking-card-question"[31m
                [36m>[31m
                  [0mDid I exercise?[0m
                [36m</h3>[31m
                [36m<div[31m
                  [33mclass[31m=[32m"tracking-card-times"[31m
                [36m/>[31m
              [36m</div>[31m
            [36m</div>[31m
            [36m<div[31m
              [33mclass[31m=[32m"tracking-card-body"[31m
            [36m>[31m
              [36m<div[31m
                [33mclass[31m=[32m"tracking-card-row"[31m
              [36m>[31m
                [36m<span[31m
                  [33mclass[31m=[32m"tracking-card-label"[31m
                [36m>[31m
                  [0mFrequency[0m
                [36m</span>[31m
                [36m<span[31m
                  [33mclass[31m=[32m"tracking-card-value"[31m
                [36m>[31m
                  [0mDaily[0m
                [36m</span>[31m
              [36m</div>[31m
            [36m</div>[31m
            [36m<div[31m
              [33mclass[31m=[32m"tracking-card-footer"[31m
            [36m>[31m
              [36m<div[31m
                [33mclass[31m=[32m"tracking-card-status"[31m
              [36m>[31m
                [36m<span[31m
                  [33mclass[31m=[32m"status-badge state-badge-running"[31m
                [36m>[31m
                  [0mRunning[0m
                [36m</span>[31m
              [36m</div>[31m
              [36m<div[31m
                [33mclass[31m=[32m"tracking-card-actions"[31m
              [36m>[31m
                [36m<button[31m
                  [33maria-label[31m=[32m"Edit tracking"[31m
                  [33mclass[31m=[32m"action-button"[31m
                  [33mtitle[31m=[32m"Edit tracking"[31m
                  [33mtype[31m=[32m"button"[31m
                [36m>[31m
                  [0mÔ£Å´©Å[0m
                [36m</button>[31m
              [36m</div>[31m
            [36m</div>[31m
          [36m</div>[31m
        [36m</div>[31m
      [36m</div>[31m
    [36m</div>[31m
  [36m</div>[31m
[36m</body>[31m[39m
 [32mÔ£ô[39m frontend/src/components/__tests__/EditTrackingModal.test.tsx[2m > [22mEditTrackingModal[2m > [22mshould update question when input changes[33m 323[2mms[22m[39m
 [32mÔ£ô[39m frontend/src/components/__tests__/DeleteTrackingConfirmationModal.test.tsx[2m > [22mDeleteTrackingConfirmationModal[2m > [22mshould not call onConfirm when form is submitted without correct confirmation[32m 155[2mms[22m[39m
 [32mÔ£ô[39m frontend/src/components/__tests__/DeleteUserConfirmationModal.test.tsx[2m > [22mDeleteUserConfirmationModal[2m > [22mshould call onConfirm when form is submitted with correct confirmation[32m 161[2mms[22m[39m
 [32mÔ£ô[39m frontend/src/components/__tests__/DaysPatternInput.test.tsx[2m > [22mDaysPatternInput[2m > [22mshould show monthly options when monthly preset is selected[32m 92[2mms[22m[39m
 [32mÔ£ô[39m frontend/src/components/__tests__/DaysPatternInput.test.tsx[2m > [22mDaysPatternInput[2m > [22mshould show yearly options when yearly preset is selected[32m 67[2mms[22m[39m
 [32mÔ£ô[39m frontend/src/components/__tests__/DaysPatternInput.test.tsx[2m > [22mDaysPatternInput[2m > [22mshould initialize from value prop[32m 20[2mms[22m[39m
 [32mÔ£ô[39m frontend/src/components/__tests__/DaysPatternInput.test.tsx[2m > [22mDaysPatternInput[2m > [22mshould display error message when provided[32m 7[2mms[22m[39m
 [32mÔ£ô[39m frontend/src/hooks/base/__tests__/useEntityFactory.test.ts[2m > [22museEntityFactory[2m > [22mCreate Entity[2m > [22mshould throw error when not authenticated[32m 78[2mms[22m[39m
 [32mÔ£ô[39m frontend/src/hooks/base/__tests__/useEntityFactory.test.ts[2m > [22museEntityFactory[2m > [22mCreate Entity[2m > [22mshould use optimistic create when configured[32m 62[2mms[22m[39m
 [32mÔ£ô[39m frontend/src/components/__tests__/ChangeEmailModal.test.tsx[2m > [22mChangeEmailModal[2m > [22mshould disable button and prevent submission for invalid email format[32m 262[2mms[22m[39m
 [32mÔ£ô[39m backend/src/__tests__/server.test.ts[2m > [22mServer Configuration - Integration Tests[2m > [22mServer.ts Complete Integration - Real Execution Tests[2m > [22mshould handle shutdown when server.close fails[33m 424[2mms[22m[39m
 [31m├ù[39m frontend/src/components/__tests__/TrackingsList.test.tsx[2m > [22mTrackingsList[2m > [22mshould format interval frequency correctly[32m 10[2mms[22m[39m
[31m   ÔåÆ Found multiple elements with the text: Every 2 weeks

Here are the matching elements:

Ignored nodes: comments, script, style
[36m<td[31m
  [33mclass[31m=[32m"cell-frequency"[31m
  [33mtitle[31m=[32m"No upcoming reminder"[31m
[36m>[31m
  [0mEvery 2 weeks[0m
[36m</td>[31m

Ignored nodes: comments, script, style
[36m<span[31m
  [33mclass[31m=[32m"tracking-card-value"[31m
[36m>[31m
  [0mEvery 2 weeks[0m
[36m</span>[31m

(If this is intentional, then use the `*AllBy*` variant of the query (like `queryAllByText`, `getAllByText`, or `findAllByText`)).

Ignored nodes: comments, script, style
[36m<body>[31m
  [36m<div>[31m
    [36m<div[31m
      [33mclass[31m=[32m"trackings-list"[31m
    [36m>[31m
      [36m<div[31m
        [33mclass[31m=[32m"trackings-list-content"[31m
      [36m>[31m
        [36m<table[31m
          [33mclass[31m=[32m"trackings-table"[31m
        [36m>[31m
          [36m<thead>[31m
            [36m<tr>[31m
              [36m<th[31m
                [33mclass[31m=[32m"col-tracking"[31m
              [36m>[31m
                [36m<div[31m
                  [33mclass[31m=[32m"header-with-filter"[31m
                [36m>[31m
                  [36m<button[31m
                    [33maria-expanded[31m=[32m"false"[31m
                    [33maria-label[31m=[32m"Show filters"[31m
                    [33mclass[31m=[32m"filter-toggle-button"[31m
                    [33mtitle[31m=[32m"Show filters"[31m
                    [33mtype[31m=[32m"button"[31m
                  [36m>[31m
                    [36m<span[31m
                      [33mclass[31m=[32m"filter-toggle-icon"[31m
                    [36m>[31m
                      [0m­ƒöì[0m
                    [36m</span>[31m
                  [36m</button>[31m
                  [36m<button[31m
                    [33maria-label[31m=[32m"Sort by tracking"[31m
                    [33mclass[31m=[32m"sortable-header"[31m
                    [33mtype[31m=[32m"button"[31m
                  [36m>[31m
                    [0mTracking[0m
                  [36m</button>[31m
                [36m</div>[31m
              [36m</th>[31m
              [36m<th[31m
                [33mclass[31m=[32m"col-notes"[31m
              [36m>[31m
                [0mNotes[0m
              [36m</th>[31m
              [36m<th[31m
                [33mclass[31m=[32m"col-times"[31m
              [36m>[31m
                [36m<button[31m
                  [33maria-label[31m=[32m"Sort by times"[31m
                  [33mclass[31m=[32m"sortable-header"[31m
                  [33mtype[31m=[32m"button"[31m
                [36m>[31m
                  [0mTimes[0m
                [36m</button>[31m
              [36m</th>[31m
              [36m<th[31m
                [33mclass[31m=[32m"col-frequency"[31m
              [36m>[31m
                [36m<button[31m
                  [33maria-label[31m=[32m"Sort by frequency"[31m
                  [33mclass[31m=[32m"sortable-header"[31m
                  [33mtype[31m=[32m"button"[31m
                [36m>[31m
                  [0mFrequency[0m
                [36m</button>[31m
              [36m</th>[31m
              [36m<th[31m
                [33mclass[31m=[32m"col-next-reminder"[31m
              [36m>[31m
                [36m<button[31m
                  [33maria-label[31m=[32m"Sort by next reminder"[31m
                  [33mclass[31m=[32m"sortable-header"[31m
                  [33mtype[31m=[32m"button"[31m
                [36m>[31m
                  [0mNext reminder[0m
                [36m</button>[31m
              [36m</th>[31m
              [36m<th[31m
                [33mclass[31m=[32m"col-status"[31m
              [36m>[31m
                [36m<button[31m
                  [33maria-label[31m=[32m"Sort by status"[31m
                  [33mclass[31m=[32m"sortable-header"[31m
                  [33mtype[31m=[32m"button"[31m
                [36m>[31m
                  [0mStatus[0m
                [36m</button>[31m
              [36m</th>[31m
              [36m<th[31m
                [33mclass[31m=[32m"col-actions"[31m
              [36m>[31m
                [0mActions[0m
              [36m</th>[31m
            [36m</tr>[31m
          [36m</thead>[31m
          [36m<tbody>[31m
            [36m<tr[31m
              [33mclass[31m=[32m"tracking-row"[31m
            [36m>[31m
              [36m<td[31m
                [33mclass[31m=[32m"cell-tracking"[31m
              [36m>[31m
                [36m<button[31m
                  [33maria-label[31m=[32m"Edit tracking: Did I exercise?"[31m
                  [33mclass[31m=[32m"tracking-name-link"[31m
                  [33mtitle[31m=[32m"Did I exercise?. Click to edit"[31m
                  [33mtype[31m=[32m"button"[31m
                [36m>[31m
                  [0mDid I exercise?[0m
                [36m</button>[31m
              [36m</td>[31m
              [36m<td[31m
                [33mclass[31m=[32m"cell-notes"[31m
              [36m>[31m
                [36m<span[31m
                  [33mclass[31m=[32m"notes-empty"[31m
                [36m>[31m
                  [0mÔÇö[0m
                [36m</span>[31m
              [36m</td>[31m
              [36m<td[31m
                [33mclass[31m=[32m"cell-times"[31m
                [33mtitle[31m=[32m"No times"[31m
              [36m/>[31m
              [36m<td[31m
                [33mclass[31m=[32m"cell-frequency"[31m
                [33mtitle[31m=[32m"No upcoming reminder"[31m
              [36m>[31m
                [0mEvery 2 weeks[0m
              [36m</td>[31m
              [36m<td[31m
                [33mclass[31m=[32m"cell-next-reminder"[31m
              [36m>[31m
                [0mÔÇö[0m
              [36m</td>[31m
              [36m<td[31m
                [33mclass[31m=[32m"cell-status"[31m
              [36m>[31m
                [36m<span[31m
                  [33mclass[31m=[32m"status-badge state-badge-running"[31m
                [36m>[31m
                  [0mRunning[0m
                [36m</span>[31m
              [36m</td>[31m
              [36m<td[31m
                [33mclass[31m=[32m"cell-actions"[31m
              [36m>[31m
                [36m<div[31m
                  [33mclass[31m=[32m"actions-container"[31m
                [36m>[31m
                  [36m<div[31m
                    [33mclass[31m=[32m"actions-buttons"[31m
                  [36m>[31m
                    [36m<button[31m
                      [33maria-label[31m=[32m"Pause"[31m
                      [33mclass[31m=[32m"action-button"[31m
                      [33mtitle[31m=[32m"Pause: Stops generating new reminders. Existing reminders remain active."[31m
                      [33mtype[31m=[32m"button"[31m
                    [36m>[31m
                      [0mÔÅ©´©Å[0m
                    [36m</button>[31m
                    [36m<button[31m
                      [33maria-label[31m=[32m"Archive"[31m
                      [33mclass[31m=[32m"action-button"[31m
                      [33mtitle[31m=[32m"Archive: Moves tracking to archived state and stops all reminder generation. All pending and upcoming reminders will be deleted."[31m
                      [33mtype[31m=[32m"button"[31m
                    [36m>[31m
                      [0m­ƒôª[0m
                    [36m</button>[31m
                    [36m<button[31m
                      [33maria-label[31m=[32m"Delete"[31m
                      [33mclass[31m=[32m"action-button"[31m
                      [33mtitle[31m=[32m"Delete: Permanently removes this tracking and all its reminders. This action cannot be undone."[31m
                      [33mtype[31m=[32m"button"[31m
                    [36m>[31m
                      [0m­ƒùæ´©Å[0m
                    [36m</button>[31m
                  [36m</div>[31m
                [36m</div>[31m
              [36m</td>[31m
            [36m</tr>[31m
          [36m</tbody>[31m
        [36m</table>[31m
        [36m<div[31m
          [33mclass[31m=[32m"trackings-cards"[31m
        [36m>[31m
          [36m<div[31m
            [33mclass[31m=[32m"tracking-card"[31m
          [36m>[31m
            [36m<div[31m
              [33mclass[31m=[32m"tracking-card-header"[31m
            [36m>[31m
              [36m<div[31m
                [33mclass[31m=[32m"tracking-card-title"[31m
              [36m>[31m
                [36m<h3[31m
                  [33mclass[31m=[32m"tracking-card-question"[31m
                [36m>[31m
                  [0mDid I exercise?[0m
                [36m</h3>[31m
                [36m<div[31m
                  [33mclass[31m=[32m"tracking-card-times"[31m
                [36m/>[31m
              [36m</div>[31m
            [36m</div>[31m
            [36m<div[31m
              [33mclass[31m=[32m"tracking-card-body"[31m
            [36m>[31m
              [36m<div[31m
                [33mclass[31m=[32m"tracking-card-row"[31m
              [36m>[31m
                [36m<span[31m
                  [33mclass[31m=[32m"tracking-card-label"[31m
                [36m>[31m
                  [0mFrequency[0m
                [36m</span>[31m
                [36m<span[31m
                  [33mclass[31m=[32m"tracking-card-value"[31m
                [36m>[31m
                  [0mEvery 2 weeks[0m
                [36m</span>[31m
              [36m</div>[31m
            [36m</div>[31m
            [36m<div[31m
              [33mclass[31m=[32m"tracking-card-footer"[31m
            [36m>[31m
              [36m<div[31m
                [33mclass[31m=[32m"tracking-card-status"[31m
              [36m>[31m
                [36m<span[31m
                  [33mclass[31m=[32m"status-badge state-badge-running"[31m
                [36m>[31m
                  [0mRunning[0m
                [36m</span>[31m
              [36m</div>[31m
              [36m<div[31m
                [33mclass[31m=[32m"tracking-card-actions"[31m
              [36m>[31m
                [36m<button[31m
                  [33maria-label[31m=[32m"Edit tracking"[31m
                  [33mclass[31m=[32m"action-button"[31m
                  [33mtitle[31m=[32m"Edit tracking"[31m
                  [33mtype[31m=[32m"button"[31m
                [36m>[31m
                  [0mÔ£Å´©Å[0m
                [36m</button>[31m
              [36m</div>[31m
            [36m</div>[31m
          [36m</div>[31m
        [36m</div>[31m
      [36m</div>[31m
    [36m</div>[31m
  [36m</div>[31m
[36m</body>[31m[39m
 [31m├ù[39m frontend/src/components/__tests__/TrackingsList.test.tsx[2m > [22mTrackingsList[2m > [22mshould format last day of month pattern[32m 9[2mms[22m[39m
[31m   ÔåÆ Found multiple elements with the text: Last day of month

Here are the matching elements:

Ignored nodes: comments, script, style
[36m<td[31m
  [33mclass[31m=[32m"cell-frequency"[31m
  [33mtitle[31m=[32m"No upcoming reminder"[31m
[36m>[31m
  [0mLast day of month[0m
[36m</td>[31m

Ignored nodes: comments, script, style
[36m<span[31m
  [33mclass[31m=[32m"tracking-card-value"[31m
[36m>[31m
  [0mLast day of month[0m
[36m</span>[31m

(If this is intentional, then use the `*AllBy*` variant of the query (like `queryAllByText`, `getAllByText`, or `findAllByText`)).

Ignored nodes: comments, script, style
[36m<body>[31m
  [36m<div>[31m
    [36m<div[31m
      [33mclass[31m=[32m"trackings-list"[31m
    [36m>[31m
      [36m<div[31m
        [33mclass[31m=[32m"trackings-list-content"[31m
      [36m>[31m
        [36m<table[31m
          [33mclass[31m=[32m"trackings-table"[31m
        [36m>[31m
          [36m<thead>[31m
            [36m<tr>[31m
              [36m<th[31m
                [33mclass[31m=[32m"col-tracking"[31m
              [36m>[31m
                [36m<div[31m
                  [33mclass[31m=[32m"header-with-filter"[31m
                [36m>[31m
                  [36m<button[31m
                    [33maria-expanded[31m=[32m"false"[31m
                    [33maria-label[31m=[32m"Show filters"[31m
                    [33mclass[31m=[32m"filter-toggle-button"[31m
                    [33mtitle[31m=[32m"Show filters"[31m
                    [33mtype[31m=[32m"button"[31m
                  [36m>[31m
                    [36m<span[31m
                      [33mclass[31m=[32m"filter-toggle-icon"[31m
                    [36m>[31m
                      [0m­ƒöì[0m
                    [36m</span>[31m
                  [36m</button>[31m
                  [36m<button[31m
                    [33maria-label[31m=[32m"Sort by tracking"[31m
                    [33mclass[31m=[32m"sortable-header"[31m
                    [33mtype[31m=[32m"button"[31m
                  [36m>[31m
                    [0mTracking[0m
                  [36m</button>[31m
                [36m</div>[31m
              [36m</th>[31m
              [36m<th[31m
                [33mclass[31m=[32m"col-notes"[31m
              [36m>[31m
                [0mNotes[0m
              [36m</th>[31m
              [36m<th[31m
                [33mclass[31m=[32m"col-times"[31m
              [36m>[31m
                [36m<button[31m
                  [33maria-label[31m=[32m"Sort by times"[31m
                  [33mclass[31m=[32m"sortable-header"[31m
                  [33mtype[31m=[32m"button"[31m
                [36m>[31m
                  [0mTimes[0m
                [36m</button>[31m
              [36m</th>[31m
              [36m<th[31m
                [33mclass[31m=[32m"col-frequency"[31m
              [36m>[31m
                [36m<button[31m
                  [33maria-label[31m=[32m"Sort by frequency"[31m
                  [33mclass[31m=[32m"sortable-header"[31m
                  [33mtype[31m=[32m"button"[31m
                [36m>[31m
                  [0mFrequency[0m
                [36m</button>[31m
              [36m</th>[31m
              [36m<th[31m
                [33mclass[31m=[32m"col-next-reminder"[31m
              [36m>[31m
                [36m<button[31m
                  [33maria-label[31m=[32m"Sort by next reminder"[31m
                  [33mclass[31m=[32m"sortable-header"[31m
                  [33mtype[31m=[32m"button"[31m
                [36m>[31m
                  [0mNext reminder[0m
                [36m</button>[31m
              [36m</th>[31m
              [36m<th[31m
                [33mclass[31m=[32m"col-status"[31m
              [36m>[31m
                [36m<button[31m
                  [33maria-label[31m=[32m"Sort by status"[31m
                  [33mclass[31m=[32m"sortable-header"[31m
                  [33mtype[31m=[32m"button"[31m
                [36m>[31m
                  [0mStatus[0m
                [36m</button>[31m
              [36m</th>[31m
              [36m<th[31m
                [33mclass[31m=[32m"col-actions"[31m
              [36m>[31m
                [0mActions[0m
              [36m</th>[31m
            [36m</tr>[31m
          [36m</thead>[31m
          [36m<tbody>[31m
            [36m<tr[31m
              [33mclass[31m=[32m"tracking-row"[31m
            [36m>[31m
              [36m<td[31m
                [33mclass[31m=[32m"cell-tracking"[31m
              [36m>[31m
                [36m<button[31m
                  [33maria-label[31m=[32m"Edit tracking: Did I exercise?"[31m
                  [33mclass[31m=[32m"tracking-name-link"[31m
                  [33mtitle[31m=[32m"Did I exercise?. Click to edit"[31m
                  [33mtype[31m=[32m"button"[31m
                [36m>[31m
                  [0mDid I exercise?[0m
                [36m</button>[31m
              [36m</td>[31m
              [36m<td[31m
                [33mclass[31m=[32m"cell-notes"[31m
              [36m>[31m
                [36m<span[31m
                  [33mclass[31m=[32m"notes-empty"[31m
                [36m>[31m
                  [0mÔÇö[0m
                [36m</span>[31m
              [36m</td>[31m
              [36m<td[31m
                [33mclass[31m=[32m"cell-times"[31m
                [33mtitle[31m=[32m"No times"[31m
              [36m/>[31m
              [36m<td[31m
                [33mclass[31m=[32m"cell-frequency"[31m
                [33mtitle[31m=[32m"No upcoming reminder"[31m
              [36m>[31m
                [0mLast day of month[0m
              [36m</td>[31m
              [36m<td[31m
                [33mclass[31m=[32m"cell-next-reminder"[31m
              [36m>[31m
                [0mÔÇö[0m
              [36m</td>[31m
              [36m<td[31m
                [33mclass[31m=[32m"cell-status"[31m
              [36m>[31m
                [36m<span[31m
                  [33mclass[31m=[32m"status-badge state-badge-running"[31m
                [36m>[31m
                  [0mRunning[0m
                [36m</span>[31m
              [36m</td>[31m
              [36m<td[31m
                [33mclass[31m=[32m"cell-actions"[31m
              [36m>[31m
                [36m<div[31m
                  [33mclass[31m=[32m"actions-container"[31m
                [36m>[31m
                  [36m<div[31m
                    [33mclass[31m=[32m"actions-buttons"[31m
                  [36m>[31m
                    [36m<button[31m
                      [33maria-label[31m=[32m"Pause"[31m
                      [33mclass[31m=[32m"action-button"[31m
                      [33mtitle[31m=[32m"Pause: Stops generating new reminders. Existing reminders remain active."[31m
                      [33mtype[31m=[32m"button"[31m
                    [36m>[31m
                      [0mÔÅ©´©Å[0m
                    [36m</button>[31m
                    [36m<button[31m
                      [33maria-label[31m=[32m"Archive"[31m
                      [33mclass[31m=[32m"action-button"[31m
                      [33mtitle[31m=[32m"Archive: Moves tracking to archived state and stops all reminder generation. All pending and upcoming reminders will be deleted."[31m
                      [33mtype[31m=[32m"button"[31m
                    [36m>[31m
                      [0m­ƒôª[0m
                    [36m</button>[31m
                    [36m<button[31m
                      [33maria-label[31m=[32m"Delete"[31m
                      [33mclass[31m=[32m"action-button"[31m
                      [33mtitle[31m=[32m"Delete: Permanently removes this tracking and all its reminders. This action cannot be undone."[31m
                      [33mtype[31m=[32m"button"[31m
                    [36m>[31m
                      [0m­ƒùæ´©Å[0m
                    [36m</button>[31m
                  [36m</div>[31m
                [36m</div>[31m
              [36m</td>[31m
            [36m</tr>[31m
          [36m</tbody>[31m
        [36m</table>[31m
        [36m<div[31m
          [33mclass[31m=[32m"trackings-cards"[31m
        [36m>[31m
          [36m<div[31m
            [33mclass[31m=[32m"tracking-card"[31m
          [36m>[31m
            [36m<div[31m
              [33mclass[31m=[32m"tracking-card-header"[31m
            [36m>[31m
              [36m<div[31m
                [33mclass[31m=[32m"tracking-card-title"[31m
              [36m>[31m
                [36m<h3[31m
                  [33mclass[31m=[32m"tracking-card-question"[31m
                [36m>[31m
                  [0mDid I exercise?[0m
                [36m</h3>[31m
                [36m<div[31m
                  [33mclass[31m=[32m"tracking-card-times"[31m
                [36m/>[31m
              [36m</div>[31m
            [36m</div>[31m
            [36m<div[31m
              [33mclass[31m=[32m"tracking-card-body"[31m
            [36m>[31m
              [36m<div[31m
                [33mclass[31m=[32m"tracking-card-row"[31m
              [36m>[31m
                [36m<span[31m
                  [33mclass[31m=[32m"tracking-card-label"[31m
                [36m>[31m
                  [0mFrequency[0m
                [36m</span>[31m
                [36m<span[31m
                  [33mclass[31m=[32m"tracking-card-value"[31m
                [36m>[31m
                  [0mLast day of month[0m
                [36m</span>[31m
              [36m</div>[31m
            [36m</div>[31m
            [36m<div[31m
              [33mclass[31m=[32m"tracking-card-footer"[31m
            [36m>[31m
              [36m<div[31m
                [33mclass[31m=[32m"tracking-card-status"[31m
              [36m>[31m
                [36m<span[31m
                  [33mclass[31m=[32m"status-badge state-badge-running"[31m
                [36m>[31m
                  [0mRunning[0m
                [36m</span>[31m
              [36m</div>[31m
              [36m<div[31m
                [33mclass[31m=[32m"tracking-card-actions"[31m
              [36m>[31m
                [36m<button[31m
                  [33maria-label[31m=[32m"Edit tracking"[31m
                  [33mclass[31m=[32m"action-button"[31m
                  [33mtitle[31m=[32m"Edit tracking"[31m
                  [33mtype[31m=[32m"button"[31m
                [36m>[31m
                  [0mÔ£Å´©Å[0m
                [36m</button>[31m
              [36m</div>[31m
            [36m</div>[31m
          [36m</div>[31m
        [36m</div>[31m
      [36m</div>[31m
    [36m</div>[31m
  [36m</div>[31m
[36m</body>[31m[39m
 [31m├ù[39m frontend/src/components/__tests__/TrackingsList.test.tsx[2m > [22mTrackingsList[2m > [22mshould format weekday ordinal pattern[32m 13[2mms[22m[39m
[31m   ÔåÆ Found multiple elements with the text: Second Monday of month

Here are the matching elements:

Ignored nodes: comments, script, style
[36m<td[31m
  [33mclass[31m=[32m"cell-frequency"[31m
  [33mtitle[31m=[32m"No upcoming reminder"[31m
[36m>[31m
  [0mSecond Monday of month[0m
[36m</td>[31m

Ignored nodes: comments, script, style
[36m<span[31m
  [33mclass[31m=[32m"tracking-card-value"[31m
[36m>[31m
  [0mSecond Monday of month[0m
[36m</span>[31m

(If this is intentional, then use the `*AllBy*` variant of the query (like `queryAllByText`, `getAllByText`, or `findAllByText`)).

Ignored nodes: comments, script, style
[36m<body>[31m
  [36m<div>[31m
    [36m<div[31m
      [33mclass[31m=[32m"trackings-list"[31m
    [36m>[31m
      [36m<div[31m
        [33mclass[31m=[32m"trackings-list-content"[31m
      [36m>[31m
        [36m<table[31m
          [33mclass[31m=[32m"trackings-table"[31m
        [36m>[31m
          [36m<thead>[31m
            [36m<tr>[31m
              [36m<th[31m
                [33mclass[31m=[32m"col-tracking"[31m
              [36m>[31m
                [36m<div[31m
                  [33mclass[31m=[32m"header-with-filter"[31m
                [36m>[31m
                  [36m<button[31m
                    [33maria-expanded[31m=[32m"false"[31m
                    [33maria-label[31m=[32m"Show filters"[31m
                    [33mclass[31m=[32m"filter-toggle-button"[31m
                    [33mtitle[31m=[32m"Show filters"[31m
                    [33mtype[31m=[32m"button"[31m
                  [36m>[31m
                    [36m<span[31m
                      [33mclass[31m=[32m"filter-toggle-icon"[31m
                    [36m>[31m
                      [0m­ƒöì[0m
                    [36m</span>[31m
                  [36m</button>[31m
                  [36m<button[31m
                    [33maria-label[31m=[32m"Sort by tracking"[31m
                    [33mclass[31m=[32m"sortable-header"[31m
                    [33mtype[31m=[32m"button"[31m
                  [36m>[31m
                    [0mTracking[0m
                  [36m</button>[31m
                [36m</div>[31m
              [36m</th>[31m
              [36m<th[31m
                [33mclass[31m=[32m"col-notes"[31m
              [36m>[31m
                [0mNotes[0m
              [36m</th>[31m
              [36m<th[31m
                [33mclass[31m=[32m"col-times"[31m
              [36m>[31m
                [36m<button[31m
                  [33maria-label[31m=[32m"Sort by times"[31m
                  [33mclass[31m=[32m"sortable-header"[31m
                  [33mtype[31m=[32m"button"[31m
                [36m>[31m
                  [0mTimes[0m
                [36m</button>[31m
              [36m</th>[31m
              [36m<th[31m
                [33mclass[31m=[32m"col-frequency"[31m
              [36m>[31m
                [36m<button[31m
                  [33maria-label[31m=[32m"Sort by frequency"[31m
                  [33mclass[31m=[32m"sortable-header"[31m
                  [33mtype[31m=[32m"button"[31m
                [36m>[31m
                  [0mFrequency[0m
                [36m</button>[31m
              [36m</th>[31m
              [36m<th[31m
                [33mclass[31m=[32m"col-next-reminder"[31m
              [36m>[31m
                [36m<button[31m
                  [33maria-label[31m=[32m"Sort by next reminder"[31m
                  [33mclass[31m=[32m"sortable-header"[31m
                  [33mtype[31m=[32m"button"[31m
                [36m>[31m
                  [0mNext reminder[0m
                [36m</button>[31m
              [36m</th>[31m
              [36m<th[31m
                [33mclass[31m=[32m"col-status"[31m
              [36m>[31m
                [36m<button[31m
                  [33maria-label[31m=[32m"Sort by status"[31m
                  [33mclass[31m=[32m"sortable-header"[31m
                  [33mtype[31m=[32m"button"[31m
                [36m>[31m
                  [0mStatus[0m
                [36m</button>[31m
              [36m</th>[31m
              [36m<th[31m
                [33mclass[31m=[32m"col-actions"[31m
              [36m>[31m
                [0mActions[0m
              [36m</th>[31m
            [36m</tr>[31m
          [36m</thead>[31m
          [36m<tbody>[31m
            [36m<tr[31m
              [33mclass[31m=[32m"tracking-row"[31m
            [36m>[31m
              [36m<td[31m
                [33mclass[31m=[32m"cell-tracking"[31m
              [36m>[31m
                [36m<button[31m
                  [33maria-label[31m=[32m"Edit tracking: Did I exercise?"[31m
                  [33mclass[31m=[32m"tracking-name-link"[31m
                  [33mtitle[31m=[32m"Did I exercise?. Click to edit"[31m
                  [33mtype[31m=[32m"button"[31m
                [36m>[31m
                  [0mDid I exercise?[0m
                [36m</button>[31m
              [36m</td>[31m
              [36m<td[31m
                [33mclass[31m=[32m"cell-notes"[31m
              [36m>[31m
                [36m<span[31m
                  [33mclass[31m=[32m"notes-empty"[31m
                [36m>[31m
                  [0mÔÇö[0m
                [36m</span>[31m
              [36m</td>[31m
              [36m<td[31m
                [33mclass[31m=[32m"cell-times"[31m
                [33mtitle[31m=[32m"No times"[31m
              [36m/>[31m
              [36m<td[31m
                [33mclass[31m=[32m"cell-frequency"[31m
                [33mtitle[31m=[32m"No upcoming reminder"[31m
              [36m>[31m
                [0mSecond Monday of month[0m
              [36m</td>[31m
              [36m<td[31m
                [33mclass[31m=[32m"cell-next-reminder"[31m
              [36m>[31m
                [0mÔÇö[0m
              [36m</td>[31m
              [36m<td[31m
                [33mclass[31m=[32m"cell-status"[31m
              [36m>[31m
                [36m<span[31m
                  [33mclass[31m=[32m"status-badge state-badge-running"[31m
                [36m>[31m
                  [0mRunning[0m
                [36m</span>[31m
              [36m</td>[31m
              [36m<td[31m
                [33mclass[31m=[32m"cell-actions"[31m
              [36m>[31m
                [36m<div[31m
                  [33mclass[31m=[32m"actions-container"[31m
                [36m>[31m
                  [36m<div[31m
                    [33mclass[31m=[32m"actions-buttons"[31m
                  [36m>[31m
                    [36m<button[31m
                      [33maria-label[31m=[32m"Pause"[31m
                      [33mclass[31m=[32m"action-button"[31m
                      [33mtitle[31m=[32m"Pause: Stops generating new reminders. Existing reminders remain active."[31m
                      [33mtype[31m=[32m"button"[31m
                    [36m>[31m
                      [0mÔÅ©´©Å[0m
                    [36m</button>[31m
                    [36m<button[31m
                      [33maria-label[31m=[32m"Archive"[31m
                      [33mclass[31m=[32m"action-button"[31m
                      [33mtitle[31m=[32m"Archive: Moves tracking to archived state and stops all reminder generation. All pending and upcoming reminders will be deleted."[31m
                      [33mtype[31m=[32m"button"[31m
                    [36m>[31m
                      [0m­ƒôª[0m
                    [36m</button>[31m
                    [36m<button[31m
                      [33maria-label[31m=[32m"Delete"[31m
                      [33mclass[31m=[32m"action-button"[31m
                      [33mtitle[31m=[32m"Delete: Permanently removes this tracking and all its reminders. This action cannot be undone."[31m
                      [33mtype[31m=[32m"button"[31m
                    [36m>[31m
                      [0m­ƒùæ´©Å[0m
                    [36m</button>[31m
                  [36m</div>[31m
                [36m</div>[31m
              [36m</td>[31m
            [36m</tr>[31m
          [36m</tbody>[31m
        [36m</table>[31m
        [36m<div[31m
          [33mclass[31m=[32m"trackings-cards"[31m
        [36m>[31m
          [36m<div[31m
            [33mclass[31m=[32m"tracking-card"[31m
          [36m>[31m
            [36m<div[31m
              [33mclass[31m=[32m"tracking-card-header"[31m
            [36m>[31m
              [36m<div[31m
                [33mclass[31m=[32m"tracking-card-title"[31m
              [36m>[31m
                [36m<h3[31m
                  [33mclass[31m=[32m"tracking-card-question"[31m
                [36m>[31m
                  [0mDid I exercise?[0m
                [36m</h3>[31m
                [36m<div[31m
                  [33mclass[31m=[32m"tracking-card-times"[31m
                [36m/>[31m
              [36m</div>[31m
            [36m</div>[31m
            [36m<div[31m
              [33mclass[31m=[32m"tracking-card-body"[31m
            [36m>[31m
              [36m<div[31m
                [33mclass[31m=[32m"tracking-card-row"[31m
              [36m>[31m
                [36m<span[31m
                  [33mclass[31m=[32m"tracking-card-label"[31m
                [36m>[31m
                  [0mFrequency[0m
                [36m</span>[31m
                [36m<span[31m
                  [33mclass[31m=[32m"tracking-card-value"[31m
                [36m>[31m
                  [0mSecond Monday of month[0m
                [36m</span>[31m
              [36m</div>[31m
            [36m</div>[31m
            [36m<div[31m
              [33mclass[31m=[32m"tracking-card-footer"[31m
            [36m>[31m
              [36m<div[31m
                [33mclass[31m=[32m"tracking-card-status"[31m
              [36m>[31m
                [36m<span[31m
                  [33mclass[31m=[32m"status-badge state-badge-running"[31m
                [36m>[31m
                  [0mRunning[0m
                [36m</span>[31m
              [36m</div>[31m
              [36m<div[31m
                [33mclass[31m=[32m"tracking-card-actions"[31m
              [36m>[31m
                [36m<button[31m
                  [33maria-label[31m=[32m"Edit tracking"[31m
                  [33mclass[31m=[32m"action-button"[31m
                  [33mtitle[31m=[32m"Edit tracking"[31m
                  [33mtype[31m=[32m"button"[31m
                [36m>[31m
                  [0mÔ£Å´©Å[0m
                [36m</button>[31m
              [36m</div>[31m
            [36m</div>[31m
          [36m</div>[31m
        [36m</div>[31m
      [36m</div>[31m
    [36m</div>[31m
  [36m</div>[31m
[36m</body>[31m[39m
 [31m├ù[39m frontend/src/components/__tests__/TrackingsList.test.tsx[2m > [22mTrackingsList[2m > [22mshould format all days of week as Daily[32m 17[2mms[22m[39m
[31m   ÔåÆ Found multiple elements with the text: Daily

Here are the matching elements:

Ignored nodes: comments, script, style
[36m<td[31m
  [33mclass[31m=[32m"cell-frequency"[31m
  [33mtitle[31m=[32m"No upcoming reminder"[31m
[36m>[31m
  [0mDaily[0m
[36m</td>[31m

Ignored nodes: comments, script, style
[36m<span[31m
  [33mclass[31m=[32m"tracking-card-value"[31m
[36m>[31m
  [0mDaily[0m
[36m</span>[31m

(If this is intentional, then use the `*AllBy*` variant of the query (like `queryAllByText`, `getAllByText`, or `findAllByText`)).

Ignored nodes: comments, script, style
[36m<body>[31m
  [36m<div>[31m
    [36m<div[31m
      [33mclass[31m=[32m"trackings-list"[31m
    [36m>[31m
      [36m<div[31m
        [33mclass[31m=[32m"trackings-list-content"[31m
      [36m>[31m
        [36m<table[31m
          [33mclass[31m=[32m"trackings-table"[31m
        [36m>[31m
          [36m<thead>[31m
            [36m<tr>[31m
              [36m<th[31m
                [33mclass[31m=[32m"col-tracking"[31m
              [36m>[31m
                [36m<div[31m
                  [33mclass[31m=[32m"header-with-filter"[31m
                [36m>[31m
                  [36m<button[31m
                    [33maria-expanded[31m=[32m"false"[31m
                    [33maria-label[31m=[32m"Show filters"[31m
                    [33mclass[31m=[32m"filter-toggle-button"[31m
                    [33mtitle[31m=[32m"Show filters"[31m
                    [33mtype[31m=[32m"button"[31m
                  [36m>[31m
                    [36m<span[31m
                      [33mclass[31m=[32m"filter-toggle-icon"[31m
                    [36m>[31m
                      [0m­ƒöì[0m
                    [36m</span>[31m
                  [36m</button>[31m
                  [36m<button[31m
                    [33maria-label[31m=[32m"Sort by tracking"[31m
                    [33mclass[31m=[32m"sortable-header"[31m
                    [33mtype[31m=[32m"button"[31m
                  [36m>[31m
                    [0mTracking[0m
                  [36m</button>[31m
                [36m</div>[31m
              [36m</th>[31m
              [36m<th[31m
                [33mclass[31m=[32m"col-notes"[31m
              [36m>[31m
                [0mNotes[0m
              [36m</th>[31m
              [36m<th[31m
                [33mclass[31m=[32m"col-times"[31m
              [36m>[31m
                [36m<button[31m
                  [33maria-label[31m=[32m"Sort by times"[31m
                  [33mclass[31m=[32m"sortable-header"[31m
                  [33mtype[31m=[32m"button"[31m
                [36m>[31m
                  [0mTimes[0m
                [36m</button>[31m
              [36m</th>[31m
              [36m<th[31m
                [33mclass[31m=[32m"col-frequency"[31m
              [36m>[31m
                [36m<button[31m
                  [33maria-label[31m=[32m"Sort by frequency"[31m
                  [33mclass[31m=[32m"sortable-header"[31m
                  [33mtype[31m=[32m"button"[31m
                [36m>[31m
                  [0mFrequency[0m
                [36m</button>[31m
              [36m</th>[31m
              [36m<th[31m
                [33mclass[31m=[32m"col-next-reminder"[31m
              [36m>[31m
                [36m<button[31m
                  [33maria-label[31m=[32m"Sort by next reminder"[31m
                  [33mclass[31m=[32m"sortable-header"[31m
                  [33mtype[31m=[32m"button"[31m
                [36m>[31m
                  [0mNext reminder[0m
                [36m</button>[31m
              [36m</th>[31m
              [36m<th[31m
                [33mclass[31m=[32m"col-status"[31m
              [36m>[31m
                [36m<button[31m
                  [33maria-label[31m=[32m"Sort by status"[31m
                  [33mclass[31m=[32m"sortable-header"[31m
                  [33mtype[31m=[32m"button"[31m
                [36m>[31m
                  [0mStatus[0m
                [36m</button>[31m
              [36m</th>[31m
              [36m<th[31m
                [33mclass[31m=[32m"col-actions"[31m
              [36m>[31m
                [0mActions[0m
              [36m</th>[31m
            [36m</tr>[31m
          [36m</thead>[31m
          [36m<tbody>[31m
            [36m<tr[31m
              [33mclass[31m=[32m"tracking-row"[31m
            [36m>[31m
              [36m<td[31m
                [33mclass[31m=[32m"cell-tracking"[31m
              [36m>[31m
                [36m<button[31m
                  [33maria-label[31m=[32m"Edit tracking: Did I exercise?"[31m
                  [33mclass[31m=[32m"tracking-name-link"[31m
                  [33mtitle[31m=[32m"Did I exercise?. Click to edit"[31m
                  [33mtype[31m=[32m"button"[31m
                [36m>[31m
                  [0mDid I exercise?[0m
                [36m</button>[31m
              [36m</td>[31m
              [36m<td[31m
                [33mclass[31m=[32m"cell-notes"[31m
              [36m>[31m
                [36m<span[31m
                  [33mclass[31m=[32m"notes-empty"[31m
                [36m>[31m
                  [0mÔÇö[0m
                [36m</span>[31m
              [36m</td>[31m
              [36m<td[31m
                [33mclass[31m=[32m"cell-times"[31m
                [33mtitle[31m=[32m"No times"[31m
              [36m/>[31m
              [36m<td[31m
                [33mclass[31m=[32m"cell-frequency"[31m
                [33mtitle[31m=[32m"No upcoming reminder"[31m
              [36m>[31m
                [0mDaily[0m
              [36m</td>[31m
              [36m<td[31m
                [33mclass[31m=[32m"cell-next-reminder"[31m
              [36m>[31m
                [0mÔÇö[0m
              [36m</td>[31m
              [36m<td[31m
                [33mclass[31m=[32m"cell-status"[31m
              [36m>[31m
                [36m<span[31m
                  [33mclass[31m=[32m"status-badge state-badge-running"[31m
                [36m>[31m
                  [0mRunning[0m
                [36m</span>[31m
              [36m</td>[31m
              [36m<td[31m
                [33mclass[31m=[32m"cell-actions"[31m
              [36m>[31m
                [36m<div[31m
                  [33mclass[31m=[32m"actions-container"[31m
                [36m>[31m
                  [36m<div[31m
                    [33mclass[31m=[32m"actions-buttons"[31m
                  [36m>[31m
                    [36m<button[31m
                      [33maria-label[31m=[32m"Pause"[31m
                      [33mclass[31m=[32m"action-button"[31m
                      [33mtitle[31m=[32m"Pause: Stops generating new reminders. Existing reminders remain active."[31m
                      [33mtype[31m=[32m"button"[31m
                    [36m>[31m
                      [0mÔÅ©´©Å[0m
                    [36m</button>[31m
                    [36m<button[31m
                      [33maria-label[31m=[32m"Archive"[31m
                      [33mclass[31m=[32m"action-button"[31m
                      [33mtitle[31m=[32m"Archive: Moves tracking to archived state and stops all reminder generation. All pending and upcoming reminders will be deleted."[31m
                      [33mtype[31m=[32m"button"[31m
                    [36m>[31m
                      [0m­ƒôª[0m
                    [36m</button>[31m
                    [36m<button[31m
                      [33maria-label[31m=[32m"Delete"[31m
                      [33mclass[31m=[32m"action-button"[31m
                      [33mtitle[31m=[32m"Delete: Permanently removes this tracking and all its reminders. This action cannot be undone."[31m
                      [33mtype[31m=[32m"button"[31m
                    [36m>[31m
                      [0m­ƒùæ´©Å[0m
                    [36m</button>[31m
                  [36m</div>[31m
                [36m</div>[31m
              [36m</td>[31m
            [36m</tr>[31m
          [36m</tbody>[31m
        [36m</table>[31m
        [36m<div[31m
          [33mclass[31m=[32m"trackings-cards"[31m
        [36m>[31m
          [36m<div[31m
            [33mclass[31m=[32m"tracking-card"[31m
          [36m>[31m
            [36m<div[31m
              [33mclass[31m=[32m"tracking-card-header"[31m
            [36m>[31m
              [36m<div[31m
                [33mclass[31m=[32m"tracking-card-title"[31m
              [36m>[31m
                [36m<h3[31m
                  [33mclass[31m=[32m"tracking-card-question"[31m
                [36m>[31m
                  [0mDid I exercise?[0m
                [36m</h3>[31m
                [36m<div[31m
                  [33mclass[31m=[32m"tracking-card-times"[31m
                [36m/>[31m
              [36m</div>[31m
            [36m</div>[31m
            [36m<div[31m
              [33mclass[31m=[32m"tracking-card-body"[31m
            [36m>[31m
              [36m<div[31m
                [33mclass[31m=[32m"tracking-card-row"[31m
              [36m>[31m
                [36m<span[31m
                  [33mclass[31m=[32m"tracking-card-label"[31m
                [36m>[31m
                  [0mFrequency[0m
                [36m</span>[31m
                [36m<span[31m
                  [33mclass[31m=[32m"tracking-card-value"[31m
                [36m>[31m
                  [0mDaily[0m
                [36m</span>[31m
              [36m</div>[31m
            [36m</div>[31m
            [36m<div[31m
              [33mclass[31m=[32m"tracking-card-footer"[31m
            [36m>[31m
              [36m<div[31m
                [33mclass[31m=[32m"tracking-card-status"[31m
              [36m>[31m
                [36m<span[31m
                  [33mclass[31m=[32m"status-badge state-badge-running"[31m
                [36m>[31m
                  [0mRunning[0m
                [36m</span>[31m
              [36m</div>[31m
              [36m<div[31m
                [33mclass[31m=[32m"tracking-card-actions"[31m
              [36m>[31m
                [36m<button[31m
                  [33maria-label[31m=[32m"Edit tracking"[31m
                  [33mclass[31m=[32m"action-button"[31m
                  [33mtitle[31m=[32m"Edit tracking"[31m
                  [33mtype[31m=[32m"button"[31m
                [36m>[31m
                  [0mÔ£Å´©Å[0m
                [36m</button>[31m
              [36m</div>[31m
            [36m</div>[31m
          [36m</div>[31m
        [36m</div>[31m
      [36m</div>[31m
    [36m</div>[31m
  [36m</div>[31m
[36m</body>[31m[39m
 [32mÔ£ô[39m frontend/src/hooks/__tests__/useAuth.test.ts[2m > [22museAuth[2m > [22mupdateProfile[2m > [22mshould update profile successfully when authenticated[32m 138[2mms[22m[39m
 [32mÔ£ô[39m frontend/src/components/__tests__/EditTrackingModal.test.tsx[2m > [22mEditTrackingModal[2m > [22mshould update notes when input changes[32m 154[2mms[22m[39m
 [32mÔ£ô[39m frontend/src/components/__tests__/AuthForm.test.tsx[2m > [22mAuthForm[2m > [22mLogin mode[2m > [22mshould show magic link sent message after successful request[32m 290[2mms[22m[39m
 [32mÔ£ô[39m frontend/src/components/__tests__/DaysPatternInput.test.tsx[2m > [22mDaysPatternInput[2m > [22mshould be disabled when disabled prop is true[32m 17[2mms[22m[39m
 [32mÔ£ô[39m frontend/src/components/__tests__/DaysPatternInput.test.tsx[2m > [22mDaysPatternInput[2m > [22mshould call onErrorChange when validation fails[32m 71[2mms[22m[39m
 [32mÔ£ô[39m frontend/src/components/__tests__/DeleteUserConfirmationModal.test.tsx[2m > [22mDeleteUserConfirmationModal[2m > [22mshould not call onConfirm when form is submitted without correct confirmation[32m 133[2mms[22m[39m
 [32mÔ£ô[39m frontend/src/components/__tests__/DeleteTrackingConfirmationModal.test.tsx[2m > [22mDeleteTrackingConfirmationModal[2m > [22mshould show loading state when deleting[32m 150[2mms[22m[39m
 [32mÔ£ô[39m frontend/src/hooks/base/__tests__/useEntityFactory.test.ts[2m > [22museEntityFactory[2m > [22mCreate Entity[2m > [22mshould handle errors when creating entity[32m 64[2mms[22m[39m
 [32mÔ£ô[39m frontend/src/hooks/base/__tests__/useEntityFactory.test.ts[2m > [22museEntityFactory[2m > [22mUpdate Entity[2m > [22mshould provide updateEntity function when configured[32m 73[2mms[22m[39m
 [32mÔ£ô[39m frontend/src/components/__tests__/EditTrackingModal.test.tsx[2m > [22mEditTrackingModal[2m > [22mshould show error for empty question[32m 75[2mms[22m[39m
 [32mÔ£ô[39m frontend/src/hooks/__tests__/useAuth.test.ts[2m > [22museAuth[2m > [22mupdateProfile[2m > [22mshould update profile with profile picture[32m 129[2mms[22m[39m
 [32mÔ£ô[39m frontend/src/hooks/__tests__/useAuth.test.ts[2m > [22museAuth[2m > [22mupdateProfile[2m > [22mshould throw error when not authenticated[32m 6[2mms[22m[39m
 [32mÔ£ô[39m frontend/src/hooks/__tests__/useAuth.test.ts[2m > [22museAuth[2m > [22mupdateProfile[2m > [22mshould throw error when update fails[32m 60[2mms[22m[39m
 [32mÔ£ô[39m frontend/src/components/__tests__/TrackingsList.test.tsx[2m > [22mTrackingsList[2m > [22mshould show delete confirmation modal when delete button is clicked for archived tracking[32m 125[2mms[22m[39m
 [32mÔ£ô[39m frontend/src/components/__tests__/TrackingsList.test.tsx[2m > [22mTrackingsList[2m > [22mshould not show delete confirmation modal for non-delete state changes[32m 61[2mms[22m[39m
 [32mÔ£ô[39m frontend/src/components/__tests__/TrackingForm.test.tsx[2m > [22mTrackingForm[2m > [22mshould call onSubmit with form data when submitted[33m 618[2mms[22m[39m
 [32mÔ£ô[39m frontend/src/components/__tests__/EditProfileModal.test.tsx[2m > [22mEditProfileModal[2m > [22mshould submit form with updated name[32m 266[2mms[22m[39m
 [32mÔ£ô[39m frontend/src/components/__tests__/EditProfileModal.test.tsx[2m > [22mEditProfileModal[2m > [22mshould handle profile picture file selection[32m 40[2mms[22m[39m
 [32mÔ£ô[39m frontend/src/components/__tests__/EditProfileModal.test.tsx[2m > [22mEditProfileModal[2m > [22mshould show error for non-image file[32m 14[2mms[22m[39m
 [32mÔ£ô[39m frontend/src/components/__tests__/DaysPatternInput.test.tsx[2m > [22mDaysPatternInput[2m > [22mshould handle monthly day input[32m 78[2mms[22m[39m
 [32mÔ£ô[39m frontend/src/components/__tests__/ChangeEmailModal.test.tsx[2m > [22mChangeEmailModal[2m > [22mshould disable button and prevent submission when email is same as current[32m 229[2mms[22m[39m
 [32mÔ£ô[39m frontend/src/components/__tests__/DeleteUserConfirmationModal.test.tsx[2m > [22mDeleteUserConfirmationModal[2m > [22mshould show loading state when deleting[32m 153[2mms[22m[39m
 [32mÔ£ô[39m frontend/src/components/__tests__/DeleteTrackingConfirmationModal.test.tsx[2m > [22mDeleteTrackingConfirmationModal[2m > [22mshould show error message on delete failure[32m 153[2mms[22m[39m
 [32mÔ£ô[39m frontend/src/hooks/base/__tests__/useEntityFactory.test.ts[2m > [22museEntityFactory[2m > [22mUpdate Entity[2m > [22mshould throw error when updateEntity is called but not configured[32m 60[2mms[22m[39m
 [32mÔ£ô[39m frontend/src/hooks/base/__tests__/useEntityFactory.test.ts[2m > [22museEntityFactory[2m > [22mUpdate Entity[2m > [22mshould throw error when not authenticated[32m 60[2mms[22m[39m
 [32mÔ£ô[39m frontend/src/components/__tests__/EditTrackingModal.test.tsx[2m > [22mEditTrackingModal[2m > [22mshould show error for question exceeding 100 characters[32m 146[2mms[22m[39m
 [32mÔ£ô[39m frontend/src/components/__tests__/AuthForm.test.tsx[2m > [22mAuthForm[2m > [22mLogin mode[2m > [22mshould allow sending another link in login mode[32m 241[2mms[22m[39m
 [32mÔ£ô[39m frontend/src/components/__tests__/AuthForm.test.tsx[2m > [22mAuthForm[2m > [22mLogin mode[2m > [22mshould show error when email is empty[32m 17[2mms[22m[39m
 [32mÔ£ô[39m frontend/src/components/__tests__/AuthForm.test.tsx[2m > [22mAuthForm[2m > [22mRegister mode[2m > [22mshould toggle to register mode[32m 43[2mms[22m[39m
 [32mÔ£ô[39m frontend/src/components/__tests__/DeleteTrackingConfirmationModal.test.tsx[2m > [22mDeleteTrackingConfirmationModal[2m > [22mshould close error message when close button is clicked[32m 196[2mms[22m[39m
 [32mÔ£ô[39m frontend/src/components/__tests__/EditProfileModal.test.tsx[2m > [22mEditProfileModal[2m > [22mshould show error for file larger than 5MB[32m 268[2mms[22m[39m
 [32mÔ£ô[39m frontend/src/components/__tests__/DaysPatternInput.test.tsx[2m > [22mDaysPatternInput[2m > [22mshould handle monthly last day option[32m 102[2mms[22m[39m
node.exe : [90mstderr[2m | 
frontend/src/hooks/base/__tes
ts__/useEntityFactory.test.ts
[2m > [22m[2museEntityFact
ory[2m > [22m[2mUpdate 
Entity[2m > [22m[2mshould 
handle errors when updating 
entity and reload entities
En línea: 1 Carácter: 1
+ & "C:\Program 
Files\nodejs/node.exe" "C:\Us
ers\twall\AppData\Roaming\ 
...
+ ~~~~~~~~~~~~~~~~~~~~~~~~~~~
~~~~~~~~~~~~~~~~~~~~~~~~~~~~~
~~~~~~~~~~~~~
    + CategoryInfo           
   : NotSpecified: ([90mst  
  derr[2m...reload entiti   
 es:String) [], RemoteExc    
eption
    + FullyQualifiedErrorId  
   : NativeCommandError
 
[22m[39mWarning: The 
current testing environment 
is not configured to support 
act(...)
Warning: The current testing 
environment is not 
configured to support 
act(...)
Warning: The current testing 
environment is not 
configured to support 
act(...)

 [32mÔ£ô[39m frontend/src/hooks/base/__tests__/useEntityFactory.test.ts[2m > [22museEntityFactory[2m > [22mUpdate Entity[2m > [22mshould use optimistic update when configured[32m 73[2mms[22m[39m
 [32mÔ£ô[39m frontend/src/hooks/__tests__/useAuth.test.ts[2m > [22museAuth[2m > [22mdeleteUser[2m > [22mshould delete user successfully when authenticated[32m 138[2mms[22m[39m
 [32mÔ£ô[39m frontend/src/hooks/__tests__/useAuth.test.ts[2m > [22museAuth[2m > [22mdeleteUser[2m > [22mshould throw error when not authenticated[32m 15[2mms[22m[39m
 [32mÔ£ô[39m frontend/src/hooks/__tests__/useAuth.test.ts[2m > [22museAuth[2m > [22mdeleteUser[2m > [22mshould throw error when deletion fails[32m 62[2mms[22m[39m
 [32mÔ£ô[39m frontend/src/components/__tests__/DeleteUserConfirmationModal.test.tsx[2m > [22mDeleteUserConfirmationModal[2m > [22mshould close error message when close button is clicked[32m 173[2mms[22m[39m
 [32mÔ£ô[39m frontend/src/components/__tests__/DeleteUserConfirmationModal.test.tsx[2m > [22mDeleteUserConfirmationModal[2m > [22mshould display warning messages[32m 15[2mms[22m[39m
 [32mÔ£ô[39m frontend/src/components/__tests__/DeleteTrackingConfirmationModal.test.tsx[2m > [22mDeleteTrackingConfirmationModal[2m > [22mshould display warning messages[32m 10[2mms[22m[39m
 [32mÔ£ô[39m frontend/src/components/__tests__/EditProfileModal.test.tsx[2m > [22mEditProfileModal[2m > [22mshould remove profile picture[32m 111[2mms[22m[39m
 [32mÔ£ô[39m frontend/src/components/__tests__/EditProfileModal.test.tsx[2m > [22mEditProfileModal[2m > [22mshould show loading state when submitting[32m 63[2mms[22m[39m
 [32mÔ£ô[39m frontend/src/components/__tests__/EditTrackingModal.test.tsx[2m > [22mEditTrackingModal[2m > [22mshould submit form with updated question[32m 105[2mms[22m[39m
 [32mÔ£ô[39m frontend/src/components/__tests__/EditTrackingModal.test.tsx[2m > [22mEditTrackingModal[2m > [22mshould show loading state when submitting[32m 94[2mms[22m[39m
 [32mÔ£ô[39m frontend/src/hooks/base/__tests__/useEntityFactory.test.ts[2m > [22museEntityFactory[2m > [22mUpdate Entity[2m > [22mshould handle errors when updating entity and reload entities[32m 82[2mms[22m[39m
 [32mÔ£ô[39m frontend/src/hooks/base/__tests__/useEntityFactory.test.ts[2m > [22museEntityFactory[2m > [22mDelete Entity[2m > [22mshould provide deleteEntity function when configured[32m 64[2mms[22m[39m
 [32mÔ£ô[39m frontend/src/components/__tests__/DaysPatternInput.test.tsx[2m > [22mDaysPatternInput[2m > [22mshould handle monthly weekday ordinal option[32m 147[2mms[22m[39m
 [32mÔ£ô[39m frontend/src/components/__tests__/ChangeEmailModal.test.tsx[2m > [22mChangeEmailModal[2m > [22mshould submit form with valid new email[32m 275[2mms[22m[39m
 [32mÔ£ô[39m frontend/src/components/__tests__/DeleteUserConfirmationModal.test.tsx[2m > [22mDeleteUserConfirmationModal[2m > [22mshould disable confirmation input when deleting[32m 118[2mms[22m[39m
 [32mÔ£ô[39m frontend/src/components/__tests__/DeleteTrackingConfirmationModal.test.tsx[2m > [22mDeleteTrackingConfirmationModal[2m > [22mshould disable confirmation input when deleting[32m 117[2mms[22m[39m
 [32mÔ£ô[39m backend/src/__tests__/server.test.ts[2m > [22mServer Configuration - Integration Tests[2m > [22mServer.ts Complete Integration - Real Execution Tests[2m > [22mshould handle database close error during shutdown[33m 522[2mms[22m[39m
 [32mÔ£ô[39m frontend/src/components/__tests__/TrackingsList.test.tsx[2m > [22mTrackingsList[2m > [22mshould call deleteTracking when delete is confirmed[32m 298[2mms[22m[39m
 [32mÔ£ô[39m frontend/src/hooks/base/__tests__/useEntityFactory.test.ts[2m > [22museEntityFactory[2m > [22mDelete Entity[2m > [22mshould throw error when deleteEntity is called but not configured[32m 70[2mms[22m[39m
 [32mÔ£ô[39m frontend/src/components/__tests__/EditProfileModal.test.tsx[2m > [22mEditProfileModal[2m > [22mshould close error message when close button is clicked[32m 90[2mms[22m[39m
 [32mÔ£ô[39m frontend/src/components/__tests__/DaysPatternInput.test.tsx[2m > [22mDaysPatternInput[2m > [22mshould handle yearly month and day inputs[32m 118[2mms[22m[39m
 [32mÔ£ô[39m frontend/src/components/__tests__/EditProfileModal.test.tsx[2m > [22mEditProfileModal[2m > [22mshould prevent double submission[32m 85[2mms[22m[39m
 [32mÔ£ô[39m frontend/src/components/__tests__/EditProfileModal.test.tsx[2m > [22mEditProfileModal[2m > [22mshould display current profile picture if available[32m 9[2mms[22m[39m
 [32mÔ£ô[39m frontend/src/hooks/base/__tests__/useEntityFactory.test.ts[2m > [22museEntityFactory[2m > [22mDelete Entity[2m > [22mshould throw error when not authenticated[32m 71[2mms[22m[39m
 [32mÔ£ô[39m frontend/src/hooks/base/__tests__/useEntityFactory.test.ts[2m > [22museEntityFactory[2m > [22mDelete Entity[2m > [22mshould use optimistic delete when configured[32m 87[2mms[22m[39m
 [32mÔ£ô[39m frontend/src/components/__tests__/TrackingsList.test.tsx[2m > [22mTrackingsList[2m > [22mshould close modal when cancel is clicked[32m 145[2mms[22m[39m
 [31m├ù[39m frontend/src/components/__tests__/TrackingsList.test.tsx[2m > [22mTrackingsList[2m > [22mshould filter out deleted trackings from display[32m 15[2mms[22m[39m
[31m   ÔåÆ Found multiple elements with the text: Did I exercise?

Here are the matching elements:

Ignored nodes: comments, script, style
[36m<button[31m
  [33maria-label[31m=[32m"Edit tracking: Did I exercise?"[31m
  [33mclass[31m=[32m"tracking-name-link"[31m
  [33mtitle[31m=[32m"Did I exercise?. Click to edit"[31m
  [33mtype[31m=[32m"button"[31m
[36m>[31m
  [0mDid I exercise?[0m
[36m</button>[31m

Ignored nodes: comments, script, style
[36m<h3[31m
  [33mclass[31m=[32m"tracking-card-question"[31m
[36m>[31m
  [0mDid I exercise?[0m
[36m</h3>[31m

(If this is intentional, then use the `*AllBy*` variant of the query (like `queryAllByText`, `getAllByText`, or `findAllByText`)).

Ignored nodes: comments, script, style
[36m<body>[31m
  [36m<div>[31m
    [36m<div[31m
      [33mclass[31m=[32m"trackings-list"[31m
    [36m>[31m
      [36m<div[31m
        [33mclass[31m=[32m"trackings-list-content"[31m
      [36m>[31m
        [36m<table[31m
          [33mclass[31m=[32m"trackings-table"[31m
        [36m>[31m
          [36m<thead>[31m
            [36m<tr>[31m
              [36m<th[31m
                [33mclass[31m=[32m"col-tracking"[31m
              [36m>[31m
                [36m<div[31m
                  [33mclass[31m=[32m"header-with-filter"[31m
                [36m>[31m
                  [36m<button[31m
                    [33maria-expanded[31m=[32m"false"[31m
                    [33maria-label[31m=[32m"Show filters"[31m
                    [33mclass[31m=[32m"filter-toggle-button"[31m
                    [33mtitle[31m=[32m"Show filters"[31m
                    [33mtype[31m=[32m"button"[31m
                  [36m>[31m
                    [36m<span[31m
                      [33mclass[31m=[32m"filter-toggle-icon"[31m
                    [36m>[31m
                      [0m­ƒöì[0m
                    [36m</span>[31m
                  [36m</button>[31m
                  [36m<button[31m
                    [33maria-label[31m=[32m"Sort by tracking"[31m
                    [33mclass[31m=[32m"sortable-header"[31m
                    [33mtype[31m=[32m"button"[31m
                  [36m>[31m
                    [0mTracking[0m
                  [36m</button>[31m
                [36m</div>[31m
              [36m</th>[31m
              [36m<th[31m
                [33mclass[31m=[32m"col-notes"[31m
              [36m>[31m
                [0mNotes[0m
              [36m</th>[31m
              [36m<th[31m
                [33mclass[31m=[32m"col-times"[31m
              [36m>[31m
                [36m<button[31m
                  [33maria-label[31m=[32m"Sort by times"[31m
                  [33mclass[31m=[32m"sortable-header"[31m
                  [33mtype[31m=[32m"button"[31m
                [36m>[31m
                  [0mTimes[0m
                [36m</button>[31m
              [36m</th>[31m
              [36m<th[31m
                [33mclass[31m=[32m"col-frequency"[31m
              [36m>[31m
                [36m<button[31m
                  [33maria-label[31m=[32m"Sort by frequency"[31m
                  [33mclass[31m=[32m"sortable-header"[31m
                  [33mtype[31m=[32m"button"[31m
                [36m>[31m
                  [0mFrequency[0m
                [36m</button>[31m
              [36m</th>[31m
              [36m<th[31m
                [33mclass[31m=[32m"col-next-reminder"[31m
              [36m>[31m
                [36m<button[31m
                  [33maria-label[31m=[32m"Sort by next reminder"[31m
                  [33mclass[31m=[32m"sortable-header"[31m
                  [33mtype[31m=[32m"button"[31m
                [36m>[31m
                  [0mNext reminder[0m
                [36m</button>[31m
              [36m</th>[31m
              [36m<th[31m
                [33mclass[31m=[32m"col-status"[31m
              [36m>[31m
                [36m<button[31m
                  [33maria-label[31m=[32m"Sort by status"[31m
                  [33mclass[31m=[32m"sortable-header"[31m
                  [33mtype[31m=[32m"button"[31m
                [36m>[31m
                  [0mStatus[0m
                [36m</button>[31m
              [36m</th>[31m
              [36m<th[31m
                [33mclass[31m=[32m"col-actions"[31m
              [36m>[31m
                [0mActions[0m
              [36m</th>[31m
            [36m</tr>[31m
          [36m</thead>[31m
          [36m<tbody>[31m
            [36m<tr[31m
              [33mclass[31m=[32m"tracking-row"[31m
            [36m>[31m
              [36m<td[31m
                [33mclass[31m=[32m"cell-tracking"[31m
              [36m>[31m
                [36m<button[31m
                  [33maria-label[31m=[32m"Edit tracking: Did I exercise?"[31m
                  [33mclass[31m=[32m"tracking-name-link"[31m
                  [33mtitle[31m=[32m"Did I exercise?. Click to edit"[31m
                  [33mtype[31m=[32m"button"[31m
                [36m>[31m
                  [0mDid I exercise?[0m
                [36m</button>[31m
              [36m</td>[31m
              [36m<td[31m
                [33mclass[31m=[32m"cell-notes"[31m
              [36m>[31m
                [36m<span[31m
                  [33mclass[31m=[32m"notes-empty"[31m
                [36m>[31m
                  [0mÔÇö[0m
                [36m</span>[31m
              [36m</td>[31m
              [36m<td[31m
                [33mclass[31m=[32m"cell-times"[31m
                [33mtitle[31m=[32m"No times"[31m
              [36m/>[31m
              [36m<td[31m
                [33mclass[31m=[32m"cell-frequency"[31m
                [33mtitle[31m=[32m"No upcoming reminder"[31m
              [36m>[31m
                [0mDaily[0m
              [36m</td>[31m
              [36m<td[31m
                [33mclass[31m=[32m"cell-next-reminder"[31m
              [36m>[31m
                [0mÔÇö[0m
              [36m</td>[31m
              [36m<td[31m
                [33mclass[31m=[32m"cell-status"[31m
              [36m>[31m
                [36m<span[31m
                  [33mclass[31m=[32m"status-badge state-badge-running"[31m
                [36m>[31m
                  [0mRunning[0m
                [36m</span>[31m
              [36m</td>[31m
              [36m<td[31m
                [33mclass[31m=[32m"cell-actions"[31m
              [36m>[31m
                [36m<div[31m
                  [33mclass[31m=[32m"actions-container"[31m
                [36m>[31m
                  [36m<div[31m
                    [33mclass[31m=[32m"actions-buttons"[31m
                  [36m>[31m
                    [36m<button[31m
                      [33maria-label[31m=[32m"Pause"[31m
                      [33mclass[31m=[32m"action-button"[31m
                      [33mtitle[31m=[32m"Pause: Stops generating new reminders. Existing reminders remain active."[31m
                      [33mtype[31m=[32m"button"[31m
                    [36m>[31m
                      [0mÔÅ©´©Å[0m
                    [36m</button>[31m
                    [36m<button[31m
                      [33maria-label[31m=[32m"Archive"[31m
                      [33mclass[31m=[32m"action-button"[31m
                      [33mtitle[31m=[32m"Archive: Moves tracking to archived state and stops all reminder generation. All pending and upcoming reminders will be deleted."[31m
                      [33mtype[31m=[32m"button"[31m
                    [36m>[31m
                      [0m­ƒôª[0m
                    [36m</button>[31m
                    [36m<button[31m
                      [33maria-label[31m=[32m"Delete"[31m
                      [33mclass[31m=[32m"action-button"[31m
                      [33mtitle[31m=[32m"Delete: Permanently removes this tracking and all its reminders. This action cannot be undone."[31m
                      [33mtype[31m=[32m"button"[31m
                    [36m>[31m
                      [0m­ƒùæ´©Å[0m
                    [36m</button>[31m
                  [36m</div>[31m
                [36m</div>[31m
              [36m</td>[31m
            [36m</tr>[31m
          [36m</tbody>[31m
        [36m</table>[31m
        [36m<div[31m
          [33mclass[31m=[32m"trackings-cards"[31m
        [36m>[31m
          [36m<div[31m
            [33mclass[31m=[32m"tracking-card"[31m
          [36m>[31m
            [36m<div[31m
              [33mclass[31m=[32m"tracking-card-header"[31m
            [36m>[31m
              [36m<div[31m
                [33mclass[31m=[32m"tracking-card-title"[31m
              [36m>[31m
                [36m<h3[31m
                  [33mclass[31m=[32m"tracking-card-question"[31m
                [36m>[31m
                  [0mDid I exercise?[0m
                [36m</h3>[31m
                [36m<div[31m
                  [33mclass[31m=[32m"tracking-card-times"[31m
                [36m/>[31m
              [36m</div>[31m
            [36m</div>[31m
            [36m<div[31m
              [33mclass[31m=[32m"tracking-card-body"[31m
            [36m>[31m
              [36m<div[31m
                [33mclass[31m=[32m"tracking-card-row"[31m
              [36m>[31m
                [36m<span[31m
                  [33mclass[31m=[32m"tracking-card-label"[31m
                [36m>[31m
                  [0mFrequency[0m
                [36m</span>[31m
                [36m<span[31m
                  [33mclass[31m=[32m"tracking-card-value"[31m
                [36m>[31m
                  [0mDaily[0m
                [36m</span>[31m
              [36m</div>[31m
            [36m</div>[31m
            [36m<div[31m
              [33mclass[31m=[32m"tracking-card-footer"[31m
            [36m>[31m
              [36m<div[31m
                [33mclass[31m=[32m"tracking-card-status"[31m
              [36m>[31m
                [36m<span[31m
                  [33mclass[31m=[32m"status-badge state-badge-running"[31m
                [36m>[31m
                  [0mRunning[0m
                [36m</span>[31m
              [36m</div>[31m
              [36m<div[31m
                [33mclass[31m=[32m"tracking-card-actions"[31m
              [36m>[31m
                [36m<button[31m
                  [33maria-label[31m=[32m"Edit tracking"[31m
                  [33mclass[31m=[32m"action-button"[31m
                  [33mtitle[31m=[32m"Edit tracking"[31m
                  [33mtype[31m=[32m"button"[31m
                [36m>[31m
                  [0mÔ£Å´©Å[0m
                [36m</button>[31m
              [36m</div>[31m
            [36m</div>[31m
          [36m</div>[31m
        [36m</div>[31m
      [36m</div>[31m
    [36m</div>[31m
  [36m</div>[31m
[36m</body>[31m[39m
 [32mÔ£ô[39m frontend/src/components/__tests__/TrackingsList.test.tsx[2m > [22mTrackingsList[2m > [22mshould call onCreateTracking callback with createTracking function[32m 4[2mms[22m[39m
 [32mÔ£ô[39m frontend/src/components/__tests__/TrackingsList.test.tsx[2m > [22mTrackingsList[2m > [22mshould not call onCreateTracking if prop is not provided[32m 3[2mms[22m[39m
 [32mÔ£ô[39m frontend/src/components/__tests__/TrackingsList.test.tsx[2m > [22mTrackingsList[2m > [22mFiltering[2m > [22mshould not show filter button when there are no trackings[32m 3[2mms[22m[39m
 [32mÔ£ô[39m frontend/src/components/__tests__/DaysPatternInput.test.tsx[2m > [22mDaysPatternInput[2m > [22mshould default to Monday when switching to weekly[32m 97[2mms[22m[39m
[90mstderr[2m | frontend/sr
c/hooks/base/__tests__/useEnt
ityFactory.test.ts[2m > [22
m[2museEntityFactory[2m > 
[22m[2mDelete Entity[2m > 
[22m[2mshould handle 
errors when deleting entity 
and reload entities
[22m[39mWarning: The 
current testing environment 
is not configured to support 
act(...)
Warning: The current testing 
environment is not 
configured to support 
act(...)
Warning: The current testing 
environment is not 
configured to support 
act(...)

 [32mÔ£ô[39m frontend/src/components/__tests__/DaysPatternInput.test.tsx[2m > [22mDaysPatternInput[2m > [22mshould work without onErrorChange callback[32m 103[2mms[22m[39m
 [32mÔ£ô[39m frontend/src/components/__tests__/DaysPatternInput.test.tsx[2m > [22mDaysPatternInput[2m > [22mshould not display error when error prop is null[32m 10[2mms[22m[39m
 [32mÔ£ô[39m frontend/src/components/__tests__/DaysPatternInput.test.tsx[2m > [22mDaysPatternInput[2m > [22mshould handle disabled state for all inputs[32m 19[2mms[22m[39m
 [32mÔ£ô[39m frontend/src/components/__tests__/AuthForm.test.tsx[2m > [22mAuthForm[2m > [22mRegister mode[2m > [22mshould request registration magic link[33m 436[2mms[22m[39m
 [32mÔ£ô[39m frontend/src/hooks/base/__tests__/useEntityFactory.test.ts[2m > [22museEntityFactory[2m > [22mDelete Entity[2m > [22mshould handle errors when deleting entity and reload entities[32m 92[2mms[22m[39m
 [32mÔ£ô[39m frontend/src/hooks/__tests__/useReminders.test.ts[2m > [22museReminders[2m > [22mtoken watching[2m > [22mshould not poll when no token exists[33m 1221[2mms[22m[39m
 [32mÔ£ô[39m frontend/src/hooks/__tests__/useReminders.test.ts[2m > [22museReminders[2m > [22mupdateReminder[2m > [22mshould update reminder successfully[32m 72[2mms[22m[39m
 [32mÔ£ô[39m frontend/src/hooks/__tests__/useReminders.test.ts[2m > [22museReminders[2m > [22mupdateReminder[2m > [22mshould throw error when not authenticated[32m 9[2mms[22m[39m
 [32mÔ£ô[39m frontend/src/components/__tests__/ChangeEmailModal.test.tsx[2m > [22mChangeEmailModal[2m > [22mshould show success message after email is sent[33m 328[2mms[22m[39m
 [32mÔ£ô[39m frontend/src/components/__tests__/TrackingsList.test.tsx[2m > [22mTrackingsList[2m > [22mFiltering[2m > [22mshould show filter panel when toggle button is clicked[32m 124[2mms[22m[39m
 [32mÔ£ô[39m frontend/src/components/__tests__/TrackingForm.test.tsx[2m > [22mTrackingForm[2m > [22mshould call onSubmit with notes when provided[33m 682[2mms[22m[39m
 [32mÔ£ô[39m frontend/src/components/__tests__/TrackingForm.test.tsx[2m > [22mTrackingForm[2m > [22mshould show error when question is empty[32m 43[2mms[22m[39m
 [32mÔ£ô[39m frontend/src/hooks/base/__tests__/useEntityFactory.test.ts[2m > [22museEntityFactory[2m > [22mRefresh Entities[2m > [22mshould provide refreshEntities function[32m 69[2mms[22m[39m
 [32mÔ£ô[39m frontend/src/hooks/base/__tests__/useEntityFactory.test.ts[2m > [22museEntityFactory[2m > [22mConditional Return Values[2m > [22mshould only include createEntity when create is configured[32m 74[2mms[22m[39m
 [32mÔ£ô[39m frontend/src/hooks/__tests__/useReminders.test.ts[2m > [22museReminders[2m > [22mupdateReminder[2m > [22mshould handle update error[32m 78[2mms[22m[39m
 [32mÔ£ô[39m frontend/src/components/__tests__/TrackingsList.test.tsx[2m > [22mTrackingsList[2m > [22mFiltering[2m > [22mshould hide filter panel when toggle button is clicked again[32m 143[2mms[22m[39m
 [32mÔ£ô[39m frontend/src/hooks/base/__tests__/useEntityFactory.test.ts[2m > [22museEntityFactory[2m > [22mConditional Return Values[2m > [22mshould only include updateEntity when update is configured[32m 74[2mms[22m[39m
 [31m├ù[39m frontend/src/components/__tests__/RemindersList.test.tsx[2m > [22mRemindersList[2m > [22mshould filter reminders by time[33m 1335[2mms[22m[39m
[31m   ÔåÆ expected 2 to be 1 // Object.is equality

Ignored nodes: comments, script, style
[36m<html>[31m
  [36m<head />[31m
  [36m<body>[31m
    [36m<div>[31m
      [36m<div[31m
        [33mclass[31m=[32m"reminders-list"[31m
      [36m>[31m
        [36m<div[31m
          [33mclass[31m=[32m"reminders-list-content"[31m
        [36m>[31m
          [36m<div[31m
            [33mclass[31m=[32m"filter-panel"[31m
          [36m>[31m
            [36m<div[31m
              [33mclass[31m=[32m"filter-panel-content"[31m
            [36m>[31m
              [36m<div[31m
                [33mclass[31m=[32m"filter-row"[31m
              [36m>[31m
                [36m<label[31m
                  [33mclass[31m=[32m"filter-label"[31m
                  [33mfor[31m=[32m"filter-time"[31m
                [36m>[31m
                  [0mTime:[0m
                [36m</label>[31m
                [36m<input[31m
                  [33maria-label[31m=[32m"Filter by time"[31m
                  [33mclass[31m=[32m"filter-input"[31m
                  [33mid[31m=[32m"filter-time"[31m
                  [33mplaceholder[31m=[32m"Filter by time..."[31m
                  [33mtype[31m=[32m"text"[31m
                  [33mvalue[31m=[32m"1/1/2024"[31m
                [36m/>[31m
              [36m</div>[31m
              [36m<div[31m
                [33mclass[31m=[32m"filter-row"[31m
              [36m>[31m
                [36m<label[31m
                  [33mclass[31m=[32m"filter-label"[31m
                  [33mfor[31m=[32m"filter-tracking"[31m
                [36m>[31m
                  [0mTracking:[0m
                [36m</label>[31m
                [36m<input[31m
                  [33maria-label[31m=[32m"Filter by tracking"[31m
                  [33mclass[31m=[32m"filter-input"[31m
                  [33mid[31m=[32m"filter-tracking"[31m
                  [33mplaceholder[31m=[32m"Filter by tracking..."[31m
                  [33mtype[31m=[32m"text"[31m
                  [33mvalue[31m=[32m""[31m
                [36m/>[31m
              [36m</div>[31m
              [36m<div[31m
                [33mclass[31m=[32m"filter-row"[31m
              [36m>[31m
                [36m<label[31m
                  [33mclass[31m=[32m"filter-label"[31m
                  [33mfor[31m=[32m"filter-notes"[31m
                [36m>[31m
                  [0mNotes:[0m
                [36m</label>[31m
                [36m<input[31m
                  [33maria-label[31m=[32m"Filter by notes"[31m
                  [33mclass[31m=[32m"filter-input"[31m
                  [33mid[31m=[32m"filter-notes"[31m
                  [33mplaceholder[31m=[32m"Filter by notes..."[31m
                  [33mtype[31m=[32m"text"[31m
                  [33mvalue[31m=[32m""[31m
                [36m/>[31m
              [36m</div>[31m
              [36m<div[31m
                [33mclass[31m=[32m"filter-row"[31m
              [36m>[31m
                [36m<button[31m
                  [33maria-label[31m=[32m"Reset all filters"[31m
                  [33mclass[31m=[32m"btn-secondary filter-reset-button"[31m
                  [33mtype[31m=[32m"button"[31m
                [36m>[31m
                  [0mReset Filters[0m
                [36m</button>[31m
              [36m</div>[31m
            [36m</div>[31m
          [36m</div>[31m
          [36m<div[31m
            [33mclass[31m=[32m"reminders-table-container"[31m
          [36m>[31m
            [36m<table[31m
              [33mclass[31m=[32m"reminders-table"[31m
            [36m>[31m
              [36m<thead>[31m
                [36m<tr>[31m
                  [36m<th[31m
                    [33mclass[31m=[32m"col-time"[31m
                  [36m>[31m
                    [36m<div[31m
                      [33mclass[31m=[32m"header-with-filter"[31m
                    [36m>[31m
                      [36m<button[31m
                        [33maria-expanded[31m=[32m"true"[31m
                        [33maria-label[31m=[32m"Hide filters"[31m
                        [33mclass[31m=[32m"filter-toggle-button"[31m
                        [33mtitle[31m=[32m"Hide filters"[31m
                        [33mtype[31m=[32m"button"[31m
                      [36m>[31m
                        [36m<span[31m
                          [33mclass[31m=[32m"filter-toggle-icon"[31m
                        [36m>[31m
                          [0m­ƒöì[0m
                        [36m</span>[31m
                      [36m</button>[31m
                      [36m<button[31m
                        [33maria-label[31m=[32m"Sort by time"[31m
                        [33mclass[31m=[32m"sortable-header"[31m
                        [33mtype[31m=[32m"button"[31m
                      [36m>[31m
                        [0mTime[0m
                      [36m</button>[31m
                    [36m</div>[31m
                  [36m</th>[31m
                  [36m<th[31m
                    [33mclass[31m=[32m"col-tracking"[31m
                  [36m>[31m
                    [36m<button[31m
                      [33maria-label[31m=[32m"Sort by tracking"[31m
                      [33mclass[31m=[32m"sortable-header"[31m
                      [33mtype[31m=[32m"button"[31m
                    [36m>[31m
                      [0mTracking[0m
                    [36m</button>[31m
                  [36m</th>[31m
                  [36m<th[31m
                    [33mclass[31m=[32m"col-notes"[31m
                  [36m>[31m
                    [36m<button[31m
                      [33maria-label[31m=[32m"Sort by notes"[31m
                      [33mclass[31m=[32m"sortable-header"[31m
                      [33mtype[31m=[32m"button"[31m
                    [36m>[31m
                      [0mNotes[0m
                    [36m</button>[31m
                  [36m</th>[31m
                  [36m<th[31m
                    [33mclass[31m=[32m"col-actions"[31m
                  [36m>[31m
                    [0mActions[0m
                  [36m</th>[31m
                [36m</tr>[31m
              [36m</thead>[31m
              [36m<tbody>[31m
                [36m<tr[31m
                  [33mclass[31m=[32m"reminder-row"[31m
                [36m>[31m
                  [36m<td[31m
                    [33mclass[31m=[32m"cell-time"[31m
                  [36m>[31m
                    [0m1/1/2024 07:00 a.┬ám.[0m
                  [36m</td>[31m
                  [36m<td[31m
                    [33mclass[31m=[32m"cell-tracking"[31m
                  [36m>[31m
                    [36m<span[31m
                      [33mclass[31m=[32m"tracking-text"[31m
                      [33mtitle[31m=[32m"­ƒÆ¬ Did I exercise?"[31m
                    [36m>[31m
                      [36m<span[31m
                        [33mclass[31m=[32m"tracking-icon"[31m
                      [36m>[31m
                        [0m­ƒÆ¬[0m
                      [36m</span>[31m
                      [0mDid I exercise?[0m
                    [36m</span>[31m
                  [36m</td>[31m
                  [36m<td[31m
                    [33mclass[31m=[32m"cell-notes"[31m
                  [36m>[31m
                    [36m<textarea[31m
                      [33mclass[31m=[32m"notes-textarea"[31m
                      [33mplaceholder[31m=[32m"Add notes..."[31m
                      [33mrows[31m=[32m"2"[31m
                    [36m/>[31m
                  [36m</td>[31m
                  [36m<td[31m
                    [33mclass[31m=[32m"cell-actions"[31m
                  [36m>[31m
                    [36m<div[31m
                      [33mclass[31m=[32m"actions-container"[31m
                    [36m>[31m
                      [36m<div[31m
                        [33mclass[31m=[32m"actions-buttons"[31m
                      [36m>[31m
                        [36m<button[31m
                          [33maria-label[31m=[32m"Complete reminder"[31m
                          [33mclass[31m=[32m"action-button action-complete"[31m
                          [33mtitle[31m=[32m"Complete reminder"[31m
                          [33mtype[31m=[32m"button"[31m
                        [36m>[31m
                          [0mÔ£ô[0m
                        [36m</button>[31m
                        [36m<button[31m
                          [33maria-label[31m=[32m"Dismiss reminder"[31m
                          [33mclass[31m=[32m"action-button action-dismiss"[31m
                          [33mtitle[31m=[32m"Dismiss reminder"[31m
                          [33mtype[31m=[32m"button"[31m
                        [36m>[31m
                          [0mÔ£ò[0m
                        [36m</button>[31m
                        [36m<button[31m
                          [33maria-label[31m=[32m"Snooze reminder"[31m
                          [33mclass[31m=[32m"action-button action-snooze"[31m
                          [33mtitle[31m=[32m"Snooze reminder (click to see options)"[31m
                          [33mtype[31m=[32m"button"[31m
                        [36m>[31m
                          [0m­ƒÆñ[0m
                        [36m</button>[31m
                      [36m</div>[31m
                    [36m</div>[31m
                  [36m</td>[31m
                [36m</tr>[31m
              [36m</tbody>[31m
            [36m</table>[31m
          [36m</div>[31m
          [36m<div[31m
            [33mclass[31m=[32m"reminders-cards"[31m
          [36m>[31m
            [36m<div[31m
              [33mclass[31m=[32m"reminder-card"[31m
            [36m>[31m
              [36m<div[31m
                [33mclass[31m=[32m"reminder-card-header"[31m
              [36m>[31m
                [36m<div[31m
                  [33mclass[31m=[32m"reminder-card-icon"[31m
                [36m>[31m
                  [0m­ƒÆ¬[0m
                [36m</div>[31m
                [36m<div[31m
                  [33mclass[31m=[32m"reminder-card-title"[31m
                [36m>[31m
                  [36m<h3[31m
                    [33mclass[31m=[32m"reminder-card-question"[31m
                  [36m>[31m
                    [0mDid I exercise?[0m
                  [36m</h3>[31m
                  [36m<div[31m
                    [33mclass[31m=[32m"reminder-card-time"[31m
                  [36m>[31m
                    [0m1/1/2024 07:00 a.┬ám.[0m
                  [36m</div>[31m
                [36m</div>[31m
              [36m</div>[31m
              [36m<div[31m
                [33mclass[31m=[32m"reminder-card-footer"[31m
              [36m>[31m
                [36m<div[31m
                  [33mclass[31m=[32m"reminder-card-actions"[31m
                [36m>[31m
                  [36m<button[31m
                    [33maria-label[31m=[32m"Complete reminder"[31m
                    [33mclass[31m=[32m"action-button action-complete"[31m
                    [33mtitle[31m=[32m"Complete"[31m
                    [33mtype[31m=[32m"button"[31m
                  [36m>[31m
                    [0mÔ£ô[0m
                  [36m</button>[31m
                  [36m<button[31m
                    [33maria-label[31m=[32m"Snooze reminder"[31m
                    [33mclass[31m=[32m"action-button"[31m
                    [33mtitle[31m=[32m"Snooze"[31m
                    [33mtype[31m=[32m"button"[31m
                  [36m>[31m
                    [0mÔÅ░[0m
                  [36m</button>[31m
                  [36m<button[31m
                    [33maria-label[31m=[32m"Dismiss reminder"[31m
                    [33mclass[31m=[32m"action-button action-dismiss"[31m
                    [33mtitle[31m=[32m"Dismiss"[31m
                    [33mtype[31m=[32m"button"[31m
                  [36m>[31m
                    [0mÔ£ò[0m
                  [36m</button>[31m
                [36m</div>[31m
              [36m</div>[31m
            [36m</div>[31m
          [36m</div>[31m
        [36m</div>[31m
      [36m</div>[31m
    [36m</div>[31m
  [36m</body>[31m
[36m</html>[31m[39m
 [32mÔ£ô[39m backend/src/__tests__/server.test.ts[2m > [22mServer Configuration - Integration Tests[2m > [22mServer.ts Complete Integration - Real Execution Tests[2m > [22mshould handle Vite close error during shutdown[33m 521[2mms[22m[39m
 [32mÔ£ô[39m frontend/src/hooks/__tests__/useReminders.test.ts[2m > [22museReminders[2m > [22mcompleteReminder[2m > [22mshould complete reminder successfully[32m 77[2mms[22m[39m
 [32mÔ£ô[39m frontend/src/hooks/__tests__/useReminders.test.ts[2m > [22museReminders[2m > [22mcompleteReminder[2m > [22mshould throw error when not authenticated[32m 6[2mms[22m[39m
 [32mÔ£ô[39m frontend/src/hooks/__tests__/useReminders.test.ts[2m > [22museReminders[2m > [22mcompleteReminder[2m > [22mshould handle complete error[32m 68[2mms[22m[39m
 [32mÔ£ô[39m frontend/src/components/__tests__/TrackingForm.test.tsx[2m > [22mTrackingForm[2m > [22mshould show error when question exceeds max length[32m 185[2mms[22m[39m
 [32mÔ£ô[39m frontend/src/components/__tests__/ChangeEmailModal.test.tsx[2m > [22mChangeEmailModal[2m > [22mshould show loading state when submitting[32m 300[2mms[22m[39m
 [32mÔ£ô[39m frontend/src/hooks/base/__tests__/useEntityFactory.test.ts[2m > [22museEntityFactory[2m > [22mConditional Return Values[2m > [22mshould only include deleteEntity when delete is configured[32m 66[2mms[22m[39m
 [32mÔ£ô[39m frontend/src/hooks/base/__tests__/useEntityFactory.test.ts[2m > [22museEntityFactory[2m > [22mConditional Return Values[2m > [22mshould include all functions when all are configured[32m 79[2mms[22m[39m
 [32mÔ£ô[39m frontend/src/components/__tests__/EditTrackingModal.test.tsx[2m > [22mEditTrackingModal[2m > [22mshould show error message on save failure[33m 621[2mms[22m[39m
 [32mÔ£ô[39m frontend/src/components/__tests__/EditTrackingModal.test.tsx[2m > [22mEditTrackingModal[2m > [22mshould handle tracking without notes[32m 39[2mms[22m[39m
 [32mÔ£ô[39m frontend/src/hooks/__tests__/useReminders.test.ts[2m > [22museReminders[2m > [22mdismissReminder[2m > [22mshould dismiss reminder successfully[32m 87[2mms[22m[39m
 [32mÔ£ô[39m frontend/src/hooks/__tests__/useReminders.test.ts[2m > [22museReminders[2m > [22mdismissReminder[2m > [22mshould throw error when not authenticated[32m 10[2mms[22m[39m
 [32mÔ£ô[39m frontend/src/components/__tests__/TrackingsList.test.tsx[2m > [22mTrackingsList[2m > [22mFiltering[2m > [22mshould reset all filters when reset button is clicked[32m 215[2mms[22m[39m
 [32mÔ£ô[39m frontend/src/components/__tests__/AuthForm.test.tsx[2m > [22mAuthForm[2m > [22mRegister mode[2m > [22mshould request registration with profile picture[33m 427[2mms[22m[39m
 [31m├ù[39m frontend/src/components/__tests__/RemindersList.test.tsx[2m > [22mRemindersList[2m > [22mshould filter reminders by tracking[32m 194[2mms[22m[39m
[31m   ÔåÆ Found multiple elements with the text: Did I exercise?

Here are the matching elements:

Ignored nodes: comments, script, style
[36m<span[31m
  [33mclass[31m=[32m"tracking-text"[31m
  [33mtitle[31m=[32m"­ƒÆ¬ Did I exercise?"[31m
[36m>[31m
  [36m<span[31m
    [33mclass[31m=[32m"tracking-icon"[31m
  [36m>[31m
    [0m­ƒÆ¬[0m
  [36m</span>[31m
  [0mDid I exercise?[0m
[36m</span>[31m

Ignored nodes: comments, script, style
[36m<h3[31m
  [33mclass[31m=[32m"reminder-card-question"[31m
[36m>[31m
  [0mDid I exercise?[0m
[36m</h3>[31m

(If this is intentional, then use the `*AllBy*` variant of the query (like `queryAllByText`, `getAllByText`, or `findAllByText`)).

Ignored nodes: comments, script, style
[36m<body>[31m
  [36m<div>[31m
    [36m<div[31m
      [33mclass[31m=[32m"reminders-list"[31m
    [36m>[31m
      [36m<div[31m
        [33mclass[31m=[32m"reminders-list-content"[31m
      [36m>[31m
        [36m<div[31m
          [33mclass[31m=[32m"filter-panel"[31m
        [36m>[31m
          [36m<div[31m
            [33mclass[31m=[32m"filter-panel-content"[31m
          [36m>[31m
            [36m<div[31m
              [33mclass[31m=[32m"filter-row"[31m
            [36m>[31m
              [36m<label[31m
                [33mclass[31m=[32m"filter-label"[31m
                [33mfor[31m=[32m"filter-time"[31m
              [36m>[31m
                [0mTime:[0m
              [36m</label>[31m
              [36m<input[31m
                [33maria-label[31m=[32m"Filter by time"[31m
                [33mclass[31m=[32m"filter-input"[31m
                [33mid[31m=[32m"filter-time"[31m
                [33mplaceholder[31m=[32m"Filter by time..."[31m
                [33mtype[31m=[32m"text"[31m
                [33mvalue[31m=[32m""[31m
              [36m/>[31m
            [36m</div>[31m
            [36m<div[31m
              [33mclass[31m=[32m"filter-row"[31m
            [36m>[31m
              [36m<label[31m
                [33mclass[31m=[32m"filter-label"[31m
                [33mfor[31m=[32m"filter-tracking"[31m
              [36m>[31m
                [0mTracking:[0m
              [36m</label>[31m
              [36m<input[31m
                [33maria-label[31m=[32m"Filter by tracking"[31m
                [33mclass[31m=[32m"filter-input"[31m
                [33mid[31m=[32m"filter-tracking"[31m
                [33mplaceholder[31m=[32m"Filter by tracking..."[31m
                [33mtype[31m=[32m"text"[31m
                [33mvalue[31m=[32m"exercise"[31m
              [36m/>[31m
            [36m</div>[31m
            [36m<div[31m
              [33mclass[31m=[32m"filter-row"[31m
            [36m>[31m
              [36m<label[31m
                [33mclass[31m=[32m"filter-label"[31m
                [33mfor[31m=[32m"filter-notes"[31m
              [36m>[31m
                [0mNotes:[0m
              [36m</label>[31m
              [36m<input[31m
                [33maria-label[31m=[32m"Filter by notes"[31m
                [33mclass[31m=[32m"filter-input"[31m
                [33mid[31m=[32m"filter-notes"[31m
                [33mplaceholder[31m=[32m"Filter by notes..."[31m
                [33mtype[31m=[32m"text"[31m
                [33mvalue[31m=[32m""[31m
              [36m/>[31m
            [36m</div>[31m
            [36m<div[31m
              [33mclass[31m=[32m"filter-row"[31m
            [36m>[31m
              [36m<button[31m
                [33maria-label[31m=[32m"Reset all filters"[31m
                [33mclass[31m=[32m"btn-secondary filter-reset-button"[31m
                [33mtype[31m=[32m"button"[31m
              [36m>[31m
                [0mReset Filters[0m
              [36m</button>[31m
            [36m</div>[31m
          [36m</div>[31m
        [36m</div>[31m
        [36m<div[31m
          [33mclass[31m=[32m"reminders-table-container"[31m
        [36m>[31m
          [36m<table[31m
            [33mclass[31m=[32m"reminders-table"[31m
          [36m>[31m
            [36m<thead>[31m
              [36m<tr>[31m
                [36m<th[31m
                  [33mclass[31m=[32m"col-time"[31m
                [36m>[31m
                  [36m<div[31m
                    [33mclass[31m=[32m"header-with-filter"[31m
                  [36m>[31m
                    [36m<button[31m
                      [33maria-expanded[31m=[32m"true"[31m
                      [33maria-label[31m=[32m"Hide filters"[31m
                      [33mclass[31m=[32m"filter-toggle-button"[31m
                      [33mtitle[31m=[32m"Hide filters"[31m
                      [33mtype[31m=[32m"button"[31m
                    [36m>[31m
                      [36m<span[31m
                        [33mclass[31m=[32m"filter-toggle-icon"[31m
                      [36m>[31m
                        [0m­ƒöì[0m
                      [36m</span>[31m
                    [36m</button>[31m
                    [36m<button[31m
                      [33maria-label[31m=[32m"Sort by time"[31m
                      [33mclass[31m=[32m"sortable-header"[31m
                      [33mtype[31m=[32m"button"[31m
                    [36m>[31m
                      [0mTime[0m
                    [36m</button>[31m
                  [36m</div>[31m
                [36m</th>[31m
                [36m<th[31m
                  [33mclass[31m=[32m"col-tracking"[31m
                [36m>[31m
                  [36m<button[31m
                    [33maria-label[31m=[32m"Sort by tracking"[31m
                    [33mclass[31m=[32m"sortable-header"[31m
                    [33mtype[31m=[32m"button"[31m
                  [36m>[31m
                    [0mTracking[0m
                  [36m</button>[31m
                [36m</th>[31m
                [36m<th[31m
                  [33mclass[31m=[32m"col-notes"[31m
                [36m>[31m
                  [36m<button[31m
                    [33maria-label[31m=[32m"Sort by notes"[31m
                    [33mclass[31m=[32m"sortable-header"[31m
                    [33mtype[31m=[32m"button"[31m
                  [36m>[31m
                    [0mNotes[0m
                  [36m</button>[31m
                [36m</th>[31m
                [36m<th[31m
                  [33mclass[31m=[32m"col-actions"[31m
                [36m>[31m
                  [0mActions[0m
                [36m</th>[31m
              [36m</tr>[31m
            [36m</thead>[31m
            [36m<tbody>[31m
              [36m<tr[31m
                [33mclass[31m=[32m"reminder-row"[31m
              [36m>[31m
                [36m<td[31m
                  [33mclass[31m=[32m"cell-time"[31m
                [36m>[31m
                  [0m1/1/2024 07:00 a.┬ám.[0m
                [36m</td>[31m
                [36m<td[31m
                  [33mclass[31m=[32m"cell-tracking"[31m
                [36m>[31m
                  [36m<span[31m
                    [33mclass[31m=[32m"tracking-text"[31m
                    [33mtitle[31m=[32m"­ƒÆ¬ Did I exercise?"[31m
                  [36m>[31m
                    [36m<span[31m
                      [33mclass[31m=[32m"tracking-icon"[31m
                    [36m>[31m
                      [0m­ƒÆ¬[0m
                    [36m</span>[31m
                    [0mDid I exercise?[0m
                  [36m</span>[31m
                [36m</td>[31m
                [36m<td[31m
                  [33mclass[31m=[32m"cell-notes"[31m
                [36m>[31m
                  [36m<textarea[31m
                    [33mclass[31m=[32m"notes-textarea"[31m
                    [33mplaceholder[31m=[32m"Add notes..."[31m
                    [33mrows[31m=[32m"2"[31m
                  [36m/>[31m
                [36m</td>[31m
                [36m<td[31m
                  [33mclass[31m=[32m"cell-actions"[31m
                [36m>[31m
                  [36m<div[31m
                    [33mclass[31m=[32m"actions-container"[31m
                  [36m>[31m
                    [36m<div[31m
                      [33mclass[31m=[32m"actions-buttons"[31m
                    [36m>[31m
                      [36m<button[31m
                        [33maria-label[31m=[32m"Complete reminder"[31m
                        [33mclass[31m=[32m"action-button action-complete"[31m
                        [33mtitle[31m=[32m"Complete reminder"[31m
                        [33mtype[31m=[32m"button"[31m
                      [36m>[31m
                        [0mÔ£ô[0m
                      [36m</button>[31m
                      [36m<button[31m
                        [33maria-label[31m=[32m"Dismiss reminder"[31m
                        [33mclass[31m=[32m"action-button action-dismiss"[31m
                        [33mtitle[31m=[32m"Dismiss reminder"[31m
                        [33mtype[31m=[32m"button"[31m
                      [36m>[31m
                        [0mÔ£ò[0m
                      [36m</button>[31m
                      [36m<button[31m
                        [33maria-label[31m=[32m"Snooze reminder"[31m
                        [33mclass[31m=[32m"action-button action-snooze"[31m
                        [33mtitle[31m=[32m"Snooze reminder (click to see options)"[31m
                        [33mtype[31m=[32m"button"[31m
                      [36m>[31m
                        [0m­ƒÆñ[0m
                      [36m</button>[31m
                    [36m</div>[31m
                  [36m</div>[31m
                [36m</td>[31m
              [36m</tr>[31m
            [36m</tbody>[31m
          [36m</table>[31m
        [36m</div>[31m
        [36m<div[31m
          [33mclass[31m=[32m"reminders-cards"[31m
        [36m>[31m
          [36m<div[31m
            [33mclass[31m=[32m"reminder-card"[31m
          [36m>[31m
            [36m<div[31m
              [33mclass[31m=[32m"reminder-card-header"[31m
            [36m>[31m
              [36m<div[31m
                [33mclass[31m=[32m"reminder-card-icon"[31m
              [36m>[31m
                [0m­ƒÆ¬[0m
              [36m</div>[31m
              [36m<div[31m
                [33mclass[31m=[32m"reminder-card-title"[31m
              [36m>[31m
                [36m<h3[31m
                  [33mclass[31m=[32m"reminder-card-question"[31m
                [36m>[31m
                  [0mDid I exercise?[0m
                [36m</h3>[31m
                [36m<div[31m
                  [33mclass[31m=[32m"reminder-card-time"[31m
                [36m>[31m
                  [0m1/1/2024 07:00 a.┬ám.[0m
                [36m</div>[31m
              [36m</div>[31m
            [36m</div>[31m
            [36m<div[31m
              [33mclass[31m=[32m"reminder-card-footer"[31m
            [36m>[31m
              [36m<div[31m
                [33mclass[31m=[32m"reminder-card-actions"[31m
              [36m>[31m
                [36m<button[31m
                  [33maria-label[31m=[32m"Complete reminder"[31m
                  [33mclass[31m=[32m"action-button action-complete"[31m
                  [33mtitle[31m=[32m"Complete"[31m
                  [33mtype[31m=[32m"button"[31m
                [36m>[31m
                  [0mÔ£ô[0m
                [36m</button>[31m
                [36m<button[31m
                  [33maria-label[31m=[32m"Snooze reminder"[31m
                  [33mclass[31m=[32m"action-button"[31m
                  [33mtitle[31m=[32m"Snooze"[31m
                  [33mtype[31m=[32m"button"[31m
                [36m>[31m
                  [0mÔÅ░[0m
                [36m</button>[31m
                [36m<button[31m
                  [33maria-label[31m=[32m"Dismiss reminder"[31m
                  [33mclass[31m=[32m"action-button action-dismiss"[31m
                  [33mtitle[31m=[32m"Dismiss"[31m
                  [33mtype[31m=[32m"button"[31m
                [36m>[31m
                  [0mÔ£ò[0m
                [36m</button>[31m
              [36m</div>[31m
            [36m</div>[31m
          [36m</div>[31m
        [36m</div>[31m
      [36m</div>[31m
    [36m</div>[31m
  [36m</div>[31m
[36m</body>[31m[39m
 [32mÔ£ô[39m frontend/src/components/__tests__/EditTrackingModal.test.tsx[2m > [22mEditTrackingModal[2m > [22mshould clear icon when icon is deleted[32m 106[2mms[22m[39m
 [32mÔ£ô[39m frontend/src/hooks/__tests__/useReminders.test.ts[2m > [22museReminders[2m > [22mdismissReminder[2m > [22mshould handle dismiss error[32m 73[2mms[22m[39m
 [32mÔ£ô[39m frontend/src/hooks/__tests__/useReminders.test.ts[2m > [22museReminders[2m > [22msnoozeReminder[2m > [22mshould snooze reminder successfully[32m 93[2mms[22m[39m
 [32mÔ£ô[39m frontend/src/components/__tests__/RemindersList.test.tsx[2m > [22mRemindersList[2m > [22mshould filter reminders by notes[32m 157[2mms[22m[39m
 [32mÔ£ô[39m frontend/src/hooks/__tests__/useReminders.test.ts[2m > [22museReminders[2m > [22msnoozeReminder[2m > [22mshould throw error when not authenticated[32m 10[2mms[22m[39m
 [32mÔ£ô[39m frontend/src/hooks/__tests__/useReminders.test.ts[2m > [22museReminders[2m > [22msnoozeReminder[2m > [22mshould handle snooze error[32m 69[2mms[22m[39m
 [32mÔ£ô[39m frontend/src/components/__tests__/ChangeEmailModal.test.tsx[2m > [22mChangeEmailModal[2m > [22mshould show error message on request failure[32m 289[2mms[22m[39m
 [32mÔ£ô[39m frontend/src/components/__tests__/EditTrackingModal.test.tsx[2m > [22mEditTrackingModal[2m > [22mshould update icon when icon is changed[32m 198[2mms[22m[39m
 [31m├ù[39m frontend/src/components/__tests__/TrackingsList.test.tsx[2m > [22mTrackingsList[2m > [22mFiltering[2m > [22mshould filter by tracking question text[32m 253[2mms[22m[39m
[31m   ÔåÆ Found multiple elements with the text: Did I exercise today?

Here are the matching elements:

Ignored nodes: comments, script, style
[36m<button[31m
  [33maria-label[31m=[32m"Edit tracking: Did I exercise today?"[31m
  [33mclass[31m=[32m"tracking-name-link"[31m
  [33mtitle[31m=[32m"Did I exercise today?. Click to edit"[31m
  [33mtype[31m=[32m"button"[31m
[36m>[31m
  [0mDid I exercise today?[0m
[36m</button>[31m

Ignored nodes: comments, script, style
[36m<h3[31m
  [33mclass[31m=[32m"tracking-card-question"[31m
[36m>[31m
  [0mDid I exercise today?[0m
[36m</h3>[31m

(If this is intentional, then use the `*AllBy*` variant of the query (like `queryAllByText`, `getAllByText`, or `findAllByText`)).

Ignored nodes: comments, script, style
[36m<body>[31m
  [36m<div>[31m
    [36m<div[31m
      [33mclass[31m=[32m"trackings-list"[31m
    [36m>[31m
      [36m<div[31m
        [33mclass[31m=[32m"trackings-list-content"[31m
      [36m>[31m
        [36m<div[31m
          [33mclass[31m=[32m"filter-panel"[31m
        [36m>[31m
          [36m<div[31m
            [33mclass[31m=[32m"filter-panel-content"[31m
          [36m>[31m
            [36m<div[31m
              [33mclass[31m=[32m"filter-row"[31m
            [36m>[31m
              [36m<label[31m
                [33mclass[31m=[32m"filter-label"[31m
                [33mfor[31m=[32m"filter-tracking"[31m
              [36m>[31m
                [0mTracking:[0m
              [36m</label>[31m
              [36m<input[31m
                [33maria-label[31m=[32m"Filter by tracking"[31m
                [33mclass[31m=[32m"filter-input"[31m
                [33mid[31m=[32m"filter-tracking"[31m
                [33mplaceholder[31m=[32m"Filter by question..."[31m
                [33mtype[31m=[32m"text"[31m
                [33mvalue[31m=[32m"exercise"[31m
              [36m/>[31m
            [36m</div>[31m
            [36m<div[31m
              [33mclass[31m=[32m"filter-row"[31m
            [36m>[31m
              [36m<div[31m
                [33mclass[31m=[32m"filter-row"[31m
              [36m>[31m
                [36m<label[31m
                  [33mclass[31m=[32m"filter-label"[31m
                  [33mfor[31m=[32m"filter-times"[31m
                [36m>[31m
                  [0mTimes:[0m
                [36m</label>[31m
                [36m<input[31m
                  [33maria-label[31m=[32m"Filter by times"[31m
                  [33mclass[31m=[32m"filter-input"[31m
                  [33mid[31m=[32m"filter-times"[31m
                  [33mplaceholder[31m=[32m"Filter by times..."[31m
                  [33mtype[31m=[32m"text"[31m
                  [33mvalue[31m=[32m""[31m
                [36m/>[31m
              [36m</div>[31m
              [36m<div[31m
                [33mclass[31m=[32m"filter-row"[31m
              [36m>[31m
                [36m<label[31m
                  [33mclass[31m=[32m"filter-label"[31m
                  [33mfor[31m=[32m"filter-frequency"[31m
                [36m>[31m
                  [0mFrequency:[0m
                [36m</label>[31m
                [36m<input[31m
                  [33maria-label[31m=[32m"Filter by frequency"[31m
                  [33mclass[31m=[32m"filter-input"[31m
                  [33mid[31m=[32m"filter-frequency"[31m
                  [33mplaceholder[31m=[32m"Filter by frequency..."[31m
                  [33mtype[31m=[32m"text"[31m
                  [33mvalue[31m=[32m""[31m
                [36m/>[31m
              [36m</div>[31m
              [36m<div[31m
                [33mclass[31m=[32m"filter-row"[31m
              [36m>[31m
                [36m<div[31m
                  [33mclass[31m=[32m"filter-label"[31m
                [36m>[31m
                  [0mStatus:[0m
                [36m</div>[31m
                [36m<div[31m
                  [33mclass[31m=[32m"filter-checkbox-group"[31m
                [36m>[31m
                  [36m<label[31m
                    [33mclass[31m=[32m"filter-checkbox-label"[31m
                  [36m>[31m
                    [36m<input[31m
                      [33maria-label[31m=[32m"Filter by status: Running"[31m
                      [33mtype[31m=[32m"checkbox"[31m
                    [36m/>[31m
                    [36m<span>[31m
                      [0mRunning[0m
                    [36m</span>[31m
                  [36m</label>[31m
                  [36m<label[31m
                    [33mclass[31m=[32m"filter-checkbox-label"[31m
                  [36m>[31m
                    [36m<input[31m
                      [33maria-label[31m=[32m"Filter by status: Paused"[31m
                      [33mtype[31m=[32m"checkbox"[31m
                    [36m/>[31m
                    [36m<span>[31m
                      [0mPaused[0m
                    [36m</span>[31m
                  [36m</label>[31m
                  [36m<label[31m
                    [33mclass[31m=[32m"filter-checkbox-label"[31m
                  [36m>[31m
                    [36m<input[31m
                      [33maria-label[31m=[32m"Filter by status: Archived"[31m
                      [33mtype[31m=[32m"checkbox"[31m
                    [36m/>[31m
                    [36m<span>[31m
                      [0mArchived[0m
                    [36m</span>[31m
                  [36m</label>[31m
                [36m</div>[31m
              [36m</div>[31m
              [36m<div[31m
                [33mclass[31m=[32m"filter-actions"[31m
              [36m>[31m
                [36m<button[31m
                  [33maria-label[31m=[32m"Reset all filters"[31m
                  [33mclass[31m=[32m"filter-reset-button"[31m
                  [33mtype[31m=[32m"button"[31m
                [36m>[31m
                  [0mReset Filters[0m
                [36m</button>[31m
              [36m</div>[31m
            [36m</div>[31m
          [36m</div>[31m
        [36m</div>[31m
        [36m<table[31m
          [33mclass[31m=[32m"trackings-table"[31m
        [36m>[31m
          [36m<thead>[31m
            [36m<tr>[31m
              [36m<th[31m
                [33mclass[31m=[32m"col-tracking"[31m
              [36m>[31m
                [36m<div[31m
                  [33mclass[31m=[32m"header-with-filter"[31m
                [36m>[31m
                  [36m<button[31m
                    [33maria-expanded[31m=[32m"true"[31m
                    [33maria-label[31m=[32m"Hide filters"[31m
                    [33mclass[31m=[32m"filter-toggle-button"[31m
                    [33mtitle[31m=[32m"Hide filters"[31m
                    [33mtype[31m=[32m"button"[31m
                  [36m>[31m
                    [36m<span[31m
                      [33mclass[31m=[32m"filter-toggle-icon"[31m
                    [36m>[31m
                      [0m­ƒöì[0m
                    [36m</span>[31m
                  [36m</button>[31m
                  [36m<button[31m
                    [33maria-label[31m=[32m"Sort by tracking"[31m
                    [33mclass[31m=[32m"sortable-header"[31m
                    [33mtype[31m=[32m"button"[31m
                  [36m>[31m
                    [0mTracking[0m
                  [36m</button>[31m
                [36m</div>[31m
              [36m</th>[31m
              [36m<th[31m
                [33mclass[31m=[32m"col-notes"[31m
              [36m>[31m
                [0mNotes[0m
              [36m</th>[31m
              [36m<th[31m
                [33mclass[31m=[32m"col-times"[31m
              [36m>[31m
                [36m<button[31m
                  [33maria-label[31m=[32m"Sort by times"[31m
                  [33mclass[31m=[32m"sortable-header"[31m
                  [33mtype[31m=[32m"button"[31m
                [36m>[31m
                  [0mTimes[0m
                [36m</button>[31m
              [36m</th>[31m
              [36m<th[31m
                [33mclass[31m=[32m"col-frequency"[31m
              [36m>[31m
                [36m<button[31m
                  [33maria-label[31m=[32m"Sort by frequency"[31m
                  [33mclass[31m=[32m"sortable-header"[31m
                  [33mtype[31m=[32m"button"[31m
                [36m>[31m
                  [0mFrequency[0m
                [36m</button>[31m
              [36m</th>[31m
              [36m<th[31m
                [33mclass[31m=[32m"col-next-reminder"[31m
              [36m>[31m
                [36m<button[31m
                  [33maria-label[31m=[32m"Sort by next reminder"[31m
                  [33mclass[31m=[32m"sortable-header"[31m
                  [33mtype[31m=[32m"button"[31m
                [36m>[31m
                  [0mNext reminder[0m
                [36m</button>[31m
              [36m</th>[31m
              [36m<th[31m
                [33mclass[31m=[32m"col-status"[31m
              [36m>[31m
                [36m<button[31m
                  [33maria-label[31m=[32m"Sort by status"[31m
                  [33mclass[31m=[32m"sortable-header"[31m
                  [33mtype[31m=[32m"button"[31m
                [36m>[31m
                  [0mStatus[0m
                [36m</button>[31m
              [36m</th>[31m
              [36m<th[31m
                [33mclass[31m=[32m"col-actions"[31m
              [36m>[31m
                [0mActions[0m
              [36m</th>[31m
            [36m</tr>[31m
          [36m</thead>[31m
          [36m<tbody>[31m
            [36m<tr[31m
              [33mclass[31m=[32m"tracking-row"[31m
            [36m>[31m
              [36m<td[31m
                [33mclass[31m=[32m"cell-tracking"[31m
              [36m>[31m
                [36m<button[31m
                  [33maria-label[31m=[32m"Edit tracking: Did I exercise today?"[31m
                  [33mclass[31m=[32m"tracking-name-link"[31m
                  [33mtitle[31m=[32m"Did I exercise today?. Click to edit"[31m
                  [33mtype[31m=[32m"button"[31m
                [36m>[31m
                  [0mDid I exercise today?[0m
                [36m</button>[31m
              [36m</td>[31m
              [36m<td[31m
                [33mclass[31m=[32m"cell-notes"[31m
              [36m>[31m
                [36m<span[31m
                  [33mclass[31m=[32m"notes-empty"[31m
                [36m>[31m
                  [0mÔÇö[0m
                [36m</span>[31m
              [36m</td>[31m
              [36m<td[31m
                [33mclass[31m=[32m"cell-times"[31m
              [36m>[31m
                [0m08:00[0m
              [36m</td>[31m
              [36m<td[31m
                [33mclass[31m=[32m"cell-frequency"[31m
                [33mtitle[31m=[32m"No upcoming reminder"[31m
              [36m>[31m
                [0mDaily[0m
              [36m</td>[31m
              [36m<td[31m
                [33mclass[31m=[32m"cell-next-reminder"[31m
              [36m>[31m
                [0mÔÇö[0m
              [36m</td>[31m
              [36m<td[31m
                [33mclass[31m=[32m"cell-status"[31m
              [36m>[31m
                [36m<span[31m
                  [33mclass[31m=[32m"status-badge state-badge-running"[31m
                [36m>[31m
                  [0mRunning[0m
                [36m</span>[31m
              [36m</td>[31m
              [36m<td[31m
                [33mclass[31m=[32m"cell-actions"[31m
              [36m>[31m
                [36m<div[31m
                  [33mclass[31m=[32m"actions-container"[31m
                [36m>[31m
                  [36m<div[31m
                    [33mclass[31m=[32m"actions-buttons"[31m
                  [36m>[31m
                    [36m<button[31m
                      [33maria-label[31m=[32m"Pause"[31m
                      [33mclass[31m=[32m"action-button"[31m
                      [33mtitle[31m=[32m"Pause: Stops generating new reminders. Existing reminders remain active."[31m
                      [33mtype[31m=[32m"button"[31m
                    [36m>[31m
                      [0mÔÅ©´©Å[0m
                    [36m</button>[31m
                    [36m<button[31m
                      [33maria-label[31m=[32m"Archive"[31m
                      [33mclass[31m=[32m"action-button"[31m
                      [33mtitle[31m=[32m"Archive: Moves tracking to archived state and stops all reminder generation. All pending and upcoming reminders will be deleted."[31m
                      [33mtype[31m=[32m"button"[31m
                    [36m>[31m
                      [0m­ƒôª[0m
                    [36m</button>[31m
                    [36m<button[31m
                      [33maria-label[31m=[32m"Delete"[31m
                      [33mclass[31m=[32m"action-button"[31m
                      [33mtitle[31m=[32m"Delete: Permanently removes this tracking and all its reminders. This action cannot be undone."[31m
                      [33mtype[31m=[32m"button"[31m
                    [36m>[31m
                      [0m­ƒùæ´©Å[0m
                    [36m</button>[31m
                  [36m</div>[31m
                [36m</div>[31m
              [36m</td>[31m
            [36m</tr>[31m
          [36m</tbody>[31m
        [36m</table>[31m
        [36m<div[31m
          [33mclass[31m=[32m"trackings-cards"[31m
        [36m>[31m
          [36m<div[31m
            [33mclass[31m=[32m"tracking-card"[31m
          [36m>[31m
            [36m<div[31m
              [33mclass[31m=[32m"tracking-card-header"[31m
            [36m>[31m
              [36m<div[31m
                [33mclass[31m=[32m"tracking-card-title"[31m
              [36m>[31m
                [36m<h3[31m
                  [33mclass[31m=[32m"tracking-card-question"[31m
                [36m>[31m
                  [0mDid I exercise today?[0m
                [36m</h3>[31m
                [36m<div[31m
                  [33mclass[31m=[32m"tracking-card-times"[31m
                [36m>[31m
                  [0m08:00[0m
                [36m</div>[31m
              [36m</div>[31m
            [36m</div>[31m
            [36m<div[31m
              [33mclass[31m=[32m"tracking-card-body"[31m
            [36m>[31m
              [36m<div[31m
                [33mclass[31m=[32m"tracking-card-row"[31m
              [36m>[31m
                [36m<span[31m
                  [33mclass[31m=[32m"tracking-card-label"[31m
                [36m>[31m
                  [0mFrequency[0m
                [36m</span>[31m
                [36m<span[31m
                  [33mclass[31m=[32m"tracking-card-value"[31m
                [36m>[31m
                  [0mDaily[0m
                [36m</span>[31m
              [36m</div>[31m
            [36m</div>[31m
            [36m<div[31m
              [33mclass[31m=[32m"tracking-card-footer"[31m
            [36m>[31m
              [36m<div[31m
                [33mclass[31m=[32m"tracking-card-status"[31m
              [36m>[31m
                [36m<span[31m
                  [33mclass[31m=[32m"status-badge state-badge-running"[31m
                [36m>[31m
                  [0mRunning[0m
                [36m</span>[31m
              [36m</div>[31m
              [36m<div[31m
                [33mclass[31m=[32m"tracking-card-actions"[31m
              [36m>[31m
                [36m<button[31m
                  [33maria-label[31m=[32m"Edit tracking"[31m
                  [33mclass[31m=[32m"action-button"[31m
                  [33mtitle[31m=[32m"Edit tracking"[31m
                  [33mtype[31m=[32m"button"[31m
                [36m>[31m
                  [0mÔ£Å´©Å[0m
                [36m</button>[31m
              [36m</div>[31m
            [36m</div>[31m
          [36m</div>[31m
        [36m</div>[31m
      [36m</div>[31m
    [36m</div>[31m
  [36m</div>[31m
[36m</body>[31m[39m
 [32mÔ£ô[39m frontend/src/components/__tests__/AuthForm.test.tsx[2m > [22mAuthForm[2m > [22mRegister mode[2m > [22mshould show error when name is empty[32m 224[2mms[22m[39m
 [32mÔ£ô[39m frontend/src/components/__tests__/AuthForm.test.tsx[2m > [22mAuthForm[2m > [22mRegister mode[2m > [22mshould handle profile picture upload[32m 88[2mms[22m[39m
 [32mÔ£ô[39m frontend/src/components/__tests__/EditTrackingModal.test.tsx[2m > [22mEditTrackingModal[2m > [22mshould show error when submitting without schedules[32m 70[2mms[22m[39m
 [32mÔ£ô[39m frontend/src/components/__tests__/TrackingForm.test.tsx[2m > [22mTrackingForm[2m > [22mshould clear form after successful submission[33m 450[2mms[22m[39m
 [32mÔ£ô[39m frontend/src/components/__tests__/TrackingForm.test.tsx[2m > [22mTrackingForm[2m > [22mshould call onCancel when cancel button is clicked[32m 67[2mms[22m[39m
 [32mÔ£ô[39m frontend/src/hooks/__tests__/useReminders.test.ts[2m > [22museReminders[2m > [22mdeleteReminder[2m > [22mshould delete reminder and refresh list[32m 94[2mms[22m[39m
 [32mÔ£ô[39m frontend/src/hooks/__tests__/useReminders.test.ts[2m > [22museReminders[2m > [22mdeleteReminder[2m > [22mshould throw error when not authenticated[32m 11[2mms[22m[39m
 [32mÔ£ô[39m frontend/src/components/__tests__/TrackingForm.test.tsx[2m > [22mTrackingForm[2m > [22mshould disable submit button when isSubmitting[32m 51[2mms[22m[39m
 [32mÔ£ô[39m frontend/src/components/__tests__/TrackingForm.test.tsx[2m > [22mTrackingForm[2m > [22mshould disable submit button when question is empty[32m 83[2mms[22m[39m
 [32mÔ£ô[39m frontend/src/hooks/__tests__/useReminders.test.ts[2m > [22museReminders[2m > [22mdeleteReminder[2m > [22mshould handle delete error and refresh reminders[32m 140[2mms[22m[39m
 [31m├ù[39m frontend/src/components/__tests__/TrackingsList.test.tsx[2m > [22mTrackingsList[2m > [22mFiltering[2m > [22mshould filter by times[32m 272[2mms[22m[39m
[31m   ÔåÆ Found multiple elements with the text: Did I exercise today?

Here are the matching elements:

Ignored nodes: comments, script, style
[36m<button[31m
  [33maria-label[31m=[32m"Edit tracking: Did I exercise today?"[31m
  [33mclass[31m=[32m"tracking-name-link"[31m
  [33mtitle[31m=[32m"Did I exercise today?. Click to edit"[31m
  [33mtype[31m=[32m"button"[31m
[36m>[31m
  [0mDid I exercise today?[0m
[36m</button>[31m

Ignored nodes: comments, script, style
[36m<h3[31m
  [33mclass[31m=[32m"tracking-card-question"[31m
[36m>[31m
  [0mDid I exercise today?[0m
[36m</h3>[31m

(If this is intentional, then use the `*AllBy*` variant of the query (like `queryAllByText`, `getAllByText`, or `findAllByText`)).

Ignored nodes: comments, script, style
[36m<body>[31m
  [36m<div>[31m
    [36m<div[31m
      [33mclass[31m=[32m"trackings-list"[31m
    [36m>[31m
      [36m<div[31m
        [33mclass[31m=[32m"trackings-list-content"[31m
      [36m>[31m
        [36m<div[31m
          [33mclass[31m=[32m"filter-panel"[31m
        [36m>[31m
          [36m<div[31m
            [33mclass[31m=[32m"filter-panel-content"[31m
          [36m>[31m
            [36m<div[31m
              [33mclass[31m=[32m"filter-row"[31m
            [36m>[31m
              [36m<label[31m
                [33mclass[31m=[32m"filter-label"[31m
                [33mfor[31m=[32m"filter-tracking"[31m
              [36m>[31m
                [0mTracking:[0m
              [36m</label>[31m
              [36m<input[31m
                [33maria-label[31m=[32m"Filter by tracking"[31m
                [33mclass[31m=[32m"filter-input"[31m
                [33mid[31m=[32m"filter-tracking"[31m
                [33mplaceholder[31m=[32m"Filter by question..."[31m
                [33mtype[31m=[32m"text"[31m
                [33mvalue[31m=[32m""[31m
              [36m/>[31m
            [36m</div>[31m
            [36m<div[31m
              [33mclass[31m=[32m"filter-row"[31m
            [36m>[31m
              [36m<div[31m
                [33mclass[31m=[32m"filter-row"[31m
              [36m>[31m
                [36m<label[31m
                  [33mclass[31m=[32m"filter-label"[31m
                  [33mfor[31m=[32m"filter-times"[31m
                [36m>[31m
                  [0mTimes:[0m
                [36m</label>[31m
                [36m<input[31m
                  [33maria-label[31m=[32m"Filter by times"[31m
                  [33mclass[31m=[32m"filter-input"[31m
                  [33mid[31m=[32m"filter-times"[31m
                  [33mplaceholder[31m=[32m"Filter by times..."[31m
                  [33mtype[31m=[32m"text"[31m
                  [33mvalue[31m=[32m"08:00"[31m
                [36m/>[31m
              [36m</div>[31m
              [36m<div[31m
                [33mclass[31m=[32m"filter-row"[31m
              [36m>[31m
                [36m<label[31m
                  [33mclass[31m=[32m"filter-label"[31m
                  [33mfor[31m=[32m"filter-frequency"[31m
                [36m>[31m
                  [0mFrequency:[0m
                [36m</label>[31m
                [36m<input[31m
                  [33maria-label[31m=[32m"Filter by frequency"[31m
                  [33mclass[31m=[32m"filter-input"[31m
                  [33mid[31m=[32m"filter-frequency"[31m
                  [33mplaceholder[31m=[32m"Filter by frequency..."[31m
                  [33mtype[31m=[32m"text"[31m
                  [33mvalue[31m=[32m""[31m
                [36m/>[31m
              [36m</div>[31m
              [36m<div[31m
                [33mclass[31m=[32m"filter-row"[31m
              [36m>[31m
                [36m<div[31m
                  [33mclass[31m=[32m"filter-label"[31m
                [36m>[31m
                  [0mStatus:[0m
                [36m</div>[31m
                [36m<div[31m
                  [33mclass[31m=[32m"filter-checkbox-group"[31m
                [36m>[31m
                  [36m<label[31m
                    [33mclass[31m=[32m"filter-checkbox-label"[31m
                  [36m>[31m
                    [36m<input[31m
                      [33maria-label[31m=[32m"Filter by status: Running"[31m
                      [33mtype[31m=[32m"checkbox"[31m
                    [36m/>[31m
                    [36m<span>[31m
                      [0mRunning[0m
                    [36m</span>[31m
                  [36m</label>[31m
                  [36m<label[31m
                    [33mclass[31m=[32m"filter-checkbox-label"[31m
                  [36m>[31m
                    [36m<input[31m
                      [33maria-label[31m=[32m"Filter by status: Paused"[31m
                      [33mtype[31m=[32m"checkbox"[31m
                    [36m/>[31m
                    [36m<span>[31m
                      [0mPaused[0m
                    [36m</span>[31m
                  [36m</label>[31m
                  [36m<label[31m
                    [33mclass[31m=[32m"filter-checkbox-label"[31m
                  [36m>[31m
                    [36m<input[31m
                      [33maria-label[31m=[32m"Filter by status: Archived"[31m
                      [33mtype[31m=[32m"checkbox"[31m
                    [36m/>[31m
                    [36m<span>[31m
                      [0mArchived[0m
                    [36m</span>[31m
                  [36m</label>[31m
                [36m</div>[31m
              [36m</div>[31m
              [36m<div[31m
                [33mclass[31m=[32m"filter-actions"[31m
              [36m>[31m
                [36m<button[31m
                  [33maria-label[31m=[32m"Reset all filters"[31m
                  [33mclass[31m=[32m"filter-reset-button"[31m
                  [33mtype[31m=[32m"button"[31m
                [36m>[31m
                  [0mReset Filters[0m
                [36m</button>[31m
              [36m</div>[31m
            [36m</div>[31m
          [36m</div>[31m
        [36m</div>[31m
        [36m<table[31m
          [33mclass[31m=[32m"trackings-table"[31m
        [36m>[31m
          [36m<thead>[31m
            [36m<tr>[31m
              [36m<th[31m
                [33mclass[31m=[32m"col-tracking"[31m
              [36m>[31m
                [36m<div[31m
                  [33mclass[31m=[32m"header-with-filter"[31m
                [36m>[31m
                  [36m<button[31m
                    [33maria-expanded[31m=[32m"true"[31m
                    [33maria-label[31m=[32m"Hide filters"[31m
                    [33mclass[31m=[32m"filter-toggle-button"[31m
                    [33mtitle[31m=[32m"Hide filters"[31m
                    [33mtype[31m=[32m"button"[31m
                  [36m>[31m
                    [36m<span[31m
                      [33mclass[31m=[32m"filter-toggle-icon"[31m
                    [36m>[31m
                      [0m­ƒöì[0m
                    [36m</span>[31m
                  [36m</button>[31m
                  [36m<button[31m
                    [33maria-label[31m=[32m"Sort by tracking"[31m
                    [33mclass[31m=[32m"sortable-header"[31m
                    [33mtype[31m=[32m"button"[31m
                  [36m>[31m
                    [0mTracking[0m
                  [36m</button>[31m
                [36m</div>[31m
              [36m</th>[31m
              [36m<th[31m
                [33mclass[31m=[32m"col-notes"[31m
              [36m>[31m
                [0mNotes[0m
              [36m</th>[31m
              [36m<th[31m
                [33mclass[31m=[32m"col-times"[31m
              [36m>[31m
                [36m<button[31m
                  [33maria-label[31m=[32m"Sort by times"[31m
                  [33mclass[31m=[32m"sortable-header"[31m
                  [33mtype[31m=[32m"button"[31m
                [36m>[31m
                  [0mTimes[0m
                [36m</button>[31m
              [36m</th>[31m
              [36m<th[31m
                [33mclass[31m=[32m"col-frequency"[31m
              [36m>[31m
                [36m<button[31m
                  [33maria-label[31m=[32m"Sort by frequency"[31m
                  [33mclass[31m=[32m"sortable-header"[31m
                  [33mtype[31m=[32m"button"[31m
                [36m>[31m
                  [0mFrequency[0m
                [36m</button>[31m
              [36m</th>[31m
              [36m<th[31m
                [33mclass[31m=[32m"col-next-reminder"[31m
              [36m>[31m
                [36m<button[31m
                  [33maria-label[31m=[32m"Sort by next reminder"[31m
                  [33mclass[31m=[32m"sortable-header"[31m
                  [33mtype[31m=[32m"button"[31m
                [36m>[31m
                  [0mNext reminder[0m
                [36m</button>[31m
              [36m</th>[31m
              [36m<th[31m
                [33mclass[31m=[32m"col-status"[31m
              [36m>[31m
                [36m<button[31m
                  [33maria-label[31m=[32m"Sort by status"[31m
                  [33mclass[31m=[32m"sortable-header"[31m
                  [33mtype[31m=[32m"button"[31m
                [36m>[31m
                  [0mStatus[0m
                [36m</button>[31m
              [36m</th>[31m
              [36m<th[31m
                [33mclass[31m=[32m"col-actions"[31m
              [36m>[31m
                [0mActions[0m
              [36m</th>[31m
            [36m</tr>[31m
          [36m</thead>[31m
          [36m<tbody>[31m
            [36m<tr[31m
              [33mclass[31m=[32m"tracking-row"[31m
            [36m>[31m
              [36m<td[31m
                [33mclass[31m=[32m"cell-tracking"[31m
              [36m>[31m
                [36m<button[31m
                  [33maria-label[31m=[32m"Edit tracking: Did I exercise today?"[31m
                  [33mclass[31m=[32m"tracking-name-link"[31m
                  [33mtitle[31m=[32m"Did I exercise today?. Click to edit"[31m
                  [33mtype[31m=[32m"button"[31m
                [36m>[31m
                  [0mDid I exercise today?[0m
                [36m</button>[31m
              [36m</td>[31m
              [36m<td[31m
                [33mclass[31m=[32m"cell-notes"[31m
              [36m>[31m
                [36m<span[31m
                  [33mclass[31m=[32m"notes-empty"[31m
                [36m>[31m
                  [0mÔÇö[0m
                [36m</span>[31m
              [36m</td>[31m
              [36m<td[31m
                [33mclass[31m=[32m"cell-times"[31m
              [36m>[31m
                [0m08:00[0m
              [36m</td>[31m
              [36m<td[31m
                [33mclass[31m=[32m"cell-frequency"[31m
                [33mtitle[31m=[32m"No upcoming reminder"[31m
              [36m>[31m
                [0mDaily[0m
              [36m</td>[31m
              [36m<td[31m
                [33mclass[31m=[32m"cell-next-reminder"[31m
              [36m>[31m
                [0mÔÇö[0m
              [36m</td>[31m
              [36m<td[31m
                [33mclass[31m=[32m"cell-status"[31m
              [36m>[31m
                [36m<span[31m
                  [33mclass[31m=[32m"status-badge state-badge-running"[31m
                [36m>[31m
                  [0mRunning[0m
                [36m</span>[31m
              [36m</td>[31m
              [36m<td[31m
                [33mclass[31m=[32m"cell-actions"[31m
              [36m>[31m
                [36m<div[31m
                  [33mclass[31m=[32m"actions-container"[31m
                [36m>[31m
                  [36m<div[31m
                    [33mclass[31m=[32m"actions-buttons"[31m
                  [36m>[31m
                    [36m<button[31m
                      [33maria-label[31m=[32m"Pause"[31m
                      [33mclass[31m=[32m"action-button"[31m
                      [33mtitle[31m=[32m"Pause: Stops generating new reminders. Existing reminders remain active."[31m
                      [33mtype[31m=[32m"button"[31m
                    [36m>[31m
                      [0mÔÅ©´©Å[0m
                    [36m</button>[31m
                    [36m<button[31m
                      [33maria-label[31m=[32m"Archive"[31m
                      [33mclass[31m=[32m"action-button"[31m
                      [33mtitle[31m=[32m"Archive: Moves tracking to archived state and stops all reminder generation. All pending and upcoming reminders will be deleted."[31m
                      [33mtype[31m=[32m"button"[31m
                    [36m>[31m
                      [0m­ƒôª[0m
                    [36m</button>[31m
                    [36m<button[31m
                      [33maria-label[31m=[32m"Delete"[31m
                      [33mclass[31m=[32m"action-button"[31m
                      [33mtitle[31m=[32m"Delete: Permanently removes this tracking and all its reminders. This action cannot be undone."[31m
                      [33mtype[31m=[32m"button"[31m
                    [36m>[31m
                      [0m­ƒùæ´©Å[0m
                    [36m</button>[31m
                  [36m</div>[31m
                [36m</div>[31m
              [36m</td>[31m
            [36m</tr>[31m
          [36m</tbody>[31m
        [36m</table>[31m
        [36m<div[31m
          [33mclass[31m=[32m"trackings-cards"[31m
        [36m>[31m
          [36m<div[31m
            [33mclass[31m=[32m"tracking-card"[31m
          [36m>[31m
            [36m<div[31m
              [33mclass[31m=[32m"tracking-card-header"[31m
            [36m>[31m
              [36m<div[31m
                [33mclass[31m=[32m"tracking-card-title"[31m
              [36m>[31m
                [36m<h3[31m
                  [33mclass[31m=[32m"tracking-card-question"[31m
                [36m>[31m
                  [0mDid I exercise today?[0m
                [36m</h3>[31m
                [36m<div[31m
                  [33mclass[31m=[32m"tracking-card-times"[31m
                [36m>[31m
                  [0m08:00[0m
                [36m</div>[31m
              [36m</div>[31m
            [36m</div>[31m
            [36m<div[31m
              [33mclass[31m=[32m"tracking-card-body"[31m
            [36m>[31m
              [36m<div[31m
                [33mclass[31m=[32m"tracking-card-row"[31m
              [36m>[31m
                [36m<span[31m
                  [33mclass[31m=[32m"tracking-card-label"[31m
                [36m>[31m
                  [0mFrequency[0m
                [36m</span>[31m
                [36m<span[31m
                  [33mclass[31m=[32m"tracking-card-value"[31m
                [36m>[31m
                  [0mDaily[0m
                [36m</span>[31m
              [36m</div>[31m
            [36m</div>[31m
            [36m<div[31m
              [33mclass[31m=[32m"tracking-card-footer"[31m
            [36m>[31m
              [36m<div[31m
                [33mclass[31m=[32m"tracking-card-status"[31m
              [36m>[31m
                [36m<span[31m
                  [33mclass[31m=[32m"status-badge state-badge-running"[31m
                [36m>[31m
                  [0mRunning[0m
                [36m</span>[31m
              [36m</div>[31m
              [36m<div[31m
                [33mclass[31m=[32m"tracking-card-actions"[31m
              [36m>[31m
                [36m<button[31m
                  [33maria-label[31m=[32m"Edit tracking"[31m
                  [33mclass[31m=[32m"action-button"[31m
                  [33mtitle[31m=[32m"Edit tracking"[31m
                  [33mtype[31m=[32m"button"[31m
                [36m>[31m
                  [0mÔ£Å´©Å[0m
                [36m</button>[31m
              [36m</div>[31m
            [36m</div>[31m
          [36m</div>[31m
        [36m</div>[31m
      [36m</div>[31m
    [36m</div>[31m
  [36m</div>[31m
[36m</body>[31m[39m
 [32mÔ£ô[39m backend/src/__tests__/server.test.ts[2m > [22mServer Configuration - Integration Tests[2m > [22mServer.ts Complete Integration - Real Execution Tests[2m > [22mshould handle database initialization failure[33m 733[2mms[22m[39m
 [32mÔ£ô[39m frontend/src/components/__tests__/ChangeEmailModal.test.tsx[2m > [22mChangeEmailModal[2m > [22mshould close error message when close button is clicked[33m 377[2mms[22m[39m
 [32mÔ£ô[39m frontend/src/hooks/__tests__/useReminders.test.ts[2m > [22museReminders[2m > [22mrefreshReminders[2m > [22mshould refresh reminders list[32m 134[2mms[22m[39m
 [32mÔ£ô[39m frontend/src/components/__tests__/TrackingForm.test.tsx[2m > [22mTrackingForm[2m > [22mshould disable submit button when no schedules are added[32m 83[2mms[22m[39m
 [32mÔ£ô[39m frontend/src/hooks/__tests__/useReminders.test.ts[2m > [22museReminders[2m > [22mremoveRemindersForTracking[2m > [22mshould remove reminders for a tracking[32m 72[2mms[22m[39m
 [32mÔ£ô[39m frontend/src/components/__tests__/AuthForm.test.tsx[2m > [22mAuthForm[2m > [22mRegister mode[2m > [22mshould show error for invalid file type[32m 65[2mms[22m[39m
 [31m├ù[39m frontend/src/components/__tests__/TrackingsList.test.tsx[2m > [22mTrackingsList[2m > [22mFiltering[2m > [22mshould filter by frequency[32m 252[2mms[22m[39m
[31m   ÔåÆ Found multiple elements with the text: Did I meditate?

Here are the matching elements:

Ignored nodes: comments, script, style
[36m<button[31m
  [33maria-label[31m=[32m"Edit tracking: Did I meditate?"[31m
  [33mclass[31m=[32m"tracking-name-link"[31m
  [33mtitle[31m=[32m"Did I meditate?. Click to edit"[31m
  [33mtype[31m=[32m"button"[31m
[36m>[31m
  [0mDid I meditate?[0m
[36m</button>[31m

Ignored nodes: comments, script, style
[36m<h3[31m
  [33mclass[31m=[32m"tracking-card-question"[31m
[36m>[31m
  [0mDid I meditate?[0m
[36m</h3>[31m

(If this is intentional, then use the `*AllBy*` variant of the query (like `queryAllByText`, `getAllByText`, or `findAllByText`)).

Ignored nodes: comments, script, style
[36m<body>[31m
  [36m<div>[31m
    [36m<div[31m
      [33mclass[31m=[32m"trackings-list"[31m
    [36m>[31m
      [36m<div[31m
        [33mclass[31m=[32m"trackings-list-content"[31m
      [36m>[31m
        [36m<div[31m
          [33mclass[31m=[32m"filter-panel"[31m
        [36m>[31m
          [36m<div[31m
            [33mclass[31m=[32m"filter-panel-content"[31m
          [36m>[31m
            [36m<div[31m
              [33mclass[31m=[32m"filter-row"[31m
            [36m>[31m
              [36m<label[31m
                [33mclass[31m=[32m"filter-label"[31m
                [33mfor[31m=[32m"filter-tracking"[31m
              [36m>[31m
                [0mTracking:[0m
              [36m</label>[31m
              [36m<input[31m
                [33maria-label[31m=[32m"Filter by tracking"[31m
                [33mclass[31m=[32m"filter-input"[31m
                [33mid[31m=[32m"filter-tracking"[31m
                [33mplaceholder[31m=[32m"Filter by question..."[31m
                [33mtype[31m=[32m"text"[31m
                [33mvalue[31m=[32m""[31m
              [36m/>[31m
            [36m</div>[31m
            [36m<div[31m
              [33mclass[31m=[32m"filter-row"[31m
            [36m>[31m
              [36m<div[31m
                [33mclass[31m=[32m"filter-row"[31m
              [36m>[31m
                [36m<label[31m
                  [33mclass[31m=[32m"filter-label"[31m
                  [33mfor[31m=[32m"filter-times"[31m
                [36m>[31m
                  [0mTimes:[0m
                [36m</label>[31m
                [36m<input[31m
                  [33maria-label[31m=[32m"Filter by times"[31m
                  [33mclass[31m=[32m"filter-input"[31m
                  [33mid[31m=[32m"filter-times"[31m
                  [33mplaceholder[31m=[32m"Filter by times..."[31m
                  [33mtype[31m=[32m"text"[31m
                  [33mvalue[31m=[32m""[31m
                [36m/>[31m
              [36m</div>[31m
              [36m<div[31m
                [33mclass[31m=[32m"filter-row"[31m
              [36m>[31m
                [36m<label[31m
                  [33mclass[31m=[32m"filter-label"[31m
                  [33mfor[31m=[32m"filter-frequency"[31m
                [36m>[31m
                  [0mFrequency:[0m
                [36m</label>[31m
                [36m<input[31m
                  [33maria-label[31m=[32m"Filter by frequency"[31m
                  [33mclass[31m=[32m"filter-input"[31m
                  [33mid[31m=[32m"filter-frequency"[31m
                  [33mplaceholder[31m=[32m"Filter by frequency..."[31m
                  [33mtype[31m=[32m"text"[31m
                  [33mvalue[31m=[32m"Mon"[31m
                [36m/>[31m
              [36m</div>[31m
              [36m<div[31m
                [33mclass[31m=[32m"filter-row"[31m
              [36m>[31m
                [36m<div[31m
                  [33mclass[31m=[32m"filter-label"[31m
                [36m>[31m
                  [0mStatus:[0m
                [36m</div>[31m
                [36m<div[31m
                  [33mclass[31m=[32m"filter-checkbox-group"[31m
                [36m>[31m
                  [36m<label[31m
                    [33mclass[31m=[32m"filter-checkbox-label"[31m
                  [36m>[31m
                    [36m<input[31m
                      [33maria-label[31m=[32m"Filter by status: Running"[31m
                      [33mtype[31m=[32m"checkbox"[31m
                    [36m/>[31m
                    [36m<span>[31m
                      [0mRunning[0m
                    [36m</span>[31m
                  [36m</label>[31m
                  [36m<label[31m
                    [33mclass[31m=[32m"filter-checkbox-label"[31m
                  [36m>[31m
                    [36m<input[31m
                      [33maria-label[31m=[32m"Filter by status: Paused"[31m
                      [33mtype[31m=[32m"checkbox"[31m
                    [36m/>[31m
                    [36m<span>[31m
                      [0mPaused[0m
                    [36m</span>[31m
                  [36m</label>[31m
                  [36m<label[31m
                    [33mclass[31m=[32m"filter-checkbox-label"[31m
                  [36m>[31m
                    [36m<input[31m
                      [33maria-label[31m=[32m"Filter by status: Archived"[31m
                      [33mtype[31m=[32m"checkbox"[31m
                    [36m/>[31m
                    [36m<span>[31m
                      [0mArchived[0m
                    [36m</span>[31m
                  [36m</label>[31m
                [36m</div>[31m
              [36m</div>[31m
              [36m<div[31m
                [33mclass[31m=[32m"filter-actions"[31m
              [36m>[31m
                [36m<button[31m
                  [33maria-label[31m=[32m"Reset all filters"[31m
                  [33mclass[31m=[32m"filter-reset-button"[31m
                  [33mtype[31m=[32m"button"[31m
                [36m>[31m
                  [0mReset Filters[0m
                [36m</button>[31m
              [36m</div>[31m
            [36m</div>[31m
          [36m</div>[31m
        [36m</div>[31m
        [36m<table[31m
          [33mclass[31m=[32m"trackings-table"[31m
        [36m>[31m
          [36m<thead>[31m
            [36m<tr>[31m
              [36m<th[31m
                [33mclass[31m=[32m"col-tracking"[31m
              [36m>[31m
                [36m<div[31m
                  [33mclass[31m=[32m"header-with-filter"[31m
                [36m>[31m
                  [36m<button[31m
                    [33maria-expanded[31m=[32m"true"[31m
                    [33maria-label[31m=[32m"Hide filters"[31m
                    [33mclass[31m=[32m"filter-toggle-button"[31m
                    [33mtitle[31m=[32m"Hide filters"[31m
                    [33mtype[31m=[32m"button"[31m
                  [36m>[31m
                    [36m<span[31m
                      [33mclass[31m=[32m"filter-toggle-icon"[31m
                    [36m>[31m
                      [0m­ƒöì[0m
                    [36m</span>[31m
                  [36m</button>[31m
                  [36m<button[31m
                    [33maria-label[31m=[32m"Sort by tracking"[31m
                    [33mclass[31m=[32m"sortable-header"[31m
                    [33mtype[31m=[32m"button"[31m
                  [36m>[31m
                    [0mTracking[0m
                  [36m</button>[31m
                [36m</div>[31m
              [36m</th>[31m
              [36m<th[31m
                [33mclass[31m=[32m"col-notes"[31m
              [36m>[31m
                [0mNotes[0m
              [36m</th>[31m
              [36m<th[31m
                [33mclass[31m=[32m"col-times"[31m
              [36m>[31m
                [36m<button[31m
                  [33maria-label[31m=[32m"Sort by times"[31m
                  [33mclass[31m=[32m"sortable-header"[31m
                  [33mtype[31m=[32m"button"[31m
                [36m>[31m
                  [0mTimes[0m
                [36m</button>[31m
              [36m</th>[31m
              [36m<th[31m
                [33mclass[31m=[32m"col-frequency"[31m
              [36m>[31m
                [36m<button[31m
                  [33maria-label[31m=[32m"Sort by frequency"[31m
                  [33mclass[31m=[32m"sortable-header"[31m
                  [33mtype[31m=[32m"button"[31m
                [36m>[31m
                  [0mFrequency[0m
                [36m</button>[31m
              [36m</th>[31m
              [36m<th[31m
                [33mclass[31m=[32m"col-next-reminder"[31m
              [36m>[31m
                [36m<button[31m
                  [33maria-label[31m=[32m"Sort by next reminder"[31m
                  [33mclass[31m=[32m"sortable-header"[31m
                  [33mtype[31m=[32m"button"[31m
                [36m>[31m
                  [0mNext reminder[0m
                [36m</button>[31m
              [36m</th>[31m
              [36m<th[31m
                [33mclass[31m=[32m"col-status"[31m
              [36m>[31m
                [36m<button[31m
                  [33maria-label[31m=[32m"Sort by status"[31m
                  [33mclass[31m=[32m"sortable-header"[31m
                  [33mtype[31m=[32m"button"[31m
                [36m>[31m
                  [0mStatus[0m
                [36m</button>[31m
              [36m</th>[31m
              [36m<th[31m
                [33mclass[31m=[32m"col-actions"[31m
              [36m>[31m
                [0mActions[0m
              [36m</th>[31m
            [36m</tr>[31m
          [36m</thead>[31m
          [36m<tbody>[31m
            [36m<tr[31m
              [33mclass[31m=[32m"tracking-row"[31m
            [36m>[31m
              [36m<td[31m
                [33mclass[31m=[32m"cell-tracking"[31m
              [36m>[31m
                [36m<button[31m
                  [33maria-label[31m=[32m"Edit tracking: Did I meditate?"[31m
                  [33mclass[31m=[32m"tracking-name-link"[31m
                  [33mtitle[31m=[32m"Did I meditate?. Click to edit"[31m
                  [33mtype[31m=[32m"button"[31m
                [36m>[31m
                  [0mDid I meditate?[0m
                [36m</button>[31m
              [36m</td>[31m
              [36m<td[31m
                [33mclass[31m=[32m"cell-notes"[31m
              [36m>[31m
                [36m<span[31m
                  [33mclass[31m=[32m"notes-empty"[31m
                [36m>[31m
                  [0mÔÇö[0m
                [36m</span>[31m
              [36m</td>[31m
              [36m<td[31m
                [33mclass[31m=[32m"cell-times"[31m
              [36m>[31m
                [0m09:30[0m
              [36m</td>[31m
              [36m<td[31m
                [33mclass[31m=[32m"cell-frequency"[31m
                [33mtitle[31m=[32m"No upcoming reminder"[31m
              [36m>[31m
                [0mMon, Wed, Fri[0m
              [36m</td>[31m
              [36m<td[31m
                [33mclass[31m=[32m"cell-next-reminder"[31m
              [36m>[31m
                [0mÔÇö[0m
              [36m</td>[31m
              [36m<td[31m
                [33mclass[31m=[32m"cell-status"[31m
              [36m>[31m
                [36m<span[31m
                  [33mclass[31m=[32m"status-badge state-badge-paused"[31m
                [36m>[31m
                  [0mPaused[0m
                [36m</span>[31m
              [36m</td>[31m
              [36m<td[31m
                [33mclass[31m=[32m"cell-actions"[31m
              [36m>[31m
                [36m<div[31m
                  [33mclass[31m=[32m"actions-container"[31m
                [36m>[31m
                  [36m<div[31m
                    [33mclass[31m=[32m"actions-buttons"[31m
                  [36m>[31m
                    [36m<button[31m
                      [33maria-label[31m=[32m"Resume"[31m
                      [33mclass[31m=[32m"action-button"[31m
                      [33mtitle[31m=[32m"Resume: Restarts reminder generation according to the tracking schedule."[31m
                      [33mtype[31m=[32m"button"[31m
                    [36m>[31m
                      [0mÔûÂ´©Å[0m
                    [36m</button>[31m
                    [36m<button[31m
                      [33maria-label[31m=[32m"Archive"[31m
                      [33mclass[31m=[32m"action-button"[31m
                      [33mtitle[31m=[32m"Archive: Moves tracking to archived state and stops all reminder generation. All pending and upcoming reminders will be deleted."[31m
                      [33mtype[31m=[32m"button"[31m
                    [36m>[31m
                      [0m­ƒôª[0m
                    [36m</button>[31m
                    [36m<button[31m
                      [33maria-label[31m=[32m"Delete"[31m
                      [33mclass[31m=[32m"action-button"[31m
                      [33mtitle[31m=[32m"Delete: Permanently removes this tracking and all its reminders. This action cannot be undone."[31m
                      [33mtype[31m=[32m"button"[31m
                    [36m>[31m
                      [0m­ƒùæ´©Å[0m
                    [36m</button>[31m
                  [36m</div>[31m
                [36m</div>[31m
              [36m</td>[31m
            [36m</tr>[31m
          [36m</tbody>[31m
        [36m</table>[31m
        [36m<div[31m
          [33mclass[31m=[32m"trackings-cards"[31m
        [36m>[31m
          [36m<div[31m
            [33mclass[31m=[32m"tracking-card"[31m
[90mstderr[2m | backend/src
/routes/__tests__/trackings.t
est.ts[2m > 
[22m[2mTrackings 
Routes[2m > [22m[2mGET 
/api/trackings[2m > 
[22m[2mshould return 500 
when service throws error
[22m[39m[2025-12-08T12:04:0
9.432Z] TRACKING_ROUTE | 
Error fetching trackings: 
Error: Database error
    at D:/Code/habitus/backen
d/src/routes/__tests__/tracki
ngs.test.ts:231:51
    at [90mfile:///D:/Code/h
abitus/[39mnode_modules/[4m
@vitest/runner[24m/dist/inde
x.js:145:11
    at [90mfile:///D:/Code/h
abitus/[39mnode_modules/[4m
@vitest/runner[24m/dist/inde
x.js:919:26
    at [90mfile:///D:/Code/h
abitus/[39mnode_modules/[4m
@vitest/runner[24m/dist/inde
x.js:1244:20
    at new Promise 
(<anonymous>)
    at runWithTimeout [90m(f
ile:///D:/Code/habitus/[39mn
ode_modules/[4m@vitest/runne
r[24m/dist/index.js:1210:10
[90m)[39m
    at [90mfile:///D:/Code/h
abitus/[39mnode_modules/[4m
@vitest/runner[24m/dist/inde
x.js:1654:37
    at Traces.$ [90m(file://
/D:/Code/habitus/[39mnode_mo
dules/[4mvitest[24m/dist/ch
unks/traces.U4xDYhzZ.js:115:2
7[90m)[39m
    at trace [90m(file:///D:
/Code/habitus/[39mnode_modul
es/[4mvitest[24m/dist/chunk
s/test.DqQZzsWf.js:234:21[90
m)[39m
    at runTest [90m(file:///
D:/Code/habitus/[39mnode_mod
ules/[4m@vitest/runner[24m/
dist/index.js:1654:12[90m)[
39m

          [36m>[31m
            [36m<div[31m
              [33mclass[31m=[32m"tracking-card-header"[31m
            [36m>[31m
              [36m<div[31m
                [33mclass[31m=[32m"tracking-card-title"[31m
              [36m>[31m
                [36m<h3[31m
                  [33mclass[31m=[32m"tracking-card-question"[31m
                [36m>[31m
                  [0mDid I meditate?[0m
                [36m</h3>[31m
                [36m<div[31m
                  [33mclass[31m=[32m"tracking-card-times"[31m
                [36m>[31m
                  [0m09:30[0m
                [36m</div>[31m
              [36m</div>[31m
            [36m</div>[31m
            [36m<div[31m
              [33mclass[31m=[32m"tracking-card-body"[31m
            [36m>[31m
              [36m<div[31m
                [33mclass[31m=[32m"tracking-card-row"[31m
              [36m>[31m
                [36m<span[31m
                  [33mclass[31m=[32m"tracking-card-label"[31m
                [36m>[31m
                  [0mFrequency[0m
                [36m</span>[31m
                [36m<span[31m
                  [33mclass[31m=[32m"tracking-card-value"[31m
                [36m>[31m
                  [0mMon, Wed, Fri[0m
                [36m</span>[31m
              [36m</div>[31m
            [36m</div>[31m
            [36m<div[31m
              [33mclass[31m=[32m"tracking-card-footer"[31m
            [36m>[31m
              [36m<div[31m
                [33mclass[31m=[32m"tracking-card-status"[31m
              [36m>[31m
                [36m<span[31m
                  [33mclass[31m=[32m"status-badge state-badge-paused"[31m
                [36m>[31m
                  [0mPaused[0m
                [36m</span>[31m
              [36m</div>[31m
              [36m<div[31m
                [33mclass[31m=[32m"tracking-card-actions"[31m
              [36m>[31m
                [36m<button[31m
                  [33maria-label[31m=[32m"Edit tracking"[31m
                  [33mclass[31m=[32m"action-button"[31m
                  [33mtitle[31m=[32m"Edit tracking"[31m
                  [33mtype[31m=[32m"button"[31m
                [36m>[31m
                  [0mÔ£Å´©Å[0m
                [36m</button>[31m
              [36m</div>[31m
            [36m</div>[31m
          [36m</div>[31m
        [36m</div>[31m
      [36m</div>[31m
    [36m</div>[31m
  [36m</div>[31m
[36m</body>[31m[39m
 [32mÔ£ô[39m backend/src/routes/__tests__/trackings.test.ts[2m > [22mTrackings Routes[2m > [22mGET /api/trackings[2m > [22mshould return empty array when no trackings exist[32m 46[2mms[22m[39m
 [32mÔ£ô[39m backend/src/routes/__tests__/trackings.test.ts[2m > [22mTrackings Routes[2m > [22mGET /api/trackings[2m > [22mshould return all trackings for authenticated user[32m 13[2mms[22m[39m
 [32mÔ£ô[39m backend/src/routes/__tests__/trackings.test.ts[2m > [22mTrackings Routes[2m > [22mGET /api/trackings[2m > [22mshould return 500 when service throws error[32m 22[2mms[22m[39m
 [32mÔ£ô[39m backend/src/routes/__tests__/trackings.test.ts[2m > [22mTrackings Routes[2m > [22mGET /api/trackings/:id[2m > [22mshould return 404 for non-existent tracking[32m 10[2mms[22m[39m
[90mstderr[2m | backend/src
/routes/__tests__/trackings.t
est.ts[2m > 
[22m[2mTrackings 
Routes[2m > [22m[2mGET 
/api/trackings/:id[2m > 
[22m[2mshould return 500 
when service throws error
[22m[39m[2025-12-08T12:04:0
9.480Z] TRACKING_ROUTE | 
Error fetching tracking: 
Error: Database error
    at D:/Code/habitus/backen
d/src/routes/__tests__/tracki
ngs.test.ts:284:44
    at [90mfile:///D:/Code/h
abitus/[39mnode_modules/[4m
@vitest/runner[24m/dist/inde
x.js:145:11
    at [90mfile:///D:/Code/h
abitus/[39mnode_modules/[4m
@vitest/runner[24m/dist/inde
x.js:919:26
    at [90mfile:///D:/Code/h
abitus/[39mnode_modules/[4m
@vitest/runner[24m/dist/inde
x.js:1244:20
    at new Promise 
(<anonymous>)
    at runWithTimeout [90m(f
ile:///D:/Code/habitus/[39mn
ode_modules/[4m@vitest/runne
r[24m/dist/index.js:1210:10
[90m)[39m
    at [90mfile:///D:/Code/h
abitus/[39mnode_modules/[4m
@vitest/runner[24m/dist/inde
x.js:1654:37
    at Traces.$ [90m(file://
/D:/Code/habitus/[39mnode_mo
dules/[4mvitest[24m/dist/ch
unks/traces.U4xDYhzZ.js:115:2
7[90m)[39m
    at trace [90m(file:///D:
/Code/habitus/[39mnode_modul
es/[4mvitest[24m/dist/chunk
s/test.DqQZzsWf.js:234:21[90
m)[39m
    at runTest [90m(file:///
D:/Code/habitus/[39mnode_mod
ules/[4m@vitest/runner[24m/
dist/index.js:1654:12[90m)[
39m

 [32mÔ£ô[39m frontend/src/components/__tests__/AuthForm.test.tsx[2m > [22mAuthForm[2m > [22mRegister mode[2m > [22mshould show error for file size exceeding 5MB[33m 500[2mms[22m[39m
 [31m├ù[39m frontend/src/components/__tests__/TrackingsList.test.tsx[2m > [22mTrackingsList[2m > [22mFiltering[2m > [22mshould filter by status using checkboxes[32m 146[2mms[22m[39m
[31m   ÔåÆ Found multiple elements with the text: Did I exercise today?

Here are the matching elements:

Ignored nodes: comments, script, style
[36m<button[31m
  [33maria-label[31m=[32m"Edit tracking: Did I exercise today?"[31m
  [33mclass[31m=[32m"tracking-name-link"[31m
  [33mtitle[31m=[32m"Did I exercise today?. Click to edit"[31m
  [33mtype[31m=[32m"button"[31m
[36m>[31m
  [0mDid I exercise today?[0m
[36m</button>[31m

Ignored nodes: comments, script, style
[36m<h3[31m
  [33mclass[31m=[32m"tracking-card-question"[31m
[36m>[31m
  [0mDid I exercise today?[0m
[36m</h3>[31m

(If this is intentional, then use the `*AllBy*` variant of the query (like `queryAllByText`, `getAllByText`, or `findAllByText`)).

Ignored nodes: comments, script, style
[36m<body>[31m
  [36m<div>[31m
    [36m<div[31m
      [33mclass[31m=[32m"trackings-list"[31m
    [36m>[31m
      [36m<div[31m
        [33mclass[31m=[32m"trackings-list-content"[31m
      [36m>[31m
        [36m<div[31m
          [33mclass[31m=[32m"filter-panel"[31m
        [36m>[31m
          [36m<div[31m
            [33mclass[31m=[32m"filter-panel-content"[31m
          [36m>[31m
            [36m<div[31m
              [33mclass[31m=[32m"filter-row"[31m
            [36m>[31m
              [36m<label[31m
                [33mclass[31m=[32m"filter-label"[31m
                [33mfor[31m=[32m"filter-tracking"[31m
              [36m>[31m
                [0mTracking:[0m
              [36m</label>[31m
              [36m<input[31m
                [33maria-label[31m=[32m"Filter by tracking"[31m
                [33mclass[31m=[32m"filter-input"[31m
                [33mid[31m=[32m"filter-tracking"[31m
                [33mplaceholder[31m=[32m"Filter by question..."[31m
                [33mtype[31m=[32m"text"[31m
                [33mvalue[31m=[32m""[31m
              [36m/>[31m
            [36m</div>[31m
            [36m<div[31m
              [33mclass[31m=[32m"filter-row"[31m
            [36m>[31m
              [36m<div[31m
                [33mclass[31m=[32m"filter-row"[31m
              [36m>[31m
                [36m<label[31m
                  [33mclass[31m=[32m"filter-label"[31m
                  [33mfor[31m=[32m"filter-times"[31m
                [36m>[31m
                  [0mTimes:[0m
                [36m</label>[31m
                [36m<input[31m
                  [33maria-label[31m=[32m"Filter by times"[31m
                  [33mclass[31m=[32m"filter-input"[31m
                  [33mid[31m=[32m"filter-times"[31m
                  [33mplaceholder[31m=[32m"Filter by times..."[31m
                  [33mtype[31m=[32m"text"[31m
                  [33mvalue[31m=[32m""[31m
                [36m/>[31m
              [36m</div>[31m
              [36m<div[31m
                [33mclass[31m=[32m"filter-row"[31m
              [36m>[31m
                [36m<label[31m
                  [33mclass[31m=[32m"filter-label"[31m
                  [33mfor[31m=[32m"filter-frequency"[31m
                [36m>[31m
                  [0mFrequency:[0m
                [36m</label>[31m
                [36m<input[31m
                  [33maria-label[31m=[32m"Filter by frequency"[31m
                  [33mclass[31m=[32m"filter-input"[31m
                  [33mid[31m=[32m"filter-frequency"[31m
                  [33mplaceholder[31m=[32m"Filter by frequency..."[31m
                  [33mtype[31m=[32m"text"[31m
                  [33mvalue[31m=[32m""[31m
                [36m/>[31m
              [36m</div>[31m
              [36m<div[31m
                [33mclass[31m=[32m"filter-row"[31m
              [36m>[31m
                [36m<div[31m
                  [33mclass[31m=[32m"filter-label"[31m
                [36m>[31m
                  [0mStatus:[0m
                [36m</div>[31m
                [36m<div[31m
                  [33mclass[31m=[32m"filter-checkbox-group"[31m
                [36m>[31m
                  [36m<label[31m
                    [33mclass[31m=[32m"filter-checkbox-label"[31m
                  [36m>[31m
                    [36m<input[31m
                      [33maria-label[31m=[32m"Filter by status: Running"[31m
                      [33mtype[31m=[32m"checkbox"[31m
                    [36m/>[31m
                    [36m<span>[31m
                      [0mRunning[0m
                    [36m</span>[31m
                  [36m</label>[31m
                  [36m<label[31m
                    [33mclass[31m=[32m"filter-checkbox-label"[31m
                  [36m>[31m
                    [36m<input[31m
                      [33maria-label[31m=[32m"Filter by status: Paused"[31m
                      [33mtype[31m=[32m"checkbox"[31m
                    [36m/>[31m
                    [36m<span>[31m
                      [0mPaused[0m
                    [36m</span>[31m
                  [36m</label>[31m
                  [36m<label[31m
                    [33mclass[31m=[32m"filter-checkbox-label"[31m
                  [36m>[31m
                    [36m<input[31m
                      [33maria-label[31m=[32m"Filter by status: Archived"[31m
                      [33mtype[31m=[32m"checkbox"[31m
                    [36m/>[31m
                    [36m<span>[31m
                      [0mArchived[0m
                    [36m</span>[31m
                  [36m</label>[31m
                [36m</div>[31m
              [36m</div>[31m
              [36m<div[31m
                [33mclass[31m=[32m"filter-actions"[31m
              [36m>[31m
                [36m<button[31m
                  [33maria-label[31m=[32m"Reset all filters"[31m
                  [33mclass[31m=[32m"filter-reset-button"[31m
                  [33mtype[31m=[32m"button"[31m
                [36m>[31m
                  [0mReset Filters[0m
                [36m</button>[31m
              [36m</div>[31m
            [36m</div>[31m
          [36m</div>[31m
        [36m</div>[31m
        [36m<table[31m
          [33mclass[31m=[32m"trackings-table"[31m
        [36m>[31m
          [36m<thead>[31m
            [36m<tr>[31m
              [36m<th[31m
                [33mclass[31m=[32m"col-tracking"[31m
              [36m>[31m
                [36m<div[31m
                  [33mclass[31m=[32m"header-with-filter"[31m
                [36m>[31m
                  [36m<button[31m
                    [33maria-expanded[31m=[32m"true"[31m
                    [33maria-label[31m=[32m"Hide filters"[31m
                    [33mclass[31m=[32m"filter-toggle-button"[31m
                    [33mtitle[31m=[32m"Hide filters"[31m
                    [33mtype[31m=[32m"button"[31m
                  [36m>[31m
                    [36m<span[31m
                      [33mclass[31m=[32m"filter-toggle-icon"[31m
                    [36m>[31m
                      [0m­ƒöì[0m
                    [36m</span>[31m
                  [36m</button>[31m
                  [36m<button[31m
                    [33maria-label[31m=[32m"Sort by tracking"[31m
                    [33mclass[31m=[32m"sortable-header"[31m
                    [33mtype[31m=[32m"button"[31m
                  [36m>[31m
                    [0mTracking[0m
                  [36m</button>[31m
                [36m</div>[31m
              [36m</th>[31m
              [36m<th[31m
                [33mclass[31m=[32m"col-notes"[31m
              [36m>[31m
                [0mNotes[0m
              [36m</th>[31m
              [36m<th[31m
                [33mclass[31m=[32m"col-times"[31m
              [36m>[31m
                [36m<button[31m
                  [33maria-label[31m=[32m"Sort by times"[31m
                  [33mclass[31m=[32m"sortable-header"[31m
                  [33mtype[31m=[32m"button"[31m
                [36m>[31m
                  [0mTimes[0m
                [36m</button>[31m
              [36m</th>[31m
              [36m<th[31m
                [33mclass[31m=[32m"col-frequency"[31m
              [36m>[31m
                [36m<button[31m
                  [33maria-label[31m=[32m"Sort by frequency"[31m
                  [33mclass[31m=[32m"sortable-header"[31m
                  [33mtype[31m=[32m"button"[31m
                [36m>[31m
                  [0mFrequency[0m
                [36m</button>[31m
              [36m</th>[31m
              [36m<th[31m
                [33mclass[31m=[32m"col-next-reminder"[31m
              [36m>[31m
                [36m<button[31m
                  [33maria-label[31m=[32m"Sort by next reminder"[31m
                  [33mclass[31m=[32m"sortable-header"[31m
                  [33mtype[31m=[32m"button"[31m
                [36m>[31m
                  [0mNext reminder[0m
                [36m</button>[31m
              [36m</th>[31m
              [36m<th[31m
                [33mclass[31m=[32m"col-status"[31m
              [36m>[31m
                [36m<button[31m
                  [33maria-label[31m=[32m"Sort by status"[31m
                  [33mclass[31m=[32m"sortable-header"[31m
                  [33mtype[31m=[32m"button"[31m
                [36m>[31m
                  [0mStatus[0m
                [36m</button>[31m
              [36m</th>[31m
              [36m<th[31m
                [33mclass[31m=[32m"col-actions"[31m
              [36m>[31m
                [0mActions[0m
              [36m</th>[31m
            [36m</tr>[31m
          [36m</thead>[31m
          [36m<tbody>[31m
            [36m<tr[31m
              [33mclass[31m=[32m"tracking-row"[31m
            [36m>[31m
              [36m<td[31m
                [33mclass[31m=[32m"cell-tracking"[31m
              [36m>[31m
                [36m<button[31m
                  [33maria-label[31m=[32m"Edit tracking: Did I exercise today?"[31m
                  [33mclass[31m=[32m"tracking-name-link"[31m
                  [33mtitle[31m=[32m"Did I exercise today?. Click to edit"[31m
                  [33mtype[31m=[32m"button"[31m
                [36m>[31m
                  [0mDid I exercise today?[0m
                [36m</button>[31m
              [36m</td>[31m
              [36m<td[31m
                [33mclass[31m=[32m"cell-notes"[31m
              [36m>[31m
                [36m<span[31m
                  [33mclass[31m=[32m"notes-empty"[31m
                [36m>[31m
                  [0mÔÇö[0m
                [36m</span>[31m
              [36m</td>[31m
              [36m<td[31m
                [33mclass[31m=[32m"cell-times"[31m
              [36m>[31m
                [0m08:00[0m
              [36m</td>[31m
              [36m<td[31m
                [33mclass[31m=[32m"cell-frequency"[31m
                [33mtitle[31m=[32m"No upcoming reminder"[31m
              [36m>[31m
                [0mDaily[0m
              [36m</td>[31m
              [36m<td[31m
                [33mclass[31m=[32m"cell-next-reminder"[31m
              [36m>[31m
                [0mÔÇö[0m
              [36m</td>[31m
              [36m<td[31m
                [33mclass[31m=[32m"cell-status"[31m
              [36m>[31m
                [36m<span[31m
                  [33mclass[31m=[32m"status-badge state-badge-running"[31m
                [36m>[31m
                  [0mRunning[0m
                [36m</span>[31m
              [36m</td>[31m
              [36m<td[31m
                [33mclass[31m=[32m"cell-actions"[31m
              [36m>[31m
                [36m<div[31m
                  [33mclass[31m=[32m"actions-container"[31m
                [36m>[31m
                  [36m<div[31m
                    [33mclass[31m=[32m"actions-buttons"[31m
                  [36m>[31m
                    [36m<button[31m
                      [33maria-label[31m=[32m"Pause"[31m
                      [33mclass[31m=[32m"action-button"[31m
                      [33mtitle[31m=[32m"Pause: Stops generating new reminders. Existing reminders remain active."[31m
                      [33mtype[31m=[32m"button"[31m
                    [36m>[31m
                      [0mÔÅ©´©Å[0m
                    [36m</button>[31m
                    [36m<button[31m
                      [33maria-label[31m=[32m"Archive"[31m
                      [33mclass[31m=[32m"action-button"[31m
                      [33mtitle[31m=[32m"Archive: Moves tracking to archived state and stops all reminder generation. All pending and upcoming reminders will be deleted."[31m
                      [33mtype[31m=[32m"button"[31m
                    [36m>[31m
                      [0m­ƒôª[0m
                    [36m</button>[31m
                    [36m<button[31m
                      [33maria-label[31m=[32m"Delete"[31m
                      [33mclass[31m=[32m"action-button"[31m
                      [33mtitle[31m=[32m"Delete: Permanently removes this tracking and all its reminders. This action cannot be undone."[31m
                      [33mtype[31m=[32m"button"[31m
                    [36m>[31m
                      [0m­ƒùæ´©Å[0m
                    [36m</button>[31m
                  [36m</div>[31m
                [36m</div>[31m
              [36m</td>[31m
            [36m</tr>[31m
          [36m</tbody>[31m
        [36m</table>[31m
        [36m<div[31m
          [33mclass[31m=[32m"trackings-cards"[31m
        [36m>[31m
          [36m<div[31m
            [33mclass[31m=[32m"tracking-card"[31m
          [36m>[31m
            [36m<div[31m
              [33mclass[31m=[32m"tracking-card-header"[31m
            [36m>[31m
              [36m<div[31m
                [33mclass[31m=[32m"tracking-card-title"[31m
              [36m>[31m
                [36m<h3[31m
                  [33mclass[31m=[32m"tracking-card-question"[31m
                [36m>[31m
                  [0mDid I exercise today?[0m
                [36m</h3>[31m
                [36m<div[31m
                  [33mclass[31m=[32m"tracking-card-times"[31m
                [36m>[31m
                  [0m08:00[0m
                [36m</div>[31m
              [36m</div>[31m
            [36m</div>[31m
            [36m<div[31m
              [33mclass[31m=[32m"tracking-card-body"[31m
            [36m>[31m
              [36m<div[31m
                [33mclass[31m=[32m"tracking-card-row"[31m
              [36m>[31m
                [36m<span[31m
                  [33mclass[31m=[32m"tracking-card-label"[31m
                [36m>[31m
                  [0mFrequency[0m
                [36m</span>[31m
                [36m<span[31m
                  [33mclass[31m=[32m"tracking-card-value"[31m
                [36m>[31m
                  [0mDaily[0m
                [36m</span>[31m
              [36m</div>[31m
            [36m</div>[31m
            [36m<div[31m
              [33mclass[31m=[32m"tracking-card-footer"[31m
            [36m>[31m
              [36m<div[31m
                [33mclass[31m=[32m"tracking-card-status"[31m
              [36m>[31m
                [36m<span[31m
                  [33mclass[31m=[32m"status-badge state-badge-running"[31m
                [36m>[31m
                  [0mRunning[0m
                [36m</span>[31m
              [36m</div>[31m
              [36m<div[31m
                [33mclass[31m=[32m"tracking-card-actions"[31m
              [36m>[31m
                [36m<button[31m
                  [33maria-label[31m=[32m"Edit tracking"[31m
                  [33mclass[31m=[32m"action-button"[31m
                  [33mtitle[31m=[32m"Edit tracking"[31m
                  [33mtype[31m=[32m"button"[31m
                [36m>[31m
                  [0mÔ£Å´©Å[0m
                [36m</button>[31m
              [36m</div>[31m
            [36m</div>[31m
          [36m</div>[31m
        [36m</div>[31m
      [36m</div>[31m
    [36m</div>[31m
  [36m</div>[31m
[36m</body>[31m[39m
 [32mÔ£ô[39m backend/src/routes/__tests__/trackings.test.ts[2m > [22mTrackings Routes[2m > [22mGET /api/trackings/:id[2m > [22mshould return tracking for existing id[32m 10[2mms[22m[39m
 [32mÔ£ô[39m backend/src/routes/__tests__/trackings.test.ts[2m > [22mTrackings Routes[2m > [22mGET /api/trackings/:id[2m > [22mshould return 400 for invalid tracking ID[32m 8[2mms[22m[39m
 [32mÔ£ô[39m backend/src/routes/__tests__/trackings.test.ts[2m > [22mTrackings Routes[2m > [22mGET /api/trackings/:id[2m > [22mshould return 500 when service throws error[32m 9[2mms[22m[39m
 [32mÔ£ô[39m backend/src/routes/__tests__/trackings.test.ts[2m > [22mTrackings Routes[2m > [22mPOST /api/trackings[2m > [22mshould create a new tracking[32m 31[2mms[22m[39m
 [32mÔ£ô[39m backend/src/routes/__tests__/trackings.test.ts[2m > [22mTrackings Routes[2m > [22mPOST /api/trackings[2m > [22mshould create tracking with notes[32m 18[2mms[22m[39m
 [32mÔ£ô[39m backend/src/routes/__tests__/trackings.test.ts[2m > [22mTrackings Routes[2m > [22mPOST /api/trackings[2m > [22mshould return 400 when question is missing[32m 14[2mms[22m[39m
 [32mÔ£ô[39m backend/src/routes/__tests__/trackings.test.ts[2m > [22mTrackings Routes[2m > [22mPOST /api/trackings[2m > [22mshould return 400 when schedules are missing[32m 9[2mms[22m[39m
[90mstderr[2m | backend/src
/routes/__tests__/trackings.t
est.ts[2m > 
[22m[2mTrackings 
Routes[2m > [22m[2mPOST 
/api/trackings[2m > 
[22m[2mshould return 500 
when service throws 
non-TypeError
[22m[39m[2025-12-08T12:04:0
9.589Z] TRACKING_ROUTE | 
Error creating tracking: 
Error: Database error
    at D:/Code/habitus/backen
d/src/routes/__tests__/tracki
ngs.test.ts:405:51
    at [90mfile:///D:/Code/h
abitus/[39mnode_modules/[4m
@vitest/runner[24m/dist/inde
x.js:145:11
    at [90mfile:///D:/Code/h
abitus/[39mnode_modules/[4m
@vitest/runner[24m/dist/inde
x.js:919:26
    at [90mfile:///D:/Code/h
abitus/[39mnode_modules/[4m
@vitest/runner[24m/dist/inde
x.js:1244:20
    at new Promise 
(<anonymous>)
    at runWithTimeout [90m(f
ile:///D:/Code/habitus/[39mn
ode_modules/[4m@vitest/runne
r[24m/dist/index.js:1210:10
[90m)[39m
    at [90mfile:///D:/Code/h
abitus/[39mnode_modules/[4m
@vitest/runner[24m/dist/inde
x.js:1654:37
    at Traces.$ [90m(file://
/D:/Code/habitus/[39mnode_mo
dules/[4mvitest[24m/dist/ch
unks/traces.U4xDYhzZ.js:115:2
7[90m)[39m
    at trace [90m(file:///D:
/Code/habitus/[39mnode_modul
es/[4mvitest[24m/dist/chunk
s/test.DqQZzsWf.js:234:21[90
m)[39m
    at runTest [90m(file:///
D:/Code/habitus/[39mnode_mod
ules/[4m@vitest/runner[24m/
dist/index.js:1654:12[90m)[
39m

 [32mÔ£ô[39m frontend/src/components/__tests__/TrackingForm.test.tsx[2m > [22mTrackingForm[2m > [22mshould show error when submitting without schedules[33m 350[2mms[22m[39m
 [32mÔ£ô[39m frontend/src/components/__tests__/ChangeEmailModal.test.tsx[2m > [22mChangeEmailModal[2m > [22mshould trim email input before submission[33m 386[2mms[22m[39m
 [32mÔ£ô[39m frontend/src/components/__tests__/ChangeEmailModal.test.tsx[2m > [22mChangeEmailModal[2m > [22mshould disable Change email button when no email is entered[32m 21[2mms[22m[39m
[90mstderr[2m | backend/src
/routes/__tests__/trackings.t
est.ts[2m > 
[22m[2mTrackings 
Routes[2m > [22m[2mPUT 
/api/trackings/:id[2m > 
[22m[2mshould return 500 
when service throws generic 
error
[22m[39m[2025-12-08T12:04:0
9.651Z] TRACKING_ROUTE | 
Error updating tracking: 
Error: Database error
    at D:/Code/habitus/backen
d/src/routes/__tests__/tracki
ngs.test.ts:532:51
    at [90mfile:///D:/Code/h
abitus/[39mnode_modules/[4m
@vitest/runner[24m/dist/inde
x.js:145:11
    at [90mfile:///D:/Code/h
abitus/[39mnode_modules/[4m
@vitest/runner[24m/dist/inde
x.js:919:26
    at [90mfile:///D:/Code/h
abitus/[39mnode_modules/[4m
@vitest/runner[24m/dist/inde
x.js:1244:20
    at new Promise 
(<anonymous>)
    at runWithTimeout [90m(f
ile:///D:/Code/habitus/[39mn
ode_modules/[4m@vitest/runne
r[24m/dist/index.js:1210:10
[90m)[39m
    at [90mfile:///D:/Code/h
abitus/[39mnode_modules/[4m
@vitest/runner[24m/dist/inde
x.js:1654:37
    at Traces.$ [90m(file://
/D:/Code/habitus/[39mnode_mo
dules/[4mvitest[24m/dist/ch
unks/traces.U4xDYhzZ.js:115:2
7[90m)[39m
    at trace [90m(file:///D:
/Code/habitus/[39mnode_modul
es/[4mvitest[24m/dist/chunk
s/test.DqQZzsWf.js:234:21[90
m)[39m
    at runTest [90m(file:///
D:/Code/habitus/[39mnode_mod
ules/[4m@vitest/runner[24m/
dist/index.js:1654:12[90m)[
39m

 [32mÔ£ô[39m backend/src/__tests__/server.test.ts[2m > [22mServer Configuration - Integration Tests[2m > [22mServer.ts Complete Integration - Real Execution Tests[2m > [22mshould execute production static file serving branch[33m 423[2mms[22m[39m
 [32mÔ£ô[39m backend/src/routes/__tests__/trackings.test.ts[2m > [22mTrackings Routes[2m > [22mPOST /api/trackings[2m > [22mshould return 400 when schedules are missing[32m 9[2mms[22m[39m
 [32mÔ£ô[39m backend/src/routes/__tests__/trackings.test.ts[2m > [22mTrackings Routes[2m > [22mPOST /api/trackings[2m > [22mshould return 400 for invalid question[32m 9[2mms[22m[39m
 [32mÔ£ô[39m backend/src/routes/__tests__/trackings.test.ts[2m > [22mTrackings Routes[2m > [22mPOST /api/trackings[2m > [22mshould return 400 when service throws TypeError[32m 8[2mms[22m[39m
 [32mÔ£ô[39m backend/src/routes/__tests__/trackings.test.ts[2m > [22mTrackings Routes[2m > [22mPOST /api/trackings[2m > [22mshould return 500 when service throws non-TypeError[32m 9[2mms[22m[39m
 [32mÔ£ô[39m backend/src/routes/__tests__/trackings.test.ts[2m > [22mTrackings Routes[2m > [22mPUT /api/trackings/:id[2m > [22mshould update tracking[32m 11[2mms[22m[39m
 [32mÔ£ô[39m backend/src/routes/__tests__/trackings.test.ts[2m > [22mTrackings Routes[2m > [22mPUT /api/trackings/:id[2m > [22mshould return 404 for non-existent tracking[32m 8[2mms[22m[39m
 [32mÔ£ô[39m backend/src/routes/__tests__/trackings.test.ts[2m > [22mTrackings Routes[2m > [22mPUT /api/trackings/:id[2m > [22mshould return 400 when no fields to update[32m 9[2mms[22m[39m
 [32mÔ£ô[39m backend/src/routes/__tests__/trackings.test.ts[2m > [22mTrackings Routes[2m > [22mPUT /api/trackings/:id[2m > [22mshould return 400 for invalid tracking ID[32m 8[2mms[22m[39m
 [32mÔ£ô[39m backend/src/routes/__tests__/trackings.test.ts[2m > [22mTrackings Routes[2m > [22mPUT /api/trackings/:id[2m > [22mshould return 400 when schedules is empty array[32m 8[2mms[22m[39m
 [32mÔ£ô[39m backend/src/routes/__tests__/trackings.test.ts[2m > [22mTrackings Routes[2m > [22mPUT /api/trackings/:id[2m > [22mshould return 400 when service throws TypeError[32m 8[2mms[22m[39m
 [32mÔ£ô[39m backend/src/routes/__tests__/trackings.test.ts[2m > [22mTrackings Routes[2m > [22mPUT /api/trackings/:id[2m > [22mshould return 500 when service throws generic error[32m 9[2mms[22m[39m
 [32mÔ£ô[39m backend/src/routes/__tests__/trackings.test.ts[2m > [22mTrackings Routes[2m > [22mDELETE /api/trackings/:id[2m > [22mshould delete tracking[32m 10[2mms[22m[39m
 [32mÔ£ô[39m frontend/src/components/__tests__/AuthForm.test.tsx[2m > [22mAuthForm[2m > [22mRegister mode[2m > [22mshould show profile picture preview[32m 120[2mms[22m[39m
[90mstderr[2m | backend/src
/routes/__tests__/trackings.t
est.ts[2m > 
[22m[2mTrackings 
Routes[2m > [22m[2mDELETE 
/api/trackings/:id[2m > 
[22m[2mshould return 500 
when service throws non-404 
error
[22m[39m[2025-12-08T12:04:0
9.687Z] TRACKING_ROUTE | 
Error deleting tracking: 
Error: Database error
    at D:/Code/habitus/backen
d/src/routes/__tests__/tracki
ngs.test.ts:600:51
    at [90mfile:///D:/Code/h
abitus/[39mnode_modules/[4m
@vitest/runner[24m/dist/inde
x.js:145:11
    at [90mfile:///D:/Code/h
abitus/[39mnode_modules/[4m
@vitest/runner[24m/dist/inde
x.js:919:26
    at [90mfile:///D:/Code/h
abitus/[39mnode_modules/[4m
@vitest/runner[24m/dist/inde
x.js:1244:20
    at new Promise 
(<anonymous>)
    at runWithTimeout [90m(f
ile:///D:/Code/habitus/[39mn
ode_modules/[4m@vitest/runne
r[24m/dist/index.js:1210:10
[90m)[39m
    at [90mfile:///D:/Code/h
abitus/[39mnode_modules/[4m
@vitest/runner[24m/dist/inde
x.js:1654:37
    at Traces.$ [90m(file://
/D:/Code/habitus/[39mnode_mo
dules/[4mvitest[24m/dist/ch
unks/traces.U4xDYhzZ.js:115:2
7[90m)[39m
    at trace [90m(file:///D:
/Code/habitus/[39mnode_modul
es/[4mvitest[24m/dist/chunk
s/test.DqQZzsWf.js:234:21[90
m)[39m
    at runTest [90m(file:///
D:/Code/habitus/[39mnode_mod
ules/[4m@vitest/runner[24m/
dist/index.js:1654:12[90m)[
39m

 [32mÔ£ô[39m backend/src/routes/__tests__/trackings.test.ts[2m > [22mTrackings Routes[2m > [22mDELETE /api/trackings/:id[2m > [22mshould return 404 for non-existent tracking[32m 9[2mms[22m[39m
 [32mÔ£ô[39m backend/src/routes/__tests__/trackings.test.ts[2m > [22mTrackings Routes[2m > [22mDELETE /api/trackings/:id[2m > [22mshould return 400 for invalid tracking ID[32m 7[2mms[22m[39m
 [32mÔ£ô[39m backend/src/routes/__tests__/trackings.test.ts[2m > [22mTrackings Routes[2m > [22mDELETE /api/trackings/:id[2m > [22mshould return 500 when service throws non-404 error[32m 10[2mms[22m[39m
 [32mÔ£ô[39m backend/src/routes/__tests__/trackings.test.ts[2m > [22mTrackings Routes[2m > [22mPATCH /api/trackings/:id/state[2m > [22mshould update tracking state from Running to Paused[32m 11[2mms[22m[39m
 [32mÔ£ô[39m backend/src/routes/__tests__/trackings.test.ts[2m > [22mTrackings Routes[2m > [22mPATCH /api/trackings/:id/state[2m > [22mshould update tracking state from Paused to Running[32m 13[2mms[22m[39m
 [32mÔ£ô[39m backend/src/routes/__tests__/trackings.test.ts[2m > [22mTrackings Routes[2m > [22mPATCH /api/trackings/:id/state[2m > [22mshould update tracking state from Paused to Archived[32m 11[2mms[22m[39m
 [32mÔ£ô[39m backend/src/routes/__tests__/trackings.test.ts[2m > [22mTrackings Routes[2m > [22mPATCH /api/trackings/:id/state[2m > [22mshould update tracking state from Archived to Deleted[32m 10[2mms[22m[39m
 [32mÔ£ô[39m backend/src/routes/__tests__/trackings.test.ts[2m > [22mTrackings Routes[2m > [22mPATCH /api/trackings/:id/state[2m > [22mshould return 400 for same state transition[32m 9[2mms[22m[39m
 [32mÔ£ô[39m backend/src/routes/__tests__/trackings.test.ts[2m > [22mTrackings Routes[2m > [22mPATCH /api/trackings/:id/state[2m > [22mshould return 400 when state is missing[32m 8[2mms[22m[39m
 [32mÔ£ô[39m backend/src/routes/__tests__/trackings.test.ts[2m > [22mTrackings Routes[2m > [22mPATCH /api/trackings/:id/state[2m > [22mshould return 400 for invalid state value[32m 10[2mms[22m[39m
 [32mÔ£ô[39m frontend/src/components/__tests__/ChangeEmailModal.test.tsx[2m > [22mChangeEmailModal[2m > [22mshould disable Change email button when email is invalid[32m 157[2mms[22m[39m
 [32mÔ£ô[39m frontend/src/components/__tests__/AuthForm.test.tsx[2m > [22mAuthForm[2m > [22mRegister mode[2m > [22mshould remove profile picture[32m 148[2mms[22m[39m
 [32mÔ£ô[39m frontend/src/components/__tests__/TrackingsList.test.tsx[2m > [22mTrackingsList[2m > [22mFiltering[2m > [22mshould show empty message when no trackings match filters[32m 296[2mms[22m[39m
 [32mÔ£ô[39m backend/src/routes/__tests__/trackings.test.ts[2m > [22mTrackings Routes[2m > [22mPATCH /api/trackings/:id/state[2m > [22mshould return 404 for non-existent tracking[32m 10[2mms[22m[39m
 [32mÔ£ô[39m backend/src/routes/__tests__/trackings.test.ts[2m > [22mTrackings Routes[2m > [22mPATCH /api/trackings/:id/state[2m > [22mshould return 400 for invalid tracking ID[32m 9[2mms[22m[39m
 [32mÔ£ô[39m backend/src/routes/__tests__/trackings.test.ts[2m > [22mTrackings Routes[2m > [22mGET /api/trackings/debug[2m > [22mshould return debug log with no trackings[32m 10[2mms[22m[39m
 [32mÔ£ô[39m backend/src/routes/__tests__/trackings.test.ts[2m > [22mTrackings Routes[2m > [22mGET /api/trackings/debug[2m > [22mshould return debug log with trackings and no reminders[32m 14[2mms[22m[39m
 [32mÔ£ô[39m backend/src/routes/__tests__/trackings.test.ts[2m > [22mTrackings Routes[2m > [22mGET /api/trackings/debug[2m > [22mshould return debug log with trackings and reminders[32m 21[2mms[22m[39m
 [32mÔ£ô[39m backend/src/routes/__tests__/trackings.test.ts[2m > [22mTrackings Routes[2m > [22mGET /api/trackings/debug[2m > [22mshould return debug log with multiple trackings and reminders[32m 14[2mms[22m[39m
 [32mÔ£ô[39m backend/src/routes/__tests__/trackings.test.ts[2m > [22mTrackings Routes[2m > [22mGET /api/trackings/debug[2m > [22mshould handle trackings with null icon, days, and notes[32m 9[2mms[22m[39m
 [32mÔ£ô[39m backend/src/routes/__tests__/trackings.test.ts[2m > [22mTrackings Routes[2m > [22mGET /api/trackings/debug[2m > [22mshould handle trackings with multiple schedules[32m 9[2mms[22m[39m
 [32mÔ£ô[39m backend/src/routes/__tests__/trackings.test.ts[2m > [22mTrackings Routes[2m > [22mGET /api/trackings/debug[2m > [22mshould handle reminders with null notes[32m 11[2mms[22m[39m
[90mstderr[2m | backend/src
/routes/__tests__/trackings.t
est.ts[2m > 
[22m[2mTrackings 
Routes[2m > [22m[2mGET 
/api/trackings/debug[2m > 
[22m[2mshould return 500 
when service throws error
[22m[39m[2025-12-08T12:04:0
9.878Z] TRACKING_ROUTE | 
Error generating debug log: 
Error: Database error
    at D:/Code/habitus/backen
d/src/routes/__tests__/tracki
ngs.test.ts:960:51
    at [90mfile:///D:/Code/h
abitus/[39mnode_modules/[4m
@vitest/runner[24m/dist/inde
x.js:145:11
    at [90mfile:///D:/Code/h
abitus/[39mnode_modules/[4m
@vitest/runner[24m/dist/inde
x.js:919:26
    at [90mfile:///D:/Code/h
abitus/[39mnode_modules/[4m
@vitest/runner[24m/dist/inde
x.js:1244:20
    at new Promise 
(<anonymous>)
    at runWithTimeout [90m(f
ile:///D:/Code/habitus/[39mn
ode_modules/[4m@vitest/runne
r[24m/dist/index.js:1210:10
[90m)[39m
    at [90mfile:///D:/Code/h
abitus/[39mnode_modules/[4m
@vitest/runner[24m/dist/inde
x.js:1654:37
    at Traces.$ [90m(file://
/D:/Code/habitus/[39mnode_mo
dules/[4mvitest[24m/dist/ch
unks/traces.U4xDYhzZ.js:115:2
7[90m)[39m
    at trace [90m(file:///D:
/Code/habitus/[39mnode_modul
es/[4mvitest[24m/dist/chunk
s/test.DqQZzsWf.js:234:21[90
m)[39m
    at runTest [90m(file:///
D:/Code/habitus/[39mnode_mod
ules/[4m@vitest/runner[24m/
dist/index.js:1654:12[90m)[
39m

[90mstderr[2m | backend/src
/routes/__tests__/trackings.t
est.ts[2m > 
[22m[2mTrackings 
Routes[2m > [22m[2mPOST /a
pi/trackings/suggest-emoji[2
m > [22m[2mshould return 
503 when API key is not 
configured
[22m[39m[2025-12-08T12:04:0
9.935Z] TRACKING_ROUTE | 
Error suggesting emoji: 
Error: Perplexity API key is 
not configured
    at 
AiService.suggestEmoji (D:/Co
de/habitus/backend/src/servic
es/aiService.ts:48:13)
    at D:/Code/habitus/backen
d/src/routes/trackings.ts:452
:37
    at Layer.handle [as 
handle_request] [90m(D:\Code
\habitus\[39mnode_modules\[
4mexpress[24m\lib\router\lay
er.js:95:5[90m)[39m
    at next [90m(D:\Code\hab
itus\[39mnode_modules\[4mex
press[24m\lib\router\route.j
s:149:13[90m)[39m
    at D:/Code/habitus/backen
d/src/routes/__tests__/tracki
ngs.test.ts:161:9
    at Mock [90m(file:///D:/
Code/habitus/[39mnode_module
s/[4m@vitest/spy[24m/dist/i
ndex.js:280:34[90m)[39m
    at Layer.handle [as 
handle_request] [90m(D:\Code
\habitus\[39mnode_modules\[
4mexpress[24m\lib\router\lay
er.js:95:5[90m)[39m
    at next [90m(D:\Code\hab
itus\[39mnode_modules\[4mex
press[24m\lib\router\route.j
s:149:13[90m)[39m
    at Route.dispatch [90m(D
:\Code\habitus\[39mnode_modu
les\[4mexpress[24m\lib\rout
er\route.js:119:3[90m)[39m
    at Layer.handle [as 
handle_request] [90m(D:\Code
\habitus\[39mnode_modules\[
4mexpress[24m\lib\router\lay
er.js:95:5[90m)[39m

[90mstderr[2m | backend/src
/routes/__tests__/trackings.t
est.ts[2m > 
[22m[2mTrackings 
Routes[2m > [22m[2mPOST /a
pi/trackings/suggest-emoji[2
m > [22m[2mshould return 
500 when AI service throws 
generic error
[22m[39m[2025-12-08T12:04:0
9.947Z] TRACKING_ROUTE | 
Error suggesting emoji: 
Error: API error
    at D:/Code/habitus/backen
d/src/routes/__tests__/tracki
ngs.test.ts:1056:49
    at [90mfile:///D:/Code/h
abitus/[39mnode_modules/[4m
@vitest/runner[24m/dist/inde
x.js:145:11
    at [90mfile:///D:/Code/h
abitus/[39mnode_modules/[4m
@vitest/runner[24m/dist/inde
x.js:919:26
    at [90mfile:///D:/Code/h
abitus/[39mnode_modules/[4m
@vitest/runner[24m/dist/inde
x.js:1244:20
    at new Promise 
(<anonymous>)
    at runWithTimeout [90m(f
ile:///D:/Code/habitus/[39mn
ode_modules/[4m@vitest/runne
r[24m/dist/index.js:1210:10
[90m)[39m
    at [90mfile:///D:/Code/h
abitus/[39mnode_modules/[4m
@vitest/runner[24m/dist/inde
x.js:1654:37
    at Traces.$ [90m(file://
/D:/Code/habitus/[39mnode_mo
dules/[4mvitest[24m/dist/ch
unks/traces.U4xDYhzZ.js:115:2
7[90m)[39m
    at trace [90m(file:///D:
/Code/habitus/[39mnode_modul
es/[4mvitest[24m/dist/chunk
s/test.DqQZzsWf.js:234:21[90
m)[39m
    at runTest [90m(file:///
D:/Code/habitus/[39mnode_mod
ules/[4m@vitest/runner[24m/
dist/index.js:1654:12[90m)[
39m

 [32mÔ£ô[39m frontend/src/components/__tests__/UserForm.test.tsx[2m > [22mUserForm[2m > [22mshould render form elements[32m 156[2mms[22m[39m
[90mstderr[2m | backend/src
/routes/__tests__/trackings.t
est.ts[2m > 
[22m[2mTrackings 
Routes[2m > [22m[2mPOST /a
pi/trackings/suggest-emoji[2
m > [22m[2mshould return 
500 when AI service throws 
non-Error
[22m[39m[2025-12-08T12:04:0
9.957Z] TRACKING_ROUTE | 
Error suggesting emoji: 
String error

 [32mÔ£ô[39m frontend/src/components/__tests__/ChangeEmailModal.test.tsx[2m > [22mChangeEmailModal[2m > [22mshould disable Change email button when email is same as current[32m 198[2mms[22m[39m
 [32mÔ£ô[39m backend/src/routes/__tests__/trackings.test.ts[2m > [22mTrackings Routes[2m > [22mGET /api/trackings/debug[2m > [22mshould return 500 when service throws error[32m 10[2mms[22m[39m
 [32mÔ£ô[39m backend/src/routes/__tests__/trackings.test.ts[2m > [22mTrackings Routes[2m > [22mPOST /api/trackings/suggest-emoji[2m > [22mshould suggest emoji for valid question[32m 9[2mms[22m[39m
 [32mÔ£ô[39m backend/src/routes/__tests__/trackings.test.ts[2m > [22mTrackings Routes[2m > [22mPOST /api/trackings/suggest-emoji[2m > [22mshould return 400 when question is missing[32m 8[2mms[22m[39m
 [32mÔ£ô[39m backend/src/routes/__tests__/trackings.test.ts[2m > [22mTrackings Routes[2m > [22mPOST /api/trackings/suggest-emoji[2m > [22mshould return 400 when question is empty string[32m 11[2mms[22m[39m
 [32mÔ£ô[39m backend/src/routes/__tests__/trackings.test.ts[2m > [22mTrackings Routes[2m > [22mPOST /api/trackings/suggest-emoji[2m > [22mshould return 400 when question is only whitespace[32m 10[2mms[22m[39m
 [32mÔ£ô[39m backend/src/routes/__tests__/trackings.test.ts[2m > [22mTrackings Routes[2m > [22mPOST /api/trackings/suggest-emoji[2m > [22mshould return 400 when question is not a string[32m 9[2mms[22m[39m
 [32mÔ£ô[39m backend/src/routes/__tests__/trackings.test.ts[2m > [22mTrackings Routes[2m > [22mPOST /api/trackings/suggest-emoji[2m > [22mshould return 503 when API key is not configured[32m 12[2mms[22m[39m
 [32mÔ£ô[39m backend/src/routes/__tests__/trackings.test.ts[2m > [22mTrackings Routes[2m > [22mPOST /api/trackings/suggest-emoji[2m > [22mshould return 500 when AI service throws generic error[32m 10[2mms[22m[39m
 [32mÔ£ô[39m backend/src/routes/__tests__/trackings.test.ts[2m > [22mTrackings Routes[2m > [22mPOST /api/trackings/suggest-emoji[2m > [22mshould return 500 when AI service throws non-Error[32m 9[2mms[22m[39m
 [32mÔ£ô[39m backend/src/routes/__tests__/trackings.test.ts[2m > [22mTrackings Routes[2m > [22mPOST /api/trackings/suggest-emoji[2m > [22mshould trim question before sending to AI service[32m 11[2mms[22m[39m
 [32mÔ£ô[39m backend/src/routes/__tests__/auth.test.ts[2m > [22mAuth Routes[2m > [22mPOST /api/auth/register[2m > [22mshould request registration magic link[32m 80[2mms[22m[39m
 [32mÔ£ô[39m backend/src/routes/__tests__/auth.test.ts[2m > [22mAuth Routes[2m > [22mPOST /api/auth/register[2m > [22mshould return 400 for missing name[32m 13[2mms[22m[39m
 [32mÔ£ô[39m frontend/src/components/__tests__/UserForm.test.tsx[2m > [22mUserForm[2m > [22mshould update character count as user types[32m 128[2mms[22m[39m
 [31m├ù[39m frontend/src/components/__tests__/RemindersList.test.tsx[2m > [22mRemindersList[2m > [22mshould reset filters[33m 1255[2mms[22m[39m
[31m   ÔåÆ Found multiple elements with the text: Did I exercise?

Here are the matching elements:

Ignored nodes: comments, script, style
[36m<span[31m
  [33mclass[31m=[32m"tracking-text"[31m
  [33mtitle[31m=[32m"­ƒÆ¬ Did I exercise?"[31m
[36m>[31m
  [36m<span[31m
    [33mclass[31m=[32m"tracking-icon"[31m
  [36m>[31m
    [0m­ƒÆ¬[0m
  [36m</span>[31m
  [0mDid I exercise?[0m
[36m</span>[31m

Ignored nodes: comments, script, style
[36m<h3[31m
  [33mclass[31m=[32m"reminder-card-question"[31m
[36m>[31m
  [0mDid I exercise?[0m
[36m</h3>[31m

(If this is intentional, then use the `*AllBy*` variant of the query (like `queryAllByText`, `getAllByText`, or `findAllByText`)).

Ignored nodes: comments, script, style
[36m<body>[31m
  [36m<div>[31m
    [36m<div[31m
      [33mclass[31m=[32m"reminders-list"[31m
    [36m>[31m
      [36m<div[31m
        [33mclass[31m=[32m"reminders-list-content"[31m
      [36m>[31m
        [36m<div[31m
          [33mclass[31m=[32m"filter-panel"[31m
        [36m>[31m
          [36m<div[31m
            [33mclass[31m=[32m"filter-panel-content"[31m
          [36m>[31m
            [36m<div[31m
              [33mclass[31m=[32m"filter-row"[31m
            [36m>[31m
              [36m<label[31m
                [33mclass[31m=[32m"filter-label"[31m
                [33mfor[31m=[32m"filter-time"[31m
              [36m>[31m
                [0mTime:[0m
              [36m</label>[31m
              [36m<input[31m
                [33maria-label[31m=[32m"Filter by time"[31m
                [33mclass[31m=[32m"filter-input"[31m
                [33mid[31m=[32m"filter-time"[31m
                [33mplaceholder[31m=[32m"Filter by time..."[31m
                [33mtype[31m=[32m"text"[31m
                [33mvalue[31m=[32m""[31m
              [36m/>[31m
            [36m</div>[31m
            [36m<div[31m
              [33mclass[31m=[32m"filter-row"[31m
            [36m>[31m
              [36m<label[31m
                [33mclass[31m=[32m"filter-label"[31m
                [33mfor[31m=[32m"filter-tracking"[31m
              [36m>[31m
                [0mTracking:[0m
              [36m</label>[31m
              [36m<input[31m
                [33maria-label[31m=[32m"Filter by tracking"[31m
                [33mclass[31m=[32m"filter-input"[31m
                [33mid[31m=[32m"filter-tracking"[31m
                [33mplaceholder[31m=[32m"Filter by tracking..."[31m
                [33mtype[31m=[32m"text"[31m
                [33mvalue[31m=[32m""[31m
              [36m/>[31m
            [36m</div>[31m
            [36m<div[31m
              [33mclass[31m=[32m"filter-row"[31m
            [36m>[31m
              [36m<label[31m
                [33mclass[31m=[32m"filter-label"[31m
                [33mfor[31m=[32m"filter-notes"[31m
              [36m>[31m
                [0mNotes:[0m
              [36m</label>[31m
              [36m<input[31m
                [33maria-label[31m=[32m"Filter by notes"[31m
                [33mclass[31m=[32m"filter-input"[31m
                [33mid[31m=[32m"filter-notes"[31m
                [33mplaceholder[31m=[32m"Filter by notes..."[31m
                [33mtype[31m=[32m"text"[31m
                [33mvalue[31m=[32m""[31m
              [36m/>[31m
            [36m</div>[31m
            [36m<div[31m
              [33mclass[31m=[32m"filter-row"[31m
            [36m>[31m
              [36m<button[31m
                [33maria-label[31m=[32m"Reset all filters"[31m
                [33mclass[31m=[32m"btn-secondary filter-reset-button"[31m
                [33mtype[31m=[32m"button"[31m
              [36m>[31m
                [0mReset Filters[0m
              [36m</button>[31m
            [36m</div>[31m
          [36m</div>[31m
        [36m</div>[31m
        [36m<div[31m
          [33mclass[31m=[32m"reminders-table-container"[31m
        [36m>[31m
          [36m<table[31m
            [33mclass[31m=[32m"reminders-table"[31m
          [36m>[31m
            [36m<thead>[31m
              [36m<tr>[31m
                [36m<th[31m
                  [33mclass[31m=[32m"col-time"[31m
                [36m>[31m
                  [36m<div[31m
                    [33mclass[31m=[32m"header-with-filter"[31m
                  [36m>[31m
                    [36m<button[31m
                      [33maria-expanded[31m=[32m"true"[31m
                      [33maria-label[31m=[32m"Hide filters"[31m
                      [33mclass[31m=[32m"filter-toggle-button"[31m
                      [33mtitle[31m=[32m"Hide filters"[31m
                      [33mtype[31m=[32m"button"[31m
                    [36m>[31m
                      [36m<span[31m
                        [33mclass[31m=[32m"filter-toggle-icon"[31m
                      [36m>[31m
                        [0m­ƒöì[0m
                      [36m</span>[31m
                    [36m</button>[31m
                    [36m<button[31m
                      [33maria-label[31m=[32m"Sort by time"[31m
                      [33mclass[31m=[32m"sortable-header"[31m
                      [33mtype[31m=[32m"button"[31m
                    [36m>[31m
                      [0mTime[0m
                    [36m</button>[31m
                  [36m</div>[31m
                [36m</th>[31m
                [36m<th[31m
                  [33mclass[31m=[32m"col-tracking"[31m
                [36m>[31m
                  [36m<button[31m
                    [33maria-label[31m=[32m"Sort by tracking"[31m
                    [33mclass[31m=[32m"sortable-header"[31m
                    [33mtype[31m=[32m"button"[31m
                  [36m>[31m
                    [0mTracking[0m
                  [36m</button>[31m
                [36m</th>[31m
                [36m<th[31m
                  [33mclass[31m=[32m"col-notes"[31m
                [36m>[31m
                  [36m<button[31m
                    [33maria-label[31m=[32m"Sort by notes"[31m
                    [33mclass[31m=[32m"sortable-header"[31m
                    [33mtype[31m=[32m"button"[31m
                  [36m>[31m
                    [0mNotes[0m
                  [36m</button>[31m
                [36m</th>[31m
                [36m<th[31m
                  [33mclass[31m=[32m"col-actions"[31m
                [36m>[31m
                  [0mActions[0m
                [36m</th>[31m
              [36m</tr>[31m
            [36m</thead>[31m
            [36m<tbody>[31m
              [36m<tr[31m
                [33mclass[31m=[32m"reminder-row"[31m
              [36m>[31m
                [36m<td[31m
                  [33mclass[31m=[32m"cell-time"[31m
                [36m>[31m
                  [0m1/1/2024 07:00 a.┬ám.[0m
                [36m</td>[31m
                [36m<td[31m
                  [33mclass[31m=[32m"cell-tracking"[31m
                [36m>[31m
                  [36m<span[31m
                    [33mclass[31m=[32m"tracking-text"[31m
                    [33mtitle[31m=[32m"­ƒÆ¬ Did I exercise?"[31m
                  [36m>[31m
                    [36m<span[31m
                      [33mclass[31m=[32m"tracking-icon"[31m
                    [36m>[31m
                      [0m­ƒÆ¬[0m
                    [36m</span>[31m
                    [0mDid I exercise?[0m
                  [36m</span>[31m
                [36m</td>[31m
                [36m<td[31m
                  [33mclass[31m=[32m"cell-notes"[31m
                [36m>[31m
                  [36m<textarea[31m
                    [33mclass[31m=[32m"notes-textarea"[31m
                    [33mplaceholder[31m=[32m"Add notes..."[31m
                    [33mrows[31m=[32m"2"[31m
                  [36m/>[31m
                [36m</td>[31m
                [36m<td[31m
                  [33mclass[31m=[32m"cell-actions"[31m
                [36m>[31m
                  [36m<div[31m
                    [33mclass[31m=[32m"actions-container"[31m
                  [36m>[31m
                    [36m<div[31m
                      [33mclass[31m=[32m"actions-buttons"[31m
                    [36m>[31m
                      [36m<button[31m
                        [33maria-label[31m=[32m"Complete reminder"[31m
                        [33mclass[31m=[32m"action-button action-complete"[31m
                        [33mtitle[31m=[32m"Complete reminder"[31m
                        [33mtype[31m=[32m"button"[31m
                      [36m>[31m
                        [0mÔ£ô[0m
                      [36m</button>[31m
                      [36m<button[31m
                        [33maria-label[31m=[32m"Dismiss reminder"[31m
                        [33mclass[31m=[32m"action-button action-dismiss"[31m
                        [33mtitle[31m=[32m"Dismiss reminder"[31m
                        [33mtype[31m=[32m"button"[31m
                      [36m>[31m
                        [0mÔ£ò[0m
                      [36m</button>[31m
                      [36m<button[31m
                        [33maria-label[31m=[32m"Snooze reminder"[31m
                        [33mclass[31m=[32m"action-button action-snooze"[31m
                        [33mtitle[31m=[32m"Snooze reminder (click to see options)"[31m
                        [33mtype[31m=[32m"button"[31m
                      [36m>[31m
                        [0m­ƒÆñ[0m
                      [36m</button>[31m
                    [36m</div>[31m
                  [36m</div>[31m
                [36m</td>[31m
              [36m</tr>[31m
            [36m</tbody>[31m
          [36m</table>[31m
        [36m</div>[31m
        [36m<div[31m
          [33mclass[31m=[32m"reminders-cards"[31m
        [36m>[31m
          [36m<div[31m
            [33mclass[31m=[32m"reminder-card"[31m
          [36m>[31m
            [36m<div[31m
              [33mclass[31m=[32m"reminder-card-header"[31m
            [36m>[31m
              [36m<div[31m
                [33mclass[31m=[32m"reminder-card-icon"[31m
              [36m>[31m
                [0m­ƒÆ¬[0m
              [36m</div>[31m
              [36m<div[31m
                [33mclass[31m=[32m"reminder-card-title"[31m
              [36m>[31m
                [36m<h3[31m
                  [33mclass[31m=[32m"reminder-card-question"[31m
                [36m>[31m
                  [0mDid I exercise?[0m
                [36m</h3>[31m
                [36m<div[31m
                  [33mclass[31m=[32m"reminder-card-time"[31m
                [36m>[31m
                  [0m1/1/2024 07:00 a.┬ám.[0m
                [36m</div>[31m
              [36m</div>[31m
            [36m</div>[31m
            [36m<div[31m
              [33mclass[31m=[32m"reminder-card-footer"[31m
            [36m>[31m
              [36m<div[31m
                [33mclass[31m=[32m"reminder-card-actions"[31m
              [36m>[31m
                [36m<button[31m
                  [33maria-label[31m=[32m"Complete reminder"[31m
                  [33mclass[31m=[32m"action-button action-complete"[31m
                  [33mtitle[31m=[32m"Complete"[31m
                  [33mtype[31m=[32m"button"[31m
                [36m>[31m
                  [0mÔ£ô[0m
                [36m</button>[31m
                [36m<button[31m
                  [33maria-label[31m=[32m"Snooze reminder"[31m
                  [33mclass[31m=[32m"action-button"[31m
                  [33mtitle[31m=[32m"Snooze"[31m
                  [33mtype[31m=[32m"button"[31m
                [36m>[31m
                  [0mÔÅ░[0m
                [36m</button>[31m
                [36m<button[31m
                  [33maria-label[31m=[32m"Dismiss reminder"[31m
                  [33mclass[31m=[32m"action-button action-dismiss"[31m
                  [33mtitle[31m=[32m"Dismiss"[31m
                  [33mtype[31m=[32m"button"[31m
                [36m>[31m
                  [0mÔ£ò[0m
                [36m</button>[31m
              [36m</div>[31m
            [36m</div>[31m
          [36m</div>[31m
        [36m</div>[31m
      [36m</div>[31m
    [36m</div>[31m
  [36m</div>[31m
[36m</body>[31m

Ignored nodes: comments, script, style
[36m<html>[31m
  [36m<head />[31m
  [36m<body>[31m
    [36m<div>[31m
      [36m<div[31m
        [33mclass[31m=[32m"reminders-list"[31m
      [36m>[31m
        [36m<div[31m
          [33mclass[31m=[32m"reminders-list-content"[31m
        [36m>[31m
          [36m<div[31m
            [33mclass[31m=[32m"filter-panel"[31m
          [36m>[31m
            [36m<div[31m
              [33mclass[31m=[32m"filter-panel-content"[31m
            [36m>[31m
              [36m<div[31m
                [33mclass[31m=[32m"filter-row"[31m
              [36m>[31m
                [36m<label[31m
                  [33mclass[31m=[32m"filter-label"[31m
                  [33mfor[31m=[32m"filter-time"[31m
                [36m>[31m
                  [0mTime:[0m
                [36m</label>[31m
                [36m<input[31m
                  [33maria-label[31m=[32m"Filter by time"[31m
                  [33mclass[31m=[32m"filter-input"[31m
                  [33mid[31m=[32m"filter-time"[31m
                  [33mplaceholder[31m=[32m"Filter by time..."[31m
                  [33mtype[31m=[32m"text"[31m
                  [33mvalue[31m=[32m""[31m
                [36m/>[31m
              [36m</div>[31m
              [36m<div[31m
                [33mclass[31m=[32m"filter-row"[31m
              [36m>[31m
                [36m<label[31m
                  [33mclass[31m=[32m"filter-label"[31m
                  [33mfor[31m=[32m"filter-tracking"[31m
                [36m>[31m
                  [0mTracking:[0m
                [36m</label>[31m
                [36m<input[31m
                  [33maria-label[31m=[32m"Filter by tracking"[31m
                  [33mclass[31m=[32m"filter-input"[31m
                  [33mid[31m=[32m"filter-tracking"[31m
                  [33mplaceholder[31m=[32m"Filter by tracking..."[31m
                  [33mtype[31m=[32m"text"[31m
                  [33mvalue[31m=[32m""[31m
                [36m/>[31m
              [36m</div>[31m
              [36m<div[31m
                [33mclass[31m=[32m"filter-row"[31m
              [36m>[31m
                [36m<label[31m
                  [33mclass[31m=[32m"filter-label"[31m
                  [33mfor[31m=[32m"filter-notes"[31m
                [36m>[31m
                  [0mNotes:[0m
                [36m</label>[31m
                [36m<input[31m
                  [33maria-label[31m=[32m"Filter by notes"[31m
                  [33mclass[31m=[32m"filter-input"[31m
                  [33mid[31m=[32m"filter-notes"[31m
                  [33mplaceholder[31m=[32m"Filter by notes..."[31m
                  [33mtype[31m=[32m"text"[31m
                  [33mvalue[31m=[32m""[31m
                [36m/>[31m
              [36m</div>[31m
              [36m<div[31m
                [33mclass[31m=[32m"filter-row"[31m
              [36m>[31m
                [36m<button[31m
                  [33maria-label[31m=[32m"Reset all filters"[31m
                  [33mclass[31m=[32m"btn-secondary filter-reset-button"[31m
                  [33mtype[31m=[32m"button"[31m
                [36m>[31m
                  [0mReset Filters[0m
                [36m</button>[31m
              [36m</div>[31m
            [36m</div>[31m
          [36m</div>[31m
          [36m<div[31m
            [33mclass[31m=[32m"reminders-table-container"[31m
          [36m>[31m
            [36m<table[31m
              [33mclass[31m=[32m"reminders-table"[31m
            [36m>[31m
              [36m<thead>[31m
                [36m<tr>[31m
                  [36m<th[31m
                    [33mclass[31m=[32m"col-time"[31m
                  [36m>[31m
                    [36m<div[31m
                      [33mclass[31m=[32m"header-with-filter"[31m
                    [36m>[31m
                      [36m<button[31m
                        [33maria-expanded[31m=[32m"true"[31m
                        [33maria-label[31m=[32m"Hide filters"[31m
                        [33mclass[31m=[32m"filter-toggle-button"[31m
                        [33mtitle[31m=[32m"Hide filters"[31m
                        [33mtype[31m=[32m"button"[31m
                      [36m>[31m
                        [36m<span[31m
                          [33mclass[31m=[32m"filter-toggle-icon"[31m
                        [36m>[31m
                          [0m­ƒöì[0m
                        [36m</span>[31m
                      [36m</button>[31m
                      [36m<button[31m
                        [33maria-label[31m=[32m"Sort by time"[31m
                        [33mclass[31m=[32m"sortable-header"[31m
                        [33mtype[31m=[32m"button"[31m
                      [36m>[31m
                        [0mTime[0m
                      [36m</button>[31m
                    [36m</div>[31m
                  [36m</th>[31m
                  [36m<th[31m
                    [33mclass[31m=[32m"col-tracking"[31m
                  [36m>[31m
                    [36m<button[31m
                      [33maria-label[31m=[32m"Sort by tracking"[31m
                      [33mclass[31m=[32m"sortable-header"[31m
                      [33mtype[31m=[32m"button"[31m
                    [36m>[31m
                      [0mTracking[0m
                    [36m</button>[31m
                  [36m</th>[31m
                  [36m<th[31m
                    [33mclass[31m=[32m"col-notes"[31m
                  [36m>[31m
                    [36m<button[31m
                      [33maria-label[31m=[32m"Sort by notes"[31m
                      [33mclass[31m=[32m"sortable-header"[31m
                      [33mtype[31m=[32m"button"[31m
                    [36m>[31m
                      [0mNotes[0m
                    [36m</button>[31m
                  [36m</th>[31m
                  [36m<th[31m
                    [33mclass[31m=[32m"col-actions"[31m
                  [36m>[31m
                    [0mActions[0m
                  [36m</th>[31m
                [36m</tr>[31m
              [36m</thead>[31m
              [36m<tbody>[31m
                [36m<tr[31m
                  [33mclass[31m=[32m"reminder-row"[31m
                [36m>[31m
                  [36m<td[31m
                    [33mclass[31m=[32m"cell-time"[31m
                  [36m>[31m
                    [0m1/1/2024 07:00 a.┬ám.[0m
                  [36m</td>[31m
                  [36m<td[31m
                    [33mclass[31m=[32m"cell-tracking"[31m
                  [36m>[31m
                    [36m<span[31m
                      [33mclass[31m=[32m"tracking-text"[31m
                      [33mtitle[31m=[32m"­ƒÆ¬ Did I exercise?"[31m
                    [36m>[31m
                      [36m<span[31m
                        [33mclass[31m=[32m"tracking-icon"[31m
                      [36m>[31m
                        [0m­ƒÆ¬[0m
                      [36m</span>[31m
                      [0mDid I exercise?[0m
                    [36m</span>[31m
                  [36m</td>[31m
                  [36m<td[31m
                    [33mclass[31m=[32m"cell-notes"[31m
                  [36m>[31m
                    [36m<textarea[31m
                      [33mclass[31m=[32m"notes-textarea"[31m
                      [33mplaceholder[31m=[32m"Add notes..."[31m
                      [33mrows[31m=[32m"2"[31m
                    [36m/>[31m
                  [36m</td>[31m
                  [36m<td[31m
                    [33mclass[31m=[32m"cell-actions"[31m
                  [36m>[31m
                    [36m<div[31m
                      [33mclass[31m=[32m"actions-container"[31m
                    [36m>[31m
                      [36m<div[31m
                        [33mclass[31m=[32m"actions-buttons"[31m
                      [36m>[31m
                        [36m<button[31m
                          [33maria-label[31m=[32m"Complete reminder"[31m
                          [33mclass[31m=[32m"action-button action-complete"[31m
                          [33mtitle[31m=[32m"Complete reminder"[31m
                          [33mtype[31m=[32m"button"[31m
                        [36m>[31m
                          [0mÔ£ô[0m
                        [36m</button>[31m
                        [36m<button[31m
                          [33maria-label[31m=[32m"Dismiss reminder"[31m
                          [33mclass[31m=[32m"action-button action-dismiss"[31m
                          [33mtitle[31m=[32m"Dismiss reminder"[31m
                          [33mtype[31m=[32m"button"[31m
                        [36m>[31m
                          [0mÔ£ò[0m
                        [36m</button>[31m
                        [36m<button[31m
                          [33maria-label[31m=[32m"Snooze reminder"[31m
                          [33mclass[31m=[32m"action-button action-snooze"[31m
                          [33mtitle[31m=[32m"Snooze reminder (click to see options)"[31m
                          [33mtype[31m=[32m"button"[31m
                        [36m>[31m
                          [0m­ƒÆñ[0m
                        [36m</button>[31m
                      [36m</div>[31m
                    [36m</div>[31m
                  [36m</td>[31m
                [36m</tr>[31m
              [36m</tbody>[31m
            [36m</table>[31m
          [36m</div>[31m
          [36m<div[31m
            [33mclass[31m=[32m"reminders-cards"[31m
          [36m>[31m
            [36m<div[31m
              [33mclass[31m=[32m"reminder-card"[31m
            [36m>[31m
              [36m<div[31m
                [33mclass[31m=[32m"reminder-card-header"[31m
              [36m>[31m
                [36m<div[31m
                  [33mclass[31m=[32m"reminder-card-icon"[31m
                [36m>[31m
                  [0m­ƒÆ¬[0m
                [36m</div>[31m
                [36m<div[31m
                  [33mclass[31m=[32m"reminder-card-title"[31m
                [36m>[31m
                  [36m<h3[31m
                    [33mclass[31m=[32m"reminder-card-question"[31m
                  [36m>[31m
                    [0mDid I exercise?[0m
                  [36m</h3>[31m
                  [36m<div[31m
                    [33mclass[31m=[32m"reminder-card-time"[31m
                  [36m>[31m
                    [0m1/1/2024 07:00 a.┬ám.[0m
                  [36m</div>[31m
                [36m</div>[31m
              [36m</div>[31m
              [36m<div[31m
                [33mclass[31m=[32m"reminder-card-footer"[31m
              [36m>[31m
                [36m<div[31m
                  [33mclass[31m=[32m"reminder-card-actions"[31m
                [36m>[31m
                  [36m<button[31m
                    [33maria-label[31m=[32m"Complete reminder"[31m
                    [33mclass[31m=[32m"action-button action-complete"[31m
                    [33mtitle[31m=[32m"Complete"[31m
                    [33mtype[31m=[32m"button"[31m
                  [36m>[31m
                    [0mÔ£ô[0m
                  [36m</button>[31m
                  [36m<button[31m
                    [33maria-label[31m=[32m"Snooze reminder"[31m
                    [33mclass[31m=[32m"action-button"[31m
                    [33mtitle[31m=[32m"Snooze"[31m
                    [33mtype[31m=[32m"button"[31m
                  [36m>[31m
                    [0mÔÅ░[0m
                  [36m</button>[31m
                  [36m<button[31m
                    [33maria-label[31m=[32m"Dismiss reminder"[31m
                    [33mclass[31m=[32m"action-button action-dismiss"[31m
                    [33mtitle[31m=[32m"Dismiss"[31m
                    [33mtype[31m=[32m"button"[31m
                  [36m>[31m
                    [0mÔ£ò[0m
                  [36m</button>[31m
                [36m</div>[31m
              [36m</div>[31m
            [36m</div>[31m
          [36m</div>[31m
        [36m</div>[31m
      [36m</div>[31m
    [36m</div>[31m
  [36m</body>[31m
[36m</html>[31m[39m
 [32mÔ£ô[39m backend/src/__tests__/server.test.ts[2m > [22mServer Configuration - Integration Tests[2m > [22mServer.ts Complete Integration - Real Execution Tests[2m > [22mshould execute development Vite route handling[33m 433[2mms[22m[39m
 [32mÔ£ô[39m backend/src/routes/__tests__/auth.test.ts[2m > [22mAuth Routes[2m > [22mPOST /api/auth/register[2m > [22mshould return 400 for missing email[32m 10[2mms[22m[39m
 [32mÔ£ô[39m backend/src/routes/__tests__/auth.test.ts[2m > [22mAuth Routes[2m > [22mPOST /api/auth/register[2m > [22mshould return 400 for invalid email format[32m 10[2mms[22m[39m
 [32mÔ£ô[39m backend/src/routes/__tests__/auth.test.ts[2m > [22mAuth Routes[2m > [22mPOST /api/auth/register[2m > [22mshould return 409 for duplicate email[32m 19[2mms[22m[39m
 [32mÔ£ô[39m backend/src/routes/__tests__/auth.test.ts[2m > [22mAuth Routes[2m > [22mPOST /api/auth/register[2m > [22mshould enforce cooldown period for registration magic link requests[32m 30[2mms[22m[39m
 [32mÔ£ô[39m backend/src/routes/__tests__/auth.test.ts[2m > [22mAuth Routes[2m > [22mPOST /api/auth/login[2m > [22mshould request login magic link[32m 23[2mms[22m[39m
 [32mÔ£ô[39m backend/src/routes/__tests__/reminders.test.ts[2m > [22mReminders Routes[2m > [22mGET /api/reminders[2m > [22mshould get all reminders for authenticated user[32m 68[2mms[22m[39m
 [32mÔ£ô[39m backend/src/routes/__tests__/reminders.test.ts[2m > [22mReminders Routes[2m > [22mGET /api/reminders/:id[2m > [22mshould get a reminder by ID[32m 13[2mms[22m[39m
 [32mÔ£ô[39m backend/src/routes/__tests__/reminders.test.ts[2m > [22mReminders Routes[2m > [22mGET /api/reminders/:id[2m > [22mshould return 404 if reminder not found[32m 14[2mms[22m[39m
 [31m├ù[39m frontend/src/components/__tests__/RemindersList.test.tsx[2m > [22mRemindersList[2m > [22mshould sort reminders by time[32m 120[2mms[22m[39m
[31m   ÔåÆ expected 4 to be 2 // Object.is equality[39m
 [31m├ù[39m frontend/src/components/__tests__/RemindersList.test.tsx[2m > [22mRemindersList[2m > [22mshould sort reminders by tracking[32m 86[2mms[22m[39m
[31m   ÔåÆ expected 4 to be 2 // Object.is equality[39m
 [32mÔ£ô[39m backend/src/routes/__tests__/auth.test.ts[2m > [22mAuth Routes[2m > [22mPOST /api/auth/login[2m > [22mshould return 400 for missing email[32m 19[2mms[22m[39m
 [32mÔ£ô[39m backend/src/routes/__tests__/auth.test.ts[2m > [22mAuth Routes[2m > [22mPOST /api/auth/login[2m > [22mshould enforce cooldown period but still return success for login (to prevent email enumeration)[32m 26[2mms[22m[39m
 [32mÔ£ô[39m backend/src/routes/__tests__/auth.test.ts[2m > [22mAuth Routes[2m > [22mGET /api/auth/me[2m > [22mshould return user data with valid token[32m 20[2mms[22m[39m
 [32mÔ£ô[39m backend/src/routes/__tests__/auth.test.ts[2m > [22mAuth Routes[2m > [22mGET /api/auth/me[2m > [22mshould return 401 for missing authorization header[32m 9[2mms[22m[39m
 [32mÔ£ô[39m backend/src/routes/__tests__/auth.test.ts[2m > [22mAuth Routes[2m > [22mGET /api/auth/me[2m > [22mshould return 401 for invalid token[32m 8[2mms[22m[39m
 [32mÔ£ô[39m backend/src/routes/__tests__/auth.test.ts[2m > [22mAuth Routes[2m > [22mGET /api/auth/me[2m > [22mshould return 401 for malformed authorization header[32m 21[2mms[22m[39m
 [32mÔ£ô[39m frontend/src/components/__tests__/ChangeEmailModal.test.tsx[2m > [22mChangeEmailModal[2m > [22mshould enable Change email button when valid different email is entered[32m 271[2mms[22m[39m
 [32mÔ£ô[39m backend/src/routes/__tests__/reminders.test.ts[2m > [22mReminders Routes[2m > [22mGET /api/reminders/:id[2m > [22mshould return 400 for invalid reminder ID[32m 18[2mms[22m[39m
 [32mÔ£ô[39m backend/src/routes/__tests__/reminders.test.ts[2m > [22mReminders Routes[2m > [22mPOST /api/reminders[2m > [22mshould create a new reminder[32m 27[2mms[22m[39m
 [32mÔ£ô[39m backend/src/routes/__tests__/reminders.test.ts[2m > [22mReminders Routes[2m > [22mPOST /api/reminders[2m > [22mshould return 400 if tracking_id is missing[32m 21[2mms[22m[39m
 [32mÔ£ô[39m backend/src/routes/__tests__/reminders.test.ts[2m > [22mReminders Routes[2m > [22mPUT /api/reminders/:id[2m > [22mshould update a reminder[32m 26[2mms[22m[39m
 [32mÔ£ô[39m backend/src/routes/__tests__/reminders.test.ts[2m > [22mReminders Routes[2m > [22mPUT /api/reminders/:id[2m > [22mshould return 404 if reminder not found[32m 9[2mms[22m[39m
 [31m├ù[39m frontend/src/components/__tests__/TrackingsList.test.tsx[2m > [22mTrackingsList[2m > [22mFiltering[2m > [22mshould apply multiple filters simultaneously[33m 415[2mms[22m[39m
[31m   ÔåÆ Found multiple elements with the text: Did I exercise today?

Here are the matching elements:

Ignored nodes: comments, script, style
[36m<button[31m
  [33maria-label[31m=[32m"Edit tracking: Did I exercise today?"[31m
  [33mclass[31m=[32m"tracking-name-link"[31m
  [33mtitle[31m=[32m"Did I exercise today?. Click to edit"[31m
  [33mtype[31m=[32m"button"[31m
[36m>[31m
  [0mDid I exercise today?[0m
[36m</button>[31m

Ignored nodes: comments, script, style
[36m<h3[31m
  [33mclass[31m=[32m"tracking-card-question"[31m
[36m>[31m
  [0mDid I exercise today?[0m
[36m</h3>[31m

(If this is intentional, then use the `*AllBy*` variant of the query (like `queryAllByText`, `getAllByText`, or `findAllByText`)).

Ignored nodes: comments, script, style
[36m<body>[31m
  [36m<div>[31m
    [36m<div[31m
      [33mclass[31m=[32m"trackings-list"[31m
    [36m>[31m
      [36m<div[31m
        [33mclass[31m=[32m"trackings-list-content"[31m
      [36m>[31m
        [36m<div[31m
          [33mclass[31m=[32m"filter-panel"[31m
        [36m>[31m
          [36m<div[31m
            [33mclass[31m=[32m"filter-panel-content"[31m
          [36m>[31m
            [36m<div[31m
              [33mclass[31m=[32m"filter-row"[31m
            [36m>[31m
              [36m<label[31m
                [33mclass[31m=[32m"filter-label"[31m
                [33mfor[31m=[32m"filter-tracking"[31m
              [36m>[31m
                [0mTracking:[0m
              [36m</label>[31m
              [36m<input[31m
                [33maria-label[31m=[32m"Filter by tracking"[31m
                [33mclass[31m=[32m"filter-input"[31m
                [33mid[31m=[32m"filter-tracking"[31m
                [33mplaceholder[31m=[32m"Filter by question..."[31m
                [33mtype[31m=[32m"text"[31m
                [33mvalue[31m=[32m"exercise"[31m
              [36m/>[31m
            [36m</div>[31m
            [36m<div[31m
              [33mclass[31m=[32m"filter-row"[31m
            [36m>[31m
              [36m<div[31m
                [33mclass[31m=[32m"filter-row"[31m
              [36m>[31m
                [36m<label[31m
                  [33mclass[31m=[32m"filter-label"[31m
                  [33mfor[31m=[32m"filter-times"[31m
                [36m>[31m
                  [0mTimes:[0m
                [36m</label>[31m
                [36m<input[31m
                  [33maria-label[31m=[32m"Filter by times"[31m
                  [33mclass[31m=[32m"filter-input"[31m
                  [33mid[31m=[32m"filter-times"[31m
                  [33mplaceholder[31m=[32m"Filter by times..."[31m
                  [33mtype[31m=[32m"text"[31m
                  [33mvalue[31m=[32m""[31m
                [36m/>[31m
              [36m</div>[31m
              [36m<div[31m
                [33mclass[31m=[32m"filter-row"[31m
              [36m>[31m
                [36m<label[31m
                  [33mclass[31m=[32m"filter-label"[31m
                  [33mfor[31m=[32m"filter-frequency"[31m
                [36m>[31m
                  [0mFrequency:[0m
                [36m</label>[31m
                [36m<input[31m
                  [33maria-label[31m=[32m"Filter by frequency"[31m
                  [33mclass[31m=[32m"filter-input"[31m
                  [33mid[31m=[32m"filter-frequency"[31m
                  [33mplaceholder[31m=[32m"Filter by frequency..."[31m
                  [33mtype[31m=[32m"text"[31m
                  [33mvalue[31m=[32m""[31m
                [36m/>[31m
              [36m</div>[31m
              [36m<div[31m
                [33mclass[31m=[32m"filter-row"[31m
              [36m>[31m
                [36m<div[31m
                  [33mclass[31m=[32m"filter-label"[31m
                [36m>[31m
                  [0mStatus:[0m
                [36m</div>[31m
                [36m<div[31m
                  [33mclass[31m=[32m"filter-checkbox-group"[31m
                [36m>[31m
                  [36m<label[31m
                    [33mclass[31m=[32m"filter-checkbox-label"[31m
                  [36m>[31m
                    [36m<input[31m
                      [33maria-label[31m=[32m"Filter by status: Running"[31m
                      [33mtype[31m=[32m"checkbox"[31m
                    [36m/>[31m
                    [36m<span>[31m
                      [0mRunning[0m
                    [36m</span>[31m
                  [36m</label>[31m
                  [36m<label[31m
                    [33mclass[31m=[32m"filter-checkbox-label"[31m
                  [36m>[31m
                    [36m<input[31m
                      [33maria-label[31m=[32m"Filter by status: Paused"[31m
                      [33mtype[31m=[32m"checkbox"[31m
                    [36m/>[31m
                    [36m<span>[31m
                      [0mPaused[0m
                    [36m</span>[31m
                  [36m</label>[31m
                  [36m<label[31m
                    [33mclass[31m=[32m"filter-checkbox-label"[31m
                  [36m>[31m
                    [36m<input[31m
                      [33maria-label[31m=[32m"Filter by status: Archived"[31m
                      [33mtype[31m=[32m"checkbox"[31m
                    [36m/>[31m
                    [36m<span>[31m
                      [0mArchived[0m
                    [36m</span>[31m
                  [36m</label>[31m
                [36m</div>[31m
              [36m</div>[31m
              [36m<div[31m
                [33mclass[31m=[32m"filter-actions"[31m
              [36m>[31m
                [36m<button[31m
                  [33maria-label[31m=[32m"Reset all filters"[31m
                  [33mclass[31m=[32m"filter-reset-button"[31m
                  [33mtype[31m=[32m"button"[31m
                [36m>[31m
                  [0mReset Filters[0m
                [36m</button>[31m
              [36m</div>[31m
            [36m</div>[31m
          [36m</div>[31m
        [36m</div>[31m
        [36m<table[31m
          [33mclass[31m=[32m"trackings-table"[31m
        [36m>[31m
          [36m<thead>[31m
            [36m<tr>[31m
              [36m<th[31m
                [33mclass[31m=[32m"col-tracking"[31m
              [36m>[31m
                [36m<div[31m
                  [33mclass[31m=[32m"header-with-filter"[31m
                [36m>[31m
                  [36m<button[31m
                    [33maria-expanded[31m=[32m"true"[31m
                    [33maria-label[31m=[32m"Hide filters"[31m
                    [33mclass[31m=[32m"filter-toggle-button"[31m
                    [33mtitle[31m=[32m"Hide filters"[31m
                    [33mtype[31m=[32m"button"[31m
                  [36m>[31m
                    [36m<span[31m
                      [33mclass[31m=[32m"filter-toggle-icon"[31m
                    [36m>[31m
                      [0m­ƒöì[0m
                    [36m</span>[31m
                  [36m</button>[31m
                  [36m<button[31m
                    [33maria-label[31m=[32m"Sort by tracking"[31m
                    [33mclass[31m=[32m"sortable-header"[31m
                    [33mtype[31m=[32m"button"[31m
                  [36m>[31m
                    [0mTracking[0m
                  [36m</button>[31m
                [36m</div>[31m
              [36m</th>[31m
              [36m<th[31m
                [33mclass[31m=[32m"col-notes"[31m
              [36m>[31m
                [0mNotes[0m
              [36m</th>[31m
              [36m<th[31m
                [33mclass[31m=[32m"col-times"[31m
              [36m>[31m
                [36m<button[31m
                  [33maria-label[31m=[32m"Sort by times"[31m
                  [33mclass[31m=[32m"sortable-header"[31m
                  [33mtype[31m=[32m"button"[31m
                [36m>[31m
                  [0mTimes[0m
                [36m</button>[31m
              [36m</th>[31m
              [36m<th[31m
                [33mclass[31m=[32m"col-frequency"[31m
              [36m>[31m
                [36m<button[31m
                  [33maria-label[31m=[32m"Sort by frequency"[31m
                  [33mclass[31m=[32m"sortable-header"[31m
                  [33mtype[31m=[32m"button"[31m
                [36m>[31m
                  [0mFrequency[0m
                [36m</button>[31m
              [36m</th>[31m
              [36m<th[31m
                [33mclass[31m=[32m"col-next-reminder"[31m
              [36m>[31m
                [36m<button[31m
                  [33maria-label[31m=[32m"Sort by next reminder"[31m
                  [33mclass[31m=[32m"sortable-header"[31m
                  [33mtype[31m=[32m"button"[31m
                [36m>[31m
                  [0mNext reminder[0m
                [36m</button>[31m
              [36m</th>[31m
              [36m<th[31m
                [33mclass[31m=[32m"col-status"[31m
              [36m>[31m
                [36m<button[31m
                  [33maria-label[31m=[32m"Sort by status"[31m
                  [33mclass[31m=[32m"sortable-header"[31m
                  [33mtype[31m=[32m"button"[31m
                [36m>[31m
                  [0mStatus[0m
                [36m</button>[31m
              [36m</th>[31m
              [36m<th[31m
                [33mclass[31m=[32m"col-actions"[31m
              [36m>[31m
                [0mActions[0m
              [36m</th>[31m
            [36m</tr>[31m
          [36m</thead>[31m
          [36m<tbody>[31m
            [36m<tr[31m
              [33mclass[31m=[32m"tracking-row"[31m
            [36m>[31m
              [36m<td[31m
                [33mclass[31m=[32m"cell-tracking"[31m
              [36m>[31m
                [36m<button[31m
                  [33maria-label[31m=[32m"Edit tracking: Did I exercise today?"[31m
                  [33mclass[31m=[32m"tracking-name-link"[31m
                  [33mtitle[31m=[32m"Did I exercise today?. Click to edit"[31m
                  [33mtype[31m=[32m"button"[31m
                [36m>[31m
                  [0mDid I exercise today?[0m
                [36m</button>[31m
              [36m</td>[31m
              [36m<td[31m
                [33mclass[31m=[32m"cell-notes"[31m
              [36m>[31m
                [36m<span[31m
                  [33mclass[31m=[32m"notes-empty"[31m
                [36m>[31m
                  [0mÔÇö[0m
                [36m</span>[31m
              [36m</td>[31m
              [36m<td[31m
                [33mclass[31m=[32m"cell-times"[31m
              [36m>[31m
                [0m08:00[0m
              [36m</td>[31m
              [36m<td[31m
                [33mclass[31m=[32m"cell-frequency"[31m
                [33mtitle[31m=[32m"No upcoming reminder"[31m
              [36m>[31m
                [0mDaily[0m
              [36m</td>[31m
              [36m<td[31m
                [33mclass[31m=[32m"cell-next-reminder"[31m
              [36m>[31m
                [0mÔÇö[0m
              [36m</td>[31m
              [36m<td[31m
                [33mclass[31m=[32m"cell-status"[31m
              [36m>[31m
                [36m<span[31m
                  [33mclass[31m=[32m"status-badge state-badge-running"[31m
                [36m>[31m
                  [0mRunning[0m
                [36m</span>[31m
              [36m</td>[31m
              [36m<td[31m
                [33mclass[31m=[32m"cell-actions"[31m
              [36m>[31m
                [36m<div[31m
                  [33mclass[31m=[32m"actions-container"[31m
                [36m>[31m
                  [36m<div[31m
                    [33mclass[31m=[32m"actions-buttons"[31m
                  [36m>[31m
                    [36m<button[31m
                      [33maria-label[31m=[32m"Pause"[31m
                      [33mclass[31m=[32m"action-button"[31m
                      [33mtitle[31m=[32m"Pause: Stops generating new reminders. Existing reminders remain active."[31m
                      [33mtype[31m=[32m"button"[31m
                    [36m>[31m
                      [0mÔÅ©´©Å[0m
                    [36m</button>[31m
                    [36m<button[31m
                      [33maria-label[31m=[32m"Archive"[31m
                      [33mclass[31m=[32m"action-button"[31m
                      [33mtitle[31m=[32m"Archive: Moves tracking to archived state and stops all reminder generation. All pending and upcoming reminders will be deleted."[31m
                      [33mtype[31m=[32m"button"[31m
                    [36m>[31m
                      [0m­ƒôª[0m
                    [36m</button>[31m
                    [36m<button[31m
                      [33maria-label[31m=[32m"Delete"[31m
                      [33mclass[31m=[32m"action-button"[31m
                      [33mtitle[31m=[32m"Delete: Permanently removes this tracking and all its reminders. This action cannot be undone."[31m
                      [33mtype[31m=[32m"button"[31m
                    [36m>[31m
                      [0m­ƒùæ´©Å[0m
                    [36m</button>[31m
                  [36m</div>[31m
                [36m</div>[31m
              [36m</td>[31m
            [36m</tr>[31m
          [36m</tbody>[31m
        [36m</table>[31m
        [36m<div[31m
          [33mclass[31m=[32m"trackings-cards"[31m
        [36m>[31m
          [36m<div[31m
            [33mclass[31m=[32m"tracking-card"[31m
          [36m>[31m
            [36m<div[31m
              [33mclass[31m=[32m"tracking-card-header"[31m
            [36m>[31m
              [36m<div[31m
                [33mclass[31m=[32m"tracking-card-title"[31m
              [36m>[31m
                [36m<h3[31m
                  [33mclass[31m=[32m"tracking-card-question"[31m
                [36m>[31m
                  [0mDid I exercise today?[0m
                [36m</h3>[31m
                [36m<div[31m
                  [33mclass[31m=[32m"tracking-card-times"[31m
                [36m>[31m
                  [0m08:00[0m
                [36m</div>[31m
              [36m</div>[31m
            [36m</div>[31m
            [36m<div[31m
              [33mclass[31m=[32m"tracking-card-body"[31m
            [36m>[31m
              [36m<div[31m
                [33mclass[31m=[32m"tracking-card-row"[31m
              [36m>[31m
                [36m<span[31m
                  [33mclass[31m=[32m"tracking-card-label"[31m
                [36m>[31m
                  [0mFrequency[0m
                [36m</span>[31m
                [36m<span[31m
                  [33mclass[31m=[32m"tracking-card-value"[31m
                [36m>[31m
                  [0mDaily[0m
                [36m</span>[31m
              [36m</div>[31m
            [36m</div>[31m
            [36m<div[31m
              [33mclass[31m=[32m"tracking-card-footer"[31m
            [36m>[31m
              [36m<div[31m
                [33mclass[31m=[32m"tracking-card-status"[31m
              [36m>[31m
                [36m<span[31m
                  [33mclass[31m=[32m"status-badge state-badge-running"[31m
                [36m>[31m
                  [0mRunning[0m
                [36m</span>[31m
              [36m</div>[31m
              [36m<div[31m
                [33mclass[31m=[32m"tracking-card-actions"[31m
              [36m>[31m
                [36m<button[31m
                  [33maria-label[31m=[32m"Edit tracking"[31m
                  [33mclass[31m=[32m"action-button"[31m
                  [33mtitle[31m=[32m"Edit tracking"[31m
                  [33mtype[31m=[32m"button"[31m
                [36m>[31m
                  [0mÔ£Å´©Å[0m
                [36m</button>[31m
              [36m</div>[31m
            [36m</div>[31m
          [36m</div>[31m
        [36m</div>[31m
      [36m</div>[31m
    [36m</div>[31m
  [36m</div>[31m
[36m</body>[31m[39m
 [32mÔ£ô[39m frontend/src/components/__tests__/AuthForm.test.tsx[2m > [22mAuthForm[2m > [22mRegister mode[2m > [22mshould show magic link sent message after successful registration[33m 461[2mms[22m[39m
 [32mÔ£ô[39m frontend/src/components/__tests__/UserForm.test.tsx[2m > [22mUserForm[2m > [22mshould call onSubmit with trimmed name when form is submitted[32m 231[2mms[22m[39m
 [32mÔ£ô[39m backend/src/routes/__tests__/auth.test.ts[2m > [22mAuth Routes[2m > [22mPOST /api/auth/change-email[2m > [22mshould request email change successfully[32m 32[2mms[22m[39m
 [32mÔ£ô[39m backend/src/routes/__tests__/auth.test.ts[2m > [22mAuth Routes[2m > [22mPOST /api/auth/change-email[2m > [22mshould return 400 for missing email[32m 13[2mms[22m[39m
 [32mÔ£ô[39m backend/src/routes/__tests__/auth.test.ts[2m > [22mAuth Routes[2m > [22mPOST /api/auth/change-email[2m > [22mshould return 400 for invalid email format[32m 8[2mms[22m[39m
 [32mÔ£ô[39m backend/src/routes/__tests__/auth.test.ts[2m > [22mAuth Routes[2m > [22mPOST /api/auth/change-email[2m > [22mshould return 400 if new email is same as current email[32m 24[2mms[22m[39m
 [32mÔ£ô[39m backend/src/routes/__tests__/auth.test.ts[2m > [22mAuth Routes[2m > [22mPOST /api/auth/change-email[2m > [22mshould return 400 if email is already registered[32m 12[2mms[22m[39m
 [32mÔ£ô[39m backend/src/routes/__tests__/auth.test.ts[2m > [22mAuth Routes[2m > [22mPOST /api/auth/change-email[2m > [22mshould return 401 for missing authorization[32m 8[2mms[22m[39m
 [32mÔ£ô[39m backend/src/routes/__tests__/reminders.test.ts[2m > [22mReminders Routes[2m > [22mPATCH /api/reminders/:id/snooze[2m > [22mshould snooze a reminder[32m 30[2mms[22m[39m
 [32mÔ£ô[39m backend/src/routes/__tests__/reminders.test.ts[2m > [22mReminders Routes[2m > [22mPATCH /api/reminders/:id/snooze[2m > [22mshould return 400 for invalid minutes[32m 10[2mms[22m[39m
 [32mÔ£ô[39m backend/src/routes/__tests__/reminders.test.ts[2m > [22mReminders Routes[2m > [22mPATCH /api/reminders/:id/complete[2m > [22mshould complete a reminder[32m 12[2mms[22m[39m
 [32mÔ£ô[39m backend/src/routes/__tests__/reminders.test.ts[2m > [22mReminders Routes[2m > [22mPATCH /api/reminders/:id/complete[2m > [22mshould return 404 if reminder not found[32m 9[2mms[22m[39m
 [32mÔ£ô[39m backend/src/routes/__tests__/reminders.test.ts[2m > [22mReminders Routes[2m > [22mPATCH /api/reminders/:id/dismiss[2m > [22mshould dismiss a reminder[32m 11[2mms[22m[39m
 [32mÔ£ô[39m backend/src/routes/__tests__/reminders.test.ts[2m > [22mReminders Routes[2m > [22mPATCH /api/reminders/:id/dismiss[2m > [22mshould return 404 if reminder not found[32m 15[2mms[22m[39m
 [32mÔ£ô[39m backend/src/routes/__tests__/reminders.test.ts[2m > [22mReminders Routes[2m > [22mDELETE /api/reminders/:id[2m > [22mshould delete a reminder[32m 16[2mms[22m[39m
 [32mÔ£ô[39m backend/src/routes/__tests__/reminders.test.ts[2m > [22mReminders Routes[2m > [22mDELETE /api/reminders/:id[2m > [22mshould return 404 if reminder not found[32m 11[2mms[22m[39m
 [32mÔ£ô[39m frontend/src/components/__tests__/UserForm.test.tsx[2m > [22mUserForm[2m > [22mshould call onError when name is empty[32m 120[2mms[22m[39m
 [32mÔ£ô[39m frontend/src/components/__tests__/UserForm.test.tsx[2m > [22mUserForm[2m > [22mshould call onError when name exceeds max length[32m 57[2mms[22m[39m
 [32mÔ£ô[39m backend/src/routes/__tests__/auth.test.ts[2m > [22mAuth Routes[2m > [22mGET /api/auth/verify-email-change[2m > [22mshould verify email change and redirect with success[32m 29[2mms[22m[39m
 [32mÔ£ô[39m backend/src/routes/__tests__/auth.test.ts[2m > [22mAuth Routes[2m > [22mGET /api/auth/verify-email-change[2m > [22mshould handle URL-encoded error messages correctly[32m 11[2mms[22m[39m
 [32mÔ£ô[39m backend/src/routes/__tests__/auth.test.ts[2m > [22mAuth Routes[2m > [22mGET /api/auth/verify-email-change[2m > [22mshould redirect with error for missing token[32m 8[2mms[22m[39m
 [32mÔ£ô[39m backend/src/routes/__tests__/auth.test.ts[2m > [22mAuth Routes[2m > [22mGET /api/auth/verify-email-change[2m > [22mshould redirect with error for invalid token[32m 11[2mms[22m[39m
 [32mÔ£ô[39m backend/src/routes/__tests__/auth.test.ts[2m > [22mAuth Routes[2m > [22mGET /api/auth/verify-email-change[2m > [22mshould redirect with error for expired token[32m 11[2mms[22m[39m
 [32mÔ£ô[39m backend/src/routes/__tests__/auth.test.ts[2m > [22mAuth Routes[2m > [22mGET /api/auth/verify-email-change[2m > [22mshould redirect with error if email is already taken[32m 9[2mms[22m[39m
 [32mÔ£ô[39m frontend/src/components/__tests__/RemindersList.test.tsx[2m > [22mRemindersList[2m > [22mshould toggle sort direction[32m 201[2mms[22m[39m
 [31m├ù[39m frontend/src/components/__tests__/RemindersList.test.tsx[2m > [22mRemindersList[2m > [22mshould show snooze menu when Snooze is clicked[32m 44[2mms[22m[39m
[31m   ÔåÆ Found multiple elements with the role "button" and name "Snooze reminder"

Here are the matching elements:

Ignored nodes: comments, script, style
[36m<button[31m
  [33maria-label[31m=[32m"Snooze reminder"[31m
  [33mclass[31m=[32m"action-button action-snooze"[31m
  [33mtitle[31m=[32m"Snooze reminder (click to see options)"[31m
  [33mtype[31m=[32m"button"[31m
[36m>[31m
  [0m­ƒÆñ[0m
[36m</button>[31m

Ignored nodes: comments, script, style
[36m<button[31m
  [33maria-label[31m=[32m"Snooze reminder"[31m
  [33mclass[31m=[32m"action-button"[31m
  [33mtitle[31m=[32m"Snooze"[31m
  [33mtype[31m=[32m"button"[31m
[36m>[31m
  [0mÔÅ░[0m
[36m</button>[31m

(If this is intentional, then use the `*AllBy*` variant of the query (like `queryAllByText`, `getAllByText`, or `findAllByText`)).

Ignored nodes: comments, script, style
[36m<body>[31m
  [36m<div>[31m
    [36m<div[31m
      [33mclass[31m=[32m"reminders-list"[31m
    [36m>[31m
      [36m<div[31m
        [33mclass[31m=[32m"reminders-list-content"[31m
      [36m>[31m
        [36m<div[31m
          [33mclass[31m=[32m"reminders-table-container"[31m
        [36m>[31m
          [36m<table[31m
            [33mclass[31m=[32m"reminders-table"[31m
          [36m>[31m
            [36m<thead>[31m
              [36m<tr>[31m
                [36m<th[31m
                  [33mclass[31m=[32m"col-time"[31m
                [36m>[31m
                  [36m<div[31m
                    [33mclass[31m=[32m"header-with-filter"[31m
                  [36m>[31m
                    [36m<button[31m
                      [33maria-expanded[31m=[32m"false"[31m
                      [33maria-label[31m=[32m"Show filters"[31m
                      [33mclass[31m=[32m"filter-toggle-button"[31m
                      [33mtitle[31m=[32m"Show filters"[31m
                      [33mtype[31m=[32m"button"[31m
                    [36m>[31m
                      [36m<span[31m
                        [33mclass[31m=[32m"filter-toggle-icon"[31m
                      [36m>[31m
                        [0m­ƒöì[0m
                      [36m</span>[31m
                    [36m</button>[31m
                    [36m<button[31m
                      [33maria-label[31m=[32m"Sort by time"[31m
                      [33mclass[31m=[32m"sortable-header"[31m
                      [33mtype[31m=[32m"button"[31m
                    [36m>[31m
                      [0mTime[0m
                    [36m</button>[31m
                  [36m</div>[31m
                [36m</th>[31m
                [36m<th[31m
                  [33mclass[31m=[32m"col-tracking"[31m
                [36m>[31m
                  [36m<button[31m
                    [33maria-label[31m=[32m"Sort by tracking"[31m
                    [33mclass[31m=[32m"sortable-header"[31m
                    [33mtype[31m=[32m"button"[31m
                  [36m>[31m
                    [0mTracking[0m
                  [36m</button>[31m
                [36m</th>[31m
                [36m<th[31m
                  [33mclass[31m=[32m"col-notes"[31m
                [36m>[31m
                  [36m<button[31m
                    [33maria-label[31m=[32m"Sort by notes"[31m
                    [33mclass[31m=[32m"sortable-header"[31m
                    [33mtype[31m=[32m"button"[31m
                  [36m>[31m
                    [0mNotes[0m
                  [36m</button>[31m
                [36m</th>[31m
                [36m<th[31m
                  [33mclass[31m=[32m"col-actions"[31m
                [36m>[31m
                  [0mActions[0m
                [36m</th>[31m
              [36m</tr>[31m
            [36m</thead>[31m
            [36m<tbody>[31m
              [36m<tr[31m
                [33mclass[31m=[32m"reminder-row"[31m
              [36m>[31m
                [36m<td[31m
                  [33mclass[31m=[32m"cell-time"[31m
                [36m>[31m
                  [0m1/1/2024 07:00 a.┬ám.[0m
                [36m</td>[31m
                [36m<td[31m
                  [33mclass[31m=[32m"cell-tracking"[31m
                [36m>[31m
                  [36m<span[31m
                    [33mclass[31m=[32m"tracking-text"[31m
                    [33mtitle[31m=[32m"­ƒÆ¬ Did I exercise?"[31m
                  [36m>[31m
                    [36m<span[31m
                      [33mclass[31m=[32m"tracking-icon"[31m
                    [36m>[31m
                      [0m­ƒÆ¬[0m
                    [36m</span>[31m
                    [0mDid I exercise?[0m
                  [36m</span>[31m
                [36m</td>[31m
                [36m<td[31m
                  [33mclass[31m=[32m"cell-notes"[31m
                [36m>[31m
                  [36m<textarea[31m
                    [33mclass[31m=[32m"notes-textarea"[31m
                    [33mplaceholder[31m=[32m"Add notes..."[31m
                    [33mrows[31m=[32m"2"[31m
                  [36m/>[31m
                [36m</td>[31m
                [36m<td[31m
                  [33mclass[31m=[32m"cell-actions"[31m
                [36m>[31m
                  [36m<div[31m
                    [33mclass[31m=[32m"actions-container"[31m
                  [36m>[31m
                    [36m<div[31m
                      [33mclass[31m=[32m"actions-buttons"[31m
                    [36m>[31m
                      [36m<button[31m
                        [33maria-label[31m=[32m"Complete reminder"[31m
                        [33mclass[31m=[32m"action-button action-complete"[31m
                        [33mtitle[31m=[32m"Complete reminder"[31m
                        [33mtype[31m=[32m"button"[31m
                      [36m>[31m
                        [0mÔ£ô[0m
                      [36m</button>[31m
                      [36m<button[31m
                        [33maria-label[31m=[32m"Dismiss reminder"[31m
                        [33mclass[31m=[32m"action-button action-dismiss"[31m
                        [33mtitle[31m=[32m"Dismiss reminder"[31m
                        [33mtype[31m=[32m"button"[31m
                      [36m>[31m
                        [0mÔ£ò[0m
                      [36m</button>[31m
                      [36m<button[31m
                        [33maria-label[31m=[32m"Snooze reminder"[31m
                        [33mclass[31m=[32m"action-button action-snooze"[31m
                        [33mtitle[31m=[32m"Snooze reminder (click to see options)"[31m
                        [33mtype[31m=[32m"button"[31m
                      [36m>[31m
                        [0m­ƒÆñ[0m
                      [36m</button>[31m
                    [36m</div>[31m
                  [36m</div>[31m
                [36m</td>[31m
              [36m</tr>[31m
            [36m</tbody>[31m
          [36m</table>[31m
        [36m</div>[31m
        [36m<div[31m
          [33mclass[31m=[32m"reminders-cards"[31m
        [36m>[31m
          [36m<div[31m
            [33mclass[31m=[32m"reminder-card"[31m
          [36m>[31m
            [36m<div[31m
              [33mclass[31m=[32m"reminder-card-header"[31m
            [36m>[31m
              [36m<div[31m
                [33mclass[31m=[32m"reminder-card-icon"[31m
              [36m>[31m
                [0m­ƒÆ¬[0m
              [36m</div>[31m
              [36m<div[31m
                [33mclass[31m=[32m"reminder-card-title"[31m
              [36m>[31m
                [36m<h3[31m
                  [33mclass[31m=[32m"reminder-card-question"[31m
                [36m>[31m
                  [0mDid I exercise?[0m
                [36m</h3>[31m
                [36m<div[31m
                  [33mclass[31m=[32m"reminder-card-time"[31m
                [36m>[31m
                  [0m1/1/2024 07:00 a.┬ám.[0m
                [36m</div>[31m
              [36m</div>[31m
            [36m</div>[31m
            [36m<div[31m
              [33mclass[31m=[32m"reminder-card-footer"[31m
            [36m>[31m
              [36m<div[31m
                [33mclass[31m=[32m"reminder-card-actions"[31m
              [36m>[31m
                [36m<button[31m
                  [33maria-label[31m=[32m"Complete reminder"[31m
                  [33mclass[31m=[32m"action-button action-complete"[31m
                  [33mtitle[31m=[32m"Complete"[31m
                  [33mtype[31m=[32m"button"[31m
                [36m>[31m
                  [0mÔ£ô[0m
                [36m</button>[31m
                [36m<button[31m
                  [33maria-label[31m=[32m"Snooze reminder"[31m
                  [33mclass[31m=[32m"action-button"[31m
                  [33mtitle[31m=[32m"Snooze"[31m
                  [33mtype[31m=[32m"button"[31m
                [36m>[31m
                  [0mÔÅ░[0m
                [36m</button>[31m
                [36m<button[31m
                  [33maria-label[31m=[32m"Dismiss reminder"[31m
                  [33mclass[31m=[32m"action-button action-dismiss"[31m
                  [33mtitle[31m=[32m"Dismiss"[31m
                  [33mtype[31m=[32m"button"[31m
                [36m>[31m
                  [0mÔ£ò[0m
                [36m</button>[31m
              [36m</div>[31m
            [36m</div>[31m
          [36m</div>[31m
        [36m</div>[31m
      [36m</div>[31m
    [36m</div>[31m
  [36m</div>[31m
[36m</body>[31m[39m
 [32mÔ£ô[39m backend/src/models/__tests__/Tracking.test.ts[2m > [22mTracking Model[2m > [22mconstructor[2m > [22mshould create Tracking instance with provided data[32m 7[2mms[22m[39m
 [32mÔ£ô[39m backend/src/models/__tests__/Tracking.test.ts[2m > [22mTracking Model[2m > [22mconstructor[2m > [22mshould create Tracking instance with minimal data[32m 2[2mms[22m[39m
 [32mÔ£ô[39m backend/src/models/__tests__/Tracking.test.ts[2m > [22mTracking Model[2m > [22mvalidate[2m > [22mshould validate and normalize tracking fields[32m 2[2mms[22m[39m
 [32mÔ£ô[39m backend/src/models/__tests__/Tracking.test.ts[2m > [22mTracking Model[2m > [22mvalidate[2m > [22mshould throw error for invalid question[32m 2[2mms[22m[39m
 [32mÔ£ô[39m backend/src/models/__tests__/Tracking.test.ts[2m > [22mTracking Model[2m > [22msave[2m > [22mshould create new tracking when id is not set[32m 2[2mms[22m[39m
 [32mÔ£ô[39m backend/src/models/__tests__/Tracking.test.ts[2m > [22mTracking Model[2m > [22msave[2m > [22mshould update existing tracking when id is set[32m 3[2mms[22m[39m
 [32mÔ£ô[39m backend/src/models/__tests__/Tracking.test.ts[2m > [22mTracking Model[2m > [22msave[2m > [22mshould throw error if creation fails[32m 4[2mms[22m[39m
 [32mÔ£ô[39m backend/src/models/__tests__/Tracking.test.ts[2m > [22mTracking Model[2m > [22mupdate[2m > [22mshould update tracking fields[32m 3[2mms[22m[39m
 [32mÔ£ô[39m backend/src/models/__tests__/Tracking.test.ts[2m > [22mTracking Model[2m > [22mupdate[2m > [22mshould throw error if tracking has no id[32m 5[2mms[22m[39m
 [32mÔ£ô[39m backend/src/models/__tests__/Tracking.test.ts[2m > [22mTracking Model[2m > [22mdelete[2m > [22mshould delete tracking from database[32m 6[2mms[22m[39m
 [32mÔ£ô[39m backend/src/models/__tests__/Tracking.test.ts[2m > [22mTracking Model[2m > [22mdelete[2m > [22mshould throw error if tracking has no id[32m 3[2mms[22m[39m
 [32mÔ£ô[39m backend/src/models/__tests__/Tracking.test.ts[2m > [22mTracking Model[2m > [22mdelete[2m > [22mshould throw error if tracking not found[32m 2[2mms[22m[39m
 [32mÔ£ô[39m backend/src/models/__tests__/Tracking.test.ts[2m > [22mTracking Model[2m > [22mtoData[2m > [22mshould convert tracking instance to TrackingData[32m 3[2mms[22m[39m
 [32mÔ£ô[39m backend/src/models/__tests__/Tracking.test.ts[2m > [22mTracking Model[2m > [22mloadById[2m > [22mshould load tracking by id[32m 4[2mms[22m[39m
 [32mÔ£ô[39m backend/src/models/__tests__/Tracking.test.ts[2m > [22mTracking Model[2m > [22mloadById[2m > [22mshould return null for non-existent tracking[32m 2[2mms[22m[39m
 [32mÔ£ô[39m backend/src/models/__tests__/Tracking.test.ts[2m > [22mTracking Model[2m > [22mloadById[2m > [22mshould return null for tracking belonging to different user[32m 3[2mms[22m[39m
 [32mÔ£ô[39m backend/src/models/__tests__/Tracking.test.ts[2m > [22mTracking Model[2m > [22mloadByUserId[2m > [22mshould load all trackings for a user[32m 5[2mms[22m[39m
 [32mÔ£ô[39m backend/src/models/__tests__/Tracking.test.ts[2m > [22mTracking Model[2m > [22mloadByUserId[2m > [22mshould return empty array when user has no trackings[32m 2[2mms[22m[39m
 [32mÔ£ô[39m backend/src/models/__tests__/Tracking.test.ts[2m > [22mTracking Model[2m > [22mvalidateQuestion[2m > [22mshould accept valid questions[32m 2[2mms[22m[39m
 [32mÔ£ô[39m backend/src/models/__tests__/Tracking.test.ts[2m > [22mTracking Model[2m > [22mvalidateQuestion[2m > [22mshould trim whitespace[32m 2[2mms[22m[39m
 [32mÔ£ô[39m backend/src/models/__tests__/Tracking.test.ts[2m > [22mTracking Model[2m > [22mvalidateQuestion[2m > [22mshould throw TypeError for empty question[32m 2[2mms[22m[39m
 [32mÔ£ô[39m backend/src/models/__tests__/Tracking.test.ts[2m > [22mTracking Model[2m > [22mvalidateQuestion[2m > [22mshould throw TypeError for non-string question[32m 2[2mms[22m[39m
 [32mÔ£ô[39m backend/src/models/__tests__/Tracking.test.ts[2m > [22mTracking Model[2m > [22mvalidateQuestion[2m > [22mshould throw TypeError for question exceeding max length[32m 2[2mms[22m[39m
 [32mÔ£ô[39m backend/src/models/__tests__/Tracking.test.ts[2m > [22mTracking Model[2m > [22mvalidateQuestion[2m > [22mshould accept question with exactly MAX_QUESTION_LENGTH characters[32m 2[2mms[22m[39m
 [32mÔ£ô[39m backend/src/models/__tests__/Tracking.test.ts[2m > [22mTracking Model[2m > [22mvalidateNotes[2m > [22mshould accept valid notes[32m 2[2mms[22m[39m
 [32mÔ£ô[39m backend/src/models/__tests__/Tracking.test.ts[2m > [22mTracking Model[2m > [22mvalidateNotes[2m > [22mshould return undefined for empty/null/undefined notes[32m 2[2mms[22m[39m
 [32mÔ£ô[39m backend/src/models/__tests__/Tracking.test.ts[2m > [22mTracking Model[2m > [22mvalidateNotes[2m > [22mshould throw TypeError for non-string notes[32m 2[2mms[22m[39m
 [32mÔ£ô[39m backend/src/models/__tests__/Tracking.test.ts[2m > [22mTracking Model[2m > [22mvalidateUserId[2m > [22mshould accept valid user IDs[32m 2[2mms[22m[39m
 [32mÔ£ô[39m backend/src/models/__tests__/Tracking.test.ts[2m > [22mTracking Model[2m > [22mvalidateUserId[2m > [22mshould throw TypeError for invalid user ID format[32m 2[2mms[22m[39m
 [32mÔ£ô[39m backend/src/models/__tests__/Tracking.test.ts[2m > [22mTracking Model[2m > [22mvalidateUserId[2m > [22mshould throw TypeError for non-number user ID[32m 2[2mms[22m[39m
 [32mÔ£ô[39m backend/src/models/__tests__/Tracking.test.ts[2m > [22mTracking Model[2m > [22mvalidateUserId[2m > [22mshould throw TypeError for NaN[32m 3[2mms[22m[39m
 [32mÔ£ô[39m backend/src/models/__tests__/Tracking.test.ts[2m > [22mTracking Model[2m > [22mvalidateIcon[2m > [22mshould accept valid icons[32m 2[2mms[22m[39m
 [32mÔ£ô[39m backend/src/models/__tests__/Tracking.test.ts[2m > [22mTracking Model[2m > [22mvalidateIcon[2m > [22mshould trim whitespace[32m 2[2mms[22m[39m
 [32mÔ£ô[39m backend/src/models/__tests__/Tracking.test.ts[2m > [22mTracking Model[2m > [22mvalidateIcon[2m > [22mshould return undefined for empty/null/undefined icons[32m 2[2mms[22m[39m
 [32mÔ£ô[39m backend/src/models/__tests__/Tracking.test.ts[2m > [22mTracking Model[2m > [22mvalidateIcon[2m > [22mshould throw TypeError for non-string icons[32m 2[2mms[22m[39m
 [32mÔ£ô[39m backend/src/models/__tests__/Tracking.test.ts[2m > [22mTracking Model[2m > [22mvalidateIcon[2m > [22mshould throw TypeError for icon exceeding max length[32m 2[2mms[22m[39m
 [32mÔ£ô[39m frontend/src/hooks/__tests__/useUsers.test.ts[2m > [22museUsers[2m > [22mshould initialize with empty users array[32m 111[2mms[22m[39m
 [32mÔ£ô[39m frontend/src/hooks/__tests__/useUsers.test.ts[2m > [22museUsers[2m > [22mshould load users from API on mount[32m 71[2mms[22m[39m
 [32mÔ£ô[39m backend/src/__tests__/server.test.ts[2m > [22mServer Configuration - Integration Tests[2m > [22mServer.ts Complete Integration - Real Execution Tests[2m > [22mshould skip Vite routes in logging middleware[33m 484[2mms[22m[39m
 [31m├ù[39m frontend/src/components/__tests__/RemindersList.test.tsx[2m > [22mRemindersList[2m > [22mshould call snoozeReminder when snooze option is clicked[32m 55[2mms[22m[39m
[31m   ÔåÆ Found multiple elements with the role "button" and name "Snooze reminder"

Here are the matching elements:

Ignored nodes: comments, script, style
[36m<button[31m
  [33maria-label[31m=[32m"Snooze reminder"[31m
  [33mclass[31m=[32m"action-button action-snooze"[31m
  [33mtitle[31m=[32m"Snooze reminder (click to see options)"[31m
  [33mtype[31m=[32m"button"[31m
[36m>[31m
  [0m­ƒÆñ[0m
[36m</button>[31m

Ignored nodes: comments, script, style
[36m<button[31m
  [33maria-label[31m=[32m"Snooze reminder"[31m
  [33mclass[31m=[32m"action-button"[31m
  [33mtitle[31m=[32m"Snooze"[31m
  [33mtype[31m=[32m"button"[31m
[36m>[31m
  [0mÔÅ░[0m
[36m</button>[31m

(If this is intentional, then use the `*AllBy*` variant of the query (like `queryAllByText`, `getAllByText`, or `findAllByText`)).

Ignored nodes: comments, script, style
[36m<body>[31m
  [36m<div>[31m
    [36m<div[31m
      [33mclass[31m=[32m"reminders-list"[31m
    [36m>[31m
      [36m<div[31m
        [33mclass[31m=[32m"reminders-list-content"[31m
      [36m>[31m
        [36m<div[31m
          [33mclass[31m=[32m"reminders-table-container"[31m
        [36m>[31m
          [36m<table[31m
            [33mclass[31m=[32m"reminders-table"[31m
          [36m>[31m
            [36m<thead>[31m
              [36m<tr>[31m
                [36m<th[31m
                  [33mclass[31m=[32m"col-time"[31m
                [36m>[31m
                  [36m<div[31m
                    [33mclass[31m=[32m"header-with-filter"[31m
                  [36m>[31m
                    [36m<button[31m
                      [33maria-expanded[31m=[32m"false"[31m
                      [33maria-label[31m=[32m"Show filters"[31m
                      [33mclass[31m=[32m"filter-toggle-button"[31m
                      [33mtitle[31m=[32m"Show filters"[31m
                      [33mtype[31m=[32m"button"[31m
                    [36m>[31m
                      [36m<span[31m
                        [33mclass[31m=[32m"filter-toggle-icon"[31m
                      [36m>[31m
                        [0m­ƒöì[0m
                      [36m</span>[31m
                    [36m</button>[31m
                    [36m<button[31m
                      [33maria-label[31m=[32m"Sort by time"[31m
                      [33mclass[31m=[32m"sortable-header"[31m
                      [33mtype[31m=[32m"button"[31m
                    [36m>[31m
                      [0mTime[0m
                    [36m</button>[31m
                  [36m</div>[31m
                [36m</th>[31m
                [36m<th[31m
                  [33mclass[31m=[32m"col-tracking"[31m
                [36m>[31m
                  [36m<button[31m
                    [33maria-label[31m=[32m"Sort by tracking"[31m
                    [33mclass[31m=[32m"sortable-header"[31m
                    [33mtype[31m=[32m"button"[31m
                  [36m>[31m
                    [0mTracking[0m
                  [36m</button>[31m
                [36m</th>[31m
                [36m<th[31m
                  [33mclass[31m=[32m"col-notes"[31m
                [36m>[31m
                  [36m<button[31m
                    [33maria-label[31m=[32m"Sort by notes"[31m
                    [33mclass[31m=[32m"sortable-header"[31m
                    [33mtype[31m=[32m"button"[31m
                  [36m>[31m
                    [0mNotes[0m
                  [36m</button>[31m
                [36m</th>[31m
                [36m<th[31m
                  [33mclass[31m=[32m"col-actions"[31m
                [36m>[31m
                  [0mActions[0m
                [36m</th>[31m
              [36m</tr>[31m
            [36m</thead>[31m
            [36m<tbody>[31m
              [36m<tr[31m
                [33mclass[31m=[32m"reminder-row"[31m
              [36m>[31m
                [36m<td[31m
                  [33mclass[31m=[32m"cell-time"[31m
                [36m>[31m
                  [0m1/1/2024 07:00 a.┬ám.[0m
                [36m</td>[31m
                [36m<td[31m
                  [33mclass[31m=[32m"cell-tracking"[31m
                [36m>[31m
                  [36m<span[31m
                    [33mclass[31m=[32m"tracking-text"[31m
                    [33mtitle[31m=[32m"­ƒÆ¬ Did I exercise?"[31m
                  [36m>[31m
                    [36m<span[31m
                      [33mclass[31m=[32m"tracking-icon"[31m
                    [36m>[31m
                      [0m­ƒÆ¬[0m
                    [36m</span>[31m
                    [0mDid I exercise?[0m
                  [36m</span>[31m
                [36m</td>[31m
                [36m<td[31m
                  [33mclass[31m=[32m"cell-notes"[31m
                [36m>[31m
                  [36m<textarea[31m
                    [33mclass[31m=[32m"notes-textarea"[31m
                    [33mplaceholder[31m=[32m"Add notes..."[31m
                    [33mrows[31m=[32m"2"[31m
                  [36m/>[31m
                [36m</td>[31m
                [36m<td[31m
                  [33mclass[31m=[32m"cell-actions"[31m
                [36m>[31m
                  [36m<div[31m
                    [33mclass[31m=[32m"actions-container"[31m
                  [36m>[31m
                    [36m<div[31m
                      [33mclass[31m=[32m"actions-buttons"[31m
                    [36m>[31m
                      [36m<button[31m
                        [33maria-label[31m=[32m"Complete reminder"[31m
                        [33mclass[31m=[32m"action-button action-complete"[31m
                        [33mtitle[31m=[32m"Complete reminder"[31m
                        [33mtype[31m=[32m"button"[31m
                      [36m>[31m
                        [0mÔ£ô[0m
                      [36m</button>[31m
                      [36m<button[31m
                        [33maria-label[31m=[32m"Dismiss reminder"[31m
                        [33mclass[31m=[32m"action-button action-dismiss"[31m
                        [33mtitle[31m=[32m"Dismiss reminder"[31m
                        [33mtype[31m=[32m"button"[31m
                      [36m>[31m
                        [0mÔ£ò[0m
                      [36m</button>[31m
                      [36m<button[31m
                        [33maria-label[31m=[32m"Snooze reminder"[31m
                        [33mclass[31m=[32m"action-button action-snooze"[31m
                        [33mtitle[31m=[32m"Snooze reminder (click to see options)"[31m
                        [33mtype[31m=[32m"button"[31m
                      [36m>[31m
                        [0m­ƒÆñ[0m
                      [36m</button>[31m
                    [36m</div>[31m
                  [36m</div>[31m
                [36m</td>[31m
              [36m</tr>[31m
            [36m</tbody>[31m
          [36m</table>[31m
        [36m</div>[31m
        [36m<div[31m
          [33mclass[31m=[32m"reminders-cards"[31m
        [36m>[31m
          [36m<div[31m
            [33mclass[31m=[32m"reminder-card"[31m
          [36m>[31m
            [36m<div[31m
              [33mclass[31m=[32m"reminder-card-header"[31m
            [36m>[31m
              [36m<div[31m
                [33mclass[31m=[32m"reminder-card-icon"[31m
              [36m>[31m
                [0m­ƒÆ¬[0m
              [36m</div>[31m
              [36m<div[31m
                [33mclass[31m=[32m"reminder-card-title"[31m
              [36m>[31m
                [36m<h3[31m
                  [33mclass[31m=[32m"reminder-card-question"[31m
                [36m>[31m
                  [0mDid I exercise?[0m
                [36m</h3>[31m
                [36m<div[31m
                  [33mclass[31m=[32m"reminder-card-time"[31m
                [36m>[31m
                  [0m1/1/2024 07:00 a.┬ám.[0m
                [36m</div>[31m
              [36m</div>[31m
            [36m</div>[31m
            [36m<div[31m
              [33mclass[31m=[32m"reminder-card-footer"[31m
            [36m>[31m
              [36m<div[31m
                [33mclass[31m=[32m"reminder-card-actions"[31m
              [36m>[31m
                [36m<button[31m
                  [33maria-label[31m=[32m"Complete reminder"[31m
                  [33mclass[31m=[32m"action-button action-complete"[31m
                  [33mtitle[31m=[32m"Complete"[31m
                  [33mtype[31m=[32m"button"[31m
                [36m>[31m
                  [0mÔ£ô[0m
                [36m</button>[31m
                [36m<button[31m
                  [33maria-label[31m=[32m"Snooze reminder"[31m
                  [33mclass[31m=[32m"action-button"[31m
                  [33mtitle[31m=[32m"Snooze"[31m
                  [33mtype[31m=[32m"button"[31m
                [36m>[31m
                  [0mÔÅ░[0m
                [36m</button>[31m
                [36m<button[31m
                  [33maria-label[31m=[32m"Dismiss reminder"[31m
                  [33mclass[31m=[32m"action-button action-dismiss"[31m
                  [33mtitle[31m=[32m"Dismiss"[31m
                  [33mtype[31m=[32m"button"[31m
                [36m>[31m
                  [0mÔ£ò[0m
                [36m</button>[31m
              [36m</div>[31m
            [36m</div>[31m
          [36m</div>[31m
        [36m</div>[31m
      [36m</div>[31m
    [36m</div>[31m
  [36m</div>[31m
[36m</body>[31m[39m
 [32mÔ£ô[39m frontend/src/hooks/__tests__/useReminders.test.ts[2m > [22museReminders[2m > [22mreminder polling[2m > [22mshould not poll when no token exists[33m 1216[2mms[22m[39m
 [32mÔ£ô[39m backend/src/models/__tests__/Tracking.test.ts[2m > [22mTracking Model[2m > [22mvalidateIcon[2m > [22mshould accept icon with exactly max length[32m 2[2mms[22m[39m
 [32mÔ£ô[39m backend/src/models/__tests__/Tracking.test.ts[2m > [22mTracking Model[2m > [22mvalidateDays[2m > [22mshould accept valid INTERVAL pattern[32m 2[2mms[22m[39m
 [32mÔ£ô[39m backend/src/models/__tests__/Tracking.test.ts[2m > [22mTracking Model[2m > [22mvalidateDays[2m > [22mshould accept valid DAY_OF_WEEK pattern[32m 2[2mms[22m[39m
 [32mÔ£ô[39m backend/src/models/__tests__/Tracking.test.ts[2m > [22mTracking Model[2m > [22mvalidateDays[2m > [22mshould accept valid DAY_OF_MONTH pattern with day_number[32m 2[2mms[22m[39m
 [32mÔ£ô[39m backend/src/models/__tests__/Tracking.test.ts[2m > [22mTracking Model[2m > [22mvalidateDays[2m > [22mshould accept valid DAY_OF_MONTH pattern with last_day[32m 2[2mms[22m[39m
 [32mÔ£ô[39m backend/src/models/__tests__/Tracking.test.ts[2m > [22mTracking Model[2m > [22mvalidateDays[2m > [22mshould accept valid DAY_OF_MONTH pattern with weekday_ordinal[32m 2[2mms[22m[39m
 [32mÔ£ô[39m backend/src/models/__tests__/Tracking.test.ts[2m > [22mTracking Model[2m > [22mvalidateDays[2m > [22mshould accept valid DAY_OF_YEAR pattern with date[32m 2[2mms[22m[39m
 [32mÔ£ô[39m backend/src/models/__tests__/Tracking.test.ts[2m > [22mTracking Model[2m > [22mvalidateDays[2m > [22mshould accept valid DAY_OF_YEAR pattern with weekday_ordinal[32m 2[2mms[22m[39m
 [32mÔ£ô[39m backend/src/models/__tests__/Tracking.test.ts[2m > [22mTracking Model[2m > [22mvalidateDays[2m > [22mshould return undefined for null/undefined days[32m 2[2mms[22m[39m
 [32mÔ£ô[39m backend/src/models/__tests__/Tracking.test.ts[2m > [22mTracking Model[2m > [22mvalidateDays[2m > [22mshould throw TypeError for non-object days[32m 2[2mms[22m[39m
 [32mÔ£ô[39m backend/src/models/__tests__/Tracking.test.ts[2m > [22mTracking Model[2m > [22mvalidateDays[2m > [22mshould throw TypeError for missing pattern_type[32m 2[2mms[22m[39m
 [32mÔ£ô[39m backend/src/models/__tests__/Tracking.test.ts[2m > [22mTracking Model[2m > [22mvalidateDays[2m > [22mshould throw TypeError for invalid pattern_type[32m 3[2mms[22m[39m
 [32mÔ£ô[39m backend/src/models/__tests__/Tracking.test.ts[2m > [22mTracking Model[2m > [22mvalidateDays[2m > [22mshould throw TypeError for INTERVAL pattern missing interval_value[32m 2[2mms[22m[39m
 [32mÔ£ô[39m backend/src/models/__tests__/Tracking.test.ts[2m > [22mTracking Model[2m > [22mvalidateDays[2m > [22mshould throw TypeError for INTERVAL pattern with invalid interval_value[32m 2[2mms[22m[39m
 [32mÔ£ô[39m backend/src/models/__tests__/Tracking.test.ts[2m > [22mTracking Model[2m > [22mvalidateDays[2m > [22mshould throw TypeError for INTERVAL pattern missing interval_unit[32m 2[2mms[22m[39m
 [32mÔ£ô[39m backend/src/models/__tests__/Tracking.test.ts[2m > [22mTracking Model[2m > [22mvalidateDays[2m > [22mshould throw TypeError for INTERVAL pattern with invalid interval_unit[32m 2[2mms[22m[39m
 [32mÔ£ô[39m backend/src/models/__tests__/Tracking.test.ts[2m > [22mTracking Model[2m > [22mvalidateDays[2m > [22mshould throw TypeError for DAY_OF_WEEK pattern missing days array[32m 2[2mms[22m[39m
 [32mÔ£ô[39m backend/src/models/__tests__/Tracking.test.ts[2m > [22mTracking Model[2m > [22mvalidateDays[2m > [22mshould throw TypeError for DAY_OF_WEEK pattern with empty days array[32m 2[2mms[22m[39m
 [32mÔ£ô[39m backend/src/models/__tests__/Tracking.test.ts[2m > [22mTracking Model[2m > [22mvalidateDays[2m > [22mshould throw TypeError for DAY_OF_WEEK pattern with invalid day values[32m 2[2mms[22m[39m
 [32mÔ£ô[39m backend/src/models/__tests__/Tracking.test.ts[2m > [22mTracking Model[2m > [22mvalidateDays[2m > [22mshould throw TypeError for DAY_OF_WEEK pattern with duplicate days[32m 2[2mms[22m[39m
 [32mÔ£ô[39m backend/src/models/__tests__/Tracking.test.ts[2m > [22mTracking Model[2m > [22mvalidateDays[2m > [22mshould throw TypeError for DAY_OF_MONTH pattern missing type[32m 2[2mms[22m[39m
 [32mÔ£ô[39m backend/src/models/__tests__/Tracking.test.ts[2m > [22mTracking Model[2m > [22mvalidateDays[2m > [22mshould throw TypeError for DAY_OF_MONTH pattern with invalid type[32m 2[2mms[22m[39m
 [32mÔ£ô[39m backend/src/models/__tests__/Tracking.test.ts[2m > [22mTracking Model[2m > [22mvalidateDays[2m > [22mshould throw TypeError for DAY_OF_MONTH pattern day_number missing day_numbers[32m 2[2mms[22m[39m
 [32mÔ£ô[39m backend/src/models/__tests__/Tracking.test.ts[2m > [22mTracking Model[2m > [22mvalidateDays[2m > [22mshould throw TypeError for DAY_OF_MONTH pattern day_number with invalid day_numbers[32m 3[2mms[22m[39m
 [32mÔ£ô[39m backend/src/models/__tests__/Tracking.test.ts[2m > [22mTracking Model[2m > [22mvalidateDays[2m > [22mshould throw TypeError for DAY_OF_MONTH pattern weekday_ordinal missing weekday[32m 2[2mms[22m[39m
 [32mÔ£ô[39m backend/src/models/__tests__/Tracking.test.ts[2m > [22mTracking Model[2m > [22mvalidateDays[2m > [22mshould throw TypeError for DAY_OF_MONTH pattern weekday_ordinal with invalid weekday[32m 2[2mms[22m[39m
 [32mÔ£ô[39m backend/src/models/__tests__/Tracking.test.ts[2m > [22mTracking Model[2m > [22mvalidateDays[2m > [22mshould throw TypeError for DAY_OF_MONTH pattern weekday_ordinal missing ordinal[32m 2[2mms[22m[39m
 [32mÔ£ô[39m backend/src/models/__tests__/Tracking.test.ts[2m > [22mTracking Model[2m > [22mvalidateDays[2m > [22mshould throw TypeError for DAY_OF_MONTH pattern weekday_ordinal with invalid ordinal[32m 2[2mms[22m[39m
 [32mÔ£ô[39m backend/src/models/__tests__/Tracking.test.ts[2m > [22mTracking Model[2m > [22mvalidateDays[2m > [22mshould throw TypeError for DAY_OF_YEAR pattern missing type[32m 3[2mms[22m[39m
 [32mÔ£ô[39m backend/src/models/__tests__/Tracking.test.ts[2m > [22mTracking Model[2m > [22mvalidateDays[2m > [22mshould throw TypeError for DAY_OF_YEAR pattern with invalid type[32m 2[2mms[22m[39m
 [32mÔ£ô[39m backend/src/models/__tests__/Tracking.test.ts[2m > [22mTracking Model[2m > [22mvalidateDays[2m > [22mshould throw TypeError for DAY_OF_YEAR pattern date missing month[32m 2[2mms[22m[39m
 [32mÔ£ô[39m backend/src/models/__tests__/Tracking.test.ts[2m > [22mTracking Model[2m > [22mvalidateDays[2m > [22mshould throw TypeError for DAY_OF_YEAR pattern date with invalid month[32m 3[2mms[22m[39m
 [32mÔ£ô[39m backend/src/models/__tests__/Tracking.test.ts[2m > [22mTracking Model[2m > [22mvalidateDays[2m > [22mshould throw TypeError for DAY_OF_YEAR pattern date missing day[32m 2[2mms[22m[39m
 [32mÔ£ô[39m backend/src/models/__tests__/Tracking.test.ts[2m > [22mTracking Model[2m > [22mvalidateDays[2m > [22mshould throw TypeError for DAY_OF_YEAR pattern date with invalid day[32m 2[2mms[22m[39m
 [32mÔ£ô[39m backend/src/models/__tests__/Tracking.test.ts[2m > [22mTracking Model[2m > [22mvalidateDays[2m > [22mshould throw TypeError for DAY_OF_YEAR pattern weekday_ordinal missing weekday[32m 2[2mms[22m[39m
 [32mÔ£ô[39m backend/src/models/__tests__/Tracking.test.ts[2m > [22mTracking Model[2m > [22mvalidateDays[2m > [22mshould throw TypeError for DAY_OF_YEAR pattern weekday_ordinal with invalid weekday[32m 2[2mms[22m[39m
 [32mÔ£ô[39m backend/src/models/__tests__/Tracking.test.ts[2m > [22mTracking Model[2m > [22mvalidateDays[2m > [22mshould throw TypeError for DAY_OF_YEAR pattern weekday_ordinal missing ordinal[32m 3[2mms[22m[39m
 [32mÔ£ô[39m backend/src/models/__tests__/Tracking.test.ts[2m > [22mTracking Model[2m > [22mvalidateDays[2m > [22mshould throw TypeError for DAY_OF_YEAR pattern weekday_ordinal with invalid ordinal[32m 2[2mms[22m[39m
 [32mÔ£ô[39m backend/src/models/__tests__/Tracking.test.ts[2m > [22mTracking Model[2m > [22mvalidate with icon and days[2m > [22mshould validate icon when present[32m 2[2mms[22m[39m
 [32mÔ£ô[39m backend/src/models/__tests__/Tracking.test.ts[2m > [22mTracking Model[2m > [22mvalidate with icon and days[2m > [22mshould validate days pattern when present[32m 4[2mms[22m[39m
 [32mÔ£ô[39m backend/src/models/__tests__/Tracking.test.ts[2m > [22mTracking Model[2m > [22mvalidate with icon and days[2m > [22mshould throw error for invalid icon[32m 2[2mms[22m[39m
 [32mÔ£ô[39m backend/src/models/__tests__/Tracking.test.ts[2m > [22mTracking Model[2m > [22mvalidate with icon and days[2m > [22mshould throw error for invalid days pattern[32m 3[2mms[22m[39m
 [32mÔ£ô[39m backend/src/models/__tests__/Tracking.test.ts[2m > [22mTracking Model[2m > [22msave with optional fields[2m > [22mshould create tracking with notes, icon, and days[32m 2[2mms[22m[39m
 [32mÔ£ô[39m backend/src/models/__tests__/Tracking.test.ts[2m > [22mTracking Model[2m > [22msave with optional fields[2m > [22mshould update tracking with notes, icon, and days[32m 2[2mms[22m[39m
 [32mÔ£ô[39m backend/src/models/__tests__/Tracking.test.ts[2m > [22mTracking Model[2m > [22msave with optional fields[2m > [22mshould update tracking with null notes, icon, and days[32m 3[2mms[22m[39m
 [32mÔ£ô[39m backend/src/models/__tests__/Tracking.test.ts[2m > [22mTracking Model[2m > [22mupdate with all fields[2m > [22mshould update tracking with icon[32m 2[2mms[22m[39m
 [31m├ù[39m frontend/src/components/__tests__/TrackingsList.test.tsx[2m > [22mTrackingsList[2m > [22mFiltering[2m > [22mshould be case-insensitive when filtering by text[33m 379[2mms[22m[39m
[31m   ÔåÆ Found multiple elements with the text: Did I exercise today?

Here are the matching elements:

Ignored nodes: comments, script, style
[36m<button[31m
  [33maria-label[31m=[32m"Edit tracking: Did I exercise today?"[31m
  [33mclass[31m=[32m"tracking-name-link"[31m
  [33mtitle[31m=[32m"Did I exercise today?. Click to edit"[31m
  [33mtype[31m=[32m"button"[31m
[36m>[31m
  [0mDid I exercise today?[0m
[36m</button>[31m

Ignored nodes: comments, script, style
[36m<h3[31m
  [33mclass[31m=[32m"tracking-card-question"[31m
[36m>[31m
  [0mDid I exercise today?[0m
[36m</h3>[31m

(If this is intentional, then use the `*AllBy*` variant of the query (like `queryAllByText`, `getAllByText`, or `findAllByText`)).

Ignored nodes: comments, script, style
[36m<body>[31m
  [36m<div>[31m
    [36m<div[31m
      [33mclass[31m=[32m"trackings-list"[31m
    [36m>[31m
      [36m<div[31m
        [33mclass[31m=[32m"trackings-list-content"[31m
      [36m>[31m
        [36m<div[31m
          [33mclass[31m=[32m"filter-panel"[31m
        [36m>[31m
          [36m<div[31m
            [33mclass[31m=[32m"filter-panel-content"[31m
          [36m>[31m
            [36m<div[31m
              [33mclass[31m=[32m"filter-row"[31m
            [36m>[31m
              [36m<label[31m
                [33mclass[31m=[32m"filter-label"[31m
                [33mfor[31m=[32m"filter-tracking"[31m
              [36m>[31m
                [0mTracking:[0m
              [36m</label>[31m
              [36m<input[31m
                [33maria-label[31m=[32m"Filter by tracking"[31m
                [33mclass[31m=[32m"filter-input"[31m
                [33mid[31m=[32m"filter-tracking"[31m
                [33mplaceholder[31m=[32m"Filter by question..."[31m
                [33mtype[31m=[32m"text"[31m
                [33mvalue[31m=[32m"EXERCISE"[31m
              [36m/>[31m
            [36m</div>[31m
            [36m<div[31m
              [33mclass[31m=[32m"filter-row"[31m
            [36m>[31m
              [36m<div[31m
                [33mclass[31m=[32m"filter-row"[31m
              [36m>[31m
                [36m<label[31m
                  [33mclass[31m=[32m"filter-label"[31m
                  [33mfor[31m=[32m"filter-times"[31m
                [36m>[31m
                  [0mTimes:[0m
                [36m</label>[31m
                [36m<input[31m
                  [33maria-label[31m=[32m"Filter by times"[31m
                  [33mclass[31m=[32m"filter-input"[31m
                  [33mid[31m=[32m"filter-times"[31m
                  [33mplaceholder[31m=[32m"Filter by times..."[31m
                  [33mtype[31m=[32m"text"[31m
                  [33mvalue[31m=[32m""[31m
                [36m/>[31m
              [36m</div>[31m
              [36m<div[31m
                [33mclass[31m=[32m"filter-row"[31m
              [36m>[31m
                [36m<label[31m
                  [33mclass[31m=[32m"filter-label"[31m
                  [33mfor[31m=[32m"filter-frequency"[31m
                [36m>[31m
                  [0mFrequency:[0m
                [36m</label>[31m
                [36m<input[31m
                  [33maria-label[31m=[32m"Filter by frequency"[31m
                  [33mclass[31m=[32m"filter-input"[31m
                  [33mid[31m=[32m"filter-frequency"[31m
                  [33mplaceholder[31m=[32m"Filter by frequency..."[31m
                  [33mtype[31m=[32m"text"[31m
                  [33mvalue[31m=[32m""[31m
                [36m/>[31m
              [36m</div>[31m
              [36m<div[31m
                [33mclass[31m=[32m"filter-row"[31m
              [36m>[31m
                [36m<div[31m
                  [33mclass[31m=[32m"filter-label"[31m
                [36m>[31m
                  [0mStatus:[0m
                [36m</div>[31m
                [36m<div[31m
                  [33mclass[31m=[32m"filter-checkbox-group"[31m
                [36m>[31m
                  [36m<label[31m
                    [33mclass[31m=[32m"filter-checkbox-label"[31m
                  [36m>[31m
                    [36m<input[31m
                      [33maria-label[31m=[32m"Filter by status: Running"[31m
                      [33mtype[31m=[32m"checkbox"[31m
                    [36m/>[31m
                    [36m<span>[31m
                      [0mRunning[0m
                    [36m</span>[31m
                  [36m</label>[31m
                  [36m<label[31m
                    [33mclass[31m=[32m"filter-checkbox-label"[31m
                  [36m>[31m
                    [36m<input[31m
                      [33maria-label[31m=[32m"Filter by status: Paused"[31m
                      [33mtype[31m=[32m"checkbox"[31m
                    [36m/>[31m
                    [36m<span>[31m
                      [0mPaused[0m
                    [36m</span>[31m
                  [36m</label>[31m
                  [36m<label[31m
                    [33mclass[31m=[32m"filter-checkbox-label"[31m
                  [36m>[31m
                    [36m<input[31m
                      [33maria-label[31m=[32m"Filter by status: Archived"[31m
                      [33mtype[31m=[32m"checkbox"[31m
                    [36m/>[31m
                    [36m<span>[31m
                      [0mArchived[0m
                    [36m</span>[31m
                  [36m</label>[31m
                [36m</div>[31m
              [36m</div>[31m
              [36m<div[31m
                [33mclass[31m=[32m"filter-actions"[31m
              [36m>[31m
                [36m<button[31m
                  [33maria-label[31m=[32m"Reset all filters"[31m
                  [33mclass[31m=[32m"filter-reset-button"[31m
                  [33mtype[31m=[32m"button"[31m
                [36m>[31m
                  [0mReset Filters[0m
                [36m</button>[31m
              [36m</div>[31m
            [36m</div>[31m
          [36m</div>[31m
        [36m</div>[31m
        [36m<table[31m
          [33mclass[31m=[32m"trackings-table"[31m
        [36m>[31m
          [36m<thead>[31m
            [36m<tr>[31m
              [36m<th[31m
                [33mclass[31m=[32m"col-tracking"[31m
              [36m>[31m
                [36m<div[31m
                  [33mclass[31m=[32m"header-with-filter"[31m
                [36m>[31m
                  [36m<button[31m
                    [33maria-expanded[31m=[32m"true"[31m
                    [33maria-label[31m=[32m"Hide filters"[31m
                    [33mclass[31m=[32m"filter-toggle-button"[31m
                    [33mtitle[31m=[32m"Hide filters"[31m
                    [33mtype[31m=[32m"button"[31m
                  [36m>[31m
                    [36m<span[31m
                      [33mclass[31m=[32m"filter-toggle-icon"[31m
                    [36m>[31m
                      [0m­ƒöì[0m
                    [36m</span>[31m
                  [36m</button>[31m
                  [36m<button[31m
                    [33maria-label[31m=[32m"Sort by tracking"[31m
                    [33mclass[31m=[32m"sortable-header"[31m
                    [33mtype[31m=[32m"button"[31m
                  [36m>[31m
                    [0mTracking[0m
                  [36m</button>[31m
                [36m</div>[31m
              [36m</th>[31m
              [36m<th[31m
                [33mclass[31m=[32m"col-notes"[31m
              [36m>[31m
                [0mNotes[0m
              [36m</th>[31m
              [36m<th[31m
                [33mclass[31m=[32m"col-times"[31m
              [36m>[31m
                [36m<button[31m
                  [33maria-label[31m=[32m"Sort by times"[31m
                  [33mclass[31m=[32m"sortable-header"[31m
                  [33mtype[31m=[32m"button"[31m
                [36m>[31m
                  [0mTimes[0m
                [36m</button>[31m
              [36m</th>[31m
              [36m<th[31m
                [33mclass[31m=[32m"col-frequency"[31m
              [36m>[31m
                [36m<button[31m
                  [33maria-label[31m=[32m"Sort by frequency"[31m
                  [33mclass[31m=[32m"sortable-header"[31m
                  [33mtype[31m=[32m"button"[31m
                [36m>[31m
                  [0mFrequency[0m
                [36m</button>[31m
              [36m</th>[31m
              [36m<th[31m
                [33mclass[31m=[32m"col-next-reminder"[31m
              [36m>[31m
                [36m<button[31m
                  [33maria-label[31m=[32m"Sort by next reminder"[31m
                  [33mclass[31m=[32m"sortable-header"[31m
                  [33mtype[31m=[32m"button"[31m
                [36m>[31m
                  [0mNext reminder[0m
                [36m</button>[31m
              [36m</th>[31m
              [36m<th[31m
                [33mclass[31m=[32m"col-status"[31m
              [36m>[31m
                [36m<button[31m
                  [33maria-label[31m=[32m"Sort by status"[31m
                  [33mclass[31m=[32m"sortable-header"[31m
                  [33mtype[31m=[32m"button"[31m
                [36m>[31m
                  [0mStatus[0m
                [36m</button>[31m
              [36m</th>[31m
              [36m<th[31m
                [33mclass[31m=[32m"col-actions"[31m
              [36m>[31m
                [0mActions[0m
              [36m</th>[31m
            [36m</tr>[31m
          [36m</thead>[31m
          [36m<tbody>[31m
            [36m<tr[31m
              [33mclass[31m=[32m"tracking-row"[31m
            [36m>[31m
              [36m<td[31m
                [33mclass[31m=[32m"cell-tracking"[31m
              [36m>[31m
                [36m<button[31m
                  [33maria-label[31m=[32m"Edit tracking: Did I exercise today?"[31m
                  [33mclass[31m=[32m"tracking-name-link"[31m
                  [33mtitle[31m=[32m"Did I exercise today?. Click to edit"[31m
                  [33mtype[31m=[32m"button"[31m
                [36m>[31m
                  [0mDid I exercise today?[0m
                [36m</button>[31m
              [36m</td>[31m
              [36m<td[31m
                [33mclass[31m=[32m"cell-notes"[31m
              [36m>[31m
                [36m<span[31m
                  [33mclass[31m=[32m"notes-empty"[31m
                [36m>[31m
                  [0mÔÇö[0m
                [36m</span>[31m
              [36m</td>[31m
              [36m<td[31m
                [33mclass[31m=[32m"cell-times"[31m
              [36m>[31m
                [0m08:00[0m
              [36m</td>[31m
              [36m<td[31m
                [33mclass[31m=[32m"cell-frequency"[31m
                [33mtitle[31m=[32m"No upcoming reminder"[31m
              [36m>[31m
                [0mDaily[0m
              [36m</td>[31m
              [36m<td[31m
                [33mclass[31m=[32m"cell-next-reminder"[31m
              [36m>[31m
                [0mÔÇö[0m
              [36m</td>[31m
              [36m<td[31m
                [33mclass[31m=[32m"cell-status"[31m
              [36m>[31m
                [36m<span[31m
                  [33mclass[31m=[32m"status-badge state-badge-running"[31m
                [36m>[31m
                  [0mRunning[0m
                [36m</span>[31m
              [36m</td>[31m
              [36m<td[31m
                [33mclass[31m=[32m"cell-actions"[31m
              [36m>[31m
                [36m<div[31m
                  [33mclass[31m=[32m"actions-container"[31m
                [36m>[31m
                  [36m<div[31m
                    [33mclass[31m=[32m"actions-buttons"[31m
                  [36m>[31m
                    [36m<button[31m
                      [33maria-label[31m=[32m"Pause"[31m
                      [33mclass[31m=[32m"action-button"[31m
                      [33mtitle[31m=[32m"Pause: Stops generating new reminders. Existing reminders remain active."[31m
                      [33mtype[31m=[32m"button"[31m
                    [36m>[31m
                      [0mÔÅ©´©Å[0m
                    [36m</button>[31m
                    [36m<button[31m
                      [33maria-label[31m=[32m"Archive"[31m
                      [33mclass[31m=[32m"action-button"[31m
                      [33mtitle[31m=[32m"Archive: Moves tracking to archived state and stops all reminder generation. All pending and upcoming reminders will be deleted."[31m
                      [33mtype[31m=[32m"button"[31m
                    [36m>[31m
                      [0m­ƒôª[0m
                    [36m</button>[31m
                    [36m<button[31m
                      [33maria-label[31m=[32m"Delete"[31m
                      [33mclass[31m=[32m"action-button"[31m
                      [33mtitle[31m=[32m"Delete: Permanently removes this tracking and all its reminders. This action cannot be undone."[31m
                      [33mtype[31m=[32m"button"[31m
                    [36m>[31m
                      [0m­ƒùæ´©Å[0m
                    [36m</button>[31m
                  [36m</div>[31m
                [36m</div>[31m
              [36m</td>[31m
            [36m</tr>[31m
          [36m</tbody>[31m
        [36m</table>[31m
        [36m<div[31m
          [33mclass[31m=[32m"trackings-cards"[31m
        [36m>[31m
          [36m<div[31m
            [33mclass[31m=[32m"tracking-card"[31m
          [36m>[31m
            [36m<div[31m
              [33mclass[31m=[32m"tracking-card-header"[31m
            [36m>[31m
              [36m<div[31m
                [33mclass[31m=[32m"tracking-card-title"[31m
              [36m>[31m
                [36m<h3[31m
                  [33mclass[31m=[32m"tracking-card-question"[31m
                [36m>[31m
                  [0mDid I exercise today?[0m
                [36m</h3>[31m
                [36m<div[31m
                  [33mclass[31m=[32m"tracking-card-times"[31m
                [36m>[31m
                  [0m08:00[0m
                [36m</div>[31m
              [36m</div>[31m
            [36m</div>[31m
            [36m<div[31m
              [33mclass[31m=[32m"tracking-card-body"[31m
            [36m>[31m
              [36m<div[31m
                [33mclass[31m=[32m"tracking-card-row"[31m
              [36m>[31m
                [36m<span[31m
                  [33mclass[31m=[32m"tracking-card-label"[31m
                [36m>[31m
                  [0mFrequency[0m
                [36m</span>[31m
                [36m<span[31m
                  [33mclass[31m=[32m"tracking-card-value"[31m
                [36m>[31m
                  [0mDaily[0m
                [36m</span>[31m
              [36m</div>[31m
            [36m</div>[31m
            [36m<div[31m
              [33mclass[31m=[32m"tracking-card-footer"[31m
            [36m>[31m
              [36m<div[31m
                [33mclass[31m=[32m"tracking-card-status"[31m
              [36m>[31m
                [36m<span[31m
                  [33mclass[31m=[32m"status-badge state-badge-running"[31m
                [36m>[31m
                  [0mRunning[0m
                [36m</span>[31m
              [36m</div>[31m
              [36m<div[31m
                [33mclass[31m=[32m"tracking-card-actions"[31m
              [36m>[31m
                [36m<button[31m
                  [33maria-label[31m=[32m"Edit tracking"[31m
                  [33mclass[31m=[32m"action-button"[31m
                  [33mtitle[31m=[32m"Edit tracking"[31m
                  [33mtype[31m=[32m"button"[31m
                [36m>[31m
                  [0mÔ£Å´©Å[0m
                [36m</button>[31m
              [36m</div>[31m
            [36m</div>[31m
          [36m</div>[31m
        [36m</div>[31m
      [36m</div>[31m
    [36m</div>[31m
  [36m</div>[31m
[36m</body>[31m[39m
 [32mÔ£ô[39m frontend/src/components/__tests__/TrackingsList.test.tsx[2m > [22mTrackingsList[2m > [22mSorting[2m > [22mshould sort by tracking question ascending[32m 79[2mms[22m[39m
 [32mÔ£ô[39m frontend/src/components/__tests__/UserForm.test.tsx[2m > [22mUserForm[2m > [22mshould clear form after successful submission[32m 172[2mms[22m[39m
 [32mÔ£ô[39m backend/src/models/__tests__/Tracking.test.ts[2m > [22mTracking Model[2m > [22mupdate with all fields[2m > [22mshould update tracking with days pattern[32m 3[2mms[22m[39m
 [32mÔ£ô[39m backend/src/models/__tests__/Tracking.test.ts[2m > [22mTracking Model[2m > [22mupdate with all fields[2m > [22mshould update tracking with type[32m 3[2mms[22m[39m
 [32mÔ£ô[39m backend/src/models/__tests__/Tracking.test.ts[2m > [22mTracking Model[2m > [22mupdate with all fields[2m > [22mshould update tracking with multiple fields[32m 3[2mms[22m[39m
 [32mÔ£ô[39m backend/src/models/__tests__/Tracking.test.ts[2m > [22mTracking Model[2m > [22mloadById with days parsing[2m > [22mshould load tracking with valid days JSON[32m 5[2mms[22m[39m
 [32mÔ£ô[39m backend/src/models/__tests__/Tracking.test.ts[2m > [22mTracking Model[2m > [22mloadById with days parsing[2m > [22mshould handle invalid days JSON gracefully[32m 4[2mms[22m[39m
 [32mÔ£ô[39m backend/src/models/__tests__/Tracking.test.ts[2m > [22mTracking Model[2m > [22mloadById with days parsing[2m > [22mshould load tracking without days[32m 3[2mms[22m[39m
 [32mÔ£ô[39m backend/src/models/__tests__/Tracking.test.ts[2m > [22mTracking Model[2m > [22mloadByUserId with days parsing[2m > [22mshould load trackings with valid days JSON[32m 3[2mms[22m[39m
 [32mÔ£ô[39m backend/src/models/__tests__/Tracking.test.ts[2m > [22mTracking Model[2m > [22mloadByUserId with days parsing[2m > [22mshould handle invalid days JSON gracefully[32m 6[2mms[22m[39m
 [32mÔ£ô[39m backend/src/models/__tests__/Tracking.test.ts[2m > [22mTracking Model[2m > [22mState validation[2m > [22mshould validate valid state values[32m 2[2mms[22m[39m
 [32mÔ£ô[39m backend/src/models/__tests__/Tracking.test.ts[2m > [22mTracking Model[2m > [22mState validation[2m > [22mshould throw TypeError for invalid state[32m 2[2mms[22m[39m
 [32mÔ£ô[39m backend/src/models/__tests__/Tracking.test.ts[2m > [22mTracking Model[2m > [22mState validation[2m > [22mshould throw TypeError for non-string state[32m 2[2mms[22m[39m
 [32mÔ£ô[39m backend/src/models/__tests__/Tracking.test.ts[2m > [22mTracking Model[2m > [22mState transitions[2m > [22mshould allow transition from Running to Paused[32m 2[2mms[22m[39m
 [32mÔ£ô[39m backend/src/models/__tests__/Tracking.test.ts[2m > [22mTracking Model[2m > [22mState transitions[2m > [22mshould allow transition from Running to Archived[32m 2[2mms[22m[39m
 [32mÔ£ô[39m backend/src/models/__tests__/Tracking.test.ts[2m > [22mTracking Model[2m > [22mState transitions[2m > [22mshould allow transition from Running to Deleted[32m 2[2mms[22m[39m
 [32mÔ£ô[39m backend/src/models/__tests__/Tracking.test.ts[2m > [22mTracking Model[2m > [22mState transitions[2m > [22mshould allow transition from Paused to Running[32m 3[2mms[22m[39m
 [32mÔ£ô[39m backend/src/models/__tests__/Tracking.test.ts[2m > [22mTracking Model[2m > [22mState transitions[2m > [22mshould allow transition from Paused to Archived[32m 3[2mms[22m[39m
 [32mÔ£ô[39m backend/src/models/__tests__/Tracking.test.ts[2m > [22mTracking Model[2m > [22mState transitions[2m > [22mshould allow transition from Paused to Deleted[32m 2[2mms[22m[39m
 [32mÔ£ô[39m backend/src/models/__tests__/Tracking.test.ts[2m > [22mTracking Model[2m > [22mState transitions[2m > [22mshould allow transition from Archived to Running[32m 2[2mms[22m[39m
 [32mÔ£ô[39m backend/src/models/__tests__/Tracking.test.ts[2m > [22mTracking Model[2m > [22mState transitions[2m > [22mshould allow transition from Archived to Paused[32m 2[2mms[22m[39m
 [32mÔ£ô[39m backend/src/models/__tests__/Tracking.test.ts[2m > [22mTracking Model[2m > [22mState transitions[2m > [22mshould allow transition from Archived to Deleted[32m 2[2mms[22m[39m
 [32mÔ£ô[39m backend/src/models/__tests__/Tracking.test.ts[2m > [22mTracking Model[2m > [22mState transitions[2m > [22mshould throw TypeError for same state transition[32m 6[2mms[22m[39m
 [32mÔ£ô[39m backend/src/models/__tests__/Tracking.test.ts[2m > [22mTracking Model[2m > [22mState transitions[2m > [22mshould throw TypeError for any transition from Deleted[32m 4[2mms[22m[39m
 [32mÔ£ô[39m backend/src/models/__tests__/Tracking.test.ts[2m > [22mTracking Model[2m > [22mState transitions[2m > [22mshould include error message in TypeError for same state transition[32m 2[2mms[22m[39m
 [32mÔ£ô[39m backend/src/models/__tests__/Tracking.test.ts[2m > [22mTracking Model[2m > [22mState transitions[2m > [22mshould include error message in TypeError for transition from Deleted[32m 2[2mms[22m[39m
 [32mÔ£ô[39m backend/src/models/__tests__/Tracking.test.ts[2m > [22mTracking Model[2m > [22mloadByUserId filtering[2m > [22mshould filter out Deleted trackings[32m 3[2mms[22m[39m
 [32mÔ£ô[39m frontend/src/components/__tests__/RemindersList.test.tsx[2m > [22mRemindersList[2m > [22mshould show empty state when filters match no reminders[32m 172[2mms[22m[39m
 [32mÔ£ô[39m frontend/src/components/__tests__/UserForm.test.tsx[2m > [22mUserForm[2m > [22mshould handle Enter key submission[32m 117[2mms[22m[39m
 [32mÔ£ô[39m frontend/src/components/__tests__/UserForm.test.tsx[2m > [22mUserForm[2m > [22mshould have correct maxLength attribute[32m 10[2mms[22m[39m
 [32mÔ£ô[39m frontend/src/hooks/__tests__/useTrackings.test.ts[2m > [22museTrackings[2m > [22mshould initialize with empty trackings array[32m 122[2mms[22m[39m
 [32mÔ£ô[39m frontend/src/hooks/__tests__/useTrackings.test.ts[2m > [22museTrackings[2m > [22mshould load trackings from API on mount[32m 75[2mms[22m[39m
 [32mÔ£ô[39m frontend/src/hooks/__tests__/useUsers.test.ts[2m > [22museUsers[2m > [22mshould create a new user[32m 146[2mms[22m[39m
 [32mÔ£ô[39m frontend/src/components/__tests__/ReminderAnswerModal.test.tsx[2m > [22mReminderAnswerModal[2m > [22mshould render modal with reminder data[32m 74[2mms[22m[39m
 [32mÔ£ô[39m frontend/src/components/__tests__/ReminderAnswerModal.test.tsx[2m > [22mReminderAnswerModal[2m > [22mshould show text field for answer input[32m 15[2mms[22m[39m
 [32mÔ£ô[39m frontend/src/components/__tests__/TrackingsList.test.tsx[2m > [22mTrackingsList[2m > [22mSorting[2m > [22mshould sort by tracking question descending[32m 122[2mms[22m[39m
 [32mÔ£ô[39m backend/src/db/__tests__/database.test.ts[2m > [22mDatabase[2m > [22mConstructor and Path Resolution[2m > [22mshould use :memory: when provided as custom path[32m 5[2mms[22m[39m
 [32mÔ£ô[39m backend/src/db/__tests__/database.test.ts[2m > [22mDatabase[2m > [22mConstructor and Path Resolution[2m > [22mshould use file: URI when provided as custom path[32m 2[2mms[22m[39m
 [32mÔ£ô[39m backend/src/db/__tests__/database.test.ts[2m > [22mDatabase[2m > [22mConstructor and Path Resolution[2m > [22mshould resolve relative custom path[32m 2[2mms[22m[39m
 [32mÔ£ô[39m backend/src/db/__tests__/database.test.ts[2m > [22mDatabase[2m > [22mConstructor and Path Resolution[2m > [22mshould resolve absolute custom path[32m 2[2mms[22m[39m
 [32mÔ£ô[39m backend/src/db/__tests__/database.test.ts[2m > [22mDatabase[2m > [22mConstructor and Path Resolution[2m > [22mshould use DB_PATH environment variable when set[32m 2[2mms[22m[39m
 [32mÔ£ô[39m backend/src/db/__tests__/database.test.ts[2m > [22mDatabase[2m > [22mConstructor and Path Resolution[2m > [22mshould use relative DB_PATH environment variable[32m 2[2mms[22m[39m
 [32mÔ£ô[39m backend/src/db/__tests__/database.test.ts[2m > [22mDatabase[2m > [22mConstructor and Path Resolution[2m > [22mshould create data directory when using default path[32m 47[2mms[22m[39m
 [32mÔ£ô[39m backend/src/db/__tests__/database.test.ts[2m > [22mDatabase[2m > [22minitialize[2m > [22mshould initialize database with :memory:[32m 6[2mms[22m[39m
[90mstderr[2m | backend/src
/db/__tests__/database.test.t
s[2m > 
[22m[2mDatabase[2m > 
[22m[2minitialize[2m > 
[22m[2mshould enable 
foreign keys
[22m[39m[2025-12-08T12:04:1
0.861Z] DATABASE | Query 
execution failed: INSERT 
INTO child (id, parent_id) 
VALUES (1, 999) [Error: 
SQLITE_CONSTRAINT: FOREIGN 
KEY constraint failed] {
  errno: [33m19[39m,
  code: 
[32m'SQLITE_CONSTRAINT'[39m
}

 [32mÔ£ô[39m frontend/src/hooks/__tests__/useTrackings.test.ts[2m > [22museTrackings[2m > [22mshould create a new tracking[32m 128[2mms[22m[39m
 [32mÔ£ô[39m frontend/src/hooks/__tests__/useUsers.test.ts[2m > [22museUsers[2m > [22mshould save users to API when creating[32m 138[2mms[22m[39m
 [32mÔ£ô[39m frontend/src/components/__tests__/TrackingsList.test.tsx[2m > [22mTrackingsList[2m > [22mSorting[2m > [22mshould sort by times[32m 85[2mms[22m[39m
 [32mÔ£ô[39m frontend/src/components/__tests__/TrackingsList.test.tsx[2m > [22mTrackingsList[2m > [22mSorting[2m > [22mshould sort by status[32m 90[2mms[22m[39m
 [32mÔ£ô[39m backend/src/db/__tests__/database.test.ts[2m > [22mDatabase[2m > [22minitialize[2m > [22mshould initialize database with file path[32m 44[2mms[22m[39m
 [32mÔ£ô[39m backend/src/db/__tests__/database.test.ts[2m > [22mDatabase[2m > [22minitialize[2m > [22mshould enable foreign keys[32m 8[2mms[22m[39m
 [32mÔ£ô[39m backend/src/db/__tests__/database.test.ts[2m > [22mDatabase[2m > [22minitialize[2m > [22mshould enable WAL mode for file-based databases[32m 37[2mms[22m[39m
 [32mÔ£ô[39m backend/src/db/__tests__/database.test.ts[2m > [22mDatabase[2m > [22minitialize[2m > [22mshould create users table[32m 4[2mms[22m[39m
 [32mÔ£ô[39m backend/src/db/__tests__/database.test.ts[2m > [22mDatabase[2m > [22minitialize[2m > [22mshould create trackings table[32m 3[2mms[22m[39m
 [32mÔ£ô[39m backend/src/db/__tests__/database.test.ts[2m > [22mDatabase[2m > [22minitialize[2m > [22mshould create indexes[32m 5[2mms[22m[39m
 [32mÔ£ô[39m frontend/src/components/__tests__/AuthForm.test.tsx[2m > [22mAuthForm[2m > [22mRegister mode[2m > [22mshould allow sending another link[33m 522[2mms[22m[39m
 [32mÔ£ô[39m backend/src/__tests__/server.test.ts[2m > [22mServer Configuration - Integration Tests[2m > [22mServer.ts Complete Integration - Real Execution Tests[2m > [22mshould handle error in Vite transformIndexHtml[33m 431[2mms[22m[39m
[90mstderr[2m | backend/src
/db/__tests__/database.test.t
s[2m > 
[22m[2mDatabase[2m > 
[22m[2mrun[2m > 
[22m[2mshould handle query 
errors
[22m[39m[2025-12-08T12:04:1
1.016Z] DATABASE | Query 
execution failed: INSERT 
INTO nonexistent_table (col) 
VALUES (?) [Error: 
SQLITE_ERROR: no such table: 
nonexistent_table] {
  errno: [33m1[39m,
  code: 
[32m'SQLITE_ERROR'[39m
}

[90mstderr[2m | backend/src
/db/__tests__/database.test.t
s[2m > 
[22m[2mDatabase[2m > 
[22m[2mrun[2m > 
[22m[2mshould handle 
invalid SQL
[22m[39m[2025-12-08T12:04:1
1.026Z] DATABASE | Query 
execution failed: INVALID 
SQL STATEMENT [Error: 
SQLITE_ERROR: near 
"INVALID": syntax error] {
  errno: [33m1[39m,
  code: 
[32m'SQLITE_ERROR'[39m
}

 [32mÔ£ô[39m backend/src/db/__tests__/database.test.ts[2m > [22mDatabase[2m > [22minitialize[2m > [22mshould handle initialization with file path[32m 36[2mms[22m[39m
 [32mÔ£ô[39m backend/src/db/__tests__/database.test.ts[2m > [22mDatabase[2m > [22mgetConnection[2m > [22mshould return database connection after initialization[32m 4[2mms[22m[39m
 [32mÔ£ô[39m backend/src/db/__tests__/database.test.ts[2m > [22mDatabase[2m > [22mgetConnection[2m > [22mshould throw error if database not initialized[32m 2[2mms[22m[39m
 [32mÔ£ô[39m backend/src/db/__tests__/database.test.ts[2m > [22mDatabase[2m > [22mclose[2m > [22mshould close database connection[32m 33[2mms[22m[39m
 [32mÔ£ô[39m backend/src/db/__tests__/database.test.ts[2m > [22mDatabase[2m > [22mclose[2m > [22mshould handle closing already closed database[32m 5[2mms[22m[39m
 [32mÔ£ô[39m backend/src/db/__tests__/database.test.ts[2m > [22mDatabase[2m > [22mclose[2m > [22mshould handle closing uninitialized database[32m 2[2mms[22m[39m
 [32mÔ£ô[39m backend/src/db/__tests__/database.test.ts[2m > [22mDatabase[2m > [22mrun[2m > [22mshould execute INSERT query[32m 4[2mms[22m[39m
 [32mÔ£ô[39m backend/src/db/__tests__/database.test.ts[2m > [22mDatabase[2m > [22mrun[2m > [22mshould execute UPDATE query[32m 6[2mms[22m[39m
 [32mÔ£ô[39m backend/src/db/__tests__/database.test.ts[2m > [22mDatabase[2m > [22mrun[2m > [22mshould execute DELETE query[32m 8[2mms[22m[39m
 [32mÔ£ô[39m backend/src/db/__tests__/database.test.ts[2m > [22mDatabase[2m > [22mrun[2m > [22mshould handle query errors[32m 8[2mms[22m[39m
 [32mÔ£ô[39m backend/src/db/__tests__/database.test.ts[2m > [22mDatabase[2m > [22mrun[2m > [22mshould handle invalid SQL[32m 6[2mms[22m[39m
 [32mÔ£ô[39m backend/src/db/__tests__/database.test.ts[2m > [22mDatabase[2m > [22mget[2m > [22mshould return single row[32m 5[2mms[22m[39m
 [32mÔ£ô[39m frontend/src/hooks/__tests__/useUsers.test.ts[2m > [22museUsers[2m > [22mshould handle multiple users[32m 167[2mms[22m[39m
 [32mÔ£ô[39m frontend/src/components/__tests__/RemindersList.test.tsx[2m > [22mRemindersList[2m > [22mshould handle error when updating reminder fails[32m 208[2mms[22m[39m
 [31m├ù[39m frontend/src/components/__tests__/RemindersList.test.tsx[2m > [22mRemindersList[2m > [22mshould handle error when snoozing reminder fails[32m 48[2mms[22m[39m
[31m   ÔåÆ Found multiple elements with the role "button" and name "Snooze reminder"

Here are the matching elements:

Ignored nodes: comments, script, style
[36m<button[31m
  [33maria-label[31m=[32m"Snooze reminder"[31m
  [33mclass[31m=[32m"action-button action-snooze"[31m
  [33mtitle[31m=[32m"Snooze reminder (click to see options)"[31m
  [33mtype[31m=[32m"button"[31m
[36m>[31m
  [0m­ƒÆñ[0m
[36m</button>[31m

Ignored nodes: comments, script, style
[36m<button[31m
  [33maria-label[31m=[32m"Snooze reminder"[31m
  [33mclass[31m=[32m"action-button"[31m
  [33mtitle[31m=[32m"Snooze"[31m
  [33mtype[31m=[32m"button"[31m
[36m>[31m
  [0mÔÅ░[0m
[36m</button>[31m

(If this is intentional, then use the `*AllBy*` variant of the query (like `queryAllByText`, `getAllByText`, or `findAllByText`)).

Ignored nodes: comments, script, style
[36m<body>[31m
  [36m<div>[31m
    [36m<div[31m
      [33mclass[31m=[32m"reminders-list"[31m
    [36m>[31m
      [36m<div[31m
        [33mclass[31m=[32m"reminders-list-content"[31m
      [36m>[31m
        [36m<div[31m
          [33mclass[31m=[32m"reminders-table-container"[31m
        [36m>[31m
          [36m<table[31m
            [33mclass[31m=[32m"reminders-table"[31m
          [36m>[31m
            [36m<thead>[31m
              [36m<tr>[31m
                [36m<th[31m
                  [33mclass[31m=[32m"col-time"[31m
                [36m>[31m
                  [36m<div[31m
                    [33mclass[31m=[32m"header-with-filter"[31m
                  [36m>[31m
                    [36m<button[31m
                      [33maria-expanded[31m=[32m"false"[31m
                      [33maria-label[31m=[32m"Show filters"[31m
                      [33mclass[31m=[32m"filter-toggle-button"[31m
                      [33mtitle[31m=[32m"Show filters"[31m
                      [33mtype[31m=[32m"button"[31m
                    [36m>[31m
                      [36m<span[31m
                        [33mclass[31m=[32m"filter-toggle-icon"[31m
                      [36m>[31m
                        [0m­ƒöì[0m
                      [36m</span>[31m
                    [36m</button>[31m
                    [36m<button[31m
                      [33maria-label[31m=[32m"Sort by time"[31m
                      [33mclass[31m=[32m"sortable-header"[31m
                      [33mtype[31m=[32m"button"[31m
                    [36m>[31m
                      [0mTime[0m
                    [36m</button>[31m
                  [36m</div>[31m
                [36m</th>[31m
                [36m<th[31m
                  [33mclass[31m=[32m"col-tracking"[31m
                [36m>[31m
                  [36m<button[31m
                    [33maria-label[31m=[32m"Sort by tracking"[31m
                    [33mclass[31m=[32m"sortable-header"[31m
                    [33mtype[31m=[32m"button"[31m
                  [36m>[31m
                    [0mTracking[0m
                  [36m</button>[31m
                [36m</th>[31m
                [36m<th[31m
                  [33mclass[31m=[32m"col-notes"[31m
                [36m>[31m
                  [36m<button[31m
                    [33maria-label[31m=[32m"Sort by notes"[31m
                    [33mclass[31m=[32m"sortable-header"[31m
                    [33mtype[31m=[32m"button"[31m
                  [36m>[31m
                    [0mNotes[0m
                  [36m</button>[31m
                [36m</th>[31m
                [36m<th[31m
                  [33mclass[31m=[32m"col-actions"[31m
                [36m>[31m
                  [0mActions[0m
                [36m</th>[31m
              [36m</tr>[31m
            [36m</thead>[31m
            [36m<tbody>[31m
              [36m<tr[31m
                [33mclass[31m=[32m"reminder-row"[31m
              [36m>[31m
                [36m<td[31m
                  [33mclass[31m=[32m"cell-time"[31m
                [36m>[31m
                  [0m1/1/2024 07:00 a.┬ám.[0m
                [36m</td>[31m
                [36m<td[31m
                  [33mclass[31m=[32m"cell-tracking"[31m
                [36m>[31m
                  [36m<span[31m
                    [33mclass[31m=[32m"tracking-text"[31m
                    [33mtitle[31m=[32m"­ƒÆ¬ Did I exercise?"[31m
                  [36m>[31m
                    [36m<span[31m
                      [33mclass[31m=[32m"tracking-icon"[31m
                    [36m>[31m
                      [0m­ƒÆ¬[0m
                    [36m</span>[31m
                    [0mDid I exercise?[0m
                  [36m</span>[31m
                [36m</td>[31m
                [36m<td[31m
                  [33mclass[31m=[32m"cell-notes"[31m
                [36m>[31m
                  [36m<textarea[31m
                    [33mclass[31m=[32m"notes-textarea"[31m
                    [33mplaceholder[31m=[32m"Add notes..."[31m
                    [33mrows[31m=[32m"2"[31m
                  [36m/>[31m
                [36m</td>[31m
                [36m<td[31m
                  [33mclass[31m=[32m"cell-actions"[31m
                [36m>[31m
                  [36m<div[31m
                    [33mclass[31m=[32m"actions-container"[31m
                  [36m>[31m
                    [36m<div[31m
                      [33mclass[31m=[32m"actions-buttons"[31m
                    [36m>[31m
                      [36m<button[31m
                        [33maria-label[31m=[32m"Complete reminder"[31m
                        [33mclass[31m=[32m"action-button action-complete"[31m
                        [33mtitle[31m=[32m"Complete reminder"[31m
                        [33mtype[31m=[32m"button"[31m
                      [36m>[31m
                        [0mÔ£ô[0m
                      [36m</button>[31m
                      [36m<button[31m
                        [33maria-label[31m=[32m"Dismiss reminder"[31m
                        [33mclass[31m=[32m"action-button action-dismiss"[31m
                        [33mtitle[31m=[32m"Dismiss reminder"[31m
                        [33mtype[31m=[32m"button"[31m
                      [36m>[31m
                        [0mÔ£ò[0m
                      [36m</button>[31m
                      [36m<button[31m
                        [33maria-label[31m=[32m"Snooze reminder"[31m
                        [33mclass[31m=[32m"action-button action-snooze"[31m
                        [33mtitle[31m=[32m"Snooze reminder (click to see options)"[31m
                        [33mtype[31m=[32m"button"[31m
                      [36m>[31m
                        [0m­ƒÆñ[0m
                      [36m</button>[31m
                    [36m</div>[31m
                  [36m</div>[31m
                [36m</td>[31m
              [36m</tr>[31m
            [36m</tbody>[31m
          [36m</table>[31m
        [36m</div>[31m
        [36m<div[31m
          [33mclass[31m=[32m"reminders-cards"[31m
        [36m>[31m
          [36m<div[31m
            [33mclass[31m=[32m"reminder-card"[31m
          [36m>[31m
            [36m<div[31m
              [33mclass[31m=[32m"reminder-card-header"[31m
            [36m>[31m
              [36m<div[31m
                [33mclass[31m=[32m"reminder-card-icon"[31m
              [36m>[31m
                [0m­ƒÆ¬[0m
              [36m</div>[31m
              [36m<div[31m
                [33mclass[31m=[32m"reminder-card-title"[31m
              [36m>[31m
                [36m<h3[31m
                  [33mclass[31m=[32m"reminder-card-question"[31m
                [36m>[31m
                  [0mDid I exercise?[0m
                [36m</h3>[31m
                [36m<div[31m
                  [33mclass[31m=[32m"reminder-card-time"[31m
                [36m>[31m
                  [0m1/1/2024 07:00 a.┬ám.[0m
                [36m</div>[31m
              [36m</div>[31m
            [36m</div>[31m
            [36m<div[31m
              [33mclass[31m=[32m"reminder-card-footer"[31m
            [36m>[31m
              [36m<div[31m
                [33mclass[31m=[32m"reminder-card-actions"[31m
              [36m>[31m
                [36m<button[31m
                  [33maria-label[31m=[32m"Complete reminder"[31m
                  [33mclass[31m=[32m"action-button action-complete"[31m
                  [33mtitle[31m=[32m"Complete"[31m
                  [33mtype[31m=[32m"button"[31m
                [36m>[31m
                  [0mÔ£ô[0m
                [36m</button>[31m
                [36m<button[31m
                  [33maria-label[31m=[32m"Snooze reminder"[31m
                  [33mclass[31m=[32m"action-button"[31m
                  [33mtitle[31m=[32m"Snooze"[31m
                  [33mtype[31m=[32m"button"[31m
                [36m>[31m
                  [0mÔÅ░[0m
                [36m</button>[31m
                [36m<button[31m
                  [33maria-label[31m=[32m"Dismiss reminder"[31m
                  [33mclass[31m=[32m"action-button action-dismiss"[31m
                  [33mtitle[31m=[32m"Dismiss"[31m
                  [33mtype[31m=[32m"button"[31m
                [36m>[31m
                  [0mÔ£ò[0m
                [36m</button>[31m
              [36m</div>[31m
            [36m</div>[31m
          [36m</div>[31m
        [36m</div>[31m
      [36m</div>[31m
    [36m</div>[31m
  [36m</div>[31m
[36m</body>[31m[39m
 [31m├ù[39m frontend/src/components/__tests__/RemindersList.test.tsx[2m > [22mRemindersList[2m > [22mshould handle error when dismissing reminder fails[32m 40[2mms[22m[39m
[31m   ÔåÆ Found multiple elements with the role "button" and name "Dismiss reminder"

Here are the matching elements:

Ignored nodes: comments, script, style
[36m<button[31m
  [33maria-label[31m=[32m"Dismiss reminder"[31m
  [33mclass[31m=[32m"action-button action-dismiss"[31m
  [33mtitle[31m=[32m"Dismiss reminder"[31m
  [33mtype[31m=[32m"button"[31m
[36m>[31m
  [0mÔ£ò[0m
[36m</button>[31m

Ignored nodes: comments, script, style
[36m<button[31m
  [33maria-label[31m=[32m"Dismiss reminder"[31m
  [33mclass[31m=[32m"action-button action-dismiss"[31m
  [33mtitle[31m=[32m"Dismiss"[31m
  [33mtype[31m=[32m"button"[31m
[36m>[31m
  [0mÔ£ò[0m
[36m</button>[31m

(If this is intentional, then use the `*AllBy*` variant of the query (like `queryAllByText`, `getAllByText`, or `findAllByText`)).

Ignored nodes: comments, script, style
[36m<body>[31m
  [36m<div>[31m
    [36m<div[31m
      [33mclass[31m=[32m"reminders-list"[31m
    [36m>[31m
      [36m<div[31m
        [33mclass[31m=[32m"reminders-list-content"[31m
      [36m>[31m
        [36m<div[31m
          [33mclass[31m=[32m"reminders-table-container"[31m
        [36m>[31m
          [36m<table[31m
            [33mclass[31m=[32m"reminders-table"[31m
          [36m>[31m
            [36m<thead>[31m
              [36m<tr>[31m
                [36m<th[31m
                  [33mclass[31m=[32m"col-time"[31m
                [36m>[31m
                  [36m<div[31m
                    [33mclass[31m=[32m"header-with-filter"[31m
                  [36m>[31m
                    [36m<button[31m
                      [33maria-expanded[31m=[32m"false"[31m
                      [33maria-label[31m=[32m"Show filters"[31m
                      [33mclass[31m=[32m"filter-toggle-button"[31m
                      [33mtitle[31m=[32m"Show filters"[31m
                      [33mtype[31m=[32m"button"[31m
                    [36m>[31m
                      [36m<span[31m
                        [33mclass[31m=[32m"filter-toggle-icon"[31m
                      [36m>[31m
                        [0m­ƒöì[0m
                      [36m</span>[31m
                    [36m</button>[31m
                    [36m<button[31m
                      [33maria-label[31m=[32m"Sort by time"[31m
                      [33mclass[31m=[32m"sortable-header"[31m
                      [33mtype[31m=[32m"button"[31m
                    [36m>[31m
                      [0mTime[0m
                    [36m</button>[31m
                  [36m</div>[31m
                [36m</th>[31m
                [36m<th[31m
                  [33mclass[31m=[32m"col-tracking"[31m
                [36m>[31m
                  [36m<button[31m
                    [33maria-label[31m=[32m"Sort by tracking"[31m
                    [33mclass[31m=[32m"sortable-header"[31m
                    [33mtype[31m=[32m"button"[31m
                  [36m>[31m
                    [0mTracking[0m
                  [36m</button>[31m
                [36m</th>[31m
                [36m<th[31m
                  [33mclass[31m=[32m"col-notes"[31m
                [36m>[31m
                  [36m<button[31m
                    [33maria-label[31m=[32m"Sort by notes"[31m
                    [33mclass[31m=[32m"sortable-header"[31m
                    [33mtype[31m=[32m"button"[31m
                  [36m>[31m
                    [0mNotes[0m
                  [36m</button>[31m
                [36m</th>[31m
                [36m<th[31m
                  [33mclass[31m=[32m"col-actions"[31m
                [36m>[31m
                  [0mActions[0m
                [36m</th>[31m
              [36m</tr>[31m
            [36m</thead>[31m
            [36m<tbody>[31m
              [36m<tr[31m
                [33mclass[31m=[32m"reminder-row"[31m
              [36m>[31m
                [36m<td[31m
                  [33mclass[31m=[32m"cell-time"[31m
                [36m>[31m
                  [0m1/1/2024 07:00 a.┬ám.[0m
                [36m</td>[31m
                [36m<td[31m
                  [33mclass[31m=[32m"cell-tracking"[31m
                [36m>[31m
                  [36m<span[31m
                    [33mclass[31m=[32m"tracking-text"[31m
                    [33mtitle[31m=[32m"­ƒÆ¬ Did I exercise?"[31m
                  [36m>[31m
                    [36m<span[31m
                      [33mclass[31m=[32m"tracking-icon"[31m
                    [36m>[31m
                      [0m­ƒÆ¬[0m
                    [36m</span>[31m
                    [0mDid I exercise?[0m
                  [36m</span>[31m
                [36m</td>[31m
                [36m<td[31m
                  [33mclass[31m=[32m"cell-notes"[31m
                [36m>[31m
                  [36m<textarea[31m
                    [33mclass[31m=[32m"notes-textarea"[31m
                    [33mplaceholder[31m=[32m"Add notes..."[31m
                    [33mrows[31m=[32m"2"[31m
                  [36m/>[31m
                [36m</td>[31m
                [36m<td[31m
                  [33mclass[31m=[32m"cell-actions"[31m
                [36m>[31m
                  [36m<div[31m
                    [33mclass[31m=[32m"actions-container"[31m
                  [36m>[31m
                    [36m<div[31m
                      [33mclass[31m=[32m"actions-buttons"[31m
                    [36m>[31m
                      [36m<button[31m
                        [33maria-label[31m=[32m"Complete reminder"[31m
                        [33mclass[31m=[32m"action-button action-complete"[31m
                        [33mtitle[31m=[32m"Complete reminder"[31m
                        [33mtype[31m=[32m"button"[31m
[90mstderr[2m | backend/src
/db/__tests__/database.test.t
s[2m > 
[22m[2mDatabase[2m > 
[22m[2mget[2m > 
[22m[2mshould handle query 
errors
[22m[39m[2025-12-08T12:04:1
1.078Z] DATABASE | Query 
execution failed: SELECT * 
FROM nonexistent_table WHERE 
id = ? [Error: SQLITE_ERROR: 
no such table: 
nonexistent_table] {
  errno: [33m1[39m,
  code: 
[32m'SQLITE_ERROR'[39m
}
                      [36m>[31m
                        [0mÔ£ô[0m
                      [36m</button>[31m
                      [36m<button[31m
                        [33maria-label[31m=[32m"Dismiss reminder"[31m
                        [33mclass[31m=[32m"action-button action-dismiss"[31m
                        [33mtitle[31m=[32m"Dismiss reminder"[31m
                        [33mtype[31m=[32m"button"[31m
                      [36m>[31m
                        [0mÔ£ò[0m
                      [36m</button>[31m
                      [36m<button[31m
                        [33maria-label[31m=[32m"Snooze reminder"[31m
                        [33mclass[31m=[32m"action-button action-snooze"[31m
                        [33mtitle[31m=[32m"Snooze reminder (click to see options)"[31m
                        [33mtype[31m=[32m"button"[31m
                      [36m>[31m
                        [0m­ƒÆñ[0m
                      [36m</button>[31m
                    [36m</div>[31m
                  [36m</div>[31m
                [36m</td>[31m
              [36m</tr>[31m
            [36m</tbody>[31m
          [36m</table>[31m
        [36m</div>[31m
        [36m<div[31m
          [33mclass[31m=[32m"reminders-cards"[31m
        [36m>[31m
          [36m<div[31m
            [33mclass[31m=[32m"reminder-card"[31m
          [36m>[31m
            [36m<div[31m
              [33mclass[31m=[32m"reminder-card-header"[31m
            [36m>[31m
              [36m<div[31m
                [33mclass[31m=[32m"reminder-card-icon"[31m
              [36m>[31m
                [0m­ƒÆ¬[0m
              [36m</div>[31m
              [36m<div[31m
                [33mclass[31m=[32m"reminder-card-title"[31m
              [36m>[31m
                [36m<h3[31m
                  [33mclass[31m=[32m"reminder-card-question"[31m
                [36m>[31m
                  [0mDid I exercise?[0m
                [36m</h3>[31m
                [36m<div[31m
                  [33mclass[31m=[32m"reminder-card-time"[31m
                [36m>[31m
                  [0m1/1/2024 07:00 a.┬ám.[0m
                [36m</div>[31m
              [36m</div>[31m
            [36m</div>[31m
            [36m<div[31m
              [33mclass[31m=[32m"reminder-card-footer"[31m
            [36m>[31m
              [36m<div[31m
                [33mclass[31m=[32m"reminder-card-actions"[31m
              [36m>[31m
                [36m<button[31m
                  [33maria-label[31m=[32m"Complete reminder"[31m
                  [33mclass[31m=[32m"action-button action-complete"[31m
                  [33mtitle[31m=[32m"Complete"[31m
                  [33mtype[31m=[32m"button"[31m
                [36m>[31m
                  [0mÔ£ô[0m
                [36m</button>[31m
                [36m<button[31m
                  [33maria-label[31m=[32m"Snooze reminder"[31m
                  [33mclass[31m=[32m"action-button"[31m
                  [33mtitle[31m=[32m"Snooze"[31m
                  [33mtype[31m=[32m"button"[31m
                [36m>[31m
                  [0mÔÅ░[0m
                [36m</button>[31m
                [36m<button[31m
                  [33maria-label[31m=[32m"Dismiss reminder"[31m
                  [33mclass[31m=[32m"action-button action-dismiss"[31m
                  [33mtitle[31m=[32m"Dismiss"[31m
                  [33mtype[31m=[32m"button"[31m
                [36m>[31m
                  [0mÔ£ò[0m
                [36m</button>[31m
              [36m</div>[31m
            [36m</div>[31m
          [36m</div>[31m
        [36m</div>[31m
      [36m</div>[31m
    [36m</div>[31m
  [36m</div>[31m
[36m</body>[31m[39m
 [32mÔ£ô[39m frontend/src/__tests__/AuthenticatedRouting.test.tsx[2m > [22mAuthenticated Routing[2m > [22mProtected Routes[2m > [22mshould allow access to root route when authenticated[33m 378[2mms[22m[39m
 [32mÔ£ô[39m frontend/src/components/__tests__/AuthForm.test.tsx[2m > [22mAuthForm[2m > [22mForm state[2m > [22mshould disable form during submission[32m 281[2mms[22m[39m

[90mstderr[2m | backend/src
/db/__tests__/database.test.t
s[2m > 
[22m[2mDatabase[2m > 
[22m[2mall[2m > 
[22m[2mshould handle query 
errors
[22m[39m[2025-12-08T12:04:1
1.101Z] DATABASE | Query 
execution failed: SELECT * 
FROM nonexistent_table 
[Error: SQLITE_ERROR: no 
such table: 
nonexistent_table] {
  errno: [33m1[39m,
  code: 
[32m'SQLITE_ERROR'[39m
}

[90mstderr[2m | backend/src
/db/__tests__/database.test.t
s[2m > 
[22m[2mDatabase[2m > 
[22m[2mIntegration 
Tests[2m > [22m[2mshould 
handle foreign key 
constraints
[22m[39m[2025-12-08T12:04:1
1.118Z] DATABASE | Query 
execution failed: INSERT 
INTO trackings (user_id, 
question) VALUES (?, ?) 
[Error: SQLITE_CONSTRAINT: 
FOREIGN KEY constraint 
failed] {
  errno: [33m19[39m,
  code: 
[32m'SQLITE_CONSTRAINT'[39m
}

 [32mÔ£ô[39m backend/src/db/__tests__/database.test.ts[2m > [22mDatabase[2m > [22mget[2m > [22mshould return undefined when row not found[32m 41[2mms[22m[39m
 [32mÔ£ô[39m backend/src/db/__tests__/database.test.ts[2m > [22mDatabase[2m > [22mget[2m > [22mshould handle query errors[32m 6[2mms[22m[39m
 [32mÔ£ô[39m backend/src/db/__tests__/database.test.ts[2m > [22mDatabase[2m > [22mget[2m > [22mshould work with empty params array[32m 5[2mms[22m[39m
 [32mÔ£ô[39m backend/src/db/__tests__/database.test.ts[2m > [22mDatabase[2m > [22mall[2m > [22mshould return all rows[32m 6[2mms[22m[39m
 [32mÔ£ô[39m backend/src/db/__tests__/database.test.ts[2m > [22mDatabase[2m > [22mall[2m > [22mshould return empty array when no rows[32m 7[2mms[22m[39m
 [32mÔ£ô[39m backend/src/db/__tests__/database.test.ts[2m > [22mDatabase[2m > [22mall[2m > [22mshould handle query errors[32m 5[2mms[22m[39m
 [32mÔ£ô[39m backend/src/db/__tests__/database.test.ts[2m > [22mDatabase[2m > [22mall[2m > [22mshould work with empty params array[32m 6[2mms[22m[39m
 [32mÔ£ô[39m backend/src/db/__tests__/database.test.ts[2m > [22mDatabase[2m > [22mIntegration Tests[2m > [22mshould handle full CRUD operations[32m 5[2mms[22m[39m
 [32mÔ£ô[39m backend/src/db/__tests__/database.test.ts[2m > [22mDatabase[2m > [22mIntegration Tests[2m > [22mshould handle foreign key constraints[32m 6[2mms[22m[39m
 [32mÔ£ô[39m frontend/src/hooks/__tests__/useUsers.test.ts[2m > [22museUsers[2m > [22mshould handle API errors gracefully[32m 65[2mms[22m[39m
 [32mÔ£ô[39m frontend/src/hooks/__tests__/useUsers.test.ts[2m > [22museUsers[2m > [22mshould throw error when API request fails[32m 72[2mms[22m[39m
 [32mÔ£ô[39m frontend/src/components/__tests__/ReminderAnswerModal.test.tsx[2m > [22mReminderAnswerModal[2m > [22mshould call onSave when form is submitted[32m 242[2mms[22m[39m
 [32mÔ£ô[39m frontend/src/components/__tests__/ReminderAnswerModal.test.tsx[2m > [22mReminderAnswerModal[2m > [22mshould call onClose when Cancel is clicked[32m 79[2mms[22m[39m
 [32mÔ£ô[39m frontend/src/hooks/__tests__/useTrackings.test.ts[2m > [22museTrackings[2m > [22mshould update a tracking[32m 192[2mms[22m[39m
 [31m├ù[39m frontend/src/components/__tests__/RemindersList.test.tsx[2m > [22mRemindersList[2m > [22mshould show Complete button for pending reminders[32m 132[2mms[22m[39m
[31m   ÔåÆ Found multiple elements with the role "button" and name "Complete reminder"

Here are the matching elements:

Ignored nodes: comments, script, style
[36m<button[31m
  [33maria-label[31m=[32m"Complete reminder"[31m
  [33mclass[31m=[32m"action-button action-complete"[31m
  [33mtitle[31m=[32m"Complete reminder"[31m
  [33mtype[31m=[32m"button"[31m
[36m>[31m
  [0mÔ£ô[0m
[36m</button>[31m

Ignored nodes: comments, script, style
[36m<button[31m
  [33maria-label[31m=[32m"Complete reminder"[31m
  [33mclass[31m=[32m"action-button action-complete"[31m
  [33mtitle[31m=[32m"Complete"[31m
  [33mtype[31m=[32m"button"[31m
[36m>[31m
  [0mÔ£ô[0m
[36m</button>[31m

(If this is intentional, then use the `*AllBy*` variant of the query (like `queryAllByText`, `getAllByText`, or `findAllByText`)).

Ignored nodes: comments, script, style
[36m<body>[31m
  [36m<div>[31m
    [36m<div[31m
      [33mclass[31m=[32m"reminders-list"[31m
    [36m>[31m
      [36m<div[31m
        [33mclass[31m=[32m"reminders-list-content"[31m
      [36m>[31m
        [36m<div[31m
          [33mclass[31m=[32m"reminders-table-container"[31m
        [36m>[31m
          [36m<table[31m
            [33mclass[31m=[32m"reminders-table"[31m
          [36m>[31m
            [36m<thead>[31m
              [36m<tr>[31m
                [36m<th[31m
                  [33mclass[31m=[32m"col-time"[31m
                [36m>[31m
                  [36m<div[31m
                    [33mclass[31m=[32m"header-with-filter"[31m
                  [36m>[31m
                    [36m<button[31m
                      [33maria-expanded[31m=[32m"false"[31m
                      [33maria-label[31m=[32m"Show filters"[31m
                      [33mclass[31m=[32m"filter-toggle-button"[31m
                      [33mtitle[31m=[32m"Show filters"[31m
                      [33mtype[31m=[32m"button"[31m
                    [36m>[31m
                      [36m<span[31m
                        [33mclass[31m=[32m"filter-toggle-icon"[31m
                      [36m>[31m
                        [0m­ƒöì[0m
                      [36m</span>[31m
                    [36m</button>[31m
                    [36m<button[31m
                      [33maria-label[31m=[32m"Sort by time"[31m
                      [33mclass[31m=[32m"sortable-header"[31m
                      [33mtype[31m=[32m"button"[31m
                    [36m>[31m
                      [0mTime[0m
                    [36m</button>[31m
                  [36m</div>[31m
                [36m</th>[31m
                [36m<th[31m
                  [33mclass[31m=[32m"col-tracking"[31m
                [36m>[31m
                  [36m<button[31m
                    [33maria-label[31m=[32m"Sort by tracking"[31m
                    [33mclass[31m=[32m"sortable-header"[31m
                    [33mtype[31m=[32m"button"[31m
                  [36m>[31m
                    [0mTracking[0m
                  [36m</button>[31m
                [36m</th>[31m
                [36m<th[31m
                  [33mclass[31m=[32m"col-notes"[31m
                [36m>[31m
                  [36m<button[31m
                    [33maria-label[31m=[32m"Sort by notes"[31m
                    [33mclass[31m=[32m"sortable-header"[31m
                    [33mtype[31m=[32m"button"[31m
                  [36m>[31m
                    [0mNotes[0m
                  [36m</button>[31m
                [36m</th>[31m
                [36m<th[31m
                  [33mclass[31m=[32m"col-actions"[31m
                [36m>[31m
                  [0mActions[0m
                [36m</th>[31m
              [36m</tr>[31m
            [36m</thead>[31m
            [36m<tbody>[31m
              [36m<tr[31m
                [33mclass[31m=[32m"reminder-row"[31m
              [36m>[31m
                [36m<td[31m
                  [33mclass[31m=[32m"cell-time"[31m
                [36m>[31m
                  [0m8/12/2025 08:04 a.┬ám.[0m
                [36m</td>[31m
                [36m<td[31m
                  [33mclass[31m=[32m"cell-tracking"[31m
                [36m>[31m
                  [36m<span[31m
                    [33mclass[31m=[32m"tracking-text"[31m
                    [33mtitle[31m=[32m"­ƒÆ¬ Did I exercise?"[31m
                  [36m>[31m
                    [36m<span[31m
                      [33mclass[31m=[32m"tracking-icon"[31m
                    [36m>[31m
                      [0m­ƒÆ¬[0m
                    [36m</span>[31m
                    [0mDid I exercise?[0m
                  [36m</span>[31m
                [36m</td>[31m
                [36m<td[31m
                  [33mclass[31m=[32m"cell-notes"[31m
                [36m>[31m
                  [36m<textarea[31m
                    [33mclass[31m=[32m"notes-textarea"[31m
                    [33mplaceholder[31m=[32m"Add notes..."[31m
                    [33mrows[31m=[32m"2"[31m
                  [36m/>[31m
                [36m</td>[31m
                [36m<td[31m
                  [33mclass[31m=[32m"cell-actions"[31m
                [36m>[31m
                  [36m<div[31m
                    [33mclass[31m=[32m"actions-container"[31m
                  [36m>[31m
                    [36m<div[31m
                      [33mclass[31m=[32m"actions-buttons"[31m
                    [36m>[31m
                      [36m<button[31m
                        [33maria-label[31m=[32m"Complete reminder"[31m
                        [33mclass[31m=[32m"action-button action-complete"[31m
                        [33mtitle[31m=[32m"Complete reminder"[31m
                        [33mtype[31m=[32m"button"[31m
                      [36m>[31m
                        [0mÔ£ô[0m
                      [36m</button>[31m
                      [36m<button[31m
                        [33maria-label[31m=[32m"Dismiss reminder"[31m
                        [33mclass[31m=[32m"action-button action-dismiss"[31m
                        [33mtitle[31m=[32m"Dismiss reminder"[31m
                        [33mtype[31m=[32m"button"[31m
                      [36m>[31m
                        [0mÔ£ò[0m
                      [36m</button>[31m
                      [36m<button[31m
                        [33maria-label[31m=[32m"Snooze reminder"[31m
                        [33mclass[31m=[32m"action-button action-snooze"[31m
                        [33mtitle[31m=[32m"Snooze reminder (click to see options)"[31m
                        [33mtype[31m=[32m"button"[31m
                      [36m>[31m
                        [0m­ƒÆñ[0m
                      [36m</button>[31m
                    [36m</div>[31m
                  [36m</div>[31m
                [36m</td>[31m
              [36m</tr>[31m
            [36m</tbody>[31m
          [36m</table>[31m
        [36m</div>[31m
        [36m<div[31m
          [33mclass[31m=[32m"reminders-cards"[31m
        [36m>[31m
          [36m<div[31m
            [33mclass[31m=[32m"reminder-card"[31m
          [36m>[31m
            [36m<div[31m
              [33mclass[31m=[32m"reminder-card-header"[31m
            [36m>[31m
              [36m<div[31m
                [33mclass[31m=[32m"reminder-card-icon"[31m
              [36m>[31m
                [0m­ƒÆ¬[0m
              [36m</div>[31m
              [36m<div[31m
                [33mclass[31m=[32m"reminder-card-title"[31m
              [36m>[31m
                [36m<h3[31m
                  [33mclass[31m=[32m"reminder-card-question"[31m
                [36m>[31m
                  [0mDid I exercise?[0m
                [36m</h3>[31m
                [36m<div[31m
                  [33mclass[31m=[32m"reminder-card-time"[31m
                [36m>[31m
                  [0m8/12/2025 08:04 a.┬ám.[0m
                [36m</div>[31m
              [36m</div>[31m
            [36m</div>[31m
            [36m<div[31m
              [33mclass[31m=[32m"reminder-card-footer"[31m
            [36m>[31m
              [36m<div[31m
                [33mclass[31m=[32m"reminder-card-actions"[31m
              [36m>[31m
                [36m<button[31m
                  [33maria-label[31m=[32m"Complete reminder"[31m
                  [33mclass[31m=[32m"action-button action-complete"[31m
                  [33mtitle[31m=[32m"Complete"[31m
                  [33mtype[31m=[32m"button"[31m
                [36m>[31m
                  [0mÔ£ô[0m
                [36m</button>[31m
                [36m<button[31m
                  [33maria-label[31m=[32m"Snooze reminder"[31m
                  [33mclass[31m=[32m"action-button"[31m
                  [33mtitle[31m=[32m"Snooze"[31m
                  [33mtype[31m=[32m"button"[31m
                [36m>[31m
                  [0mÔÅ░[0m
                [36m</button>[31m
                [36m<button[31m
                  [33maria-label[31m=[32m"Dismiss reminder"[31m
                  [33mclass[31m=[32m"action-button action-dismiss"[31m
                  [33mtitle[31m=[32m"Dismiss"[31m
                  [33mtype[31m=[32m"button"[31m
                [36m>[31m
                  [0mÔ£ò[0m
                [36m</button>[31m
              [36m</div>[31m
            [36m</div>[31m
          [36m</div>[31m
        [36m</div>[31m
      [36m</div>[31m
    [36m</div>[31m
  [36m</div>[31m
[36m</body>[31m[39m
 [32mÔ£ô[39m frontend/src/components/__tests__/RemindersList.test.tsx[2m > [22mRemindersList[2m > [22mshould filter out reminders with missing trackings (data integrity check)[32m 7[2mms[22m[39m
 [31m├ù[39m frontend/src/components/__tests__/RemindersList.test.tsx[2m > [22mRemindersList[2m > [22mshould call dismissReminder when Dismiss is clicked[32m 67[2mms[22m[39m
[31m   ÔåÆ Found multiple elements with the role "button" and name "Dismiss reminder"

Here are the matching elements:

Ignored nodes: comments, script, style
[36m<button[31m
  [33maria-label[31m=[32m"Dismiss reminder"[31m
  [33mclass[31m=[32m"action-button action-dismiss"[31m
  [33mtitle[31m=[32m"Dismiss reminder"[31m
  [33mtype[31m=[32m"button"[31m
[36m>[31m
  [0mÔ£ò[0m
[36m</button>[31m

Ignored nodes: comments, script, style
[36m<button[31m
  [33maria-label[31m=[32m"Dismiss reminder"[31m
  [33mclass[31m=[32m"action-button action-dismiss"[31m
  [33mtitle[31m=[32m"Dismiss"[31m
  [33mtype[31m=[32m"button"[31m
[36m>[31m
  [0mÔ£ò[0m
[36m</button>[31m

(If this is intentional, then use the `*AllBy*` variant of the query (like `queryAllByText`, `getAllByText`, or `findAllByText`)).

Ignored nodes: comments, script, style
[36m<body>[31m
  [36m<div>[31m
    [36m<div[31m
      [33mclass[31m=[32m"reminders-list"[31m
    [36m>[31m
      [36m<div[31m
        [33mclass[31m=[32m"reminders-list-content"[31m
      [36m>[31m
        [36m<div[31m
          [33mclass[31m=[32m"reminders-table-container"[31m
        [36m>[31m
          [36m<table[31m
            [33mclass[31m=[32m"reminders-table"[31m
          [36m>[31m
            [36m<thead>[31m
              [36m<tr>[31m
                [36m<th[31m
                  [33mclass[31m=[32m"col-time"[31m
                [36m>[31m
                  [36m<div[31m
                    [33mclass[31m=[32m"header-with-filter"[31m
                  [36m>[31m
                    [36m<button[31m
                      [33maria-expanded[31m=[32m"false"[31m
                      [33maria-label[31m=[32m"Show filters"[31m
                      [33mclass[31m=[32m"filter-toggle-button"[31m
                      [33mtitle[31m=[32m"Show filters"[31m
                      [33mtype[31m=[32m"button"[31m
                    [36m>[31m
                      [36m<span[31m
                        [33mclass[31m=[32m"filter-toggle-icon"[31m
                      [36m>[31m
                        [0m­ƒöì[0m
                      [36m</span>[31m
                    [36m</button>[31m
                    [36m<button[31m
                      [33maria-label[31m=[32m"Sort by time"[31m
                      [33mclass[31m=[32m"sortable-header"[31m
                      [33mtype[31m=[32m"button"[31m
                    [36m>[31m
                      [0mTime[0m
                    [36m</button>[31m
                  [36m</div>[31m
                [36m</th>[31m
                [36m<th[31m
                  [33mclass[31m=[32m"col-tracking"[31m
                [36m>[31m
                  [36m<button[31m
                    [33maria-label[31m=[32m"Sort by tracking"[31m
                    [33mclass[31m=[32m"sortable-header"[31m
                    [33mtype[31m=[32m"button"[31m
                  [36m>[31m
                    [0mTracking[0m
                  [36m</button>[31m
                [36m</th>[31m
                [36m<th[31m
                  [33mclass[31m=[32m"col-notes"[31m
                [36m>[31m
                  [36m<button[31m
                    [33maria-label[31m=[32m"Sort by notes"[31m
                    [33mclass[31m=[32m"sortable-header"[31m
                    [33mtype[31m=[32m"button"[31m
                  [36m>[31m
                    [0mNotes[0m
                  [36m</button>[31m
                [36m</th>[31m
                [36m<th[31m
                  [33mclass[31m=[32m"col-actions"[31m
                [36m>[31m
                  [0mActions[0m
                [36m</th>[31m
              [36m</tr>[31m
            [36m</thead>[31m
            [36m<tbody>[31m
              [36m<tr[31m
                [33mclass[31m=[32m"reminder-row"[31m
              [36m>[31m
                [36m<td[31m
                  [33mclass[31m=[32m"cell-time"[31m
                [36m>[31m
                  [0m1/1/2024 07:00 a.┬ám.[0m
                [36m</td>[31m
                [36m<td[31m
                  [33mclass[31m=[32m"cell-tracking"[31m
                [36m>[31m
                  [36m<span[31m
                    [33mclass[31m=[32m"tracking-text"[31m
                    [33mtitle[31m=[32m"­ƒÆ¬ Did I exercise?"[31m
                  [36m>[31m
                    [36m<span[31m
                      [33mclass[31m=[32m"tracking-icon"[31m
                    [36m>[31m
                      [0m­ƒÆ¬[0m
                    [36m</span>[31m
                    [0mDid I exercise?[0m
                  [36m</span>[31m
                [36m</td>[31m
                [36m<td[31m
                  [33mclass[31m=[32m"cell-notes"[31m
                [36m>[31m
                  [36m<textarea[31m
                    [33mclass[31m=[32m"notes-textarea"[31m
                    [33mplaceholder[31m=[32m"Add notes..."[31m
                    [33mrows[31m=[32m"2"[31m
                  [36m/>[31m
                [36m</td>[31m
                [36m<td[31m
                  [33mclass[31m=[32m"cell-actions"[31m
                [36m>[31m
                  [36m<div[31m
                    [33mclass[31m=[32m"actions-container"[31m
                  [36m>[31m
                    [36m<div[31m
                      [33mclass[31m=[32m"actions-buttons"[31m
                    [36m>[31m
                      [36m<button[31m
                        [33maria-label[31m=[32m"Complete reminder"[31m
                        [33mclass[31m=[32m"action-button action-complete"[31m
                        [33mtitle[31m=[32m"Complete reminder"[31m
                        [33mtype[31m=[32m"button"[31m
                      [36m>[31m
                        [0mÔ£ô[0m
                      [36m</button>[31m
                      [36m<button[31m
                        [33maria-label[31m=[32m"Dismiss reminder"[31m
                        [33mclass[31m=[32m"action-button action-dismiss"[31m
                        [33mtitle[31m=[32m"Dismiss reminder"[31m
                        [33mtype[31m=[32m"button"[31m
                      [36m>[31m
                        [0mÔ£ò[0m
                      [36m</button>[31m
                      [36m<button[31m
                        [33maria-label[31m=[32m"Snooze reminder"[31m
                        [33mclass[31m=[32m"action-button action-snooze"[31m
                        [33mtitle[31m=[32m"Snooze reminder (click to see options)"[31m
                        [33mtype[31m=[32m"button"[31m
                      [36m>[31m
                        [0m­ƒÆñ[0m
                      [36m</button>[31m
                    [36m</div>[31m
                  [36m</div>[31m
                [36m</td>[31m
              [36m</tr>[31m
            [36m</tbody>[31m
          [36m</table>[31m
        [36m</div>[31m
        [36m<div[31m
          [33mclass[31m=[32m"reminders-cards"[31m
        [36m>[31m
          [36m<div[31m
            [33mclass[31m=[32m"reminder-card"[31m
          [36m>[31m
            [36m<div[31m
              [33mclass[31m=[32m"reminder-card-header"[31m
            [36m>[31m
              [36m<div[31m
                [33mclass[31m=[32m"reminder-card-icon"[31m
              [36m>[31m
                [0m­ƒÆ¬[0m
              [36m</div>[31m
              [36m<div[31m
                [33mclass[31m=[32m"reminder-card-title"[31m
              [36m>[31m
                [36m<h3[31m
                  [33mclass[31m=[32m"reminder-card-question"[31m
                [36m>[31m
                  [0mDid I exercise?[0m
                [36m</h3>[31m
                [36m<div[31m
                  [33mclass[31m=[32m"reminder-card-time"[31m
                [36m>[31m
                  [0m1/1/2024 07:00 a.┬ám.[0m
                [36m</div>[31m
              [36m</div>[31m
            [36m</div>[31m
            [36m<div[31m
              [33mclass[31m=[32m"reminder-card-footer"[31m
            [36m>[31m
              [36m<div[31m
                [33mclass[31m=[32m"reminder-card-actions"[31m
              [36m>[31m
                [36m<button[31m
                  [33maria-label[31m=[32m"Complete reminder"[31m
                  [33mclass[31m=[32m"action-button action-complete"[31m
                  [33mtitle[31m=[32m"Complete"[31m
                  [33mtype[31m=[32m"button"[31m
                [36m>[31m
                  [0mÔ£ô[0m
                [36m</button>[31m
                [36m<button[31m
                  [33maria-label[31m=[32m"Snooze reminder"[31m
                  [33mclass[31m=[32m"action-button"[31m
                  [33mtitle[31m=[32m"Snooze"[31m
                  [33mtype[31m=[32m"button"[31m
                [36m>[31m
                  [0mÔÅ░[0m
                [36m</button>[31m
                [36m<button[31m
                  [33maria-label[31m=[32m"Dismiss reminder"[31m
                  [33mclass[31m=[32m"action-button action-dismiss"[31m
                  [33mtitle[31m=[32m"Dismiss"[31m
                  [33mtype[31m=[32m"button"[31m
                [36m>[31m
                  [0mÔ£ò[0m
                [36m</button>[31m
              [36m</div>[31m
            [36m</div>[31m
          [36m</div>[31m
        [36m</div>[31m
      [36m</div>[31m
    [36m</div>[31m
  [36m</div>[31m
[36m</body>[31m[39m
 [31m├ù[39m frontend/src/components/__tests__/RemindersList.test.tsx[2m > [22mRemindersList[2m > [22mProps override hook behavior[2m > [22mshould use provided reminders prop instead of hook[32m 18[2mms[22m[39m
[31m   ÔåÆ Found multiple elements with the text: Did I exercise?

Here are the matching elements:

Ignored nodes: comments, script, style
[36m<span[31m
  [33mclass[31m=[32m"tracking-text"[31m
  [33mtitle[31m=[32m"­ƒÆ¬ Did I exercise?"[31m
[36m>[31m
  [36m<span[31m
    [33mclass[31m=[32m"tracking-icon"[31m
  [36m>[31m
    [0m­ƒÆ¬[0m
  [36m</span>[31m
  [0mDid I exercise?[0m
[36m</span>[31m

Ignored nodes: comments, script, style
[36m<h3[31m
  [33mclass[31m=[32m"reminder-card-question"[31m
[36m>[31m
  [0mDid I exercise?[0m
[36m</h3>[31m

(If this is intentional, then use the `*AllBy*` variant of the query (like `queryAllByText`, `getAllByText`, or `findAllByText`)).

Ignored nodes: comments, script, style
[36m<body>[31m
  [36m<div>[31m
    [36m<div[31m
      [33mclass[31m=[32m"reminders-list"[31m
    [36m>[31m
      [36m<div[31m
        [33mclass[31m=[32m"reminders-list-content"[31m
      [36m>[31m
        [36m<div[31m
          [33mclass[31m=[32m"reminders-table-container"[31m
        [36m>[31m
          [36m<table[31m
            [33mclass[31m=[32m"reminders-table"[31m
          [36m>[31m
            [36m<thead>[31m
              [36m<tr>[31m
                [36m<th[31m
                  [33mclass[31m=[32m"col-time"[31m
                [36m>[31m
                  [36m<div[31m
                    [33mclass[31m=[32m"header-with-filter"[31m
                  [36m>[31m
                    [36m<button[31m
                      [33maria-expanded[31m=[32m"false"[31m
                      [33maria-label[31m=[32m"Show filters"[31m
                      [33mclass[31m=[32m"filter-toggle-button"[31m
                      [33mtitle[31m=[32m"Show filters"[31m
                      [33mtype[31m=[32m"button"[31m
                    [36m>[31m
                      [36m<span[31m
                        [33mclass[31m=[32m"filter-toggle-icon"[31m
                      [36m>[31m
                        [0m­ƒöì[0m
                      [36m</span>[31m
                    [36m</button>[31m
                    [36m<button[31m
                      [33maria-label[31m=[32m"Sort by time"[31m
                      [33mclass[31m=[32m"sortable-header"[31m
                      [33mtype[31m=[32m"button"[31m
                    [36m>[31m
                      [0mTime[0m
                    [36m</button>[31m
                  [36m</div>[31m
                [36m</th>[31m
                [36m<th[31m
                  [33mclass[31m=[32m"col-tracking"[31m
                [36m>[31m
                  [36m<button[31m
                    [33maria-label[31m=[32m"Sort by tracking"[31m
                    [33mclass[31m=[32m"sortable-header"[31m
                    [33mtype[31m=[32m"button"[31m
                  [36m>[31m
                    [0mTracking[0m
                  [36m</button>[31m
                [36m</th>[31m
                [36m<th[31m
                  [33mclass[31m=[32m"col-notes"[31m
                [36m>[31m
                  [36m<button[31m
                    [33maria-label[31m=[32m"Sort by notes"[31m
                    [33mclass[31m=[32m"sortable-header"[31m
                    [33mtype[31m=[32m"button"[31m
                  [36m>[31m
                    [0mNotes[0m
                  [36m</button>[31m
                [36m</th>[31m
                [36m<th[31m
                  [33mclass[31m=[32m"col-actions"[31m
                [36m>[31m
                  [0mActions[0m
                [36m</th>[31m
              [36m</tr>[31m
            [36m</thead>[31m
            [36m<tbody>[31m
              [36m<tr[31m
                [33mclass[31m=[32m"reminder-row"[31m
              [36m>[31m
                [36m<td[31m
                  [33mclass[31m=[32m"cell-time"[31m
                [36m>[31m
                  [0m8/12/2025 08:04 a.┬ám.[0m
                [36m</td>[31m
                [36m<td[31m
                  [33mclass[31m=[32m"cell-tracking"[31m
                [36m>[31m
                  [36m<span[31m
                    [33mclass[31m=[32m"tracking-text"[31m
                    [33mtitle[31m=[32m"­ƒÆ¬ Did I exercise?"[31m
                  [36m>[31m
                    [36m<span[31m
                      [33mclass[31m=[32m"tracking-icon"[31m
                    [36m>[31m
                      [0m­ƒÆ¬[0m
                    [36m</span>[31m
                    [0mDid I exercise?[0m
                  [36m</span>[31m
                [36m</td>[31m
                [36m<td[31m
                  [33mclass[31m=[32m"cell-notes"[31m
                [36m>[31m
                  [36m<textarea[31m
                    [33mclass[31m=[32m"notes-textarea"[31m
                    [33mplaceholder[31m=[32m"Add notes..."[31m
                    [33mrows[31m=[32m"2"[31m
                  [36m/>[31m
                [36m</td>[31m
                [36m<td[31m
                  [33mclass[31m=[32m"cell-actions"[31m
                [36m>[31m
                  [36m<div[31m
                    [33mclass[31m=[32m"actions-container"[31m
                  [36m>[31m
                    [36m<div[31m
                      [33mclass[31m=[32m"actions-buttons"[31m
                    [36m>[31m
                      [36m<button[31m
                        [33maria-label[31m=[32m"Complete reminder"[31m
                        [33mclass[31m=[32m"action-button action-complete"[31m
                        [33mtitle[31m=[32m"Complete reminder"[31m
                        [33mtype[31m=[32m"button"[31m
                      [36m>[31m
                        [0mÔ£ô[0m
                      [36m</button>[31m
                      [36m<button[31m
                        [33maria-label[31m=[32m"Dismiss reminder"[31m
                        [33mclass[31m=[32m"action-button action-dismiss"[31m
                        [33mtitle[31m=[32m"Dismiss reminder"[31m
                        [33mtype[31m=[32m"button"[31m
                      [36m>[31m
                        [0mÔ£ò[0m
                      [36m</button>[31m
                      [36m<button[31m
                        [33maria-label[31m=[32m"Snooze reminder"[31m
                        [33mclass[31m=[32m"action-button action-snooze"[31m
                        [33mtitle[31m=[32m"Snooze reminder (click to see options)"[31m
                        [33mtype[31m=[32m"button"[31m
                      [36m>[31m
                        [0m­ƒÆñ[0m
                      [36m</button>[31m
                    [36m</div>[31m
                  [36m</div>[31m
                [36m</td>[31m
              [36m</tr>[31m
            [36m</tbody>[31m
          [36m</table>[31m
        [36m</div>[31m
        [36m<div[31m
          [33mclass[31m=[32m"reminders-cards"[31m
        [36m>[31m
          [36m<div[31m
            [33mclass[31m=[32m"reminder-card"[31m
          [36m>[31m
            [36m<div[31m
              [33mclass[31m=[32m"reminder-card-header"[31m
            [36m>[31m
              [36m<div[31m
                [33mclass[31m=[32m"reminder-card-icon"[31m
              [36m>[31m
                [0m­ƒÆ¬[0m
              [36m</div>[31m
              [36m<div[31m
                [33mclass[31m=[32m"reminder-card-title"[31m
              [36m>[31m
                [36m<h3[31m
                  [33mclass[31m=[32m"reminder-card-question"[31m
                [36m>[31m
                  [0mDid I exercise?[0m
                [36m</h3>[31m
                [36m<div[31m
                  [33mclass[31m=[32m"reminder-card-time"[31m
                [36m>[31m
                  [0m8/12/2025 08:04 a.┬ám.[0m
                [36m</div>[31m
              [36m</div>[31m
            [36m</div>[31m
            [36m<div[31m
              [33mclass[31m=[32m"reminder-card-footer"[31m
            [36m>[31m
              [36m<div[31m
                [33mclass[31m=[32m"reminder-card-actions"[31m
              [36m>[31m
                [36m<button[31m
                  [33maria-label[31m=[32m"Complete reminder"[31m
                  [33mclass[31m=[32m"action-button action-complete"[31m
                  [33mtitle[31m=[32m"Complete"[31m
                  [33mtype[31m=[32m"button"[31m
                [36m>[31m
                  [0mÔ£ô[0m
                [36m</button>[31m
                [36m<button[31m
                  [33maria-label[31m=[32m"Snooze reminder"[31m
                  [33mclass[31m=[32m"action-button"[31m
                  [33mtitle[31m=[32m"Snooze"[31m
                  [33mtype[31m=[32m"button"[31m
                [36m>[31m
                  [0mÔÅ░[0m
                [36m</button>[31m
                [36m<button[31m
                  [33maria-label[31m=[32m"Dismiss reminder"[31m
                  [33mclass[31m=[32m"action-button action-dismiss"[31m
                  [33mtitle[31m=[32m"Dismiss"[31m
                  [33mtype[31m=[32m"button"[31m
                [36m>[31m
                  [0mÔ£ò[0m
                [36m</button>[31m
              [36m</div>[31m
            [36m</div>[31m
          [36m</div>[31m
        [36m</div>[31m
      [36m</div>[31m
    [36m</div>[31m
  [36m</div>[31m
[36m</body>[31m[39m
 [32mÔ£ô[39m frontend/src/components/__tests__/RemindersList.test.tsx[2m > [22mRemindersList[2m > [22mProps override hook behavior[2m > [22mshould use provided isLoadingReminders prop instead of hook[32m 4[2mms[22m[39m
 [32mÔ£ô[39m frontend/src/components/__tests__/TrackingsList.test.tsx[2m > [22mTrackingsList[2m > [22mSorting[2m > [22mshould remove sort when clicking same column three times[32m 197[2mms[22m[39m
 [32mÔ£ô[39m frontend/src/components/__tests__/TrackingsList.test.tsx[2m > [22mTrackingsList[2m > [22mSorting[2m > [22mshould show sort indicator when sorted[32m 92[2mms[22m[39m
 [32mÔ£ô[39m frontend/src/__tests__/AuthenticatedRouting.test.tsx[2m > [22mAuthenticated Routing[2m > [22mProtected Routes[2m > [22mshould allow access to /reminders when authenticated[32m 189[2mms[22m[39m
 [32mÔ£ô[39m frontend/src/hooks/__tests__/useTrackings.test.ts[2m > [22museTrackings[2m > [22mshould delete a tracking[32m 144[2mms[22m[39m
 [32mÔ£ô[39m frontend/src/components/__tests__/ReminderAnswerModal.test.tsx[2m > [22mReminderAnswerModal[2m > [22mshould call onClose when close button is clicked[32m 73[2mms[22m[39m
 [32mÔ£ô[39m frontend/src/components/__tests__/ReminderAnswerModal.test.tsx[2m > [22mReminderAnswerModal[2m > [22mshould prefill answer and notes when editing[32m 14[2mms[22m[39m
 [32mÔ£ô[39m backend/src/services/__tests__/trackingService.test.ts[2m > [22mTrackingService[2m > [22mgetAllByUserId[2m > [22mshould return empty array when no trackings exist[32m 10[2mms[22m[39m
 [32mÔ£ô[39m backend/src/services/__tests__/trackingService.test.ts[2m > [22mTrackingService[2m > [22mgetAllByUserId[2m > [22mshould return all trackings for a user[32m 21[2mms[22m[39m
 [32mÔ£ô[39m backend/src/services/__tests__/trackingService.test.ts[2m > [22mTrackingService[2m > [22mgetAllByUserId[2m > [22mshould not return trackings for other users[32m 4[2mms[22m[39m
 [32mÔ£ô[39m backend/src/services/__tests__/trackingService.test.ts[2m > [22mTrackingService[2m > [22mgetById[2m > [22mshould return null for non-existent tracking[32m 4[2mms[22m[39m
 [32mÔ£ô[39m backend/src/services/__tests__/trackingService.test.ts[2m > [22mTrackingService[2m > [22mgetById[2m > [22mshould return tracking for existing id[32m 18[2mms[22m[39m
 [32mÔ£ô[39m backend/src/services/__tests__/trackingService.test.ts[2m > [22mTrackingService[2m > [22mgetById[2m > [22mshould return null for tracking belonging to different user[32m 3[2mms[22m[39m
 [32mÔ£ô[39m backend/src/services/__tests__/trackingService.test.ts[2m > [22mTrackingService[2m > [22mcreateTracking[2m > [22mshould create a new tracking[32m 6[2mms[22m[39m
 [32mÔ£ô[39m backend/src/services/__tests__/trackingService.test.ts[2m > [22mTrackingService[2m > [22mcreateTracking[2m > [22mshould create tracking with notes[32m 5[2mms[22m[39m
 [32mÔ£ô[39m backend/src/services/__tests__/trackingService.test.ts[2m > [22mTrackingService[2m > [22mcreateTracking[2m > [22mshould throw error for invalid question[32m 6[2mms[22m[39m
 [32mÔ£ô[39m backend/src/services/__tests__/trackingService.test.ts[2m > [22mTrackingService[2m > [22mcreateTracking[2m > [22mshould throw error when no schedules provided[32m 4[2mms[22m[39m
 [32mÔ£ô[39m backend/src/services/__tests__/trackingService.test.ts[2m > [22mTrackingService[2m > [22mcreateTracking[2m > [22mshould create initial Upcoming reminder when tracking is created with times and days pattern[32m 8[2mms[22m[39m
 [32mÔ£ô[39m backend/src/services/__tests__/trackingService.test.ts[2m > [22mTrackingService[2m > [22mcreateTracking[2m > [22mshould not create reminder when tracking is created without days pattern[32m 5[2mms[22m[39m
 [32mÔ£ô[39m frontend/src/hooks/__tests__/useUsers.test.ts[2m > [22museUsers[2m > [22mshould handle API error responses[32m 83[2mms[22m[39m
 [32mÔ£ô[39m frontend/src/__tests__/AuthenticatedRouting.test.tsx[2m > [22mAuthenticated Routing[2m > [22mProtected Routes[2m > [22mshould redirect to /login when accessing root unauthenticated[32m 178[2mms[22m[39m
 [32mÔ£ô[39m frontend/src/__tests__/AuthenticatedRouting.test.tsx[2m > [22mAuthenticated Routing[2m > [22mProtected Routes[2m > [22mshould redirect to /login when accessing /reminders unauthenticated[32m 14[2mms[22m[39m
 [32mÔ£ô[39m frontend/src/hooks/__tests__/useTrackings.test.ts[2m > [22museTrackings[2m > [22mshould handle API errors gracefully[32m 63[2mms[22m[39m
 [32mÔ£ô[39m frontend/src/hooks/__tests__/useTrackings.test.ts[2m > [22museTrackings[2m > [22mshould throw error when API request fails[32m 87[2mms[22m[39m
 [32mÔ£ô[39m backend/src/services/__tests__/trackingService.test.ts[2m > [22mTrackingService[2m > [22mupdateTracking[2m > [22mshould update tracking question[32m 5[2mms[22m[39m
 [32mÔ£ô[39m backend/src/services/__tests__/trackingService.test.ts[2m > [22mTrackingService[2m > [22mupdateTracking[2m > [22mshould update tracking notes[32m 3[2mms[22m[39m
 [32mÔ£ô[39m backend/src/services/__tests__/trackingService.test.ts[2m > [22mTrackingService[2m > [22mupdateTracking[2m > [22mshould throw error when tracking not found[32m 2[2mms[22m[39m
 [32mÔ£ô[39m backend/src/services/__tests__/trackingService.test.ts[2m > [22mTrackingService[2m > [22mupdateTracking[2m > [22mshould throw error when updating tracking belonging to different user[32m 2[2mms[22m[39m
 [32mÔ£ô[39m backend/src/services/__tests__/trackingService.test.ts[2m > [22mTrackingService[2m > [22mupdateTracking[2m > [22mshould throw error when no fields to update[32m 2[2mms[22m[39m
 [32mÔ£ô[39m backend/src/services/__tests__/trackingService.test.ts[2m > [22mTrackingService[2m > [22mupdateTracking[2m > [22mshould update or create Upcoming reminder when schedules change and tracking is Running[32m 6[2mms[22m[39m
 [32mÔ£ô[39m backend/src/services/__tests__/trackingService.test.ts[2m > [22mTrackingService[2m > [22mupdateTracking[2m > [22mshould create Upcoming reminder when schedules change and no Upcoming exists[32m 4[2mms[22m[39m
 [32mÔ£ô[39m backend/src/services/__tests__/trackingService.test.ts[2m > [22mTrackingService[2m > [22mupdateTracking[2m > [22mshould update Upcoming reminder when days pattern changes and tracking is Running[32m 7[2mms[22m[39m
 [32mÔ£ô[39m backend/src/services/__tests__/trackingService.test.ts[2m > [22mTrackingService[2m > [22mdeleteTracking[2m > [22mshould delete tracking[32m 4[2mms[22m[39m
 [32mÔ£ô[39m backend/src/services/__tests__/trackingService.test.ts[2m > [22mTrackingService[2m > [22mdeleteTracking[2m > [22mshould throw error when tracking not found[32m 4[2mms[22m[39m
 [32mÔ£ô[39m backend/src/services/__tests__/trackingService.test.ts[2m > [22mTrackingService[2m > [22mdeleteTracking[2m > [22mshould throw error when deleting tracking belonging to different user[32m 3[2mms[22m[39m
 [32mÔ£ô[39m backend/src/services/__tests__/trackingService.test.ts[2m > [22mTrackingService[2m > [22mupdateTrackingState[2m > [22mshould update tracking state from Running to Paused[32m 9[2mms[22m[39m
 [32mÔ£ô[39m backend/src/services/__tests__/trackingService.test.ts[2m > [22mTrackingService[2m > [22mupdateTrackingState[2m > [22mshould update tracking state from Paused to Running[32m 4[2mms[22m[39m
 [32mÔ£ô[39m backend/src/services/__tests__/trackingService.test.ts[2m > [22mTrackingService[2m > [22mupdateTrackingState[2m > [22mshould update tracking state from Paused to Archived[32m 4[2mms[22m[39m
 [32mÔ£ô[39m backend/src/services/__tests__/trackingService.test.ts[2m > [22mTrackingService[2m > [22mupdateTrackingState[2m > [22mshould update tracking state from Archived to Deleted[32m 3[2mms[22m[39m
 [32mÔ£ô[39m backend/src/services/__tests__/trackingService.test.ts[2m > [22mTrackingService[2m > [22mupdateTrackingState[2m > [22mshould throw error for same state transition[32m 4[2mms[22m[39m
 [32mÔ£ô[39m backend/src/services/__tests__/trackingService.test.ts[2m > [22mTrackingService[2m > [22mupdateTrackingState[2m > [22mshould throw error when tracking not found[32m 3[2mms[22m[39m
 [32mÔ£ô[39m backend/src/services/__tests__/trackingService.test.ts[2m > [22mTrackingService[2m > [22mupdateTrackingState[2m > [22mshould throw error for tracking belonging to different user[32m 3[2mms[22m[39m
 [32mÔ£ô[39m backend/src/services/__tests__/trackingService.test.ts[2m > [22mTrackingService[2m > [22mupdateTrackingState[2m > [22mshould throw error for invalid state value[32m 3[2mms[22m[39m
 [32mÔ£ô[39m backend/src/services/__tests__/trackingService.test.ts[2m > [22mTrackingService[2m > [22mupdateTrackingState[2m > [22mshould delete Pending and Upcoming reminders when archiving[32m 6[2mms[22m[39m
 [32mÔ£ô[39m backend/src/services/__tests__/trackingService.test.ts[2m > [22mTrackingService[2m > [22mupdateTrackingState[2m > [22mshould delete Upcoming reminders when pausing[32m 5[2mms[22m[39m
 [32mÔ£ô[39m backend/src/services/__tests__/trackingService.test.ts[2m > [22mTrackingService[2m > [22mupdateTrackingState[2m > [22mshould create next reminder when resuming from Paused[32m 5[2mms[22m[39m
 [32mÔ£ô[39m backend/src/services/__tests__/trackingService.test.ts[2m > [22mTrackingService[2m > [22mupdateTrackingState[2m > [22mshould create next reminder when unarchiving from Archived[32m 4[2mms[22m[39m
 [32mÔ£ô[39m backend/src/services/__tests__/trackingService.test.ts[2m > [22mTrackingService[2m > [22mupdateTrackingState[2m > [22mshould delete Pending and Upcoming reminders when transitioning from Running to Archived[32m 6[2mms[22m[39m
 [32mÔ£ô[39m frontend/src/components/__tests__/TrackingsList.test.tsx[2m > [22mTrackingsList[2m > [22mSorting[2m > [22mshould change sort indicator direction[32m 82[2mms[22m[39m
 [32mÔ£ô[39m backend/src/services/__tests__/trackingService.test.ts[2m > [22mTrackingService[2m > [22mupdateTrackingState[2m > [22mshould delete Pending and Upcoming reminders when transitioning from Paused to Archived[32m 6[2mms[22m[39m
 [32mÔ£ô[39m backend/src/__tests__/server.test.ts[2m > [22mServer Configuration - Integration Tests[2m > [22mServer.ts Complete Integration - Real Execution Tests[2m > [22mshould prevent multiple shutdown calls[33m 414[2mms[22m[39m
 [32mÔ£ô[39m frontend/src/hooks/__tests__/useTrackings.test.ts[2m > [22museTrackings[2m > [22mshould throw error when not authenticated[32m 17[2mms[22m[39m
 [32mÔ£ô[39m frontend/src/components/__tests__/RemindersList.test.tsx[2m > [22mRemindersList[2m > [22mProps override hook behavior[2m > [22mshould use provided updateReminder function instead of hook[32m 176[2mms[22m[39m
 [31m├ù[39m frontend/src/components/__tests__/RemindersList.test.tsx[2m > [22mRemindersList[2m > [22mProps override hook behavior[2m > [22mshould use provided snoozeReminder function instead of hook[32m 46[2mms[22m[39m
[31m   ÔåÆ Found multiple elements with the role "button" and name "Snooze reminder"

Here are the matching elements:

Ignored nodes: comments, script, style
[36m<button[31m
  [33maria-label[31m=[32m"Snooze reminder"[31m
  [33mclass[31m=[32m"action-button action-snooze"[31m
  [33mtitle[31m=[32m"Snooze reminder (click to see options)"[31m
  [33mtype[31m=[32m"button"[31m
[36m>[31m
  [0m­ƒÆñ[0m
[36m</button>[31m

Ignored nodes: comments, script, style
[36m<button[31m
  [33maria-label[31m=[32m"Snooze reminder"[31m
  [33mclass[31m=[32m"action-button"[31m
  [33mtitle[31m=[32m"Snooze"[31m
  [33mtype[31m=[32m"button"[31m
[36m>[31m
  [0mÔÅ░[0m
[36m</button>[31m

(If this is intentional, then use the `*AllBy*` variant of the query (like `queryAllByText`, `getAllByText`, or `findAllByText`)).

Ignored nodes: comments, script, style
[36m<body>[31m
  [36m<div>[31m
    [36m<div[31m
      [33mclass[31m=[32m"reminders-list"[31m
    [36m>[31m
      [36m<div[31m
        [33mclass[31m=[32m"reminders-list-content"[31m
      [36m>[31m
        [36m<div[31m
          [33mclass[31m=[32m"reminders-table-container"[31m
        [36m>[31m
          [36m<table[31m
            [33mclass[31m=[32m"reminders-table"[31m
          [36m>[31m
            [36m<thead>[31m
              [36m<tr>[31m
                [36m<th[31m
                  [33mclass[31m=[32m"col-time"[31m
                [36m>[31m
                  [36m<div[31m
                    [33mclass[31m=[32m"header-with-filter"[31m
                  [36m>[31m
                    [36m<button[31m
                      [33maria-expanded[31m=[32m"false"[31m
                      [33maria-label[31m=[32m"Show filters"[31m
                      [33mclass[31m=[32m"filter-toggle-button"[31m
                      [33mtitle[31m=[32m"Show filters"[31m
                      [33mtype[31m=[32m"button"[31m
                    [36m>[31m
                      [36m<span[31m
                        [33mclass[31m=[32m"filter-toggle-icon"[31m
                      [36m>[31m
                        [0m­ƒöì[0m
                      [36m</span>[31m
                    [36m</button>[31m
                    [36m<button[31m
                      [33maria-label[31m=[32m"Sort by time"[31m
                      [33mclass[31m=[32m"sortable-header"[31m
                      [33mtype[31m=[32m"button"[31m
                    [36m>[31m
                      [0mTime[0m
                    [36m</button>[31m
                  [36m</div>[31m
                [36m</th>[31m
                [36m<th[31m
                  [33mclass[31m=[32m"col-tracking"[31m
                [36m>[31m
                  [36m<button[31m
                    [33maria-label[31m=[32m"Sort by tracking"[31m
                    [33mclass[31m=[32m"sortable-header"[31m
                    [33mtype[31m=[32m"button"[31m
                  [36m>[31m
                    [0mTracking[0m
                  [36m</button>[31m
                [36m</th>[31m
                [36m<th[31m
                  [33mclass[31m=[32m"col-notes"[31m
                [36m>[31m
                  [36m<button[31m
                    [33maria-label[31m=[32m"Sort by notes"[31m
                    [33mclass[31m=[32m"sortable-header"[31m
                    [33mtype[31m=[32m"button"[31m
                  [36m>[31m
                    [0mNotes[0m
                  [36m</button>[31m
                [36m</th>[31m
                [36m<th[31m
                  [33mclass[31m=[32m"col-actions"[31m
                [36m>[31m
                  [0mActions[0m
                [36m</th>[31m
              [36m</tr>[31m
            [36m</thead>[31m
            [36m<tbody>[31m
              [36m<tr[31m
                [33mclass[31m=[32m"reminder-row"[31m
              [36m>[31m
                [36m<td[31m
                  [33mclass[31m=[32m"cell-time"[31m
                [36m>[31m
                  [0m8/12/2025 08:04 a.┬ám.[0m
                [36m</td>[31m
                [36m<td[31m
                  [33mclass[31m=[32m"cell-tracking"[31m
                [36m>[31m
                  [36m<span[31m
                    [33mclass[31m=[32m"tracking-text"[31m
                    [33mtitle[31m=[32m"­ƒÆ¬ Did I exercise?"[31m
                  [36m>[31m
                    [36m<span[31m
                      [33mclass[31m=[32m"tracking-icon"[31m
                    [36m>[31m
                      [0m­ƒÆ¬[0m
                    [36m</span>[31m
                    [0mDid I exercise?[0m
                  [36m</span>[31m
                [36m</td>[31m
                [36m<td[31m
                  [33mclass[31m=[32m"cell-notes"[31m
                [36m>[31m
                  [36m<textarea[31m
                    [33mclass[31m=[32m"notes-textarea"[31m
                    [33mplaceholder[31m=[32m"Add notes..."[31m
                    [33mrows[31m=[32m"2"[31m
                  [36m/>[31m
                [36m</td>[31m
                [36m<td[31m
                  [33mclass[31m=[32m"cell-actions"[31m
                [36m>[31m
                  [36m<div[31m
                    [33mclass[31m=[32m"actions-container"[31m
                  [36m>[31m
                    [36m<div[31m
                      [33mclass[31m=[32m"actions-buttons"[31m
                    [36m>[31m
                      [36m<button[31m
                        [33maria-label[31m=[32m"Complete reminder"[31m
                        [33mclass[31m=[32m"action-button action-complete"[31m
                        [33mtitle[31m=[32m"Complete reminder"[31m
                        [33mtype[31m=[32m"button"[31m
                      [36m>[31m
                        [0mÔ£ô[0m
                      [36m</button>[31m
                      [36m<button[31m
                        [33maria-label[31m=[32m"Dismiss reminder"[31m
                        [33mclass[31m=[32m"action-button action-dismiss"[31m
                        [33mtitle[31m=[32m"Dismiss reminder"[31m
                        [33mtype[31m=[32m"button"[31m
                      [36m>[31m
                        [0mÔ£ò[0m
                      [36m</button>[31m
                      [36m<button[31m
                        [33maria-label[31m=[32m"Snooze reminder"[31m
                        [33mclass[31m=[32m"action-button action-snooze"[31m
                        [33mtitle[31m=[32m"Snooze reminder (click to see options)"[31m
                        [33mtype[31m=[32m"button"[31m
                      [36m>[31m
                        [0m­ƒÆñ[0m
                      [36m</button>[31m
                    [36m</div>[31m
                  [36m</div>[31m
                [36m</td>[31m
              [36m</tr>[31m
            [36m</tbody>[31m
          [36m</table>[31m
        [36m</div>[31m
        [36m<div[31m
          [33mclass[31m=[32m"reminders-cards"[31m
        [36m>[31m
          [36m<div[31m
            [33mclass[31m=[32m"reminder-card"[31m
          [36m>[31m
            [36m<div[31m
              [33mclass[31m=[32m"reminder-card-header"[31m
            [36m>[31m
              [36m<div[31m
                [33mclass[31m=[32m"reminder-card-icon"[31m
              [36m>[31m
                [0m­ƒÆ¬[0m
              [36m</div>[31m
              [36m<div[31m
                [33mclass[31m=[32m"reminder-card-title"[31m
              [36m>[31m
                [36m<h3[31m
                  [33mclass[31m=[32m"reminder-card-question"[31m
                [36m>[31m
                  [0mDid I exercise?[0m
                [36m</h3>[31m
                [36m<div[31m
                  [33mclass[31m=[32m"reminder-card-time"[31m
                [36m>[31m
                  [0m8/12/2025 08:04 a.┬ám.[0m
                [36m</div>[31m
              [36m</div>[31m
            [36m</div>[31m
            [36m<div[31m
              [33mclass[31m=[32m"reminder-card-footer"[31m
            [36m>[31m
              [36m<div[31m
                [33mclass[31m=[32m"reminder-card-actions"[31m
              [36m>[31m
                [36m<button[31m
                  [33maria-label[31m=[32m"Complete reminder"[31m
                  [33mclass[31m=[32m"action-button action-complete"[31m
                  [33mtitle[31m=[32m"Complete"[31m
                  [33mtype[31m=[32m"button"[31m
                [36m>[31m
                  [0mÔ£ô[0m
                [36m</button>[31m
                [36m<button[31m
                  [33maria-label[31m=[32m"Snooze reminder"[31m
                  [33mclass[31m=[32m"action-button"[31m
                  [33mtitle[31m=[32m"Snooze"[31m
                  [33mtype[31m=[32m"button"[31m
                [36m>[31m
                  [0mÔÅ░[0m
                [36m</button>[31m
                [36m<button[31m
                  [33maria-label[31m=[32m"Dismiss reminder"[31m
                  [33mclass[31m=[32m"action-button action-dismiss"[31m
                  [33mtitle[31m=[32m"Dismiss"[31m
                  [33mtype[31m=[32m"button"[31m
                [36m>[31m
                  [0mÔ£ò[0m
                [36m</button>[31m
              [36m</div>[31m
            [36m</div>[31m
          [36m</div>[31m
        [36m</div>[31m
      [36m</div>[31m
    [36m</div>[31m
  [36m</div>[31m
[36m</body>[31m[39m
 [32mÔ£ô[39m frontend/src/__tests__/AuthenticatedRouting.test.tsx[2m > [22mAuthenticated Routing[2m > [22mProtected Routes[2m > [22mshould redirect to /login when accessing /profile unauthenticated[32m 17[2mms[22m[39m
 [32mÔ£ô[39m frontend/src/__tests__/AuthenticatedRouting.test.tsx[2m > [22mAuthenticated Routing[2m > [22mPublic Routes[2m > [22mshould allow access to /login when unauthenticated[32m 19[2mms[22m[39m
 [32mÔ£ô[39m frontend/src/__tests__/AuthenticatedRouting.test.tsx[2m > [22mAuthenticated Routing[2m > [22mPublic Routes[2m > [22mshould redirect to / when accessing /login while authenticated[32m 70[2mms[22m[39m
 [32mÔ£ô[39m backend/src/services/__tests__/reminderService.test.ts[2m > [22mReminderService[2m > [22mcreateReminder[2m > [22mshould create a new reminder[32m 12[2mms[22m[39m
 [32mÔ£ô[39m backend/src/services/__tests__/reminderService.test.ts[2m > [22mReminderService[2m > [22mgetAllByUserId[2m > [22mshould delete orphaned reminders (reminders whose tracking no longer exists)[32m 9[2mms[22m[39m
 [32mÔ£ô[39m backend/src/services/__tests__/reminderService.test.ts[2m > [22mReminderService[2m > [22mgetAllByUserId[2m > [22mshould get all reminders for a user[32m 5[2mms[22m[39m
 [32mÔ£ô[39m backend/src/services/__tests__/reminderService.test.ts[2m > [22mReminderService[2m > [22mgetAllByUserId[2m > [22mshould update expired upcoming reminders to Pending and create new Upcoming reminder[32m 10[2mms[22m[39m
 [32mÔ£ô[39m backend/src/services/__tests__/reminderService.test.ts[2m > [22mReminderService[2m > [22mgetAllByUserId[2m > [22mshould not update non-expired upcoming reminders[32m 5[2mms[22m[39m
 [32mÔ£ô[39m backend/src/services/__tests__/reminderService.test.ts[2m > [22mReminderService[2m > [22mgetById[2m > [22mshould get a reminder by ID[32m 3[2mms[22m[39m
 [32mÔ£ô[39m backend/src/services/__tests__/reminderService.test.ts[2m > [22mReminderService[2m > [22mgetById[2m > [22mshould return null if reminder not found[32m 3[2mms[22m[39m
 [32mÔ£ô[39m backend/src/services/__tests__/reminderService.test.ts[2m > [22mReminderService[2m > [22mgetById[2m > [22mshould update expired upcoming reminder to Pending and create new Upcoming reminder[32m 8[2mms[22m[39m
 [32mÔ£ô[39m backend/src/services/__tests__/reminderService.test.ts[2m > [22mReminderService[2m > [22mupdateReminder[2m > [22mshould update reminder[32m 3[2mms[22m[39m
 [32mÔ£ô[39m backend/src/services/__tests__/reminderService.test.ts[2m > [22mReminderService[2m > [22mupdateReminder[2m > [22mshould create next Upcoming reminder when reminder is completed[32m 10[2mms[22m[39m
 [32mÔ£ô[39m backend/src/services/__tests__/reminderService.test.ts[2m > [22mReminderService[2m > [22mupdateReminder[2m > [22mshould throw error if reminder not found[32m 5[2mms[22m[39m
 [32mÔ£ô[39m backend/src/services/__tests__/reminderService.test.ts[2m > [22mReminderService[2m > [22msnoozeReminder[2m > [22mshould update existing Upcoming reminder time when snoozing a Pending reminder[32m 6[2mms[22m[39m
 [32mÔ£ô[39m backend/src/services/__tests__/reminderService.test.ts[2m > [22mReminderService[2m > [22msnoozeReminder[2m > [22mshould create new Upcoming reminder when snoozing if no existing Upcoming[32m 5[2mms[22m[39m
 [32mÔ£ô[39m backend/src/services/__tests__/reminderService.test.ts[2m > [22mReminderService[2m > [22msnoozeReminder[2m > [22mshould throw error if reminder not found[32m 3[2mms[22m[39m
 [32mÔ£ô[39m backend/src/services/__tests__/reminderService.test.ts[2m > [22mReminderService[2m > [22mdeleteReminder[2m > [22mshould delete reminder and create next one[32m 5[2mms[22m[39m
 [31m├ù[39m frontend/src/components/__tests__/RemindersList.test.tsx[2m > [22mRemindersList[2m > [22mProps override hook behavior[2m > [22mshould use provided dismissReminder function instead of hook[32m 71[2mms[22m[39m
[31m   ÔåÆ Found multiple elements with the role "button" and name "Dismiss reminder"

Here are the matching elements:

Ignored nodes: comments, script, style
[36m<button[31m
  [33maria-label[31m=[32m"Dismiss reminder"[31m
  [33mclass[31m=[32m"action-button action-dismiss"[31m
  [33mtitle[31m=[32m"Dismiss reminder"[31m
  [33mtype[31m=[32m"button"[31m
[36m>[31m
  [0mÔ£ò[0m
[36m</button>[31m

Ignored nodes: comments, script, style
[36m<button[31m
  [33maria-label[31m=[32m"Dismiss reminder"[31m
  [33mclass[31m=[32m"action-button action-dismiss"[31m
  [33mtitle[31m=[32m"Dismiss"[31m
  [33mtype[31m=[32m"button"[31m
[36m>[31m
  [0mÔ£ò[0m
[36m</button>[31m

(If this is intentional, then use the `*AllBy*` variant of the query (like `queryAllByText`, `getAllByText`, or `findAllByText`)).

Ignored nodes: comments, script, style
[36m<body>[31m
  [36m<div>[31m
    [36m<div[31m
      [33mclass[31m=[32m"reminders-list"[31m
    [36m>[31m
      [36m<div[31m
        [33mclass[31m=[32m"reminders-list-content"[31m
      [36m>[31m
        [36m<div[31m
          [33mclass[31m=[32m"reminders-table-container"[31m
        [36m>[31m
          [36m<table[31m
            [33mclass[31m=[32m"reminders-table"[31m
          [36m>[31m
            [36m<thead>[31m
              [36m<tr>[31m
                [36m<th[31m
                  [33mclass[31m=[32m"col-time"[31m
                [36m>[31m
                  [36m<div[31m
                    [33mclass[31m=[32m"header-with-filter"[31m
                  [36m>[31m
                    [36m<button[31m
                      [33maria-expanded[31m=[32m"false"[31m
                      [33maria-label[31m=[32m"Show filters"[31m
                      [33mclass[31m=[32m"filter-toggle-button"[31m
                      [33mtitle[31m=[32m"Show filters"[31m
                      [33mtype[31m=[32m"button"[31m
                    [36m>[31m
                      [36m<span[31m
                        [33mclass[31m=[32m"filter-toggle-icon"[31m
                      [36m>[31m
                        [0m­ƒöì[0m
                      [36m</span>[31m
                    [36m</button>[31m
                    [36m<button[31m
                      [33maria-label[31m=[32m"Sort by time"[31m
                      [33mclass[31m=[32m"sortable-header"[31m
                      [33mtype[31m=[32m"button"[31m
                    [36m>[31m
                      [0mTime[0m
                    [36m</button>[31m
                  [36m</div>[31m
                [36m</th>[31m
                [36m<th[31m
                  [33mclass[31m=[32m"col-tracking"[31m
                [36m>[31m
                  [36m<button[31m
                    [33maria-label[31m=[32m"Sort by tracking"[31m
                    [33mclass[31m=[32m"sortable-header"[31m
                    [33mtype[31m=[32m"button"[31m
                  [36m>[31m
                    [0mTracking[0m
                  [36m</button>[31m
                [36m</th>[31m
                [36m<th[31m
                  [33mclass[31m=[32m"col-notes"[31m
                [36m>[31m
                  [36m<button[31m
                    [33maria-label[31m=[32m"Sort by notes"[31m
                    [33mclass[31m=[32m"sortable-header"[31m
                    [33mtype[31m=[32m"button"[31m
                  [36m>[31m
                    [0mNotes[0m
                  [36m</button>[31m
                [36m</th>[31m
                [36m<th[31m
                  [33mclass[31m=[32m"col-actions"[31m
                [36m>[31m
                  [0mActions[0m
                [36m</th>[31m
              [36m</tr>[31m
            [36m</thead>[31m
            [36m<tbody>[31m
              [36m<tr[31m
                [33mclass[31m=[32m"reminder-row"[31m
              [36m>[31m
                [36m<td[31m
                  [33mclass[31m=[32m"cell-time"[31m
                [36m>[31m
                  [0m8/12/2025 08:04 a.┬ám.[0m
                [36m</td>[31m
                [36m<td[31m
                  [33mclass[31m=[32m"cell-tracking"[31m
                [36m>[31m
                  [36m<span[31m
                    [33mclass[31m=[32m"tracking-text"[31m
                    [33mtitle[31m=[32m"­ƒÆ¬ Did I exercise?"[31m
                  [36m>[31m
                    [36m<span[31m
                      [33mclass[31m=[32m"tracking-icon"[31m
                    [36m>[31m
                      [0m­ƒÆ¬[0m
                    [36m</span>[31m
                    [0mDid I exercise?[0m
                  [36m</span>[31m
                [36m</td>[31m
                [36m<td[31m
                  [33mclass[31m=[32m"cell-notes"[31m
                [36m>[31m
                  [36m<textarea[31m
                    [33mclass[31m=[32m"notes-textarea"[31m
                    [33mplaceholder[31m=[32m"Add notes..."[31m
                    [33mrows[31m=[32m"2"[31m
                  [36m/>[31m
                [36m</td>[31m
                [36m<td[31m
                  [33mclass[31m=[32m"cell-actions"[31m
                [36m>[31m
                  [36m<div[31m
                    [33mclass[31m=[32m"actions-container"[31m
                  [36m>[31m
                    [36m<div[31m
                      [33mclass[31m=[32m"actions-buttons"[31m
                    [36m>[31m
                      [36m<button[31m
                        [33maria-label[31m=[32m"Complete reminder"[31m
                        [33mclass[31m=[32m"action-button action-complete"[31m
                        [33mtitle[31m=[32m"Complete reminder"[31m
                        [33mtype[31m=[32m"button"[31m
                      [36m>[31m
                        [0mÔ£ô[0m
                      [36m</button>[31m
                      [36m<button[31m
                        [33maria-label[31m=[32m"Dismiss reminder"[31m
                        [33mclass[31m=[32m"action-button action-dismiss"[31m
                        [33mtitle[31m=[32m"Dismiss reminder"[31m
                        [33mtype[31m=[32m"button"[31m
                      [36m>[31m
                        [0mÔ£ò[0m
                      [36m</button>[31m
                      [36m<button[31m
                        [33maria-label[31m=[32m"Snooze reminder"[31m
                        [33mclass[31m=[32m"action-button action-snooze"[31m
                        [33mtitle[31m=[32m"Snooze reminder (click to see options)"[31m
                        [33mtype[31m=[32m"button"[31m
                      [36m>[31m
                        [0m­ƒÆñ[0m
                      [36m</button>[31m
                    [36m</div>[31m
                  [36m</div>[31m
                [36m</td>[31m
              [36m</tr>[31m
            [36m</tbody>[31m
          [36m</table>[31m
        [36m</div>[31m
        [36m<div[31m
          [33mclass[31m=[32m"reminders-cards"[31m
        [36m>[31m
          [36m<div[31m
            [33mclass[31m=[32m"reminder-card"[31m
          [36m>[31m
            [36m<div[31m
              [33mclass[31m=[32m"reminder-card-header"[31m
            [36m>[31m
              [36m<div[31m
                [33mclass[31m=[32m"reminder-card-icon"[31m
              [36m>[31m
                [0m­ƒÆ¬[0m
              [36m</div>[31m
              [36m<div[31m
                [33mclass[31m=[32m"reminder-card-title"[31m
              [36m>[31m
                [36m<h3[31m
                  [33mclass[31m=[32m"reminder-card-question"[31m
                [36m>[31m
                  [0mDid I exercise?[0m
                [36m</h3>[31m
                [36m<div[31m
                  [33mclass[31m=[32m"reminder-card-time"[31m
                [36m>[31m
                  [0m8/12/2025 08:04 a.┬ám.[0m
                [36m</div>[31m
              [36m</div>[31m
            [36m</div>[31m
            [36m<div[31m
              [33mclass[31m=[32m"reminder-card-footer"[31m
            [36m>[31m
              [36m<div[31m
                [33mclass[31m=[32m"reminder-card-actions"[31m
              [36m>[31m
                [36m<button[31m
                  [33maria-label[31m=[32m"Complete reminder"[31m
                  [33mclass[31m=[32m"action-button action-complete"[31m
                  [33mtitle[31m=[32m"Complete"[31m
                  [33mtype[31m=[32m"button"[31m
                [36m>[31m
                  [0mÔ£ô[0m
                [36m</button>[31m
                [36m<button[31m
                  [33maria-label[31m=[32m"Snooze reminder"[31m
                  [33mclass[31m=[32m"action-button"[31m
                  [33mtitle[31m=[32m"Snooze"[31m
                  [33mtype[31m=[32m"button"[31m
                [36m>[31m
                  [0mÔÅ░[0m
                [36m</button>[31m
                [36m<button[31m
                  [33maria-label[31m=[32m"Dismiss reminder"[31m
                  [33mclass[31m=[32m"action-button action-dismiss"[31m
                  [33mtitle[31m=[32m"Dismiss"[31m
                  [33mtype[31m=[32m"button"[31m
                [36m>[31m
                  [0mÔ£ò[0m
                [36m</button>[31m
              [36m</div>[31m
            [36m</div>[31m
          [36m</div>[31m
        [36m</div>[31m
      [36m</div>[31m
    [36m</div>[31m
  [36m</div>[31m
[36m</body>[31m[39m
 [32mÔ£ô[39m frontend/src/components/__tests__/ReminderAnswerModal.test.tsx[2m > [22mReminderAnswerModal[2m > [22mshould handle save with notes[32m 293[2mms[22m[39m
 [32mÔ£ô[39m backend/src/services/__tests__/reminderService.test.ts[2m > [22mReminderService[2m > [22mdeleteReminder[2m > [22mshould throw error if reminder not found[32m 3[2mms[22m[39m
 [32mÔ£ô[39m backend/src/services/__tests__/reminderService.test.ts[2m > [22mReminderService[2m > [22mdeleteReminder[2m > [22mshould update existing upcoming reminder instead of deleting it[32m 6[2mms[22m[39m
 [32mÔ£ô[39m backend/src/services/__tests__/reminderService.test.ts[2m > [22mReminderService[2m > [22mcreateNextReminderForTracking[2m > [22mshould create next reminder for tracking[32m 4[2mms[22m[39m
 [32mÔ£ô[39m backend/src/services/__tests__/reminderService.test.ts[2m > [22mReminderService[2m > [22mcreateNextReminderForTracking[2m > [22mshould ensure unique future reminder by deleting old one and creating new one[32m 5[2mms[22m[39m
 [32mÔ£ô[39m backend/src/services/__tests__/reminderService.test.ts[2m > [22mReminderService[2m > [22mcreateNextReminderForTracking[2m > [22mshould not create reminder for non-Running tracking[32m 3[2mms[22m[39m
 [32mÔ£ô[39m backend/src/services/__tests__/reminderService.test.ts[2m > [22mReminderService[2m > [22mcreateNextReminderForTracking[2m > [22mshould return null if tracking not found[32m 3[2mms[22m[39m
 [32mÔ£ô[39m backend/src/services/__tests__/reminderService.test.ts[2m > [22mReminderService[2m > [22mcreateNextReminderForTracking[2m > [22mshould return null if no valid time found[32m 3[2mms[22m[39m
 [32mÔ£ô[39m backend/src/services/__tests__/reminderService.test.ts[2m > [22mReminderService[2m > [22mcreateNextReminderForTracking[2m > [22mshould exclude deleted time when creating next reminder[32m 5[2mms[22m[39m
 [32mÔ£ô[39m backend/src/services/__tests__/reminderService.test.ts[2m > [22mReminderService[2m > [22mcreateNextReminderForTracking[2m > [22mshould delete upcoming reminder and create new one when tracking's scheduled time arrives[32m 5[2mms[22m[39m
 [32mÔ£ô[39m backend/src/services/__tests__/reminderService.test.ts[2m > [22mReminderService[2m > [22mcreateNextReminderForTracking[2m > [22mshould delete existing future Upcoming reminder and create new unique one[32m 4[2mms[22m[39m
 [32mÔ£ô[39m backend/src/services/__tests__/reminderService.test.ts[2m > [22mReminderService[2m > [22mcalculateNextReminderTime[2m > [22mshould calculate next reminder time for interval pattern[32m 4[2mms[22m[39m
 [32mÔ£ô[39m backend/src/services/__tests__/reminderService.test.ts[2m > [22mReminderService[2m > [22mcalculateNextReminderTime[2m > [22mshould return null if tracking has no schedules[32m 3[2mms[22m[39m
 [32mÔ£ô[39m backend/src/services/__tests__/reminderService.test.ts[2m > [22mReminderService[2m > [22mcalculateNextReminderTime[2m > [22mshould return null if tracking has no days pattern[32m 3[2mms[22m[39m
 [32mÔ£ô[39m backend/src/services/__tests__/reminderService.test.ts[2m > [22mReminderService[2m > [22mcalculateNextReminderTime[2m > [22mshould exclude specified time when calculating next reminder[32m 4[2mms[22m[39m
 [32mÔ£ô[39m backend/src/services/__tests__/reminderService.test.ts[2m > [22mReminderService[2m > [22mcalculateNextReminderTime[2m > [22mshould calculate next reminder time for DAY_OF_WEEK pattern[32m 4[2mms[22m[39m
 [32mÔ£ô[39m backend/src/services/__tests__/reminderService.test.ts[2m > [22mReminderService[2m > [22mcalculateNextReminderTime[2m > [22mshould calculate next reminder time for DAY_OF_MONTH pattern with day_number[32m 4[2mms[22m[39m
 [32mÔ£ô[39m backend/src/services/__tests__/reminderService.test.ts[2m > [22mReminderService[2m > [22mcalculateNextReminderTime[2m > [22mshould calculate next reminder time for DAY_OF_MONTH pattern with last_day[32m 3[2mms[22m[39m
 [32mÔ£ô[39m backend/src/services/__tests__/reminderService.test.ts[2m > [22mReminderService[2m > [22mcalculateNextReminderTime[2m > [22mshould calculate next reminder time for DAY_OF_YEAR pattern[32m 4[2mms[22m[39m
 [32mÔ£ô[39m backend/src/services/__tests__/reminderService.test.ts[2m > [22mReminderService[2m > [22mcalculateNextReminderTime[2m > [22mshould handle interval patterns with different units[32m 4[2mms[22m[39m
 [32mÔ£ô[39m backend/src/services/__tests__/reminderService.test.ts[2m > [22mReminderService[2m > [22mcalculateNextReminderTime[2m > [22mshould return null for invalid interval unit[32m 4[2mms[22m[39m
[90mstderr[2m | backend/src
/routes/__tests__/users.test.
ts[2m > [22m[2mUsers 
Routes[2m > [22m[2mGET 
/api/users[2m > 
[22m[2mshould handle 
errors when fetching users 
fails
[22m[39m[2025-12-08T12:04:1
1.710Z] USER_ROUTE | Error 
fetching users: Error: 
Database error
    at D:/Code/habitus/backen
d/src/routes/__tests__/users.
test.ts:157:48
    at [90mfile:///D:/Code/h
abitus/[39mnode_modules/[4m
@vitest/runner[24m/dist/inde
x.js:145:11
    at [90mfile:///D:/Code/h
abitus/[39mnode_modules/[4m
@vitest/runner[24m/dist/inde
x.js:919:26
    at [90mfile:///D:/Code/h
abitus/[39mnode_modules/[4m
@vitest/runner[24m/dist/inde
x.js:1244:20
    at new Promise 
(<anonymous>)
    at runWithTimeout [90m(f
ile:///D:/Code/habitus/[39mn
ode_modules/[4m@vitest/runne
r[24m/dist/index.js:1210:10
[90m)[39m
    at [90mfile:///D:/Code/h
abitus/[39mnode_modules/[4m
@vitest/runner[24m/dist/inde
x.js:1654:37
    at Traces.$ [90m(file://
/D:/Code/habitus/[39mnode_mo
dules/[4mvitest[24m/dist/ch
unks/traces.U4xDYhzZ.js:115:2
7[90m)[39m
    at trace [90m(file:///D:
/Code/habitus/[39mnode_modul
es/[4mvitest[24m/dist/chunk
s/test.DqQZzsWf.js:234:21[90
m)[39m
    at runTest [90m(file:///
D:/Code/habitus/[39mnode_mod
ules/[4m@vitest/runner[24m/
dist/index.js:1654:12[90m)[
39m

 [32mÔ£ô[39m backend/src/routes/__tests__/users.test.ts[2m > [22mUsers Routes[2m > [22mGET /api/users[2m > [22mshould return empty array when no users exist[32m 49[2mms[22m[39m
 [32mÔ£ô[39m backend/src/routes/__tests__/users.test.ts[2m > [22mUsers Routes[2m > [22mGET /api/users[2m > [22mshould return all users[32m 27[2mms[22m[39m
 [32mÔ£ô[39m frontend/src/__tests__/AuthenticatedRouting.test.tsx[2m > [22mAuthenticated Routing[2m > [22mNavigation Between Routes[2m > [22mshould navigate from dashboard to reminders when authenticated[32m 182[2mms[22m[39m
[90mstderr[2m | backend/src
/routes/__tests__/users.test.
ts[2m > [22m[2mUsers 
Routes[2m > [22m[2mGET 
/api/users/:id[2m > 
[22m[2mshould handle 
errors when fetching user 
fails
[22m[39m[2025-12-08T12:04:1
1.761Z] USER_ROUTE | Error 
fetching user: Error: 
Database error
    at D:/Code/habitus/backen
d/src/routes/__tests__/users.
test.ts:202:48
    at [90mfile:///D:/Code/h
abitus/[39mnode_modules/[4m
@vitest/runner[24m/dist/inde
x.js:145:11
    at [90mfile:///D:/Code/h
abitus/[39mnode_modules/[4m
@vitest/runner[24m/dist/inde
x.js:919:26
    at [90mfile:///D:/Code/h
abitus/[39mnode_modules/[4m
@vitest/runner[24m/dist/inde
x.js:1244:20
    at new Promise 
(<anonymous>)
    at runWithTimeout [90m(f
ile:///D:/Code/habitus/[39mn
ode_modules/[4m@vitest/runne
r[24m/dist/index.js:1210:10
[90m)[39m
    at [90mfile:///D:/Code/h
abitus/[39mnode_modules/[4m
@vitest/runner[24m/dist/inde
x.js:1654:37
    at Traces.$ [90m(file://
/D:/Code/habitus/[39mnode_mo
dules/[4mvitest[24m/dist/ch
unks/traces.U4xDYhzZ.js:115:2
7[90m)[39m
    at trace [90m(file:///D:
/Code/habitus/[39mnode_modul
es/[4mvitest[24m/dist/chunk
s/test.DqQZzsWf.js:234:21[90
m)[39m
    at runTest [90m(file:///
D:/Code/habitus/[39mnode_mod
ules/[4m@vitest/runner[24m/
dist/index.js:1654:12[90m)[
39m

 [32mÔ£ô[39m frontend/src/components/__tests__/TrackingsList.test.tsx[2m > [22mTrackingsList[2m > [22mFiltering and Sorting Combined[2m > [22mshould apply filters and then sort[33m 365[2mms[22m[39m
 [31m├ù[39m frontend/src/components/__tests__/TrackingsList.test.tsx[2m > [22mTrackingsList[2m > [22mNext Reminder value updates[2m > [22mReminder actions that update Next Reminder[2m > [22mshould update Next Reminder when a reminder is answered (status changes to ANSWERED)[32m 25[2mms[22m[39m
[31m   ÔåÆ Found multiple elements with the text: Did I exercise?

Here are the matching elements:

Ignored nodes: comments, script, style
[36m<button[31m
  [33maria-label[31m=[32m"Edit tracking: Did I exercise?"[31m
  [33mclass[31m=[32m"tracking-name-link"[31m
  [33mtitle[31m=[32m"Did I exercise?. Click to edit"[31m
  [33mtype[31m=[32m"button"[31m
[36m>[31m
  [0mDid I exercise?[0m
[36m</button>[31m

Ignored nodes: comments, script, style
[36m<h3[31m
  [33mclass[31m=[32m"tracking-card-question"[31m
[36m>[31m
  [0mDid I exercise?[0m
[36m</h3>[31m

(If this is intentional, then use the `*AllBy*` variant of the query (like `queryAllByText`, `getAllByText`, or `findAllByText`)).

Ignored nodes: comments, script, style
[36m<body>[31m
  [36m<div>[31m
    [36m<div[31m
      [33mclass[31m=[32m"trackings-list"[31m
    [36m>[31m
      [36m<div[31m
        [33mclass[31m=[32m"trackings-list-content"[31m
      [36m>[31m
        [36m<table[31m
          [33mclass[31m=[32m"trackings-table"[31m
        [36m>[31m
          [36m<thead>[31m
            [36m<tr>[31m
              [36m<th[31m
                [33mclass[31m=[32m"col-tracking"[31m
              [36m>[31m
                [36m<div[31m
                  [33mclass[31m=[32m"header-with-filter"[31m
                [36m>[31m
                  [36m<button[31m
                    [33maria-expanded[31m=[32m"false"[31m
                    [33maria-label[31m=[32m"Show filters"[31m
                    [33mclass[31m=[32m"filter-toggle-button"[31m
                    [33mtitle[31m=[32m"Show filters"[31m
                    [33mtype[31m=[32m"button"[31m
                  [36m>[31m
                    [36m<span[31m
                      [33mclass[31m=[32m"filter-toggle-icon"[31m
                    [36m>[31m
                      [0m­ƒöì[0m
                    [36m</span>[31m
                  [36m</button>[31m
                  [36m<button[31m
                    [33maria-label[31m=[32m"Sort by tracking"[31m
                    [33mclass[31m=[32m"sortable-header"[31m
                    [33mtype[31m=[32m"button"[31m
                  [36m>[31m
                    [0mTracking[0m
                  [36m</button>[31m
                [36m</div>[31m
              [36m</th>[31m
              [36m<th[31m
                [33mclass[31m=[32m"col-notes"[31m
              [36m>[31m
                [0mNotes[0m
              [36m</th>[31m
              [36m<th[31m
                [33mclass[31m=[32m"col-times"[31m
              [36m>[31m
                [36m<button[31m
                  [33maria-label[31m=[32m"Sort by times"[31m
                  [33mclass[31m=[32m"sortable-header"[31m
                  [33mtype[31m=[32m"button"[31m
                [36m>[31m
                  [0mTimes[0m
                [36m</button>[31m
              [36m</th>[31m
              [36m<th[31m
                [33mclass[31m=[32m"col-frequency"[31m
              [36m>[31m
                [36m<button[31m
                  [33maria-label[31m=[32m"Sort by frequency"[31m
                  [33mclass[31m=[32m"sortable-header"[31m
                  [33mtype[31m=[32m"button"[31m
                [36m>[31m
                  [0mFrequency[0m
                [36m</button>[31m
              [36m</th>[31m
              [36m<th[31m
                [33mclass[31m=[32m"col-next-reminder"[31m
              [36m>[31m
                [36m<button[31m
                  [33maria-label[31m=[32m"Sort by next reminder"[31m
                  [33mclass[31m=[32m"sortable-header"[31m
                  [33mtype[31m=[32m"button"[31m
                [36m>[31m
                  [0mNext reminder[0m
                [36m</button>[31m
              [36m</th>[31m
              [36m<th[31m
                [33mclass[31m=[32m"col-status"[31m
              [36m>[31m
                [36m<button[31m
                  [33maria-label[31m=[32m"Sort by status"[31m
                  [33mclass[31m=[32m"sortable-header"[31m
                  [33mtype[31m=[32m"button"[31m
                [36m>[31m
                  [0mStatus[0m
                [36m</button>[31m
              [36m</th>[31m
              [36m<th[31m
                [33mclass[31m=[32m"col-actions"[31m
              [36m>[31m
                [0mActions[0m
              [36m</th>[31m
            [36m</tr>[31m
          [36m</thead>[31m
          [36m<tbody>[31m
            [36m<tr[31m
              [33mclass[31m=[32m"tracking-row"[31m
            [36m>[31m
              [36m<td[31m
                [33mclass[31m=[32m"cell-tracking"[31m
              [36m>[31m
                [36m<button[31m
                  [33maria-label[31m=[32m"Edit tracking: Did I exercise?"[31m
                  [33mclass[31m=[32m"tracking-name-link"[31m
                  [33mtitle[31m=[32m"Did I exercise?. Click to edit"[31m
                  [33mtype[31m=[32m"button"[31m
                [36m>[31m
                  [0mDid I exercise?[0m
                [36m</button>[31m
              [36m</td>[31m
              [36m<td[31m
                [33mclass[31m=[32m"cell-notes"[31m
              [36m>[31m
                [36m<span[31m
                  [33mclass[31m=[32m"notes-empty"[31m
                [36m>[31m
                  [0mÔÇö[0m
                [36m</span>[31m
              [36m</td>[31m
              [36m<td[31m
                [33mclass[31m=[32m"cell-times"[31m
                [33mtitle[31m=[32m"No times"[31m
              [36m/>[31m
              [36m<td[31m
                [33mclass[31m=[32m"cell-frequency"[31m
                [33mtitle[31m=[32m"No upcoming reminder"[31m
              [36m>[31m
                [0mDaily[0m
              [36m</td>[31m
              [36m<td[31m
                [33mclass[31m=[32m"cell-next-reminder"[31m
              [36m>[31m
                [0mÔÇö[0m
              [36m</td>[31m
              [36m<td[31m
                [33mclass[31m=[32m"cell-status"[31m
              [36m>[31m
                [36m<span[31m
                  [33mclass[31m=[32m"status-badge state-badge-running"[31m
                [36m>[31m
                  [0mRunning[0m
                [36m</span>[31m
              [36m</td>[31m
              [36m<td[31m
                [33mclass[31m=[32m"cell-actions"[31m
              [36m>[31m
                [36m<div[31m
                  [33mclass[31m=[32m"actions-container"[31m
                [36m>[31m
                  [36m<div[31m
                    [33mclass[31m=[32m"actions-buttons"[31m
                  [36m>[31m
                    [36m<button[31m
                      [33maria-label[31m=[32m"Pause"[31m
                      [33mclass[31m=[32m"action-button"[31m
                      [33mtitle[31m=[32m"Pause: Stops generating new reminders. Existing reminders remain active."[31m
                      [33mtype[31m=[32m"button"[31m
                    [36m>[31m
                      [0mÔÅ©´©Å[0m
                    [36m</button>[31m
                    [36m<button[31m
                      [33maria-label[31m=[32m"Archive"[31m
                      [33mclass[31m=[32m"action-button"[31m
                      [33mtitle[31m=[32m"Archive: Moves tracking to archived state and stops all reminder generation. All pending and upcoming reminders will be deleted."[31m
                      [33mtype[31m=[32m"button"[31m
                    [36m>[31m
                      [0m­ƒôª[0m
                    [36m</button>[31m
                    [36m<button[31m
                      [33maria-label[31m=[32m"Delete"[31m
                      [33mclass[31m=[32m"action-button"[31m
                      [33mtitle[31m=[32m"Delete: Permanently removes this tracking and all its reminders. This action cannot be undone."[31m
                      [33mtype[31m=[32m"button"[31m
                    [36m>[31m
                      [0m­ƒùæ´©Å[0m
                    [36m</button>[31m
                  [36m</div>[31m
                [36m</div>[31m
              [36m</td>[31m
            [36m</tr>[31m
          [36m</tbody>[31m
        [36m</table>[31m
        [36m<div[31m
          [33mclass[31m=[32m"trackings-cards"[31m
        [36m>[31m
          [36m<div[31m
            [33mclass[31m=[32m"tracking-card"[31m
          [36m>[31m
            [36m<div[31m
              [33mclass[31m=[32m"tracking-card-header"[31m
            [36m>[31m
              [36m<div[31m
                [33mclass[31m=[32m"tracking-card-title"[31m
              [36m>[31m
                [36m<h3[31m
                  [33mclass[31m=[32m"tracking-card-question"[31m
                [36m>[31m
                  [0mDid I exercise?[0m
                [36m</h3>[31m
                [36m<div[31m
                  [33mclass[31m=[32m"tracking-card-times"[31m
                [36m/>[31m
              [36m</div>[31m
            [36m</div>[31m
            [36m<div[31m
              [33mclass[31m=[32m"tracking-card-body"[31m
            [36m>[31m
              [36m<div[31m
                [33mclass[31m=[32m"tracking-card-row"[31m
              [36m>[31m
                [36m<span[31m
                  [33mclass[31m=[32m"tracking-card-label"[31m
                [36m>[31m
                  [0mFrequency[0m
                [36m</span>[31m
                [36m<span[31m
                  [33mclass[31m=[32m"tracking-card-value"[31m
                [36m>[31m
                  [0mDaily[0m
                [36m</span>[31m
              [36m</div>[31m
            [36m</div>[31m
            [36m<div[31m
              [33mclass[31m=[32m"tracking-card-footer"[31m
            [36m>[31m
              [36m<div[31m
                [33mclass[31m=[32m"tracking-card-status"[31m
              [36m>[31m
                [36m<span[31m
                  [33mclass[31m=[32m"status-badge state-badge-running"[31m
                [36m>[31m
                  [0mRunning[0m
                [36m</span>[31m
              [36m</div>[31m
              [36m<div[31m
                [33mclass[31m=[32m"tracking-card-actions"[31m
              [36m>[31m
                [36m<button[31m
                  [33maria-label[31m=[32m"Edit tracking"[31m
                  [33mclass[31m=[32m"action-button"[31m
                  [33mtitle[31m=[32m"Edit tracking"[31m
                  [33mtype[31m=[32m"button"[31m
                [36m>[31m
                  [0mÔ£Å´©Å[0m
                [36m</button>[31m
              [36m</div>[31m
            [36m</div>[31m
          [36m</div>[31m
        [36m</div>[31m
      [36m</div>[31m
    [36m</div>[31m
  [36m</div>[31m
[36m</body>[31m[39m
 [32mÔ£ô[39m frontend/src/components/__tests__/TrackingsList.test.tsx[2m > [22mTrackingsList[2m > [22mNext Reminder value updates[2m > [22mReminder actions that update Next Reminder[2m > [22mshould update Next Reminder when a reminder is snoozed (creates/updates UPCOMING reminder)[32m 23[2mms[22m[39m
 [32mÔ£ô[39m frontend/src/components/__tests__/TrackingsList.test.tsx[2m > [22mTrackingsList[2m > [22mNext Reminder value updates[2m > [22mReminder actions that update Next Reminder[2m > [22mshould update Next Reminder when a reminder is deleted (creates next reminder)[32m 30[2mms[22m[39m
 [32mÔ£ô[39m backend/src/models/__tests__/User.test.ts[2m > [22mUser Model[2m > [22mconstructor[2m > [22mshould create User instance with provided data[32m 7[2mms[22m[39m
 [32mÔ£ô[39m backend/src/models/__tests__/User.test.ts[2m > [22mUser Model[2m > [22mconstructor[2m > [22mshould create User instance with minimal data[32m 4[2mms[22m[39m
 [32mÔ£ô[39m backend/src/models/__tests__/User.test.ts[2m > [22mUser Model[2m > [22mvalidate[2m > [22mshould validate and normalize user fields[32m 3[2mms[22m[39m
 [32mÔ£ô[39m backend/src/models/__tests__/User.test.ts[2m > [22mUser Model[2m > [22mvalidate[2m > [22mshould throw error for invalid name[32m 2[2mms[22m[39m
 [32mÔ£ô[39m backend/src/models/__tests__/User.test.ts[2m > [22mUser Model[2m > [22mvalidate[2m > [22mshould throw error for invalid email[32m 2[2mms[22m[39m
 [32mÔ£ô[39m backend/src/models/__tests__/User.test.ts[2m > [22mUser Model[2m > [22msave[2m > [22mshould create new user when id is not set[32m 3[2mms[22m[39m
 [32mÔ£ô[39m backend/src/models/__tests__/User.test.ts[2m > [22mUser Model[2m > [22msave[2m > [22mshould update existing user when id is set[32m 2[2mms[22m[39m
 [32mÔ£ô[39m backend/src/models/__tests__/User.test.ts[2m > [22mUser Model[2m > [22msave[2m > [22mshould throw error if creation fails[32m 4[2mms[22m[39m
 [32mÔ£ô[39m backend/src/models/__tests__/User.test.ts[2m > [22mUser Model[2m > [22mupdate[2m > [22mshould update user fields[32m 9[2mms[22m[39m
 [32mÔ£ô[39m backend/src/models/__tests__/User.test.ts[2m > [22mUser Model[2m > [22mupdate[2m > [22mshould throw error if user has no id[32m 4[2mms[22m[39m
 [32mÔ£ô[39m backend/src/models/__tests__/User.test.ts[2m > [22mUser Model[2m > [22mdelete[2m > [22mshould delete user from database[32m 2[2mms[22m[39m
 [32mÔ£ô[39m backend/src/models/__tests__/User.test.ts[2m > [22mUser Model[2m > [22mdelete[2m > [22mshould throw error if user has no id[32m 1[2mms[22m[39m
 [32mÔ£ô[39m backend/src/models/__tests__/User.test.ts[2m > [22mUser Model[2m > [22mdelete[2m > [22mshould throw error if user not found[32m 2[2mms[22m[39m
 [32mÔ£ô[39m backend/src/models/__tests__/User.test.ts[2m > [22mUser Model[2m > [22mtoData[2m > [22mshould convert user instance to UserData[32m 2[2mms[22m[39m
 [32mÔ£ô[39m backend/src/models/__tests__/User.test.ts[2m > [22mUser Model[2m > [22mloadById[2m > [22mshould load user by id[32m 2[2mms[22m[39m
 [32mÔ£ô[39m backend/src/models/__tests__/User.test.ts[2m > [22mUser Model[2m > [22mloadById[2m > [22mshould return null for non-existent user[32m 2[2mms[22m[39m
 [32mÔ£ô[39m backend/src/models/__tests__/User.test.ts[2m > [22mUser Model[2m > [22mloadByEmail[2m > [22mshould load user by email[32m 2[2mms[22m[39m
 [32mÔ£ô[39m backend/src/models/__tests__/User.test.ts[2m > [22mUser Model[2m > [22mloadByEmail[2m > [22mshould normalize email when loading[32m 3[2mms[22m[39m
 [32mÔ£ô[39m backend/src/models/__tests__/User.test.ts[2m > [22mUser Model[2m > [22mloadByEmail[2m > [22mshould return null for non-existent email[32m 2[2mms[22m[39m
 [32mÔ£ô[39m backend/src/models/__tests__/User.test.ts[2m > [22mUser Model[2m > [22mvalidateName[2m > [22mshould accept valid names[32m 2[2mms[22m[39m
 [32mÔ£ô[39m backend/src/models/__tests__/User.test.ts[2m > [22mUser Model[2m > [22mvalidateName[2m > [22mshould trim whitespace[32m 1[2mms[22m[39m
 [32mÔ£ô[39m backend/src/models/__tests__/User.test.ts[2m > [22mUser Model[2m > [22mvalidateName[2m > [22mshould throw TypeError for invalid name format[32m 2[2mms[22m[39m
 [32mÔ£ô[39m backend/src/models/__tests__/User.test.ts[2m > [22mUser Model[2m > [22mvalidateName[2m > [22mshould throw TypeError for non-string name[32m 2[2mms[22m[39m
 [32mÔ£ô[39m backend/src/models/__tests__/User.test.ts[2m > [22mUser Model[2m > [22mvalidateName[2m > [22mshould throw TypeError for name exceeding max length[32m 2[2mms[22m[39m
 [32mÔ£ô[39m backend/src/models/__tests__/User.test.ts[2m > [22mUser Model[2m > [22mvalidateName[2m > [22mshould accept name with exactly MAX_NAME_LENGTH characters[32m 1[2mms[22m[39m
 [32mÔ£ô[39m backend/src/models/__tests__/User.test.ts[2m > [22mUser Model[2m > [22mvalidateEmail[2m > [22mshould accept valid email addresses[32m 1[2mms[22m[39m
 [32mÔ£ô[39m backend/src/models/__tests__/User.test.ts[2m > [22mUser Model[2m > [22mvalidateEmail[2m > [22mshould normalize email to lowercase[32m 1[2mms[22m[39m
 [32mÔ£ô[39m backend/src/models/__tests__/User.test.ts[2m > [22mUser Model[2m > [22mvalidateEmail[2m > [22mshould trim whitespace[32m 1[2mms[22m[39m
 [32mÔ£ô[39m backend/src/models/__tests__/User.test.ts[2m > [22mUser Model[2m > [22mvalidateEmail[2m > [22mshould throw TypeError for invalid email format[32m 2[2mms[22m[39m
 [32mÔ£ô[39m backend/src/models/__tests__/User.test.ts[2m > [22mUser Model[2m > [22mvalidateEmail[2m > [22mshould throw TypeError for empty email[32m 1[2mms[22m[39m
 [32mÔ£ô[39m backend/src/models/__tests__/User.test.ts[2m > [22mUser Model[2m > [22mvalidateEmail[2m > [22mshould throw TypeError for non-string email[32m 2[2mms[22m[39m
 [32mÔ£ô[39m backend/src/models/__tests__/User.test.ts[2m > [22mUser Model[2m > [22mvalidateEmail[2m > [22mshould throw TypeError for email exceeding max length[32m 5[2mms[22m[39m
 [32mÔ£ô[39m backend/src/routes/__tests__/users.test.ts[2m > [22mUsers Routes[2m > [22mGET /api/users[2m > [22mshould handle errors when fetching users fails[32m 26[2mms[22m[39m
 [32mÔ£ô[39m backend/src/routes/__tests__/users.test.ts[2m > [22mUsers Routes[2m > [22mGET /api/users/:id[2m > [22mshould return 400 for invalid user ID[32m 9[2mms[22m[39m
 [32mÔ£ô[39m backend/src/routes/__tests__/users.test.ts[2m > [22mUsers Routes[2m > [22mGET /api/users/:id[2m > [22mshould return 404 for non-existent user[32m 10[2mms[22m[39m
 [32mÔ£ô[39m backend/src/routes/__tests__/users.test.ts[2m > [22mUsers Routes[2m > [22mGET /api/users/:id[2m > [22mshould return user for existing id[32m 8[2mms[22m[39m
 [32mÔ£ô[39m backend/src/routes/__tests__/users.test.ts[2m > [22mUsers Routes[2m > [22mGET /api/users/:id[2m > [22mshould handle errors when fetching user fails[32m 10[2mms[22m[39m
 [32mÔ£ô[39m backend/src/routes/__tests__/users.test.ts[2m > [22mUsers Routes[2m > [22mPUT /api/users/profile[2m > [22mshould update user profile successfully[32m 45[2mms[22m[39m
 [32mÔ£ô[39m frontend/src/__tests__/AuthenticatedRouting.test.tsx[2m > [22mAuthenticated Routing[2m > [22mNavigation Between Routes[2m > [22mshould navigate from reminders to trackings when authenticated[32m 145[2mms[22m[39m
 [32mÔ£ô[39m frontend/src/__tests__/AuthenticatedRouting.test.tsx[2m > [22mAuthenticated Routing[2m > [22mCatch-all Route[2m > [22mshould redirect unknown routes to / when authenticated[32m 38[2mms[22m[39m
[90mstderr[2m | backend/src
/routes/__tests__/users.test.
ts[2m > [22m[2mUsers 
Routes[2m > [22m[2mPUT 
/api/users/profile[2m > 
[22m[2mshould handle 
errors when update fails
[22m[39m[2025-12-08T12:04:1
1.849Z] USER_ROUTE | Error 
updating profile: Error: 
Database error
    at D:/Code/habitus/backen
d/src/routes/__tests__/users.
test.ts:264:50
    at [90mfile:///D:/Code/h
abitus/[39mnode_modules/[4m
@vitest/runner[24m/dist/inde
x.js:145:11
    at [90mfile:///D:/Code/h
abitus/[39mnode_modules/[4m
@vitest/runner[24m/dist/inde
x.js:919:26
    at [90mfile:///D:/Code/h
abitus/[39mnode_modules/[4m
@vitest/runner[24m/dist/inde
x.js:1244:20
    at new Promise 
(<anonymous>)
    at runWithTimeout [90m(f
ile:///D:/Code/habitus/[39mn
ode_modules/[4m@vitest/runne
r[24m/dist/index.js:1210:10
[90m)[39m
    at [90mfile:///D:/Code/h
abitus/[39mnode_modules/[4m
@vitest/runner[24m/dist/inde
x.js:1654:37
    at Traces.$ [90m(file://
/D:/Code/habitus/[39mnode_mo
dules/[4mvitest[24m/dist/ch
unks/traces.U4xDYhzZ.js:115:2
7[90m)[39m
    at trace [90m(file:///D:
/Code/habitus/[39mnode_modul
es/[4mvitest[24m/dist/chunk
s/test.DqQZzsWf.js:234:21[90
m)[39m
    at runTest [90m(file:///
D:/Code/habitus/[39mnode_mod
ules/[4m@vitest/runner[24m/
dist/index.js:1654:12[90m)[
39m

 [32mÔ£ô[39m frontend/src/components/__tests__/TrackingsList.test.tsx[2m > [22mTrackingsList[2m > [22mNext Reminder value updates[2m > [22mTracking creation/editing that updates Next Reminder[2m > [22mshould refresh reminders when a new tracking is created[32m 23[2mms[22m[39m
 [32mÔ£ô[39m frontend/src/components/__tests__/TrackingsList.test.tsx[2m > [22mTrackingsList[2m > [22mNext Reminder value updates[2m > [22mTracking creation/editing that updates Next Reminder[2m > [22mshould refresh reminders when tracking schedules are edited[32m 17[2mms[22m[39m
 [32mÔ£ô[39m frontend/src/components/__tests__/TrackingsList.test.tsx[2m > [22mTrackingsList[2m > [22mNext Reminder value updates[2m > [22mTracking creation/editing that updates Next Reminder[2m > [22mshould refresh reminders when tracking days pattern is edited[32m 20[2mms[22m[39m
 [32mÔ£ô[39m frontend/src/components/__tests__/TrackingsList.test.tsx[2m > [22mTrackingsList[2m > [22mNext Reminder value updates[2m > [22mTracking creation/editing that updates Next Reminder[2m > [22mshould update Next Reminder display when reminders are refreshed after tracking edit[32m 33[2mms[22m[39m
[90mstderr[2m | backend/src
/routes/__tests__/users.test.
ts[2m > [22m[2mUsers 
Routes[2m > [22m[2mDELETE 
/api/users/profile[2m > 
[22m[2mshould handle 
errors when deletion fails
[22m[39m[2025-12-08T12:04:1
1.887Z] USER_ROUTE | Error 
deleting user: Error: 
Database error
    at D:/Code/habitus/backen
d/src/routes/__tests__/users.
test.ts:327:47
    at [90mfile:///D:/Code/h
abitus/[39mnode_modules/[4m
@vitest/runner[24m/dist/inde
x.js:145:11
    at [90mfile:///D:/Code/h
abitus/[39mnode_modules/[4m
@vitest/runner[24m/dist/inde
x.js:919:26
    at [90mfile:///D:/Code/h
abitus/[39mnode_modules/[4m
@vitest/runner[24m/dist/inde
x.js:1244:20
    at new Promise 
(<anonymous>)
    at runWithTimeout [90m(f
ile:///D:/Code/habitus/[39mn
ode_modules/[4m@vitest/runne
r[24m/dist/index.js:1210:10
[90m)[39m
    at [90mfile:///D:/Code/h
abitus/[39mnode_modules/[4m
@vitest/runner[24m/dist/inde
x.js:1654:37
    at Traces.$ [90m(file://
/D:/Code/habitus/[39mnode_mo
dules/[4mvitest[24m/dist/ch
unks/traces.U4xDYhzZ.js:115:2
7[90m)[39m
    at trace [90m(file:///D:
/Code/habitus/[39mnode_modul
es/[4mvitest[24m/dist/chunk
s/test.DqQZzsWf.js:234:21[90
m)[39m
    at runTest [90m(file:///
D:/Code/habitus/[39mnode_mod
ules/[4m@vitest/runner[24m/
dist/index.js:1654:12[90m)[
39m

 [32mÔ£ô[39m frontend/src/hooks/__tests__/useReminders.test.ts[2m > [22museReminders[2m > [22mreminder polling[2m > [22mshould not poll when page is hidden[33m 1285[2mms[22m[39m
 [32mÔ£ô[39m backend/src/__tests__/server.test.ts[2m > [22mServer Configuration - Integration Tests[2m > [22mServer.ts Complete Integration - Real Execution Tests[2m > [22mshould execute verbose logging in development mode[33m 486[2mms[22m[39m
 [32mÔ£ô[39m backend/src/routes/__tests__/users.test.ts[2m > [22mUsers Routes[2m > [22mPUT /api/users/profile[2m > [22mshould return 400 for validation errors[32m 30[2mms[22m[39m
 [32mÔ£ô[39m backend/src/routes/__tests__/users.test.ts[2m > [22mUsers Routes[2m > [22mPUT /api/users/profile[2m > [22mshould handle errors when update fails[32m 12[2mms[22m[39m
 [32mÔ£ô[39m backend/src/routes/__tests__/users.test.ts[2m > [22mUsers Routes[2m > [22mDELETE /api/users/profile[2m > [22mshould delete user account successfully[32m 10[2mms[22m[39m
 [32mÔ£ô[39m backend/src/routes/__tests__/users.test.ts[2m > [22mUsers Routes[2m > [22mDELETE /api/users/profile[2m > [22mshould return 404 if user not found[32m 19[2mms[22m[39m
 [32mÔ£ô[39m backend/src/routes/__tests__/users.test.ts[2m > [22mUsers Routes[2m > [22mDELETE /api/users/profile[2m > [22mshould handle errors when deletion fails[32m 9[2mms[22m[39m
 [32mÔ£ô[39m frontend/src/__tests__/AuthenticatedRouting.test.tsx[2m > [22mAuthenticated Routing[2m > [22mCatch-all Route[2m > [22mshould redirect unknown routes to /login when unauthenticated[32m 33[2mms[22m[39m
 [32mÔ£ô[39m frontend/src/components/__tests__/TrackingsList.test.tsx[2m > [22mTrackingsList[2m > [22mNext Reminder value updates[2m > [22mTracking state changes that update Next Reminder[2m > [22mshould refresh reminders when tracking state changes to Running[32m 41[2mms[22m[39m
 [32mÔ£ô[39m frontend/src/components/__tests__/TrackingsList.test.tsx[2m > [22mTrackingsList[2m > [22mNext Reminder value updates[2m > [22mTracking state changes that update Next Reminder[2m > [22mshould refresh reminders when tracking state changes to Paused[32m 31[2mms[22m[39m
 [31m├ù[39m frontend/src/components/__tests__/TrackingsList.test.tsx[2m > [22mTrackingsList[2m > [22mNext Reminder value updates[2m > [22mTracking state changes that update Next Reminder[2m > [22mshould show no Next Reminder when tracking is Paused (no new reminders generated)[32m 23[2mms[22m[39m
[31m   ÔåÆ Found multiple elements with the text: Did I exercise?

Here are the matching elements:

Ignored nodes: comments, script, style
[36m<button[31m
  [33maria-label[31m=[32m"Edit tracking: Did I exercise?"[31m
  [33mclass[31m=[32m"tracking-name-link"[31m
  [33mtitle[31m=[32m"Did I exercise?. Click to edit"[31m
  [33mtype[31m=[32m"button"[31m
[36m>[31m
  [0mDid I exercise?[0m
[36m</button>[31m

Ignored nodes: comments, script, style
[36m<h3[31m
  [33mclass[31m=[32m"tracking-card-question"[31m
[36m>[31m
  [0mDid I exercise?[0m
[36m</h3>[31m

(If this is intentional, then use the `*AllBy*` variant of the query (like `queryAllByText`, `getAllByText`, or `findAllByText`)).

Ignored nodes: comments, script, style
[36m<body>[31m
  [36m<div>[31m
    [36m<div[31m
      [33mclass[31m=[32m"trackings-list"[31m
    [36m>[31m
      [36m<div[31m
        [33mclass[31m=[32m"trackings-list-content"[31m
      [36m>[31m
        [36m<table[31m
          [33mclass[31m=[32m"trackings-table"[31m
        [36m>[31m
          [36m<thead>[31m
            [36m<tr>[31m
              [36m<th[31m
                [33mclass[31m=[32m"col-tracking"[31m
              [36m>[31m
                [36m<div[31m
                  [33mclass[31m=[32m"header-with-filter"[31m
                [36m>[31m
                  [36m<button[31m
                    [33maria-expanded[31m=[32m"false"[31m
                    [33maria-label[31m=[32m"Show filters"[31m
                    [33mclass[31m=[32m"filter-toggle-button"[31m
                    [33mtitle[31m=[32m"Show filters"[31m
                    [33mtype[31m=[32m"button"[31m
                  [36m>[31m
                    [36m<span[31m
                      [33mclass[31m=[32m"filter-toggle-icon"[31m
                    [36m>[31m
                      [0m­ƒöì[0m
                    [36m</span>[31m
                  [36m</button>[31m
                  [36m<button[31m
                    [33maria-label[31m=[32m"Sort by tracking"[31m
                    [33mclass[31m=[32m"sortable-header"[31m
                    [33mtype[31m=[32m"button"[31m
                  [36m>[31m
                    [0mTracking[0m
                  [36m</button>[31m
                [36m</div>[31m
              [36m</th>[31m
              [36m<th[31m
                [33mclass[31m=[32m"col-notes"[31m
              [36m>[31m
                [0mNotes[0m
              [36m</th>[31m
              [36m<th[31m
                [33mclass[31m=[32m"col-times"[31m
              [36m>[31m
                [36m<button[31m
                  [33maria-label[31m=[32m"Sort by times"[31m
                  [33mclass[31m=[32m"sortable-header"[31m
                  [33mtype[31m=[32m"button"[31m
                [36m>[31m
                  [0mTimes[0m
                [36m</button>[31m
              [36m</th>[31m
              [36m<th[31m
                [33mclass[31m=[32m"col-frequency"[31m
              [36m>[31m
                [36m<button[31m
                  [33maria-label[31m=[32m"Sort by frequency"[31m
                  [33mclass[31m=[32m"sortable-header"[31m
                  [33mtype[31m=[32m"button"[31m
                [36m>[31m
                  [0mFrequency[0m
                [36m</button>[31m
              [36m</th>[31m
              [36m<th[31m
                [33mclass[31m=[32m"col-next-reminder"[31m
              [36m>[31m
                [36m<button[31m
                  [33maria-label[31m=[32m"Sort by next reminder"[31m
                  [33mclass[31m=[32m"sortable-header"[31m
                  [33mtype[31m=[32m"button"[31m
                [36m>[31m
                  [0mNext reminder[0m
                [36m</button>[31m
              [36m</th>[31m
              [36m<th[31m
                [33mclass[31m=[32m"col-status"[31m
              [36m>[31m
                [36m<button[31m
                  [33maria-label[31m=[32m"Sort by status"[31m
                  [33mclass[31m=[32m"sortable-header"[31m
                  [33mtype[31m=[32m"button"[31m
                [36m>[31m
                  [0mStatus[0m
                [36m</button>[31m
              [36m</th>[31m
              [36m<th[31m
                [33mclass[31m=[32m"col-actions"[31m
              [36m>[31m
                [0mActions[0m
              [36m</th>[31m
            [36m</tr>[31m
          [36m</thead>[31m
          [36m<tbody>[31m
            [36m<tr[31m
              [33mclass[31m=[32m"tracking-row"[31m
            [36m>[31m
              [36m<td[31m
                [33mclass[31m=[32m"cell-tracking"[31m
              [36m>[31m
                [36m<button[31m
                  [33maria-label[31m=[32m"Edit tracking: Did I exercise?"[31m
                  [33mclass[31m=[32m"tracking-name-link"[31m
                  [33mtitle[31m=[32m"Did I exercise?. Click to edit"[31m
                  [33mtype[31m=[32m"button"[31m
                [36m>[31m
                  [0mDid I exercise?[0m
                [36m</button>[31m
              [36m</td>[31m
              [36m<td[31m
                [33mclass[31m=[32m"cell-notes"[31m
              [36m>[31m
                [36m<span[31m
                  [33mclass[31m=[32m"notes-empty"[31m
                [36m>[31m
                  [0mÔÇö[0m
                [36m</span>[31m
              [36m</td>[31m
              [36m<td[31m
                [33mclass[31m=[32m"cell-times"[31m
                [33mtitle[31m=[32m"No times"[31m
              [36m/>[31m
              [36m<td[31m
                [33mclass[31m=[32m"cell-frequency"[31m
                [33mtitle[31m=[32m"No upcoming reminder"[31m
              [36m>[31m
                [0mDaily[0m
              [36m</td>[31m
              [36m<td[31m
                [33mclass[31m=[32m"cell-next-reminder"[31m
              [36m>[31m
                [0mÔÇö[0m
              [36m</td>[31m
              [36m<td[31m
                [33mclass[31m=[32m"cell-status"[31m
              [36m>[31m
                [36m<span[31m
                  [33mclass[31m=[32m"status-badge state-badge-paused"[31m
                [36m>[31m
                  [0mPaused[0m
                [36m</span>[31m
              [36m</td>[31m
              [36m<td[31m
                [33mclass[31m=[32m"cell-actions"[31m
              [36m>[31m
                [36m<div[31m
                  [33mclass[31m=[32m"actions-container"[31m
                [36m>[31m
                  [36m<div[31m
                    [33mclass[31m=[32m"actions-buttons"[31m
                  [36m>[31m
                    [36m<button[31m
                      [33maria-label[31m=[32m"Resume"[31m
                      [33mclass[31m=[32m"action-button"[31m
                      [33mtitle[31m=[32m"Resume: Restarts reminder generation according to the tracking schedule."[31m
                      [33mtype[31m=[32m"button"[31m
                    [36m>[31m
                      [0mÔûÂ´©Å[0m
                    [36m</button>[31m
                    [36m<button[31m
                      [33maria-label[31m=[32m"Archive"[31m
                      [33mclass[31m=[32m"action-button"[31m
                      [33mtitle[31m=[32m"Archive: Moves tracking to archived state and stops all reminder generation. All pending and upcoming reminders will be deleted."[31m
                      [33mtype[31m=[32m"button"[31m
                    [36m>[31m
                      [0m­ƒôª[0m
                    [36m</button>[31m
                    [36m<button[31m
                      [33maria-label[31m=[32m"Delete"[31m
                      [33mclass[31m=[32m"action-button"[31m
                      [33mtitle[31m=[32m"Delete: Permanently removes this tracking and all its reminders. This action cannot be undone."[31m
                      [33mtype[31m=[32m"button"[31m
                    [36m>[31m
                      [0m­ƒùæ´©Å[0m
                    [36m</button>[31m
                  [36m</div>[31m
                [36m</div>[31m
              [36m</td>[31m
            [36m</tr>[31m
          [36m</tbody>[31m
        [36m</table>[31m
        [36m<div[31m
          [33mclass[31m=[32m"trackings-cards"[31m
        [36m>[31m
          [36m<div[31m
            [33mclass[31m=[32m"tracking-card"[31m
          [36m>[31m
            [36m<div[31m
              [33mclass[31m=[32m"tracking-card-header"[31m
            [36m>[31m
              [36m<div[31m
                [33mclass[31m=[32m"tracking-card-title"[31m
              [36m>[31m
                [36m<h3[31m
                  [33mclass[31m=[32m"tracking-card-question"[31m
                [36m>[31m
                  [0mDid I exercise?[0m
                [36m</h3>[31m
                [36m<div[31m
                  [33mclass[31m=[32m"tracking-card-times"[31m
                [36m/>[31m
              [36m</div>[31m
            [36m</div>[31m
            [36m<div[31m
              [33mclass[31m=[32m"tracking-card-body"[31m
            [36m>[31m
              [36m<div[31m
                [33mclass[31m=[32m"tracking-card-row"[31m
              [36m>[31m
                [36m<span[31m
                  [33mclass[31m=[32m"tracking-card-label"[31m
                [36m>[31m
                  [0mFrequency[0m
                [36m</span>[31m
                [36m<span[31m
                  [33mclass[31m=[32m"tracking-card-value"[31m
                [36m>[31m
                  [0mDaily[0m
                [36m</span>[31m
              [36m</div>[31m
            [36m</div>[31m
            [36m<div[31m
              [33mclass[31m=[32m"tracking-card-footer"[31m
            [36m>[31m
              [36m<div[31m
                [33mclass[31m=[32m"tracking-card-status"[31m
              [36m>[31m
                [36m<span[31m
                  [33mclass[31m=[32m"status-badge state-badge-paused"[31m
                [36m>[31m
                  [0mPaused[0m
                [36m</span>[31m
              [36m</div>[31m
              [36m<div[31m
                [33mclass[31m=[32m"tracking-card-actions"[31m
              [36m>[31m
                [36m<button[31m
                  [33maria-label[31m=[32m"Edit tracking"[31m
                  [33mclass[31m=[32m"action-button"[31m
                  [33mtitle[31m=[32m"Edit tracking"[31m
                  [33mtype[31m=[32m"button"[31m
                [36m>[31m
                  [0mÔ£Å´©Å[0m
                [36m</button>[31m
              [36m</div>[31m
            [36m</div>[31m
          [36m</div>[31m
        [36m</div>[31m
      [36m</div>[31m
    [36m</div>[31m
  [36m</div>[31m
[36m</body>[31m[39m
 [32mÔ£ô[39m frontend/src/components/__tests__/TrackingsList.test.tsx[2m > [22mTrackingsList[2m > [22mNext Reminder value updates[2m > [22mTracking state changes that update Next Reminder[2m > [22mshould show Next Reminder when tracking is Resumed (new reminders generated)[32m 14[2mms[22m[39m
 [31m├ù[39m frontend/src/components/__tests__/TrackingsList.test.tsx[2m > [22mTrackingsList[2m > [22mNext Reminder value updates[2m > [22mTracking state changes that update Next Reminder[2m > [22mshould show no Next Reminder when tracking is Archived[32m 28[2mms[22m[39m
[31m   ÔåÆ Found multiple elements with the text: Did I exercise?

Here are the matching elements:

Ignored nodes: comments, script, style
[36m<button[31m
  [33maria-label[31m=[32m"Edit tracking: Did I exercise?"[31m
  [33mclass[31m=[32m"tracking-name-link"[31m
  [33mtitle[31m=[32m"Did I exercise?. Click to edit"[31m
  [33mtype[31m=[32m"button"[31m
[36m>[31m
  [0mDid I exercise?[0m
[36m</button>[31m

Ignored nodes: comments, script, style
[36m<h3[31m
  [33mclass[31m=[32m"tracking-card-question"[31m
[36m>[31m
  [0mDid I exercise?[0m
[36m</h3>[31m

(If this is intentional, then use the `*AllBy*` variant of the query (like `queryAllByText`, `getAllByText`, or `findAllByText`)).

Ignored nodes: comments, script, style
[36m<body>[31m
  [36m<div>[31m
    [36m<div[31m
      [33mclass[31m=[32m"trackings-list"[31m
    [36m>[31m
      [36m<div[31m
        [33mclass[31m=[32m"trackings-list-content"[31m
      [36m>[31m
        [36m<table[31m
          [33mclass[31m=[32m"trackings-table"[31m
        [36m>[31m
          [36m<thead>[31m
            [36m<tr>[31m
              [36m<th[31m
                [33mclass[31m=[32m"col-tracking"[31m
              [36m>[31m
                [36m<div[31m
                  [33mclass[31m=[32m"header-with-filter"[31m
                [36m>[31m
                  [36m<button[31m
                    [33maria-expanded[31m=[32m"false"[31m
                    [33maria-label[31m=[32m"Show filters"[31m
                    [33mclass[31m=[32m"filter-toggle-button"[31m
                    [33mtitle[31m=[32m"Show filters"[31m
                    [33mtype[31m=[32m"button"[31m
                  [36m>[31m
                    [36m<span[31m
                      [33mclass[31m=[32m"filter-toggle-icon"[31m
                    [36m>[31m
                      [0m­ƒöì[0m
                    [36m</span>[31m
                  [36m</button>[31m
                  [36m<button[31m
                    [33maria-label[31m=[32m"Sort by tracking"[31m
                    [33mclass[31m=[32m"sortable-header"[31m
                    [33mtype[31m=[32m"button"[31m
                  [36m>[31m
                    [0mTracking[0m
                  [36m</button>[31m
                [36m</div>[31m
              [36m</th>[31m
              [36m<th[31m
                [33mclass[31m=[32m"col-notes"[31m
              [36m>[31m
                [0mNotes[0m
              [36m</th>[31m
              [36m<th[31m
                [33mclass[31m=[32m"col-times"[31m
              [36m>[31m
                [36m<button[31m
                  [33maria-label[31m=[32m"Sort by times"[31m
                  [33mclass[31m=[32m"sortable-header"[31m
                  [33mtype[31m=[32m"button"[31m
                [36m>[31m
                  [0mTimes[0m
                [36m</button>[31m
              [36m</th>[31m
              [36m<th[31m
                [33mclass[31m=[32m"col-frequency"[31m
              [36m>[31m
                [36m<button[31m
                  [33maria-label[31m=[32m"Sort by frequency"[31m
                  [33mclass[31m=[32m"sortable-header"[31m
                  [33mtype[31m=[32m"button"[31m
                [36m>[31m
                  [0mFrequency[0m
                [36m</button>[31m
              [36m</th>[31m
              [36m<th[31m
                [33mclass[31m=[32m"col-next-reminder"[31m
              [36m>[31m
                [36m<button[31m
                  [33maria-label[31m=[32m"Sort by next reminder"[31m
                  [33mclass[31m=[32m"sortable-header"[31m
                  [33mtype[31m=[32m"button"[31m
                [36m>[31m
                  [0mNext reminder[0m
                [36m</button>[31m
              [36m</th>[31m
              [36m<th[31m
                [33mclass[31m=[32m"col-status"[31m
              [36m>[31m
                [36m<button[31m
                  [33maria-label[31m=[32m"Sort by status"[31m
                  [33mclass[31m=[32m"sortable-header"[31m
                  [33mtype[31m=[32m"button"[31m
                [36m>[31m
                  [0mStatus[0m
                [36m</button>[31m
              [36m</th>[31m
              [36m<th[31m
                [33mclass[31m=[32m"col-actions"[31m
              [36m>[31m
                [0mActions[0m
              [36m</th>[31m
            [36m</tr>[31m
          [36m</thead>[31m
          [36m<tbody>[31m
            [36m<tr[31m
              [33mclass[31m=[32m"tracking-row"[31m
            [36m>[31m
              [36m<td[31m
                [33mclass[31m=[32m"cell-tracking"[31m
              [36m>[31m
                [36m<button[31m
                  [33maria-label[31m=[32m"Edit tracking: Did I exercise?"[31m
                  [33mclass[31m=[32m"tracking-name-link"[31m
                  [33mtitle[31m=[32m"Did I exercise?. Click to edit"[31m
                  [33mtype[31m=[32m"button"[31m
                [36m>[31m
                  [0mDid I exercise?[0m
                [36m</button>[31m
              [36m</td>[31m
              [36m<td[31m
                [33mclass[31m=[32m"cell-notes"[31m
              [36m>[31m
                [36m<span[31m
                  [33mclass[31m=[32m"notes-empty"[31m
                [36m>[31m
                  [0mÔÇö[0m
                [36m</span>[31m
              [36m</td>[31m
              [36m<td[31m
                [33mclass[31m=[32m"cell-times"[31m
                [33mtitle[31m=[32m"No times"[31m
              [36m/>[31m
              [36m<td[31m
                [33mclass[31m=[32m"cell-frequency"[31m
                [33mtitle[31m=[32m"No upcoming reminder"[31m
              [36m>[31m
                [0mDaily[0m
              [36m</td>[31m
              [36m<td[31m
                [33mclass[31m=[32m"cell-next-reminder"[31m
              [36m>[31m
                [0mÔÇö[0m
              [36m</td>[31m
              [36m<td[31m
                [33mclass[31m=[32m"cell-status"[31m
              [36m>[31m
                [36m<span[31m
                  [33mclass[31m=[32m"status-badge state-badge-archived"[31m
                [36m>[31m
                  [0mArchived[0m
                [36m</span>[31m
              [36m</td>[31m
              [36m<td[31m
                [33mclass[31m=[32m"cell-actions"[31m
              [36m>[31m
                [36m<div[31m
                  [33mclass[31m=[32m"actions-container"[31m
                [36m>[31m
                  [36m<div[31m
                    [33mclass[31m=[32m"actions-buttons"[31m
                  [36m>[31m
                    [36m<button[31m
                      [33maria-label[31m=[32m"Resume"[31m
                      [33mclass[31m=[32m"action-button"[31m
                      [33mtitle[31m=[32m"Resume: Restarts reminder generation according to the tracking schedule."[31m
                      [33mtype[31m=[32m"button"[31m
                    [36m>[31m
                      [0mÔûÂ´©Å[0m
                    [36m</button>[31m
                    [36m<button[31m
                      [33maria-label[31m=[32m"Delete"[31m
                      [33mclass[31m=[32m"action-button"[31m
                      [33mtitle[31m=[32m"Delete: Permanently removes this tracking and all its reminders. This action cannot be undone."[31m
                      [33mtype[31m=[32m"button"[31m
                    [36m>[31m
                      [0m­ƒùæ´©Å[0m
                    [36m</button>[31m
                  [36m</div>[31m
                [36m</div>[31m
              [36m</td>[31m
            [36m</tr>[31m
          [36m</tbody>[31m
        [36m</table>[31m
        [36m<div[31m
          [33mclass[31m=[32m"trackings-cards"[31m
        [36m>[31m
          [36m<div[31m
            [33mclass[31m=[32m"tracking-card"[31m
          [36m>[31m
            [36m<div[31m
              [33mclass[31m=[32m"tracking-card-header"[31m
            [36m>[31m
              [36m<div[31m
                [33mclass[31m=[32m"tracking-card-title"[31m
              [36m>[31m
                [36m<h3[31m
                  [33mclass[31m=[32m"tracking-card-question"[31m
                [36m>[31m
                  [0mDid I exercise?[0m
                [36m</h3>[31m
                [36m<div[31m
                  [33mclass[31m=[32m"tracking-card-times"[31m
                [36m/>[31m
              [36m</div>[31m
            [36m</div>[31m
            [36m<div[31m
              [33mclass[31m=[32m"tracking-card-body"[31m
            [36m>[31m
              [36m<div[31m
                [33mclass[31m=[32m"tracking-card-row"[31m
              [36m>[31m
                [36m<span[31m
                  [33mclass[31m=[32m"tracking-card-label"[31m
                [36m>[31m
                  [0mFrequency[0m
                [36m</span>[31m
                [36m<span[31m
                  [33mclass[31m=[32m"tracking-card-value"[31m
                [36m>[31m
                  [0mDaily[0m
                [36m</span>[31m
              [36m</div>[31m
            [36m</div>[31m
            [36m<div[31m
              [33mclass[31m=[32m"tracking-card-footer"[31m
            [36m>[31m
              [36m<div[31m
                [33mclass[31m=[32m"tracking-card-status"[31m
              [36m>[31m
                [36m<span[31m
                  [33mclass[31m=[32m"status-badge state-badge-archived"[31m
                [36m>[31m
                  [0mArchived[0m
                [36m</span>[31m
              [36m</div>[31m
              [36m<div[31m
                [33mclass[31m=[32m"tracking-card-actions"[31m
              [36m>[31m
                [36m<button[31m
                  [33maria-label[31m=[32m"Edit tracking"[31m
                  [33mclass[31m=[32m"action-button"[31m
                  [33mtitle[31m=[32m"Edit tracking"[31m
                  [33mtype[31m=[32m"button"[31m
                [36m>[31m
                  [0mÔ£Å´©Å[0m
                [36m</button>[31m
              [36m</div>[31m
            [36m</div>[31m
          [36m</div>[31m
        [36m</div>[31m
      [36m</div>[31m
    [36m</div>[31m
  [36m</div>[31m
[36m</body>[31m[39m
 [32mÔ£ô[39m backend/src/services/__tests__/userService.test.ts[2m > [22mUserService[2m > [22mgetAllUsers[2m > [22mshould return empty array when no users exist[32m 8[2mms[22m[39m
 [32mÔ£ô[39m backend/src/services/__tests__/userService.test.ts[2m > [22mUserService[2m > [22mgetAllUsers[2m > [22mshould return all users ordered by id[32m 7[2mms[22m[39m
 [32mÔ£ô[39m backend/src/services/__tests__/userService.test.ts[2m > [22mUserService[2m > [22mgetAllUsers[2m > [22mshould return users with correct structure[32m 12[2mms[22m[39m
 [32mÔ£ô[39m backend/src/services/__tests__/userService.test.ts[2m > [22mUserService[2m > [22mgetUserById[2m > [22mshould return null for non-existent user[32m 5[2mms[22m[39m
 [32mÔ£ô[39m backend/src/services/__tests__/userService.test.ts[2m > [22mUserService[2m > [22mgetUserById[2m > [22mshould return user for existing id[32m 5[2mms[22m[39m
 [32mÔ£ô[39m backend/src/services/__tests__/userService.test.ts[2m > [22mUserService[2m > [22mgetUserById[2m > [22mshould return user with correct structure[32m 3[2mms[22m[39m
 [32mÔ£ô[39m backend/src/services/__tests__/userService.test.ts[2m > [22mUserService[2m > [22mupdateProfile[2m > [22mshould update user name[32m 10[2mms[22m[39m
 [32mÔ£ô[39m backend/src/services/__tests__/userService.test.ts[2m > [22mUserService[2m > [22mupdateProfile[2m > [22mshould update profile picture URL[32m 28[2mms[22m[39m
 [32mÔ£ô[39m backend/src/services/__tests__/userService.test.ts[2m > [22mUserService[2m > [22mupdateProfile[2m > [22mshould update multiple fields at once[32m 5[2mms[22m[39m
 [32mÔ£ô[39m frontend/src/components/__tests__/TrackingsList.test.tsx[2m > [22mTrackingsList[2m > [22mNext Reminder value updates[2m > [22mNext Reminder calculation logic[2m > [22mshould show the earliest PENDING reminder when multiple exist[32m 18[2mms[22m[39m
 [32mÔ£ô[39m frontend/src/components/__tests__/TrackingsList.test.tsx[2m > [22mTrackingsList[2m > [22mNext Reminder value updates[2m > [22mNext Reminder calculation logic[2m > [22mshould show the earliest UPCOMING reminder when multiple exist[32m 20[2mms[22m[39m
 [32mÔ£ô[39m frontend/src/components/__tests__/TrackingsList.test.tsx[2m > [22mTrackingsList[2m > [22mNext Reminder value updates[2m > [22mNext Reminder calculation logic[2m > [22mshould prioritize PENDING over UPCOMING when both exist[32m 55[2mms[22m[39m
 [31m├ù[39m frontend/src/components/__tests__/TrackingsList.test.tsx[2m > [22mTrackingsList[2m > [22mNext Reminder value updates[2m > [22mNext Reminder calculation logic[2m > [22mshould not show past reminders in Next Reminder[32m 14[2mms[22m[39m
[31m   ÔåÆ Found multiple elements with the text: Did I exercise?

Here are the matching elements:

Ignored nodes: comments, script, style
[36m<button[31m
  [33maria-label[31m=[32m"Edit tracking: Did I exercise?"[31m
  [33mclass[31m=[32m"tracking-name-link"[31m
  [33mtitle[31m=[32m"Did I exercise?. Click to edit"[31m
  [33mtype[31m=[32m"button"[31m
[36m>[31m
  [0mDid I exercise?[0m
[36m</button>[31m

Ignored nodes: comments, script, style
[36m<h3[31m
  [33mclass[31m=[32m"tracking-card-question"[31m
[36m>[31m
  [0mDid I exercise?[0m
[36m</h3>[31m

(If this is intentional, then use the `*AllBy*` variant of the query (like `queryAllByText`, `getAllByText`, or `findAllByText`)).

Ignored nodes: comments, script, style
[36m<body>[31m
  [36m<div>[31m
    [36m<div[31m
      [33mclass[31m=[32m"trackings-list"[31m
    [36m>[31m
      [36m<div[31m
        [33mclass[31m=[32m"trackings-list-content"[31m
      [36m>[31m
        [36m<table[31m
          [33mclass[31m=[32m"trackings-table"[31m
        [36m>[31m
          [36m<thead>[31m
            [36m<tr>[31m
              [36m<th[31m
                [33mclass[31m=[32m"col-tracking"[31m
              [36m>[31m
                [36m<div[31m
                  [33mclass[31m=[32m"header-with-filter"[31m
                [36m>[31m
                  [36m<button[31m
                    [33maria-expanded[31m=[32m"false"[31m
                    [33maria-label[31m=[32m"Show filters"[31m
                    [33mclass[31m=[32m"filter-toggle-button"[31m
                    [33mtitle[31m=[32m"Show filters"[31m
                    [33mtype[31m=[32m"button"[31m
                  [36m>[31m
                    [36m<span[31m
                      [33mclass[31m=[32m"filter-toggle-icon"[31m
                    [36m>[31m
                      [0m­ƒöì[0m
                    [36m</span>[31m
                  [36m</button>[31m
                  [36m<button[31m
                    [33maria-label[31m=[32m"Sort by tracking"[31m
                    [33mclass[31m=[32m"sortable-header"[31m
                    [33mtype[31m=[32m"button"[31m
                  [36m>[31m
                    [0mTracking[0m
                  [36m</button>[31m
                [36m</div>[31m
              [36m</th>[31m
              [36m<th[31m
                [33mclass[31m=[32m"col-notes"[31m
              [36m>[31m
                [0mNotes[0m
              [36m</th>[31m
              [36m<th[31m
                [33mclass[31m=[32m"col-times"[31m
              [36m>[31m
                [36m<button[31m
                  [33maria-label[31m=[32m"Sort by times"[31m
                  [33mclass[31m=[32m"sortable-header"[31m
                  [33mtype[31m=[32m"button"[31m
                [36m>[31m
                  [0mTimes[0m
                [36m</button>[31m
              [36m</th>[31m
              [36m<th[31m
                [33mclass[31m=[32m"col-frequency"[31m
              [36m>[31m
                [36m<button[31m
                  [33maria-label[31m=[32m"Sort by frequency"[31m
                  [33mclass[31m=[32m"sortable-header"[31m
                  [33mtype[31m=[32m"button"[31m
                [36m>[31m
                  [0mFrequency[0m
                [36m</button>[31m
              [36m</th>[31m
              [36m<th[31m
                [33mclass[31m=[32m"col-next-reminder"[31m
              [36m>[31m
                [36m<button[31m
                  [33maria-label[31m=[32m"Sort by next reminder"[31m
                  [33mclass[31m=[32m"sortable-header"[31m
                  [33mtype[31m=[32m"button"[31m
                [36m>[31m
                  [0mNext reminder[0m
                [36m</button>[31m
              [36m</th>[31m
              [36m<th[31m
                [33mclass[31m=[32m"col-status"[31m
              [36m>[31m
                [36m<button[31m
                  [33maria-label[31m=[32m"Sort by status"[31m
                  [33mclass[31m=[32m"sortable-header"[31m
                  [33mtype[31m=[32m"button"[31m
                [36m>[31m
                  [0mStatus[0m
                [36m</button>[31m
              [36m</th>[31m
              [36m<th[31m
                [33mclass[31m=[32m"col-actions"[31m
              [36m>[31m
                [0mActions[0m
              [36m</th>[31m
            [36m</tr>[31m
          [36m</thead>[31m
          [36m<tbody>[31m
            [36m<tr[31m
              [33mclass[31m=[32m"tracking-row"[31m
            [36m>[31m
              [36m<td[31m
                [33mclass[31m=[32m"cell-tracking"[31m
              [36m>[31m
                [36m<button[31m
                  [33maria-label[31m=[32m"Edit tracking: Did I exercise?"[31m
                  [33mclass[31m=[32m"tracking-name-link"[31m
                  [33mtitle[31m=[32m"Did I exercise?. Click to edit"[31m
                  [33mtype[31m=[32m"button"[31m
                [36m>[31m
                  [0mDid I exercise?[0m
                [36m</button>[31m
              [36m</td>[31m
              [36m<td[31m
                [33mclass[31m=[32m"cell-notes"[31m
              [36m>[31m
                [36m<span[31m
                  [33mclass[31m=[32m"notes-empty"[31m
                [36m>[31m
                  [0mÔÇö[0m
                [36m</span>[31m
              [36m</td>[31m
              [36m<td[31m
                [33mclass[31m=[32m"cell-times"[31m
                [33mtitle[31m=[32m"No times"[31m
              [36m/>[31m
              [36m<td[31m
                [33mclass[31m=[32m"cell-frequency"[31m
                [33mtitle[31m=[32m"No upcoming reminder"[31m
              [36m>[31m
                [0mDaily[0m
              [36m</td>[31m
              [36m<td[31m
                [33mclass[31m=[32m"cell-next-reminder"[31m
              [36m>[31m
                [0mÔÇö[0m
              [36m</td>[31m
              [36m<td[31m
                [33mclass[31m=[32m"cell-status"[31m
              [36m>[31m
                [36m<span[31m
                  [33mclass[31m=[32m"status-badge state-badge-running"[31m
                [36m>[31m
                  [0mRunning[0m
                [36m</span>[31m
              [36m</td>[31m
              [36m<td[31m
                [33mclass[31m=[32m"cell-actions"[31m
              [36m>[31m
                [36m<div[31m
                  [33mclass[31m=[32m"actions-container"[31m
                [36m>[31m
                  [36m<div[31m
                    [33mclass[31m=[32m"actions-buttons"[31m
                  [36m>[31m
                    [36m<button[31m
                      [33maria-label[31m=[32m"Pause"[31m
                      [33mclass[31m=[32m"action-button"[31m
                      [33mtitle[31m=[32m"Pause: Stops generating new reminders. Existing reminders remain active."[31m
                      [33mtype[31m=[32m"button"[31m
                    [36m>[31m
                      [0mÔÅ©´©Å[0m
                    [36m</button>[31m
                    [36m<button[31m
                      [33maria-label[31m=[32m"Archive"[31m
                      [33mclass[31m=[32m"action-button"[31m
                      [33mtitle[31m=[32m"Archive: Moves tracking to archived state and stops all reminder generation. All pending and upcoming reminders will be deleted."[31m
                      [33mtype[31m=[32m"button"[31m
                    [36m>[31m
                      [0m­ƒôª[0m
                    [36m</button>[31m
                    [36m<button[31m
                      [33maria-label[31m=[32m"Delete"[31m
                      [33mclass[31m=[32m"action-button"[31m
                      [33mtitle[31m=[32m"Delete: Permanently removes this tracking and all its reminders. This action cannot be undone."[31m
                      [33mtype[31m=[32m"button"[31m
                    [36m>[31m
                      [0m­ƒùæ´©Å[0m
                    [36m</button>[31m
                  [36m</div>[31m
                [36m</div>[31m
              [36m</td>[31m
            [36m</tr>[31m
          [36m</tbody>[31m
        [36m</table>[31m
        [36m<div[31m
          [33mclass[31m=[32m"trackings-cards"[31m
        [36m>[31m
          [36m<div[31m
            [33mclass[31m=[32m"tracking-card"[31m
          [36m>[31m
            [36m<div[31m
              [33mclass[31m=[32m"tracking-card-header"[31m
            [36m>[31m
              [36m<div[31m
                [33mclass[31m=[32m"tracking-card-title"[31m
              [36m>[31m
                [36m<h3[31m
                  [33mclass[31m=[32m"tracking-card-question"[31m
                [36m>[31m
                  [0mDid I exercise?[0m
                [36m</h3>[31m
                [36m<div[31m
                  [33mclass[31m=[32m"tracking-card-times"[31m
                [36m/>[31m
              [36m</div>[31m
            [36m</div>[31m
            [36m<div[31m
              [33mclass[31m=[32m"tracking-card-body"[31m
            [36m>[31m
              [36m<div[31m
                [33mclass[31m=[32m"tracking-card-row"[31m
              [36m>[31m
                [36m<span[31m
                  [33mclass[31m=[32m"tracking-card-label"[31m
                [36m>[31m
                  [0mFrequency[0m
                [36m</span>[31m
                [36m<span[31m
                  [33mclass[31m=[32m"tracking-card-value"[31m
                [36m>[31m
                  [0mDaily[0m
                [36m</span>[31m
              [36m</div>[31m
            [36m</div>[31m
            [36m<div[31m
              [33mclass[31m=[32m"tracking-card-footer"[31m
            [36m>[31m
              [36m<div[31m
                [33mclass[31m=[32m"tracking-card-status"[31m
              [36m>[31m
                [36m<span[31m
                  [33mclass[31m=[32m"status-badge state-badge-running"[31m
                [36m>[31m
                  [0mRunning[0m
                [36m</span>[31m
              [36m</div>[31m
              [36m<div[31m
                [33mclass[31m=[32m"tracking-card-actions"[31m
              [36m>[31m
                [36m<button[31m
                  [33maria-label[31m=[32m"Edit tracking"[31m
                  [33mclass[31m=[32m"action-button"[31m
                  [33mtitle[31m=[32m"Edit tracking"[31m
                  [33mtype[31m=[32m"button"[31m
                [36m>[31m
                  [0mÔ£Å´©Å[0m
                [36m</button>[31m
              [36m</div>[31m
            [36m</div>[31m
          [36m</div>[31m
        [36m</div>[31m
      [36m</div>[31m
    [36m</div>[31m
  [36m</div>[31m
[36m</body>[31m[39m
[90mstderr[2m | backend/src
/services/__tests__/userServi
ce.test.ts[2m > 
[22m[2mUserService[2m > 
[22m[2mdeleteUser[2m > 
[22m[2mshould handle file 
deletion errors gracefully 
and still delete user
[22m[39m[2025-12-08T12:04:1
2.122Z] USER | Error 
deleting profile picture 
file for userId: 1: Error: 
File system error
    at Object.<anonymous> (D:
/Code/habitus/backend/src/ser
vices/__tests__/userService.t
est.ts:382:17)
    at Object.unlinkSync [90
m(file:///D:/Code/habitus/[3
9mnode_modules/[4m@vitest/sp
y[24m/dist/index.js:280:34[
90m)[39m
    at 
UserService.deleteUser (D:/Co
de/habitus/backend/src/servic
es/userService.ts:359:16)
    at D:/Code/habitus/backen
d/src/services/__tests__/user
Service.test.ts:388:7
    at [90mfile:///D:/Code/h
abitus/[39mnode_modules/[4m
@vitest/runner[24m/dist/inde
x.js:919:20

 [32mÔ£ô[39m backend/src/services/__tests__/userService.test.ts[2m > [22mUserService[2m > [22mupdateProfile[2m > [22mshould throw error if no fields to update[32m 6[2mms[22m[39m
 [32mÔ£ô[39m backend/src/services/__tests__/userService.test.ts[2m > [22mUserService[2m > [22mupdateProfile[2m > [22mshould throw error if user not found[32m 4[2mms[22m[39m
 [32mÔ£ô[39m backend/src/services/__tests__/userService.test.ts[2m > [22mUserService[2m > [22mdeleteUser[2m > [22mshould delete user successfully[32m 4[2mms[22m[39m
 [32mÔ£ô[39m backend/src/services/__tests__/userService.test.ts[2m > [22mUserService[2m > [22mdeleteUser[2m > [22mshould throw error if user not found[32m 3[2mms[22m[39m
 [32mÔ£ô[39m backend/src/services/__tests__/userService.test.ts[2m > [22mUserService[2m > [22mdeleteUser[2m > [22mshould delete profile picture file when user has profile picture URL[32m 6[2mms[22m[39m
 [32mÔ£ô[39m backend/src/services/__tests__/userService.test.ts[2m > [22mUserService[2m > [22mdeleteUser[2m > [22mshould handle missing profile picture file gracefully[32m 8[2mms[22m[39m
 [32mÔ£ô[39m backend/src/services/__tests__/userService.test.ts[2m > [22mUserService[2m > [22mdeleteUser[2m > [22mshould handle invalid profile picture URL format gracefully[32m 7[2mms[22m[39m
 [32mÔ£ô[39m backend/src/services/__tests__/userService.test.ts[2m > [22mUserService[2m > [22mdeleteUser[2m > [22mshould handle file deletion errors gracefully and still delete user[32m 22[2mms[22m[39m
 [32mÔ£ô[39m backend/src/services/__tests__/userService.test.ts[2m > [22mUserService[2m > [22mdeleteUser[2m > [22mshould delete user without profile picture URL[32m 15[2mms[22m[39m
 [32mÔ£ô[39m backend/src/services/__tests__/userService.test.ts[2m > [22mUserService[2m > [22mupdateLastAccess[2m > [22mshould update last access timestamp[32m 11[2mms[22m[39m
 [32mÔ£ô[39m backend/src/services/__tests__/userService.test.ts[2m > [22mUserService[2m > [22mupdateLastAccess[2m > [22mshould not throw error for non-existent user[32m 8[2mms[22m[39m
 [32mÔ£ô[39m backend/src/services/__tests__/userService.test.ts[2m > [22mUserService[2m > [22mverifyEmailChange[2m > [22mshould verify email change successfully[32m 10[2mms[22m[39m
 [32mÔ£ô[39m backend/src/services/__tests__/userService.test.ts[2m > [22mUserService[2m > [22mverifyEmailChange[2m > [22mshould throw error for invalid token[32m 3[2mms[22m[39m
 [32mÔ£ô[39m backend/src/services/__tests__/userService.test.ts[2m > [22mUserService[2m > [22mverifyEmailChange[2m > [22mshould throw error for expired token[32m 6[2mms[22m[39m
 [32mÔ£ô[39m backend/src/services/__tests__/userService.test.ts[2m > [22mUserService[2m > [22mverifyEmailChange[2m > [22mshould throw error if pending email is already taken[32m 5[2mms[22m[39m
 [32mÔ£ô[39m backend/src/services/__tests__/userService.test.ts[2m > [22mUserService[2m > [22mverifyEmailChange[2m > [22mshould throw error if user not found after update[32m 3[2mms[22m[39m
 [31m├ù[39m frontend/src/components/__tests__/TrackingsList.test.tsx[2m > [22mTrackingsList[2m > [22mNext Reminder value updates[2m > [22mNext Reminder calculation logic[2m > [22mshould not show ANSWERED reminders in Next Reminder[32m 36[2mms[22m[39m
[31m   ÔåÆ Found multiple elements with the text: Did I exercise?

Here are the matching elements:

Ignored nodes: comments, script, style
[36m<button[31m
  [33maria-label[31m=[32m"Edit tracking: Did I exercise?"[31m
  [33mclass[31m=[32m"tracking-name-link"[31m
  [33mtitle[31m=[32m"Did I exercise?. Click to edit"[31m
  [33mtype[31m=[32m"button"[31m
[36m>[31m
  [0mDid I exercise?[0m
[36m</button>[31m

Ignored nodes: comments, script, style
[36m<h3[31m
  [33mclass[31m=[32m"tracking-card-question"[31m
[36m>[31m
  [0mDid I exercise?[0m
[36m</h3>[31m

(If this is intentional, then use the `*AllBy*` variant of the query (like `queryAllByText`, `getAllByText`, or `findAllByText`)).

Ignored nodes: comments, script, style
[36m<body>[31m
  [36m<div>[31m
    [36m<div[31m
      [33mclass[31m=[32m"trackings-list"[31m
    [36m>[31m
      [36m<div[31m
        [33mclass[31m=[32m"trackings-list-content"[31m
      [36m>[31m
        [36m<table[31m
          [33mclass[31m=[32m"trackings-table"[31m
        [36m>[31m
          [36m<thead>[31m
            [36m<tr>[31m
              [36m<th[31m
                [33mclass[31m=[32m"col-tracking"[31m
              [36m>[31m
                [36m<div[31m
                  [33mclass[31m=[32m"header-with-filter"[31m
                [36m>[31m
                  [36m<button[31m
                    [33maria-expanded[31m=[32m"false"[31m
                    [33maria-label[31m=[32m"Show filters"[31m
                    [33mclass[31m=[32m"filter-toggle-button"[31m
                    [33mtitle[31m=[32m"Show filters"[31m
                    [33mtype[31m=[32m"button"[31m
                  [36m>[31m
                    [36m<span[31m
                      [33mclass[31m=[32m"filter-toggle-icon"[31m
                    [36m>[31m
                      [0m­ƒöì[0m
                    [36m</span>[31m
                  [36m</button>[31m
                  [36m<button[31m
                    [33maria-label[31m=[32m"Sort by tracking"[31m
                    [33mclass[31m=[32m"sortable-header"[31m
                    [33mtype[31m=[32m"button"[31m
                  [36m>[31m
                    [0mTracking[0m
                  [36m</button>[31m
                [36m</div>[31m
              [36m</th>[31m
              [36m<th[31m
                [33mclass[31m=[32m"col-notes"[31m
              [36m>[31m
                [0mNotes[0m
              [36m</th>[31m
              [36m<th[31m
                [33mclass[31m=[32m"col-times"[31m
              [36m>[31m
                [36m<button[31m
                  [33maria-label[31m=[32m"Sort by times"[31m
                  [33mclass[31m=[32m"sortable-header"[31m
                  [33mtype[31m=[32m"button"[31m
                [36m>[31m
                  [0mTimes[0m
                [36m</button>[31m
              [36m</th>[31m
              [36m<th[31m
                [33mclass[31m=[32m"col-frequency"[31m
              [36m>[31m
                [36m<button[31m
                  [33maria-label[31m=[32m"Sort by frequency"[31m
                  [33mclass[31m=[32m"sortable-header"[31m
                  [33mtype[31m=[32m"button"[31m
                [36m>[31m
                  [0mFrequency[0m
                [36m</button>[31m
              [36m</th>[31m
              [36m<th[31m
                [33mclass[31m=[32m"col-next-reminder"[31m
              [36m>[31m
                [36m<button[31m
                  [33maria-label[31m=[32m"Sort by next reminder"[31m
                  [33mclass[31m=[32m"sortable-header"[31m
                  [33mtype[31m=[32m"button"[31m
                [36m>[31m
                  [0mNext reminder[0m
                [36m</button>[31m
              [36m</th>[31m
              [36m<th[31m
                [33mclass[31m=[32m"col-status"[31m
              [36m>[31m
                [36m<button[31m
                  [33maria-label[31m=[32m"Sort by status"[31m
                  [33mclass[31m=[32m"sortable-header"[31m
                  [33mtype[31m=[32m"button"[31m
                [36m>[31m
                  [0mStatus[0m
                [36m</button>[31m
              [36m</th>[31m
              [36m<th[31m
                [33mclass[31m=[32m"col-actions"[31m
              [36m>[31m
                [0mActions[0m
              [36m</th>[31m
            [36m</tr>[31m
          [36m</thead>[31m
          [36m<tbody>[31m
            [36m<tr[31m
              [33mclass[31m=[32m"tracking-row"[31m
            [36m>[31m
              [36m<td[31m
                [33mclass[31m=[32m"cell-tracking"[31m
              [36m>[31m
                [36m<button[31m
                  [33maria-label[31m=[32m"Edit tracking: Did I exercise?"[31m
                  [33mclass[31m=[32m"tracking-name-link"[31m
                  [33mtitle[31m=[32m"Did I exercise?. Click to edit"[31m
                  [33mtype[31m=[32m"button"[31m
                [36m>[31m
                  [0mDid I exercise?[0m
                [36m</button>[31m
              [36m</td>[31m
              [36m<td[31m
                [33mclass[31m=[32m"cell-notes"[31m
              [36m>[31m
                [36m<span[31m
                  [33mclass[31m=[32m"notes-empty"[31m
                [36m>[31m
                  [0mÔÇö[0m
                [36m</span>[31m
              [36m</td>[31m
              [36m<td[31m
                [33mclass[31m=[32m"cell-times"[31m
                [33mtitle[31m=[32m"No times"[31m
              [36m/>[31m
              [36m<td[31m
                [33mclass[31m=[32m"cell-frequency"[31m
                [33mtitle[31m=[32m"No upcoming reminder"[31m
              [36m>[31m
                [0mDaily[0m
              [36m</td>[31m
              [36m<td[31m
                [33mclass[31m=[32m"cell-next-reminder"[31m
              [36m>[31m
                [0mÔÇö[0m
              [36m</td>[31m
              [36m<td[31m
                [33mclass[31m=[32m"cell-status"[31m
              [36m>[31m
                [36m<span[31m
                  [33mclass[31m=[32m"status-badge state-badge-running"[31m
                [36m>[31m
                  [0mRunning[0m
                [36m</span>[31m
              [36m</td>[31m
              [36m<td[31m
                [33mclass[31m=[32m"cell-actions"[31m
              [36m>[31m
                [36m<div[31m
                  [33mclass[31m=[32m"actions-container"[31m
                [36m>[31m
                  [36m<div[31m
                    [33mclass[31m=[32m"actions-buttons"[31m
                  [36m>[31m
                    [36m<button[31m
                      [33maria-label[31m=[32m"Pause"[31m
                      [33mclass[31m=[32m"action-button"[31m
                      [33mtitle[31m=[32m"Pause: Stops generating new reminders. Existing reminders remain active."[31m
                      [33mtype[31m=[32m"button"[31m
                    [36m>[31m
                      [0mÔÅ©´©Å[0m
                    [36m</button>[31m
                    [36m<button[31m
                      [33maria-label[31m=[32m"Archive"[31m
                      [33mclass[31m=[32m"action-button"[31m
                      [33mtitle[31m=[32m"Archive: Moves tracking to archived state and stops all reminder generation. All pending and upcoming reminders will be deleted."[31m
                      [33mtype[31m=[32m"button"[31m
                    [36m>[31m
                      [0m­ƒôª[0m
                    [36m</button>[31m
                    [36m<button[31m
                      [33maria-label[31m=[32m"Delete"[31m
                      [33mclass[31m=[32m"action-button"[31m
                      [33mtitle[31m=[32m"Delete: Permanently removes this tracking and all its reminders. This action cannot be undone."[31m
                      [33mtype[31m=[32m"button"[31m
                    [36m>[31m
                      [0m­ƒùæ´©Å[0m
                    [36m</button>[31m
                  [36m</div>[31m
                [36m</div>[31m
              [36m</td>[31m
            [36m</tr>[31m
          [36m</tbody>[31m
        [36m</table>[31m
        [36m<div[31m
          [33mclass[31m=[32m"trackings-cards"[31m
        [36m>[31m
          [36m<div[31m
            [33mclass[31m=[32m"tracking-card"[31m
          [36m>[31m
            [36m<div[31m
              [33mclass[31m=[32m"tracking-card-header"[31m
            [36m>[31m
              [36m<div[31m
                [33mclass[31m=[32m"tracking-card-title"[31m
              [36m>[31m
                [36m<h3[31m
                  [33mclass[31m=[32m"tracking-card-question"[31m
                [36m>[31m
                  [0mDid I exercise?[0m
                [36m</h3>[31m
                [36m<div[31m
                  [33mclass[31m=[32m"tracking-card-times"[31m
                [36m/>[31m
              [36m</div>[31m
            [36m</div>[31m
            [36m<div[31m
              [33mclass[31m=[32m"tracking-card-body"[31m
            [36m>[31m
              [36m<div[31m
                [33mclass[31m=[32m"tracking-card-row"[31m
              [36m>[31m
                [36m<span[31m
                  [33mclass[31m=[32m"tracking-card-label"[31m
                [36m>[31m
                  [0mFrequency[0m
                [36m</span>[31m
                [36m<span[31m
                  [33mclass[31m=[32m"tracking-card-value"[31m
                [36m>[31m
                  [0mDaily[0m
                [36m</span>[31m
              [36m</div>[31m
            [36m</div>[31m
            [36m<div[31m
              [33mclass[31m=[32m"tracking-card-footer"[31m
            [36m>[31m
              [36m<div[31m
                [33mclass[31m=[32m"tracking-card-status"[31m
              [36m>[31m
                [36m<span[31m
                  [33mclass[31m=[32m"status-badge state-badge-running"[31m
                [36m>[31m
                  [0mRunning[0m
                [36m</span>[31m
              [36m</div>[31m
              [36m<div[31m
                [33mclass[31m=[32m"tracking-card-actions"[31m
              [36m>[31m
                [36m<button[31m
                  [33maria-label[31m=[32m"Edit tracking"[31m
                  [33mclass[31m=[32m"action-button"[31m
                  [33mtitle[31m=[32m"Edit tracking"[31m
                  [33mtype[31m=[32m"button"[31m
                [36m>[31m
                  [0mÔ£Å´©Å[0m
                [36m</button>[31m
              [36m</div>[31m
            [36m</div>[31m
          [36m</div>[31m
        [36m</div>[31m
      [36m</div>[31m
    [36m</div>[31m
  [36m</div>[31m
[36m</body>[31m[39m
 [32mÔ£ô[39m backend/src/__tests__/server.test.ts[2m > [22mServer Configuration - Integration Tests[2m > [22mServer.ts Complete Integration - Real Execution Tests[2m > [22mshould handle TRUST_PROXY configuration[33m 430[2mms[22m[39m
 [32mÔ£ô[39m backend/src/models/__tests__/Reminder.test.ts[2m > [22mReminder Model[2m > [22mconstructor[2m > [22mshould create Reminder instance with provided data[32m 7[2mms[22m[39m
 [32mÔ£ô[39m backend/src/models/__tests__/Reminder.test.ts[2m > [22mReminder Model[2m > [22mconstructor[2m > [22mshould create Reminder instance with minimal data[32m 3[2mms[22m[39m
 [32mÔ£ô[39m backend/src/models/__tests__/Reminder.test.ts[2m > [22mReminder Model[2m > [22mvalidate[2m > [22mshould validate and normalize reminder fields[32m 5[2mms[22m[39m
 [32mÔ£ô[39m backend/src/models/__tests__/Reminder.test.ts[2m > [22mReminder Model[2m > [22mvalidate[2m > [22mshould throw error for invalid scheduled_time[32m 4[2mms[22m[39m
 [32mÔ£ô[39m backend/src/models/__tests__/Reminder.test.ts[2m > [22mReminder Model[2m > [22mvalidate[2m > [22mshould throw error for invalid status[32m 3[2mms[22m[39m
 [32mÔ£ô[39m backend/src/models/__tests__/Reminder.test.ts[2m > [22mReminder Model[2m > [22msave[2m > [22mshould create new reminder when id is not set[32m 4[2mms[22m[39m
 [32mÔ£ô[39m backend/src/models/__tests__/Reminder.test.ts[2m > [22mReminder Model[2m > [22msave[2m > [22mshould update existing reminder when id is set[32m 3[2mms[22m[39m
 [32mÔ£ô[39m backend/src/models/__tests__/Reminder.test.ts[2m > [22mReminder Model[2m > [22mloadById[2m > [22mshould load reminder by ID[32m 4[2mms[22m[39m
 [32mÔ£ô[39m backend/src/models/__tests__/Reminder.test.ts[2m > [22mReminder Model[2m > [22mloadById[2m > [22mshould return null if reminder not found[32m 2[2mms[22m[39m
 [32mÔ£ô[39m backend/src/models/__tests__/Reminder.test.ts[2m > [22mReminder Model[2m > [22mloadByUserId[2m > [22mshould load all reminders for a user[32m 3[2mms[22m[39m
 [32mÔ£ô[39m backend/src/models/__tests__/Reminder.test.ts[2m > [22mReminder Model[2m > [22mloadByTrackingId[2m > [22mshould load reminder by tracking ID[32m 3[2mms[22m[39m
 [32mÔ£ô[39m backend/src/models/__tests__/Reminder.test.ts[2m > [22mReminder Model[2m > [22mloadByTrackingId[2m > [22mshould return null if no reminder found for tracking[32m 3[2mms[22m[39m
 [32mÔ£ô[39m backend/src/models/__tests__/Reminder.test.ts[2m > [22mReminder Model[2m > [22mloadByTrackingId[2m > [22mshould throw error for invalid value[32m 3[2mms[22m[39m
 [32mÔ£ô[39m backend/src/models/__tests__/Reminder.test.ts[2m > [22mReminder Model[2m > [22mloadByTrackingId[2m > [22mshould validate valid value[32m 2[2mms[22m[39m
 [32mÔ£ô[39m backend/src/models/__tests__/Reminder.test.ts[2m > [22mReminder Model[2m > [22mdelete[2m > [22mshould delete reminder[32m 3[2mms[22m[39m
 [32mÔ£ô[39m backend/src/models/__tests__/Reminder.test.ts[2m > [22mReminder Model[2m > [22mdelete[2m > [22mshould throw error if reminder not found[32m 5[2mms[22m[39m
 [32mÔ£ô[39m frontend/src/config/__tests__/api.test.ts[2m > [22mapi[2m > [22mAPI configuration[2m > [22mshould use globalThis.import.meta.env.VITE_SERVER_URL and VITE_PORT when available[32m 5[2mms[22m[39m
 [32mÔ£ô[39m frontend/src/config/__tests__/api.test.ts[2m > [22mapi[2m > [22mAPI configuration[2m > [22mshould use process.env.VITE_SERVER_URL and VITE_PORT as fallback[32m 1[2mms[22m[39m
 [32mÔ£ô[39m frontend/src/config/__tests__/api.test.ts[2m > [22mapi[2m > [22mAPI configuration[2m > [22mshould construct URL from VITE_SERVER_URL and VITE_PORT[32m 0[2mms[22m[39m
 [32mÔ£ô[39m frontend/src/config/__tests__/api.test.ts[2m > [22mapi[2m > [22mAPI configuration[2m > [22mshould construct correct API endpoints[32m 3[2mms[22m[39m
 [32mÔ£ô[39m frontend/src/config/__tests__/api.test.ts[2m > [22mapi[2m > [22mAPI configuration[2m > [22mshould handle Vite runtime environment via Function eval[32m 0[2mms[22m[39m
 [32mÔ£ô[39m frontend/src/config/__tests__/api.test.ts[2m > [22mapi[2m > [22mAPI configuration[2m > [22mshould handle errors in Vite env access gracefully[32m 0[2mms[22m[39m
 [32mÔ£ô[39m frontend/src/config/__tests__/api.test.ts[2m > [22mapi[2m > [22mApiClient[2m > [22mtoken management[2m > [22mshould set and get token[32m 1[2mms[22m[39m
 [32mÔ£ô[39m frontend/src/config/__tests__/api.test.ts[2m > [22mapi[2m > [22mApiClient[2m > [22mtoken management[2m > [22mshould set token to null[32m 0[2mms[22m[39m
 [32mÔ£ô[39m frontend/src/config/__tests__/api.test.ts[2m > [22mapi[2m > [22mApiClient[2m > [22mgetUsers[2m > [22mshould fetch users successfully[32m 6[2mms[22m[39m
 [32mÔ£ô[39m frontend/src/config/__tests__/api.test.ts[2m > [22mapi[2m > [22mApiClient[2m > [22mgetUsers[2m > [22mshould throw error when request fails[32m 3[2mms[22m[39m
 [32mÔ£ô[39m frontend/src/config/__tests__/api.test.ts[2m > [22mapi[2m > [22mApiClient[2m > [22mcreateUser[2m > [22mshould create user successfully[32m 1[2mms[22m[39m
 [32mÔ£ô[39m frontend/src/config/__tests__/api.test.ts[2m > [22mapi[2m > [22mApiClient[2m > [22mregister[2m > [22mshould register user with profile picture[32m 36[2mms[22m[39m
 [32mÔ£ô[39m frontend/src/config/__tests__/api.test.ts[2m > [22mapi[2m > [22mApiClient[2m > [22mregister[2m > [22mshould register user without profile picture[32m 0[2mms[22m[39m
 [32mÔ£ô[39m frontend/src/config/__tests__/api.test.ts[2m > [22mapi[2m > [22mApiClient[2m > [22mlogin[2m > [22mshould login successfully[32m 1[2mms[22m[39m
 [32mÔ£ô[39m frontend/src/config/__tests__/api.test.ts[2m > [22mapi[2m > [22mApiClient[2m > [22mverifyMagicLink[2m > [22mshould verify magic link successfully[32m 1[2mms[22m[39m
 [32mÔ£ô[39m frontend/src/config/__tests__/api.test.ts[2m > [22mapi[2m > [22mApiClient[2m > [22mgetMe[2m > [22mshould get current user with token[32m 1[2mms[22m[39m
 [32mÔ£ô[39m frontend/src/config/__tests__/api.test.ts[2m > [22mapi[2m > [22mApiClient[2m > [22mupdateProfile[2m > [22mshould update profile with profile picture[32m 1[2mms[22m[39m
 [32mÔ£ô[39m frontend/src/config/__tests__/api.test.ts[2m > [22mapi[2m > [22mApiClient[2m > [22mupdateProfile[2m > [22mshould update profile with removeProfilePicture flag[32m 0[2mms[22m[39m
 [32mÔ£ô[39m frontend/src/config/__tests__/api.test.ts[2m > [22mapi[2m > [22mApiClient[2m > [22mrequestEmailChange[2m > [22mshould request email change successfully[32m 1[2mms[22m[39m
 [32mÔ£ô[39m frontend/src/config/__tests__/api.test.ts[2m > [22mapi[2m > [22mApiClient[2m > [22mdeleteProfile[2m > [22mshould delete profile successfully[32m 0[2mms[22m[39m
 [32mÔ£ô[39m frontend/src/config/__tests__/api.test.ts[2m > [22mapi[2m > [22mApiClient[2m > [22mgetTrackings[2m > [22mshould fetch trackings successfully[32m 0[2mms[22m[39m
 [32mÔ£ô[39m frontend/src/config/__tests__/api.test.ts[2m > [22mapi[2m > [22mApiClient[2m > [22mcreateTracking[2m > [22mshould create tracking successfully[32m 1[2mms[22m[39m
 [32mÔ£ô[39m frontend/src/config/__tests__/api.test.ts[2m > [22mapi[2m > [22mApiClient[2m > [22mupdateTracking[2m > [22mshould update tracking successfully[32m 1[2mms[22m[39m
 [32mÔ£ô[39m frontend/src/config/__tests__/api.test.ts[2m > [22mapi[2m > [22mApiClient[2m > [22mdeleteTracking[2m > [22mshould delete tracking successfully[32m 0[2mms[22m[39m
 [32mÔ£ô[39m frontend/src/config/__tests__/api.test.ts[2m > [22mapi[2m > [22mApiClient[2m > [22merror handling[2m > [22mshould handle non-JSON error response[32m 1[2mms[22m[39m
 [32mÔ£ô[39m frontend/src/config/__tests__/api.test.ts[2m > [22mapi[2m > [22mApiClient[2m > [22merror handling[2m > [22mshould handle absolute URLs[32m 0[2mms[22m[39m
 [32mÔ£ô[39m backend/src/middleware/__tests__/upload.test.ts[2m > [22mUpload Middleware[2m > [22mgetUploadsDirectory[2m > [22mshould return uploads directory path[32m 4[2mms[22m[39m
 [32mÔ£ô[39m backend/src/middleware/__tests__/upload.test.ts[2m > [22mUpload Middleware[2m > [22mgetUploadsDirectory[2m > [22mshould create uploads directory if it does not exist[32m 1[2mms[22m[39m
 [32mÔ£ô[39m backend/src/middleware/__tests__/upload.test.ts[2m > [22mUpload Middleware[2m > [22muploadProfilePicture[2m > [22mshould be a function[32m 0[2mms[22m[39m
 [32mÔ£ô[39m backend/src/middleware/__tests__/upload.test.ts[2m > [22mUpload Middleware[2m > [22mUploadConfig[2m > [22mconstructor[2m > [22mshould create instance with default settings[32m 1[2mms[22m[39m
 [32mÔ£ô[39m backend/src/middleware/__tests__/upload.test.ts[2m > [22mUpload Middleware[2m > [22mUploadConfig[2m > [22mconstructor[2m > [22mshould create instance with custom max file size[32m 1[2mms[22m[39m
 [32mÔ£ô[39m backend/src/middleware/__tests__/upload.test.ts[2m > [22mUpload Middleware[2m > [22mUploadConfig[2m > [22mconstructor[2m > [22mshould use DB_PATH environment variable if set (relative path)[32m 2[2mms[22m[39m
 [32mÔ£ô[39m backend/src/middleware/__tests__/upload.test.ts[2m > [22mUpload Middleware[2m > [22mUploadConfig[2m > [22mconstructor[2m > [22mshould use DB_PATH environment variable if set (absolute path)[32m 2[2mms[22m[39m
 [32mÔ£ô[39m backend/src/middleware/__tests__/upload.test.ts[2m > [22mUpload Middleware[2m > [22mUploadConfig[2m > [22mgetUploadsDirectory[2m > [22mshould return the uploads directory path[32m 1[2mms[22m[39m
 [32mÔ£ô[39m backend/src/middleware/__tests__/upload.test.ts[2m > [22mUpload Middleware[2m > [22mUploadConfig[2m > [22mgetUploadsDirectory[2m > [22mshould return consistent path for same instance[32m 0[2mms[22m[39m
 [32mÔ£ô[39m backend/src/middleware/__tests__/upload.test.ts[2m > [22mUpload Middleware[2m > [22mUploadConfig[2m > [22mgetMulterInstance[2m > [22mshould return multer instance[32m 1[2mms[22m[39m
 [32mÔ£ô[39m backend/src/middleware/__tests__/upload.test.ts[2m > [22mUpload Middleware[2m > [22mUploadConfig[2m > [22mgetMulterInstance[2m > [22mshould return same instance on multiple calls[32m 0[2mms[22m[39m
 [32mÔ£ô[39m backend/src/middleware/__tests__/upload.test.ts[2m > [22mUpload Middleware[2m > [22mUploadConfig[2m > [22mgetProfilePictureMiddleware[2m > [22mshould return middleware function[32m 0[2mms[22m[39m
 [32mÔ£ô[39m backend/src/middleware/__tests__/upload.test.ts[2m > [22mUpload Middleware[2m > [22mUploadConfig[2m > [22mmulter configuration[2m > [22mshould create multer instance with storage configured[32m 0[2mms[22m[39m
 [32mÔ£ô[39m backend/src/middleware/__tests__/upload.test.ts[2m > [22mUpload Middleware[2m > [22mUploadConfig[2m > [22mmulter configuration[2m > [22mshould create middleware function[32m 0[2mms[22m[39m
 [32mÔ£ô[39m backend/src/middleware/__tests__/upload.test.ts[2m > [22mUpload Middleware[2m > [22mUploadConfig[2m > [22mmulter configuration[2m > [22mshould use configured uploads directory[32m 0[2mms[22m[39m
 [32mÔ£ô[39m backend/src/middleware/__tests__/upload.test.ts[2m > [22mUpload Middleware[2m > [22mUploadConfig[2m > [22mmulter configuration[2m > [22mshould return same multer instance on multiple calls[32m 0[2mms[22m[39m
 [32mÔ£ô[39m backend/src/middleware/__tests__/upload.test.ts[2m > [22mUpload Middleware[2m > [22mUploadConfig[2m > [22mmulter configuration[2m > [22mshould generate unique filenames through storage[32m 12[2mms[22m[39m
 [32mÔ£ô[39m backend/src/middleware/__tests__/upload.test.ts[2m > [22mUpload Middleware[2m > [22mUploadConfig[2m > [22mmulter configuration[2m > [22mshould sanitize special characters in filenames[32m 4[2mms[22m[39m
 [32mÔ£ô[39m backend/src/middleware/__tests__/upload.test.ts[2m > [22mUpload Middleware[2m > [22mUploadConfig[2m > [22mmulter configuration[2m > [22mshould use correct destination directory in storage[32m 4[2mms[22m[39m
 [32mÔ£ô[39m backend/src/services/__tests__/index.test.ts[2m > [22mServices Index[2m > [22minitializeServices[2m > [22mshould initialize all services with database[32m 7[2mms[22m[39m
 [32mÔ£ô[39m backend/src/services/__tests__/index.test.ts[2m > [22mServices Index[2m > [22minitializeServices[2m > [22mshould create EmailService instance[32m 3[2mms[22m[39m
 [32mÔ£ô[39m backend/src/services/__tests__/index.test.ts[2m > [22mServices Index[2m > [22minitializeServices[2m > [22mshould create AuthService with database and emailService[32m 2[2mms[22m[39m
 [32mÔ£ô[39m backend/src/services/__tests__/index.test.ts[2m > [22mServices Index[2m > [22minitializeServices[2m > [22mshould create UserService with database[32m 2[2mms[22m[39m
 [32mÔ£ô[39m backend/src/services/__tests__/index.test.ts[2m > [22mServices Index[2m > [22minitializeServices[2m > [22mshould create TrackingService with database[32m 3[2mms[22m[39m
 [32mÔ£ô[39m backend/src/services/__tests__/index.test.ts[2m > [22mServices Index[2m > [22mgetAuthService[2m > [22mshould return AuthService instance after initialization[32m 3[2mms[22m[39m
 [32mÔ£ô[39m backend/src/services/__tests__/index.test.ts[2m > [22mServices Index[2m > [22mgetAuthService[2m > [22mshould throw error if services not initialized[32m 10[2mms[22m[39m
 [32mÔ£ô[39m backend/src/services/__tests__/index.test.ts[2m > [22mServices Index[2m > [22mgetUserService[2m > [22mshould return UserService instance after initialization[32m 2[2mms[22m[39m
 [32mÔ£ô[39m backend/src/services/__tests__/index.test.ts[2m > [22mServices Index[2m > [22mgetUserService[2m > [22mshould throw error if services not initialized[32m 7[2mms[22m[39m
 [32mÔ£ô[39m backend/src/services/__tests__/index.test.ts[2m > [22mServices Index[2m > [22mgetTrackingService[2m > [22mshould return TrackingService instance after initialization[32m 3[2mms[22m[39m
 [32mÔ£ô[39m backend/src/services/__tests__/index.test.ts[2m > [22mServices Index[2m > [22mgetTrackingService[2m > [22mshould throw error if services not initialized[32m 8[2mms[22m[39m
 [32mÔ£ô[39m backend/src/services/__tests__/index.test.ts[2m > [22mServices Index[2m > [22mgetEmailService[2m > [22mshould return EmailService instance after initialization[32m 3[2mms[22m[39m
 [32mÔ£ô[39m backend/src/services/__tests__/index.test.ts[2m > [22mServices Index[2m > [22mgetEmailService[2m > [22mshould throw error if services not initialized[32m 8[2mms[22m[39m
 [32mÔ£ô[39m backend/src/services/lifecycle/__tests__/TrackingLifecycleManager.test.ts[2m > [22mTrackingLifecycleManager[2m > [22mstate transitions[2m > [22mshould validate valid transition[32m 9[2mms[22m[39m
 [32mÔ£ô[39m backend/src/services/lifecycle/__tests__/TrackingLifecycleManager.test.ts[2m > [22mTrackingLifecycleManager[2m > [22mstate transitions[2m > [22mshould reject invalid transition from DELETED[32m 5[2mms[22m[39m
 [32mÔ£ô[39m backend/src/services/lifecycle/__tests__/TrackingLifecycleManager.test.ts[2m > [22mTrackingLifecycleManager[2m > [22mstate transitions[2m > [22mshould handle paused state transition and delete upcoming reminders[32m 5[2mms[22m[39m
 [32mÔ£ô[39m backend/src/services/__tests__/authService.test.ts[2m > [22mAuthService[2m > [22mverifyToken[2m > [22mshould verify valid token and return user ID[32m 28[2mms[22m[39m
 [32mÔ£ô[39m backend/src/services/__tests__/authService.test.ts[2m > [22mAuthService[2m > [22mverifyToken[2m > [22mshould throw error for invalid token[32m 6[2mms[22m[39m
 [32mÔ£ô[39m backend/src/services/__tests__/authService.test.ts[2m > [22mAuthService[2m > [22mverifyToken[2m > [22mshould throw error for expired token[32m 2[2mms[22m[39m
 [32mÔ£ô[39m backend/src/services/__tests__/authService.test.ts[2m > [22mAuthService[2m > [22mgetUserById[2m > [22mshould return user for existing ID[32m 4[2mms[22m[39m
 [32mÔ£ô[39m backend/src/services/__tests__/authService.test.ts[2m > [22mAuthService[2m > [22mgetUserById[2m > [22mshould return null for non-existent ID[32m 3[2mms[22m[39m
 [32mÔ£ô[39m backend/src/services/__tests__/authService.test.ts[2m > [22mAuthService[2m > [22mrequestEmailChange[2m > [22mshould request email change successfully[32m 8[2mms[22m[39m
 [32mÔ£ô[39m backend/src/services/__tests__/authService.test.ts[2m > [22mAuthService[2m > [22mrequestEmailChange[2m > [22mshould throw error if user not found[32m 11[2mms[22m[39m
 [32mÔ£ô[39m backend/src/services/__tests__/authService.test.ts[2m > [22mAuthService[2m > [22mrequestEmailChange[2m > [22mshould throw error if new email is same as current email[32m 5[2mms[22m[39m
 [32mÔ£ô[39m backend/src/services/__tests__/authService.test.ts[2m > [22mAuthService[2m > [22mrequestEmailChange[2m > [22mshould throw error if new email is already registered[32m 2[2mms[22m[39m
 [32mÔ£ô[39m backend/src/services/__tests__/authService.test.ts[2m > [22mAuthService[2m > [22mrequestEmailChange[2m > [22mshould throw error for invalid email format[32m 2[2mms[22m[39m
 [32mÔ£ô[39m backend/src/services/__tests__/authService.test.ts[2m > [22mAuthService[2m > [22mrequestEmailChange[2m > [22mshould check for duplicate email before cooldown[32m 3[2mms[22m[39m
[90mstderr[2m | backend/src
/middleware/__tests__/authMid
dleware.test.ts[2m > 
[22m[2mauthMiddleware[2m 
> [22m[2mauthenticateToken
[2m > [22m[2mshould return 
500 for non-token errors
[22m[39m[2025-12-08T12:04:1
2.947Z] AUTH_MIDDLEWARE | 
Authentication error on 
/test: Error: Database error
    at D:/Code/habitus/backen
d/src/middleware/__tests__/au
thMiddleware.test.ts:183:9
    at [90mfile:///D:/Code/h
abitus/[39mnode_modules/[4m
@vitest/runner[24m/dist/inde
x.js:145:11
    at [90mfile:///D:/Code/h
abitus/[39mnode_modules/[4m
@vitest/runner[24m/dist/inde
x.js:919:26
    at [90mfile:///D:/Code/h
abitus/[39mnode_modules/[4m
@vitest/runner[24m/dist/inde
x.js:1244:20
    at new Promise 
(<anonymous>)
    at runWithTimeout [90m(f
ile:///D:/Code/habitus/[39mn
ode_modules/[4m@vitest/runne
r[24m/dist/index.js:1210:10
[90m)[39m
    at [90mfile:///D:/Code/h
abitus/[39mnode_modules/[4m
@vitest/runner[24m/dist/inde
x.js:1654:37
    at Traces.$ [90m(file://
/D:/Code/habitus/[39mnode_mo
dules/[4mvitest[24m/dist/ch
unks/traces.U4xDYhzZ.js:115:2
7[90m)[39m
    at trace [90m(file:///D:
/Code/habitus/[39mnode_modul
es/[4mvitest[24m/dist/chunk
s/test.DqQZzsWf.js:234:21[90
m)[39m
    at runTest [90m(file:///
D:/Code/habitus/[39mnode_mod
ules/[4m@vitest/runner[24m/
dist/index.js:1654:12[90m)[
39m

[90mstderr[2m | backend/src
/middleware/__tests__/authMid
dleware.test.ts[2m > 
[22m[2mauthMiddleware[2m 
> [22m[2mauthenticateToken
[2m > [22m[2mshould not 
fail request if 
updateLastAccess fails
[22m[39m[2025-12-08T12:04:1
2.958Z] AUTH_MIDDLEWARE | 
Error updating last access 
for userId 1: Error: Update 
failed
    at D:/Code/habitus/backen
d/src/middleware/__tests__/au
thMiddleware.test.ts:205:9
    at [90mfile:///D:/Code/h
abitus/[39mnode_modules/[4m
@vitest/runner[24m/dist/inde
x.js:145:11
    at [90mfile:///D:/Code/h
abitus/[39mnode_modules/[4m
@vitest/runner[24m/dist/inde
x.js:919:26
    at [90mfile:///D:/Code/h
abitus/[39mnode_modules/[4m
@vitest/runner[24m/dist/inde
x.js:1244:20
    at new Promise 
(<anonymous>)
    at runWithTimeout [90m(f
ile:///D:/Code/habitus/[39mn
ode_modules/[4m@vitest/runne
r[24m/dist/index.js:1210:10
[90m)[39m
    at [90mfile:///D:/Code/h
abitus/[39mnode_modules/[4m
@vitest/runner[24m/dist/inde
x.js:1654:37
    at Traces.$ [90m(file://
/D:/Code/habitus/[39mnode_mo
dules/[4mvitest[24m/dist/ch
unks/traces.U4xDYhzZ.js:115:2
7[90m)[39m
    at trace [90m(file:///D:
/Code/habitus/[39mnode_modul
es/[4mvitest[24m/dist/chunk
s/test.DqQZzsWf.js:234:21[90
m)[39m
    at runTest [90m(file:///
D:/Code/habitus/[39mnode_mod
ules/[4m@vitest/runner[24m/
dist/index.js:1654:12[90m)[
39m

[90mstderr[2m | backend/src
/services/__tests__/aiService
.test.ts[2m > 
[22m[2mAiService[2m > 
[22m[2msuggestEmoji[2m > 
[22m[2mshould handle API 
error response with JSON
[22m[39m[2025-12-08T12:04:1
2.952Z] AI_SERVICE | 
Perplexity API error: 
[33m401[39m Unauthorized {
  "error": "Invalid API key"
}
[2025-12-08T12:04:12.953Z] 
AI_SERVICE | Error 
suggesting emoji: Error: 
Perplexity API error: 401 
Unauthorized. {
  "error": "Invalid API key"
}
    at 
AiService.suggestEmoji (D:/Co
de/habitus/backend/src/servic
es/aiService.ts:96:15)
    at D:/Code/habitus/backen
d/src/services/__tests__/aiSe
rvice.test.ts:249:7
    at [90mfile:///D:/Code/h
abitus/[39mnode_modules/[4m
@vitest/runner[24m/dist/inde
x.js:919:20

[90mstderr[2m | backend/src
/services/__tests__/aiService
.test.ts[2m > 
[22m[2mAiService[2m > 
[22m[2msuggestEmoji[2m > 
[22m[2mshould handle API 
error response with text
[22m[39m[2025-12-08T12:04:1
2.961Z] AI_SERVICE | 
Perplexity API error: 
[33m500[39m Internal 
Server Error Server error 
occurred
[2025-12-08T12:04:12.961Z] 
AI_SERVICE | Error 
suggesting emoji: Error: 
Perplexity API error: 500 
Internal Server Error. 
Server error occurred
    at 
AiService.suggestEmoji (D:/Co
de/habitus/backend/src/servic
es/aiService.ts:96:15)
    at D:/Code/habitus/backen
d/src/services/__tests__/aiSe
rvice.test.ts:262:7
    at [90mfile:///D:/Code/h
abitus/[39mnode_modules/[4m
@vitest/runner[24m/dist/inde
x.js:919:20

[90mstderr[2m | backend/src
/services/__tests__/aiService
.test.ts[2m > 
[22m[2mAiService[2m > 
[22m[2msuggestEmoji[2m > 
[22m[2mshould handle 
network errors
[22m[39m[2025-12-08T12:04:1
2.963Z] AI_SERVICE | Error 
suggesting emoji: Error: 
Network request failed
    at D:/Code/habitus/backen
d/src/services/__tests__/aiSe
rvice.test.ts:269:9
    at [90mfile:///D:/Code/h
abitus/[39mnode_modules/[4m
@vitest/runner[24m/dist/inde
x.js:145:11
    at [90mfile:///D:/Code/h
abitus/[39mnode_modules/[4m
@vitest/runner[24m/dist/inde
x.js:919:26
    at [90mfile:///D:/Code/h
abitus/[39mnode_modules/[4m
@vitest/runner[24m/dist/inde
x.js:1244:20
    at new Promise 
(<anonymous>)
    at runWithTimeout [90m(f
ile:///D:/Code/habitus/[39mn
ode_modules/[4m@vitest/runne
r[24m/dist/index.js:1210:10
[90m)[39m
    at [90mfile:///D:/Code/h
abitus/[39mnode_modules/[4m
@vitest/runner[24m/dist/inde
x.js:1654:37
    at Traces.$ [90m(file://
/D:/Code/habitus/[39mnode_mo
dules/[4mvitest[24m/dist/ch
unks/traces.U4xDYhzZ.js:115:2
7[90m)[39m
    at trace [90m(file:///D:
/Code/habitus/[39mnode_modul
es/[4mvitest[24m/dist/chunk
s/test.DqQZzsWf.js:234:21[90
m)[39m
    at runTest [90m(file:///
D:/Code/habitus/[39mnode_mod
ules/[4m@vitest/runner[24m/
dist/index.js:1654:12[90m)[
39m

 [32mÔ£ô[39m backend/src/middleware/__tests__/authMiddleware.test.ts[2m > [22mauthMiddleware[2m > [22mauthenticateToken[2m > [22mshould authenticate valid token and call next[32m 9[2mms[22m[39m
 [32mÔ£ô[39m backend/src/middleware/__tests__/authMiddleware.test.ts[2m > [22mauthMiddleware[2m > [22mauthenticateToken[2m > [22mshould return 401 if no authorization header[32m 3[2mms[22m[39m
 [32mÔ£ô[39m backend/src/middleware/__tests__/authMiddleware.test.ts[2m > [22mauthMiddleware[2m > [22mauthenticateToken[2m > [22mshould return 401 if authorization header does not start with Bearer[32m 2[2mms[22m[39m
 [32mÔ£ô[39m backend/src/middleware/__tests__/authMiddleware.test.ts[2m > [22mauthMiddleware[2m > [22mauthenticateToken[2m > [22mshould return 401 if token is invalid[32m 3[2mms[22m[39m
 [32mÔ£ô[39m backend/src/middleware/__tests__/authMiddleware.test.ts[2m > [22mauthMiddleware[2m > [22mauthenticateToken[2m > [22mshould return 500 for non-token errors[32m 11[2mms[22m[39m
 [32mÔ£ô[39m backend/src/middleware/__tests__/authMiddleware.test.ts[2m > [22mauthMiddleware[2m > [22mauthenticateToken[2m > [22mshould not fail request if updateLastAccess fails[32m 3[2mms[22m[39m
 [32mÔ£ô[39m backend/src/middleware/__tests__/authMiddleware.test.ts[2m > [22mauthMiddleware[2m > [22mauthenticateToken[2m > [22mshould extract token correctly from Bearer header[32m 4[2mms[22m[39m
 [32mÔ£ô[39m backend/src/services/__tests__/aiService.test.ts[2m > [22mAiService[2m > [22mconstructor[2m > [22mshould use default model from constants when PERPLEXITY_MODEL is not set[32m 5[2mms[22m[39m
 [32mÔ£ô[39m backend/src/services/__tests__/aiService.test.ts[2m > [22mAiService[2m > [22mconstructor[2m > [22mshould use PERPLEXITY_MODEL environment variable when set[32m 1[2mms[22m[39m
 [32mÔ£ô[39m backend/src/services/__tests__/aiService.test.ts[2m > [22mAiService[2m > [22mconstructor[2m > [22mshould read PERPLEXITY_API_KEY from environment[32m 1[2mms[22m[39m
 [32mÔ£ô[39m backend/src/services/__tests__/aiService.test.ts[2m > [22mAiService[2m > [22msuggestEmoji[2m > [22mshould throw error when API key is not configured[32m 3[2mms[22m[39m
 [32mÔ£ô[39m backend/src/services/__tests__/aiService.test.ts[2m > [22mAiService[2m > [22msuggestEmoji[2m > [22mshould throw error when question is empty[32m 1[2mms[22m[39m
 [32mÔ£ô[39m backend/src/services/__tests__/aiService.test.ts[2m > [22mAiService[2m > [22msuggestEmoji[2m > [22mshould throw error when question is only whitespace[32m 1[2mms[22m[39m
 [32mÔ£ô[39m backend/src/services/__tests__/aiService.test.ts[2m > [22mAiService[2m > [22msuggestEmoji[2m > [22mshould use constants API URL and default model in fetch request[32m 5[2mms[22m[39m
 [32mÔ£ô[39m backend/src/services/__tests__/aiService.test.ts[2m > [22mAiService[2m > [22msuggestEmoji[2m > [22mshould use custom model from environment variable when set[32m 1[2mms[22m[39m
 [32mÔ£ô[39m backend/src/services/__tests__/aiService.test.ts[2m > [22mAiService[2m > [22msuggestEmoji[2m > [22mshould return emoji from API response[32m 1[2mms[22m[39m
 [32mÔ£ô[39m backend/src/services/__tests__/aiService.test.ts[2m > [22mAiService[2m > [22msuggestEmoji[2m > [22mshould extract emoji from response containing text and emoji[32m 1[2mms[22m[39m
 [32mÔ£ô[39m backend/src/services/__tests__/aiService.test.ts[2m > [22mAiService[2m > [22msuggestEmoji[2m > [22mshould return first character when API returns no emoji[32m 1[2mms[22m[39m
 [32mÔ£ô[39m backend/src/services/__tests__/aiService.test.ts[2m > [22mAiService[2m > [22msuggestEmoji[2m > [22mshould return default emoji from constants when API returns empty content[32m 1[2mms[22m[39m
 [32mÔ£ô[39m backend/src/services/__tests__/aiService.test.ts[2m > [22mAiService[2m > [22msuggestEmoji[2m > [22mshould return default emoji from constants when choices array is empty[32m 1[2mms[22m[39m
 [32mÔ£ô[39m backend/src/services/__tests__/aiService.test.ts[2m > [22mAiService[2m > [22msuggestEmoji[2m > [22mshould handle API error response with JSON[32m 9[2mms[22m[39m
 [32mÔ£ô[39m backend/src/services/__tests__/aiService.test.ts[2m > [22mAiService[2m > [22msuggestEmoji[2m > [22mshould handle API error response with text[32m 2[2mms[22m[39m
 [32mÔ£ô[39m backend/src/services/__tests__/aiService.test.ts[2m > [22mAiService[2m > [22msuggestEmoji[2m > [22mshould handle network errors[32m 2[2mms[22m[39m
 [32mÔ£ô[39m backend/src/services/__tests__/aiService.test.ts[2m > [22mAiService[2m > [22msuggestEmoji[2m > [22mshould trim question before sending to API[32m 1[2mms[22m[39m
 [32mÔ£ô[39m backend/src/services/__tests__/aiService.test.ts[2m > [22mAiService[2m > [22msuggestEmoji[2m > [22mshould send correct prompt format in request[32m 2[2mms[22m[39m
 [32mÔ£ô[39m backend/src/services/__tests__/aiService.test.ts[2m > [22mAiService[2m > [22msuggestEmoji[2m > [22mshould return first character when emoji regex doesn't match[32m 1[2mms[22m[39m
[90mstderr[2m | backend/src
/services/__tests__/emailServ
ice.test.ts[2m > 
[22m[2mEmailService[2m > 
[22m[2msendMagicLink[2m > 
[22m[2mshould throw error 
when SMTP credentials are 
missing
[22m[39m[2025-12-08T12:04:1
2.987Z] EMAIL | Error 
sending registration magic 
link email to 
user@example.com: Error: 
SMTP credentials not 
configured. Please set 
SMTP_USER and SMTP_PASS 
environment variables.
    at 
EmailService.getTransporter (
D:/Code/habitus/backend/src/s
ervices/emailService.ts:51:13
)
    at 
EmailService.sendMagicLink (D
:/Code/habitus/backend/src/se
rvices/emailService.ts:91:36)
    at D:/Code/habitus/backen
d/src/services/__tests__/emai
lService.test.ts:135:31
    at [90mfile:///D:/Code/h
abitus/[39mnode_modules/[4m
@vitest/runner[24m/dist/inde
x.js:145:11
    at [90mfile:///D:/Code/h
abitus/[39mnode_modules/[4m
@vitest/runner[24m/dist/inde
x.js:919:26
    at [90mfile:///D:/Code/h
abitus/[39mnode_modules/[4m
@vitest/runner[24m/dist/inde
x.js:1244:20
    at new Promise 
(<anonymous>)
    at runWithTimeout [90m(f
ile:///D:/Code/habitus/[39mn
ode_modules/[4m@vitest/runne
r[24m/dist/index.js:1210:10
[90m)[39m
    at [90mfile:///D:/Code/h
abitus/[39mnode_modules/[4m
@vitest/runner[24m/dist/inde
x.js:1654:37
    at Traces.$ [90m(file://
/D:/Code/habitus/[39mnode_mo
dules/[4mvitest[24m/dist/ch
unks/traces.U4xDYhzZ.js:115:2
7[90m)[39m

[90mstderr[2m | backend/src
/services/__tests__/emailServ
ice.test.ts[2m > 
[22m[2mEmailService[2m > 
[22m[2msendMagicLink[2m > 
[22m[2mshould throw error 
for Gmail app-specific 
password requirement
[22m[39m[2025-12-08T12:04:1
3.019Z] EMAIL | Error 
sending registration magic 
link email to 
user@example.com: Error: 
Authentication failed
    at D:/Code/habitus/backen
d/src/services/__tests__/emai
lService.test.ts:144:26
    at [90mfile:///D:/Code/h
abitus/[39mnode_modules/[4m
@vitest/runner[24m/dist/inde
x.js:145:11
    at [90mfile:///D:/Code/h
abitus/[39mnode_modules/[4m
@vitest/runner[24m/dist/inde
x.js:919:26
    at [90mfile:///D:/Code/h
abitus/[39mnode_modules/[4m
@vitest/runner[24m/dist/inde
x.js:1244:20
    at new Promise 
(<anonymous>)
    at runWithTimeout [90m(f
ile:///D:/Code/habitus/[39mn
ode_modules/[4m@vitest/runne
r[24m/dist/index.js:1210:10
[90m)[39m
    at [90mfile:///D:/Code/h
abitus/[39mnode_modules/[4m
@vitest/runner[24m/dist/inde
x.js:1654:37
    at Traces.$ [90m(file://
/D:/Code/habitus/[39mnode_mo
dules/[4mvitest[24m/dist/ch
unks/traces.U4xDYhzZ.js:115:2
7[90m)[39m
    at trace [90m(file:///D:
/Code/habitus/[39mnode_modul
es/[4mvitest[24m/dist/chunk
s/test.DqQZzsWf.js:234:21[90
m)[39m
    at runTest [90m(file:///
D:/Code/habitus/[39mnode_mod
ules/[4m@vitest/runner[24m/
dist/index.js:1654:12[90m)[
39m {
  code: [32m'EAUTH'[39m,
  responseCode: [33m534[39m
}

[90mstderr[2m | backend/src
/services/__tests__/emailServ
ice.test.ts[2m > 
[22m[2mEmailService[2m > 
[22m[2msendMagicLink[2m > 
[22m[2mshould throw error 
for other EAUTH errors
[22m[39m[2025-12-08T12:04:1
3.021Z] EMAIL | Error 
sending registration magic 
link email to 
user@example.com: Error: 
Invalid credentials
    at D:/Code/habitus/backen
d/src/services/__tests__/emai
lService.test.ts:155:26
    at [90mfile:///D:/Code/h
abitus/[39mnode_modules/[4m
@vitest/runner[24m/dist/inde
x.js:145:11
    at [90mfile:///D:/Code/h
abitus/[39mnode_modules/[4m
@vitest/runner[24m/dist/inde
x.js:919:26
    at [90mfile:///D:/Code/h
abitus/[39mnode_modules/[4m
@vitest/runner[24m/dist/inde
x.js:1244:20
    at new Promise 
(<anonymous>)
    at runWithTimeout [90m(f
ile:///D:/Code/habitus/[39mn
ode_modules/[4m@vitest/runne
r[24m/dist/index.js:1210:10
[90m)[39m
    at [90mfile:///D:/Code/h
abitus/[39mnode_modules/[4m
@vitest/runner[24m/dist/inde
x.js:1654:37
    at Traces.$ [90m(file://
/D:/Code/habitus/[39mnode_mo
dules/[4mvitest[24m/dist/ch
unks/traces.U4xDYhzZ.js:115:2
7[90m)[39m
    at trace [90m(file:///D:
/Code/habitus/[39mnode_modul
es/[4mvitest[24m/dist/chunk
s/test.DqQZzsWf.js:234:21[90
m)[39m
    at runTest [90m(file:///
D:/Code/habitus/[39mnode_mod
ules/[4m@vitest/runner[24m/
dist/index.js:1654:12[90m)[
39m {
  code: [32m'EAUTH'[39m,
  response: [32m'Invalid 
login'[39m
}

[90mstderr[2m | backend/src
/services/__tests__/emailServ
ice.test.ts[2m > 
[22m[2mEmailService[2m > 
[22m[2msendMagicLink[2m > 
[22m[2mshould throw error 
for generic email sending 
failures
[22m[39m[2025-12-08T12:04:1
3.023Z] EMAIL | Error 
sending registration magic 
link email to 
user@example.com: Error: 
Network error
    at D:/Code/habitus/backen
d/src/services/__tests__/emai
lService.test.ts:166:21
    at [90mfile:///D:/Code/h
abitus/[39mnode_modules/[4m
@vitest/runner[24m/dist/inde
x.js:145:11
    at [90mfile:///D:/Code/h
abitus/[39mnode_modules/[4m
@vitest/runner[24m/dist/inde
x.js:919:26
    at [90mfile:///D:/Code/h
abitus/[39mnode_modules/[4m
@vitest/runner[24m/dist/inde
x.js:1244:20
    at new Promise 
(<anonymous>)
    at runWithTimeout [90m(f
ile:///D:/Code/habitus/[39mn
ode_modules/[4m@vitest/runne
r[24m/dist/index.js:1210:10
[90m)[39m
    at [90mfile:///D:/Code/h
abitus/[39mnode_modules/[4m
@vitest/runner[24m/dist/inde
x.js:1654:37
    at Traces.$ [90m(file://
/D:/Code/habitus/[39mnode_mo
dules/[4mvitest[24m/dist/ch
unks/traces.U4xDYhzZ.js:115:2
7[90m)[39m
    at trace [90m(file:///D:
/Code/habitus/[39mnode_modul
es/[4mvitest[24m/dist/chunk
s/test.DqQZzsWf.js:234:21[90
m)[39m
    at runTest [90m(file:///
D:/Code/habitus/[39mnode_mod
ules/[4m@vitest/runner[24m/
dist/index.js:1654:12[90m)[
39m

[90mstderr[2m | backend/src
/services/__tests__/emailServ
ice.test.ts[2m > 
[22m[2mEmailService[2m > 
[22m[2msendEmail[2m > 
[22m[2mshould throw error 
when SMTP credentials are 
missing
[22m[39m[2025-12-08T12:04:1
3.034Z] EMAIL | Error 
sending email to 
user@example.com: Error: 
SMTP credentials not 
configured. Please set 
SMTP_USER and SMTP_PASS 
environment variables.
    at 
EmailService.getTransporter (
D:/Code/habitus/backend/src/s
ervices/emailService.ts:51:13
)
    at 
EmailService.sendEmail (D:/Co
de/habitus/backend/src/servic
es/emailService.ts:206:36)
    at D:/Code/habitus/backen
d/src/services/__tests__/emai
lService.test.ts:303:31
    at [90mfile:///D:/Code/h
abitus/[39mnode_modules/[4m
@vitest/runner[24m/dist/inde
x.js:145:11
    at [90mfile:///D:/Code/h
abitus/[39mnode_modules/[4m
@vitest/runner[24m/dist/inde
x.js:919:26
    at [90mfile:///D:/Code/h
abitus/[39mnode_modules/[4m
@vitest/runner[24m/dist/inde
x.js:1244:20
    at new Promise 
(<anonymous>)
    at runWithTimeout [90m(f
ile:///D:/Code/habitus/[39mn
ode_modules/[4m@vitest/runne
r[24m/dist/index.js:1210:10
[90m)[39m
    at [90mfile:///D:/Code/h
abitus/[39mnode_modules/[4m
@vitest/runner[24m/dist/inde
x.js:1654:37
    at Traces.$ [90m(file://
/D:/Code/habitus/[39mnode_mo
dules/[4mvitest[24m/dist/ch
unks/traces.U4xDYhzZ.js:115:2
7[90m)[39m

[90mstderr[2m | backend/src
/services/__tests__/emailServ
ice.test.ts[2m > 
[22m[2mEmailService[2m > 
[22m[2msendEmail[2m > 
[22m[2mshould throw error 
for Gmail app-specific 
password requirement
[22m[39m[2025-12-08T12:04:1
3.042Z] EMAIL | Error 
sending email to 
user@example.com: Error: 
Authentication failed
    at D:/Code/habitus/backen
d/src/services/__tests__/emai
lService.test.ts:308:26
    at [90mfile:///D:/Code/h
abitus/[39mnode_modules/[4m
@vitest/runner[24m/dist/inde
x.js:145:11
    at [90mfile:///D:/Code/h
abitus/[39mnode_modules/[4m
@vitest/runner[24m/dist/inde
x.js:919:26
    at [90mfile:///D:/Code/h
abitus/[39mnode_modules/[4m
@vitest/runner[24m/dist/inde
x.js:1244:20
    at new Promise 
(<anonymous>)
    at runWithTimeout [90m(f
ile:///D:/Code/habitus/[39mn
ode_modules/[4m@vitest/runne
r[24m/dist/index.js:1210:10
[90m)[39m
    at [90mfile:///D:/Code/h
abitus/[39mnode_modules/[4m
@vitest/runner[24m/dist/inde
x.js:1654:37
    at Traces.$ [90m(file://
/D:/Code/habitus/[39mnode_mo
dules/[4mvitest[24m/dist/ch
unks/traces.U4xDYhzZ.js:115:2
7[90m)[39m
    at trace [90m(file:///D:
/Code/habitus/[39mnode_modul
es/[4mvitest[24m/dist/chunk
s/test.DqQZzsWf.js:234:21[90
m)[39m
    at runTest [90m(file:///
D:/Code/habitus/[39mnode_mod
ules/[4m@vitest/runner[24m/
dist/index.js:1654:12[90m)[
39m {
  code: [32m'EAUTH'[39m,
  responseCode: [33m534[39m
}

[90mstderr[2m | backend/src
/services/__tests__/emailServ
ice.test.ts[2m > 
[22m[2mEmailService[2m > 
[22m[2msendEmail[2m > 
[22m[2mshould throw error 
for other EAUTH errors
[22m[39m[2025-12-08T12:04:1
3.043Z] EMAIL | Error 
sending email to 
user@example.com: Error: 
Invalid credentials
    at D:/Code/habitus/backen
d/src/services/__tests__/emai
lService.test.ts:319:26
    at [90mfile:///D:/Code/h
abitus/[39mnode_modules/[4m
@vitest/runner[24m/dist/inde
x.js:145:11
    at [90mfile:///D:/Code/h
abitus/[39mnode_modules/[4m
@vitest/runner[24m/dist/inde
x.js:919:26
    at [90mfile:///D:/Code/h
abitus/[39mnode_modules/[4m
@vitest/runner[24m/dist/inde
x.js:1244:20
    at new Promise 
(<anonymous>)
    at runWithTimeout [90m(f
ile:///D:/Code/habitus/[39mn
ode_modules/[4m@vitest/runne
r[24m/dist/index.js:1210:10
[90m)[39m
    at [90mfile:///D:/Code/h
abitus/[39mnode_modules/[4m
@vitest/runner[24m/dist/inde
x.js:1654:37
    at Traces.$ [90m(file://
/D:/Code/habitus/[39mnode_mo
dules/[4mvitest[24m/dist/ch
unks/traces.U4xDYhzZ.js:115:2
7[90m)[39m
    at trace [90m(file:///D:
/Code/habitus/[39mnode_modul
es/[4mvitest[24m/dist/chunk
s/test.DqQZzsWf.js:234:21[90
m)[39m
    at runTest [90m(file:///
D:/Code/habitus/[39mnode_mod
ules/[4m@vitest/runner[24m/
dist/index.js:1654:12[90m)[
39m {
  code: [32m'EAUTH'[39m,
  response: [32m'Invalid 
login'[39m
}

[90mstderr[2m | backend/src
/services/__tests__/emailServ
ice.test.ts[2m > 
[22m[2mEmailService[2m > 
[22m[2msendEmail[2m > 
[22m[2mshould throw error 
for generic email sending 
failures
[22m[39m[2025-12-08T12:04:1
3.045Z] EMAIL | Error 
sending email to 
user@example.com: Error: 
Network error
    at D:/Code/habitus/backen
d/src/services/__tests__/emai
lService.test.ts:330:21
    at [90mfile:///D:/Code/h
abitus/[39mnode_modules/[4m
@vitest/runner[24m/dist/inde
x.js:145:11
    at [90mfile:///D:/Code/h
abitus/[39mnode_modules/[4m
@vitest/runner[24m/dist/inde
x.js:919:26
    at [90mfile:///D:/Code/h
abitus/[39mnode_modules/[4m
@vitest/runner[24m/dist/inde
x.js:1244:20
    at new Promise 
(<anonymous>)
    at runWithTimeout [90m(f
ile:///D:/Code/habitus/[39mn
ode_modules/[4m@vitest/runne
r[24m/dist/index.js:1210:10
[90m)[39m
    at [90mfile:///D:/Code/h
abitus/[39mnode_modules/[4m
@vitest/runner[24m/dist/inde
x.js:1654:37
    at Traces.$ [90m(file://
/D:/Code/habitus/[39mnode_mo
dules/[4mvitest[24m/dist/ch
unks/traces.U4xDYhzZ.js:115:2
7[90m)[39m
    at trace [90m(file:///D:
/Code/habitus/[39mnode_modul
es/[4mvitest[24m/dist/chunk
s/test.DqQZzsWf.js:234:21[90
m)[39m
    at runTest [90m(file:///
D:/Code/habitus/[39mnode_mod
ules/[4m@vitest/runner[24m/
dist/index.js:1654:12[90m)[
39m

 [32mÔ£ô[39m frontend/src/utils/__tests__/citations.test.ts[2m > [22mCitationManager[2m > [22mshould have exactly 366 citations[32m 5[2mms[22m[39m
 [32mÔ£ô[39m frontend/src/utils/__tests__/citations.test.ts[2m > [22mCitationManager[2m > [22mshould create an instance with default citations[32m 1[2mms[22m[39m
 [32mÔ£ô[39m frontend/src/utils/__tests__/citations.test.ts[2m > [22mCitationManager[2m > [22mshould create an instance with custom citations[32m 2[2mms[22m[39m
 [32mÔ£ô[39m frontend/src/utils/__tests__/citations.test.ts[2m > [22mCitationManager[2m > [22mshould return a default message when no citations are provided[32m 1[2mms[22m[39m
 [32mÔ£ô[39m frontend/src/utils/__tests__/citations.test.ts[2m > [22mCitationManager[2m > [22mshould return the first citation on January 1st[32m 1[2mms[22m[39m
 [32mÔ£ô[39m frontend/src/utils/__tests__/citations.test.ts[2m > [22mCitationManager[2m > [22mshould use citations sequentially by day number[32m 1[2mms[22m[39m
 [32mÔ£ô[39m frontend/src/utils/__tests__/citations.test.ts[2m > [22mCitationManager[2m > [22mshould return different citations for different days[32m 2[2mms[22m[39m
 [32mÔ£ô[39m frontend/src/utils/__tests__/citations.test.ts[2m > [22mCitationManager[2m > [22mshould handle leap years correctly[32m 1[2mms[22m[39m
 [32mÔ£ô[39m frontend/src/utils/__tests__/citations.test.ts[2m > [22mCitationManager[2m > [22mshould return citation[364] for day 365 in a non-leap year[32m 1[2mms[22m[39m
 [32mÔ£ô[39m frontend/src/utils/__tests__/citations.test.ts[2m > [22mCitationManager[2m > [22mshould return citation[365] for day 366 in a leap year[32m 1[2mms[22m[39m
 [32mÔ£ô[39m frontend/src/utils/__tests__/citations.test.ts[2m > [22mCitationManager[2m > [22mshould have all citations as valid non-empty strings[32m 56[2mms[22m[39m
 [32mÔ£ô[39m frontend/src/utils/__tests__/citations.test.ts[2m > [22mCitationManager[2m > [22mshould return a copy of citations array, not a reference[32m 1[2mms[22m[39m
 [32mÔ£ô[39m frontend/src/utils/__tests__/citations.test.ts[2m > [22mBackward compatibility functions[2m > [22mshould work with default citation manager[32m 1[2mms[22m[39m
 [32mÔ£ô[39m frontend/src/utils/__tests__/citations.test.ts[2m > [22mBackward compatibility functions[2m > [22mshould export citations array correctly[32m 1[2mms[22m[39m
 [32mÔ£ô[39m backend/src/services/base/__tests__/BaseEntityService.test.ts[2m > [22mBaseEntityService[2m > [22mgetById[2m > [22mshould return null when entity does not exist[32m 9[2mms[22m[39m
 [32mÔ£ô[39m backend/src/services/base/__tests__/BaseEntityService.test.ts[2m > [22mBaseEntityService[2m > [22mgetById[2m > [22mshould return entity when it exists[32m 4[2mms[22m[39m
 [32mÔ£ô[39m backend/src/services/base/__tests__/BaseEntityService.test.ts[2m > [22mBaseEntityService[2m > [22mgetAllByUserId[2m > [22mshould return empty array when no entities exist[32m 5[2mms[22m[39m
 [32mÔ£ô[39m backend/src/services/base/__tests__/BaseEntityService.test.ts[2m > [22mBaseEntityService[2m > [22mgetAllByUserId[2m > [22mshould return all entities for a user[32m 6[2mms[22m[39m
 [32mÔ£ô[39m backend/src/services/__tests__/emailService.test.ts[2m > [22mEmailService[2m > [22mconstructor[2m > [22mshould use environment variables when no config provided[32m 11[2mms[22m[39m
 [32mÔ£ô[39m backend/src/services/__tests__/emailService.test.ts[2m > [22mEmailService[2m > [22mconstructor[2m > [22mshould use provided config over environment variables[32m 1[2mms[22m[39m
 [32mÔ£ô[39m backend/src/services/__tests__/emailService.test.ts[2m > [22mEmailService[2m > [22mconstructor[2m > [22mshould use defaults when no config or environment variables[32m 1[2mms[22m[39m
 [32mÔ£ô[39m backend/src/services/__tests__/emailService.test.ts[2m > [22mEmailService[2m > [22msendMagicLink[2m > [22mshould send registration magic link email successfully[32m 6[2mms[22m[39m
 [32mÔ£ô[39m backend/src/services/__tests__/emailService.test.ts[2m > [22mEmailService[2m > [22msendMagicLink[2m > [22mshould send login magic link email successfully[32m 2[2mms[22m[39m
 [32mÔ£ô[39m backend/src/services/__tests__/emailService.test.ts[2m > [22mEmailService[2m > [22msendMagicLink[2m > [22mshould include magic link in email[32m 2[2mms[22m[39m
 [32mÔ£ô[39m backend/src/services/__tests__/emailService.test.ts[2m > [22mEmailService[2m > [22msendMagicLink[2m > [22mshould throw error when SMTP credentials are missing[32m 31[2mms[22m[39m
 [32mÔ£ô[39m backend/src/services/__tests__/emailService.test.ts[2m > [22mEmailService[2m > [22msendMagicLink[2m > [22mshould throw error for Gmail app-specific password requirement[32m 2[2mms[22m[39m
 [32mÔ£ô[39m backend/src/services/__tests__/emailService.test.ts[2m > [22mEmailService[2m > [22msendMagicLink[2m > [22mshould throw error for other EAUTH errors[32m 2[2mms[22m[39m
 [32mÔ£ô[39m backend/src/services/__tests__/emailService.test.ts[2m > [22mEmailService[2m > [22msendMagicLink[2m > [22mshould throw error for generic email sending failures[32m 2[2mms[22m[39m
 [32mÔ£ô[39m backend/src/services/__tests__/emailService.test.ts[2m > [22mEmailService[2m > [22msendMagicLink[2m > [22mshould use secure connection for port 465[32m 1[2mms[22m[39m
 [32mÔ£ô[39m backend/src/services/__tests__/emailService.test.ts[2m > [22mEmailService[2m > [22msendMagicLink[2m > [22mshould reuse transporter instance[32m 1[2mms[22m[39m
 [32mÔ£ô[39m backend/src/services/__tests__/emailService.test.ts[2m > [22mEmailService[2m > [22msendEmail[2m > [22mshould send email successfully[32m 5[2mms[22m[39m
 [32mÔ£ô[39m backend/src/services/__tests__/emailService.test.ts[2m > [22mEmailService[2m > [22msendEmail[2m > [22mshould send email with HTML content[32m 1[2mms[22m[39m
 [32mÔ£ô[39m backend/src/services/__tests__/emailService.test.ts[2m > [22mEmailService[2m > [22msendEmail[2m > [22mshould convert newlines to <br> when no HTML provided[32m 0[2mms[22m[39m
 [32mÔ£ô[39m backend/src/services/__tests__/emailService.test.ts[2m > [22mEmailService[2m > [22msendEmail[2m > [22mshould send email change verification email with button[32m 2[2mms[22m[39m
 [32mÔ£ô[39m backend/src/services/__tests__/emailService.test.ts[2m > [22mEmailService[2m > [22msendEmail[2m > [22mshould throw error when SMTP credentials are missing[32m 7[2mms[22m[39m
 [32mÔ£ô[39m backend/src/services/__tests__/emailService.test.ts[2m > [22mEmailService[2m > [22msendEmail[2m > [22mshould throw error for Gmail app-specific password requirement[32m 2[2mms[22m[39m
 [32mÔ£ô[39m backend/src/services/__tests__/emailService.test.ts[2m > [22mEmailService[2m > [22msendEmail[2m > [22mshould throw error for other EAUTH errors[32m 1[2mms[22m[39m
 [32mÔ£ô[39m backend/src/services/__tests__/emailService.test.ts[2m > [22mEmailService[2m > [22msendEmail[2m > [22mshould throw error for generic email sending failures[32m 3[2mms[22m[39m
 [32mÔ£ô[39m frontend/src/models/__tests__/DaysPatternBuilder.test.ts[2m > [22mDaysPatternBuilder[2m > [22mconstructor[2m > [22mshould initialize with default values when no pattern provided[32m 5[2mms[22m[39m
 [32mÔ£ô[39m frontend/src/models/__tests__/DaysPatternBuilder.test.ts[2m > [22mDaysPatternBuilder[2m > [22mconstructor[2m > [22mshould initialize from existing daily pattern[32m 1[2mms[22m[39m
 [32mÔ£ô[39m frontend/src/models/__tests__/DaysPatternBuilder.test.ts[2m > [22mDaysPatternBuilder[2m > [22mconstructor[2m > [22mshould detect weekly preset from day-of-week pattern[32m 0[2mms[22m[39m
 [32mÔ£ô[39m frontend/src/models/__tests__/DaysPatternBuilder.test.ts[2m > [22mDaysPatternBuilder[2m > [22mconstructor[2m > [22mshould detect weekly preset from pattern[32m 0[2mms[22m[39m
 [32mÔ£ô[39m frontend/src/models/__tests__/DaysPatternBuilder.test.ts[2m > [22mDaysPatternBuilder[2m > [22mconstructor[2m > [22mshould detect monthly preset from pattern[32m 0[2mms[22m[39m
 [32mÔ£ô[39m frontend/src/models/__tests__/DaysPatternBuilder.test.ts[2m > [22mDaysPatternBuilder[2m > [22mconstructor[2m > [22mshould detect yearly preset from pattern[32m 0[2mms[22m[39m
 [32mÔ£ô[39m frontend/src/models/__tests__/DaysPatternBuilder.test.ts[2m > [22mDaysPatternBuilder[2m > [22mpreset management[2m > [22mshould get and set preset[32m 0[2mms[22m[39m
 [32mÔ£ô[39m frontend/src/models/__tests__/DaysPatternBuilder.test.ts[2m > [22mDaysPatternBuilder[2m > [22mweekly pattern[2m > [22mshould get and set selected days[32m 0[2mms[22m[39m
 [32mÔ£ô[39m frontend/src/models/__tests__/DaysPatternBuilder.test.ts[2m > [22mDaysPatternBuilder[2m > [22mweekly pattern[2m > [22mshould toggle day[32m 0[2mms[22m[39m
 [32mÔ£ô[39m frontend/src/models/__tests__/DaysPatternBuilder.test.ts[2m > [22mDaysPatternBuilder[2m > [22mweekly pattern[2m > [22mshould build weekly pattern[32m 1[2mms[22m[39m
 [32mÔ£ô[39m frontend/src/models/__tests__/DaysPatternBuilder.test.ts[2m > [22mDaysPatternBuilder[2m > [22mweekly pattern[2m > [22mshould throw error when no days selected[32m 2[2mms[22m[39m
 [32mÔ£ô[39m frontend/src/models/__tests__/DaysPatternBuilder.test.ts[2m > [22mDaysPatternBuilder[2m > [22mmonthly pattern[2m > [22mshould get and set monthly day[32m 0[2mms[22m[39m
 [32mÔ£ô[39m frontend/src/models/__tests__/DaysPatternBuilder.test.ts[2m > [22mDaysPatternBuilder[2m > [22mmonthly pattern[2m > [22mshould get and set monthly type[32m 0[2mms[22m[39m
 [32mÔ£ô[39m frontend/src/models/__tests__/DaysPatternBuilder.test.ts[2m > [22mDaysPatternBuilder[2m > [22mmonthly pattern[2m > [22mshould build monthly pattern with day number[32m 0[2mms[22m[39m
 [32mÔ£ô[39m frontend/src/models/__tests__/DaysPatternBuilder.test.ts[2m > [22mDaysPatternBuilder[2m > [22mmonthly pattern[2m > [22mshould build monthly pattern with last day[32m 0[2mms[22m[39m
 [32mÔ£ô[39m frontend/src/models/__tests__/DaysPatternBuilder.test.ts[2m > [22mDaysPatternBuilder[2m > [22mmonthly pattern[2m > [22mshould build monthly pattern with weekday ordinal[32m 0[2mms[22m[39m
 [32mÔ£ô[39m frontend/src/models/__tests__/DaysPatternBuilder.test.ts[2m > [22mDaysPatternBuilder[2m > [22myearly pattern[2m > [22mshould get and set yearly month[32m 0[2mms[22m[39m
 [32mÔ£ô[39m frontend/src/models/__tests__/DaysPatternBuilder.test.ts[2m > [22mDaysPatternBuilder[2m > [22myearly pattern[2m > [22mshould get and set yearly day[32m 0[2mms[22m[39m
 [32mÔ£ô[39m frontend/src/models/__tests__/DaysPatternBuilder.test.ts[2m > [22mDaysPatternBuilder[2m > [22myearly pattern[2m > [22mshould build yearly pattern[32m 0[2mms[22m[39m
 [32mÔ£ô[39m frontend/src/models/__tests__/DaysPatternBuilder.test.ts[2m > [22mDaysPatternBuilder[2m > [22mdaily pattern[2m > [22mshould return daily interval pattern for daily preset[32m 0[2mms[22m[39m
 [32mÔ£ô[39m frontend/src/models/__tests__/DaysPatternBuilder.test.ts[2m > [22mDaysPatternBuilder[2m > [22mvalidation[2m > [22mshould return null for valid pattern[32m 0[2mms[22m[39m
 [32mÔ£ô[39m frontend/src/models/__tests__/DaysPatternBuilder.test.ts[2m > [22mDaysPatternBuilder[2m > [22mvalidation[2m > [22mshould return error message for invalid pattern[32m 0[2mms[22m[39m
 [32mÔ£ô[39m frontend/src/models/__tests__/DaysPatternBuilder.test.ts[2m > [22mDaysPatternBuilder[2m > [22mvalidation[2m > [22mshould return error message for weekly pattern without days[32m 0[2mms[22m[39m
 [32mÔ£ô[39m frontend/src/models/__tests__/DaysPatternBuilder.test.ts[2m > [22mDaysPatternBuilder[2m > [22mdetectPresetFromPattern[2m > [22mshould detect daily from interval pattern with 1 day[32m 0[2mms[22m[39m
 [32mÔ£ô[39m frontend/src/models/__tests__/DaysPatternBuilder.test.ts[2m > [22mDaysPatternBuilder[2m > [22mdetectPresetFromPattern[2m > [22mshould detect daily from any interval pattern (simplified UI)[32m 0[2mms[22m[39m
 [32mÔ£ô[39m frontend/src/models/__tests__/DaysPatternBuilder.test.ts[2m > [22mDaysPatternBuilder[2m > [22mdetectPresetFromPattern[2m > [22mshould detect weekly from day-of-week pattern[32m 1[2mms[22m[39m
 [32mÔ£ô[39m frontend/src/models/__tests__/DaysPatternBuilder.test.ts[2m > [22mDaysPatternBuilder[2m > [22mdetectPresetFromPattern[2m > [22mshould detect weekly from other day-of-week patterns[32m 0[2mms[22m[39m
 [32mÔ£ô[39m frontend/src/models/__tests__/DaysPatternBuilder.test.ts[2m > [22mDaysPatternBuilder[2m > [22mdetectPresetFromPattern[2m > [22mshould detect monthly from day-of-month pattern[32m 0[2mms[22m[39m
 [32mÔ£ô[39m frontend/src/models/__tests__/DaysPatternBuilder.test.ts[2m > [22mDaysPatternBuilder[2m > [22msetPreset with weekly[2m > [22mshould default to Monday when switching to weekly with empty days[32m 0[2mms[22m[39m
 [32mÔ£ô[39m frontend/src/models/__tests__/DaysPatternBuilder.test.ts[2m > [22mDaysPatternBuilder[2m > [22msetPreset with weekly[2m > [22mshould not change selectedDays when switching to weekly with existing days[32m 1[2mms[22m[39m
 [32mÔ£ô[39m frontend/src/models/__tests__/DaysPatternBuilder.test.ts[2m > [22mDaysPatternBuilder[2m > [22mtoggleDay[2m > [22mshould add day when not in selection[32m 0[2mms[22m[39m
 [32mÔ£ô[39m frontend/src/models/__tests__/DaysPatternBuilder.test.ts[2m > [22mDaysPatternBuilder[2m > [22mtoggleDay[2m > [22mshould remove day when already in selection[32m 0[2mms[22m[39m
 [32mÔ£ô[39m frontend/src/models/__tests__/DaysPatternBuilder.test.ts[2m > [22mDaysPatternBuilder[2m > [22mvalidate error handling[2m > [22mshould return error message for weekly pattern without days[32m 0[2mms[22m[39m
 [32mÔ£ô[39m frontend/src/models/__tests__/DaysPatternBuilder.test.ts[2m > [22mDaysPatternBuilder[2m > [22mvalidate error handling[2m > [22mshould return null for valid daily pattern[32m 0[2mms[22m[39m
 [32mÔ£ô[39m frontend/src/models/__tests__/DaysPatternBuilder.test.ts[2m > [22mDaysPatternBuilder[2m > [22mvalidate error handling[2m > [22mshould return null for valid weekly pattern[32m 0[2mms[22m[39m
 [32mÔ£ô[39m frontend/src/models/__tests__/DaysPatternBuilder.test.ts[2m > [22mDaysPatternBuilder[2m > [22mvalidate error handling[2m > [22mshould return null for valid monthly pattern[32m 0[2mms[22m[39m
 [32mÔ£ô[39m frontend/src/models/__tests__/DaysPatternBuilder.test.ts[2m > [22mDaysPatternBuilder[2m > [22mvalidate error handling[2m > [22mshould return null for valid yearly pattern[32m 0[2mms[22m[39m
 [32mÔ£ô[39m backend/src/services/lifecycle/__tests__/LifecycleManager.test.ts[2m > [22mLifecycleManager[2m > [22mtransition[2m > [22mshould validate transition and call hooks[32m 9[2mms[22m[39m
 [32mÔ£ô[39m backend/src/services/lifecycle/__tests__/LifecycleManager.test.ts[2m > [22mLifecycleManager[2m > [22mtransition[2m > [22mshould throw error for invalid transition[32m 4[2mms[22m[39m
 [32mÔ£ô[39m backend/src/services/lifecycle/__tests__/LifecycleManager.test.ts[2m > [22mLifecycleManager[2m > [22mtransition[2m > [22mshould throw error for same state transition[32m 3[2mms[22m[39m
 [32mÔ£ô[39m backend/src/services/lifecycle/__tests__/LifecycleManager.test.ts[2m > [22mLifecycleManager[2m > [22monCreate[2m > [22mshould execute onCreate handlers[32m 4[2mms[22m[39m
 [32mÔ£ô[39m frontend/src/models/__tests__/Tracking.test.ts[2m > [22mTracking[2m > [22mconstructor[2m > [22mshould create a Tracking instance with all properties[32m 2[2mms[22m[39m
 [32mÔ£ô[39m frontend/src/models/__tests__/Tracking.test.ts[2m > [22mTracking[2m > [22mconstructor[2m > [22mshould create a Tracking instance with optional properties undefined[32m 1[2mms[22m[39m
 [32mÔ£ô[39m frontend/src/models/__tests__/Tracking.test.ts[2m > [22mTracking[2m > [22mvalidate[2m > [22mshould validate and trim question[32m 1[2mms[22m[39m
 [32mÔ£ô[39m frontend/src/models/__tests__/Tracking.test.ts[2m > [22mTracking[2m > [22mvalidate[2m > [22mshould validate and trim notes when provided[32m 0[2mms[22m[39m
 [32mÔ£ô[39m frontend/src/models/__tests__/Tracking.test.ts[2m > [22mTracking[2m > [22mvalidate[2m > [22mshould handle undefined notes[32m 0[2mms[22m[39m
 [32mÔ£ô[39m frontend/src/models/__tests__/Tracking.test.ts[2m > [22mTracking[2m > [22mtoJSON[2m > [22mshould convert Tracking instance to TrackingData[32m 2[2mms[22m[39m
 [32mÔ£ô[39m frontend/src/models/__tests__/Tracking.test.ts[2m > [22mTracking[2m > [22mtoJSON[2m > [22mshould convert Tracking instance with optional properties[32m 0[2mms[22m[39m
 [32mÔ£ô[39m frontend/src/models/__tests__/Tracking.test.ts[2m > [22mTracking[2m > [22mvalidateQuestion[2m > [22mshould trim and return valid question[32m 0[2mms[22m[39m
 [32mÔ£ô[39m frontend/src/models/__tests__/Tracking.test.ts[2m > [22mTracking[2m > [22mvalidateQuestion[2m > [22mshould throw TypeError if question is not a string[32m 1[2mms[22m[39m
 [32mÔ£ô[39m frontend/src/models/__tests__/Tracking.test.ts[2m > [22mTracking[2m > [22mvalidateQuestion[2m > [22mshould throw TypeError if question is empty after trim[32m 1[2mms[22m[39m
 [32mÔ£ô[39m frontend/src/models/__tests__/Tracking.test.ts[2m > [22mTracking[2m > [22mvalidateQuestion[2m > [22mshould throw TypeError if question exceeds MAX_QUESTION_LENGTH[32m 2[2mms[22m[39m
 [32mÔ£ô[39m frontend/src/models/__tests__/Tracking.test.ts[2m > [22mTracking[2m > [22mvalidateQuestion[2m > [22mshould accept question with exactly MAX_QUESTION_LENGTH characters[32m 0[2mms[22m[39m
 [32mÔ£ô[39m frontend/src/models/__tests__/Tracking.test.ts[2m > [22mTracking[2m > [22mvalidateNotes[2m > [22mshould return undefined for null or undefined[32m 0[2mms[22m[39m
 [32mÔ£ô[39m frontend/src/models/__tests__/Tracking.test.ts[2m > [22mTracking[2m > [22mvalidateNotes[2m > [22mshould trim and return valid notes[32m 0[2mms[22m[39m
 [32mÔ£ô[39m frontend/src/models/__tests__/Tracking.test.ts[2m > [22mTracking[2m > [22mvalidateNotes[2m > [22mshould return undefined for empty string after trim[32m 0[2mms[22m[39m
 [32mÔ£ô[39m frontend/src/models/__tests__/Tracking.test.ts[2m > [22mTracking[2m > [22mvalidateNotes[2m > [22mshould throw TypeError if notes is not a string[32m 0[2mms[22m[39m
 [32mÔ£ô[39m frontend/src/models/__tests__/Tracking.test.ts[2m > [22mTracking[2m > [22mvalidateNotes[2m > [22mshould return trimmed notes for valid string[32m 0[2mms[22m[39m
 [32mÔ£ô[39m frontend/src/models/__tests__/Tracking.test.ts[2m > [22mTracking[2m > [22mMAX_QUESTION_LENGTH[2m > [22mshould be 100[32m 0[2mms[22m[39m
 [32mÔ£ô[39m frontend/src/models/__tests__/User.test.ts[2m > [22mUser[2m > [22mconstructor[2m > [22mshould create a User instance with all properties[32m 2[2mms[22m[39m
 [32mÔ£ô[39m frontend/src/models/__tests__/User.test.ts[2m > [22mUser[2m > [22mconstructor[2m > [22mshould create a User instance with optional properties undefined[32m 1[2mms[22m[39m
 [32mÔ£ô[39m frontend/src/models/__tests__/User.test.ts[2m > [22mUser[2m > [22mvalidate[2m > [22mshould validate and trim name[32m 0[2mms[22m[39m
 [32mÔ£ô[39m frontend/src/models/__tests__/User.test.ts[2m > [22mUser[2m > [22mvalidate[2m > [22mshould throw TypeError if name is invalid[32m 1[2mms[22m[39m
 [32mÔ£ô[39m frontend/src/models/__tests__/User.test.ts[2m > [22mUser[2m > [22mtoJSON[2m > [22mshould convert User instance to UserData[32m 1[2mms[22m[39m
 [32mÔ£ô[39m frontend/src/models/__tests__/User.test.ts[2m > [22mUser[2m > [22mtoJSON[2m > [22mshould convert User instance with optional properties[32m 0[2mms[22m[39m
 [32mÔ£ô[39m frontend/src/models/__tests__/User.test.ts[2m > [22mUser[2m > [22mvalidateName[2m > [22mshould trim whitespace from name during validation[32m 0[2mms[22m[39m
 [32mÔ£ô[39m frontend/src/models/__tests__/User.test.ts[2m > [22mUser[2m > [22mvalidateName[2m > [22mshould throw TypeError if name is not a string[32m 0[2mms[22m[39m
 [32mÔ£ô[39m frontend/src/models/__tests__/User.test.ts[2m > [22mUser[2m > [22mvalidateName[2m > [22mshould throw TypeError if name is empty after trim[32m 0[2mms[22m[39m
 [32mÔ£ô[39m frontend/src/models/__tests__/User.test.ts[2m > [22mUser[2m > [22mvalidateName[2m > [22mshould throw TypeError if name exceeds MAX_NAME_LENGTH[32m 1[2mms[22m[39m
 [32mÔ£ô[39m frontend/src/models/__tests__/User.test.ts[2m > [22mUser[2m > [22mvalidateName[2m > [22mshould accept name with exactly MAX_NAME_LENGTH characters[32m 0[2mms[22m[39m
 [32mÔ£ô[39m frontend/src/models/__tests__/User.test.ts[2m > [22mUser[2m > [22mMAX_NAME_LENGTH[2m > [22mshould be 30[32m 0[2mms[22m[39m
 [32mÔ£ô[39m backend/src/setup/__tests__/constants.test.ts[2m > [22mConstants[2m > [22mAI Service Constants[2m > [22mshould export PERPLEXITY_DEFAULT_MODEL with correct value[32m 3[2mms[22m[39m
 [32mÔ£ô[39m backend/src/setup/__tests__/constants.test.ts[2m > [22mConstants[2m > [22mAI Service Constants[2m > [22mshould export PERPLEXITY_API_URL with correct value[32m 1[2mms[22m[39m
 [32mÔ£ô[39m backend/src/setup/__tests__/constants.test.ts[2m > [22mConstants[2m > [22mAI Service Constants[2m > [22mshould export AI_DEFAULT_EMOJI with correct value[32m 1[2mms[22m[39m
 [32mÔ£ô[39m backend/src/setup/__tests__/constants.test.ts[2m > [22mConstants[2m > [22mAI Service Constants[2m > [22mshould have PERPLEXITY_DEFAULT_MODEL as a string[32m 1[2mms[22m[39m
 [32mÔ£ô[39m backend/src/setup/__tests__/constants.test.ts[2m > [22mConstants[2m > [22mAI Service Constants[2m > [22mshould have PERPLEXITY_API_URL as a valid URL string[32m 1[2mms[22m[39m
 [32mÔ£ô[39m backend/src/setup/__tests__/constants.test.ts[2m > [22mConstants[2m > [22mAI Service Constants[2m > [22mshould have AI_DEFAULT_EMOJI as a non-empty string[32m 1[2mms[22m[39m
 [32mÔ£ô[39m backend/src/setup/__tests__/constants.test.ts[2m > [22mConstants[2m > [22mgetPort[2m > [22mshould return port number from VITE_PORT environment variable[32m 1[2mms[22m[39m
 [32mÔ£ô[39m backend/src/setup/__tests__/constants.test.ts[2m > [22mConstants[2m > [22mgetPort[2m > [22mshould throw error when VITE_PORT is not set[32m 2[2mms[22m[39m
 [32mÔ£ô[39m backend/src/setup/__tests__/constants.test.ts[2m > [22mConstants[2m > [22mgetPort[2m > [22mshould throw error when VITE_PORT is invalid (not a number)[32m 1[2mms[22m[39m
 [32mÔ£ô[39m backend/src/setup/__tests__/constants.test.ts[2m > [22mConstants[2m > [22mgetPort[2m > [22mshould throw error when VITE_PORT is zero[32m 1[2mms[22m[39m
 [32mÔ£ô[39m backend/src/setup/__tests__/constants.test.ts[2m > [22mConstants[2m > [22mgetPort[2m > [22mshould throw error when VITE_PORT is negative[32m 1[2mms[22m[39m
 [32mÔ£ô[39m backend/src/setup/__tests__/constants.test.ts[2m > [22mConstants[2m > [22mgetServerUrl[2m > [22mshould return server URL from VITE_SERVER_URL environment variable[32m 1[2mms[22m[39m
 [32mÔ£ô[39m backend/src/setup/__tests__/constants.test.ts[2m > [22mConstants[2m > [22mgetServerUrl[2m > [22mshould throw error when VITE_SERVER_URL is not set[32m 1[2mms[22m[39m
 [32mÔ£ô[39m backend/src/setup/__tests__/constants.test.ts[2m > [22mConstants[2m > [22mgetServerUrl[2m > [22mshould return any valid string as server URL[32m 1[2mms[22m[39m
 [32mÔ£ô[39m backend/src/services/lifecycle/__tests__/ReminderLifecycleManager.test.ts[2m > [22mReminderLifecycleManager[2m > [22mstatus transitions[2m > [22mshould validate valid transition from PENDING to ANSWERED[32m 8[2mms[22m[39m
 [32mÔ£ô[39m backend/src/services/lifecycle/__tests__/ReminderLifecycleManager.test.ts[2m > [22mReminderLifecycleManager[2m > [22mstatus transitions[2m > [22mshould reject transition from ANSWERED[32m 5[2mms[22m[39m
 [32mÔ£ô[39m backend/src/services/lifecycle/__tests__/ReminderLifecycleManager.test.ts[2m > [22mReminderLifecycleManager[2m > [22mstatus transitions[2m > [22mshould reject transition to same status[32m 3[2mms[22m[39m
 [32mÔ£ô[39m backend/src/middleware/__tests__/rateLimiter.test.ts[2m > [22mRate Limiter[2m > [22mauthRateLimiter[2m > [22mshould be defined[32m 3[2mms[22m[39m
 [32mÔ£ô[39m backend/src/middleware/__tests__/rateLimiter.test.ts[2m > [22mRate Limiter[2m > [22mauthRateLimiter[2m > [22mshould be a middleware function[32m 0[2mms[22m[39m
 [32mÔ£ô[39m backend/src/middleware/__tests__/rateLimiter.test.ts[2m > [22mRate Limiter[2m > [22mauthRateLimiter[2m > [22mshould have skip function that returns true in test environment[32m 0[2mms[22m[39m
 [32mÔ£ô[39m backend/src/middleware/__tests__/rateLimiter.test.ts[2m > [22mRate Limiter[2m > [22mauthRateLimiter[2m > [22mshould have skip function that returns false in production environment[32m 0[2mms[22m[39m
 [32mÔ£ô[39m backend/src/middleware/__tests__/rateLimiter.test.ts[2m > [22mRate Limiter[2m > [22mauthRateLimiter[2m > [22mshould have handler function for rate limit exceeded[32m 6[2mms[22m[39m
 [32mÔ£ô[39m backend/src/middleware/__tests__/rateLimiter.test.ts[2m > [22mRate Limiter[2m > [22mauthRateLimiter[2m > [22mshould use req.socket.remoteAddress when req.ip is not available[32m 1[2mms[22m[39m
 [32mÔ£ô[39m backend/src/middleware/__tests__/rateLimiter.test.ts[2m > [22mRate Limiter[2m > [22mauthRateLimiter[2m > [22mshould use 'unknown' when both req.ip and req.socket.remoteAddress are not available[32m 1[2mms[22m[39m
 [32mÔ£ô[39m backend/src/middleware/__tests__/rateLimiter.test.ts[2m > [22mRate Limiter[2m > [22mauthRateLimiter[2m > [22mshould log the correct path in the warning message[32m 1[2mms[22m[39m
 [32mÔ£ô[39m frontend/src/components/__tests__/Navigation.test.tsx[2m > [22mNavigation[2m > [22mshould render all navigation links[32m 165[2mms[22m[39m
 [32mÔ£ô[39m frontend/src/components/__tests__/Navigation.test.tsx[2m > [22mNavigation[2m > [22mshould highlight active link for dashboard[32m 21[2mms[22m[39m
 [32mÔ£ô[39m frontend/src/components/__tests__/Navigation.test.tsx[2m > [22mNavigation[2m > [22mshould highlight active link for trackings[32m 19[2mms[22m[39m
 [32mÔ£ô[39m frontend/src/components/__tests__/Navigation.test.tsx[2m > [22mNavigation[2m > [22mshould highlight active link for reminders[32m 19[2mms[22m[39m
 [32mÔ£ô[39m frontend/src/components/__tests__/Navigation.test.tsx[2m > [22mNavigation[2m > [22mshould show running trackings count badge[32m 9[2mms[22m[39m
 [32mÔ£ô[39m frontend/src/components/__tests__/Navigation.test.tsx[2m > [22mNavigation[2m > [22mshould show pending reminders count badge[32m 5[2mms[22m[39m
 [32mÔ£ô[39m frontend/src/components/__tests__/Navigation.test.tsx[2m > [22mNavigation[2m > [22mshould not show badges when counts are zero[32m 4[2mms[22m[39m
 [32mÔ£ô[39m frontend/src/hooks/__tests__/useReminders.test.ts[2m > [22museReminders[2m > [22mreminder polling[2m > [22mshould stop polling when token is removed during polling[33m 1985[2mms[22m[39m
 [32mÔ£ô[39m frontend/src/hooks/__tests__/useReminders.test.ts[2m > [22museReminders[2m > [22mreminder polling[2m > [22mshould refresh reminders when token changes during polling[32m 14[2mms[22m[39m
 [32mÔ£ô[39m frontend/src/components/__tests__/UsersList.test.tsx[2m > [22mUsersList[2m > [22mshould render empty state when no users[32m 26[2mms[22m[39m
 [32mÔ£ô[39m frontend/src/components/__tests__/UsersList.test.tsx[2m > [22mUsersList[2m > [22mshould render list of users[32m 9[2mms[22m[39m
 [32mÔ£ô[39m frontend/src/components/__tests__/UsersList.test.tsx[2m > [22mUsersList[2m > [22mshould escape HTML in user names to prevent XSS[32m 48[2mms[22m[39m
 [32mÔ£ô[39m frontend/src/components/__tests__/UsersList.test.tsx[2m > [22mUsersList[2m > [22mshould render heading[32m 7[2mms[22m[39m
 [32mÔ£ô[39m frontend/src/components/__tests__/UsersList.test.tsx[2m > [22mUsersList[2m > [22mshould render users in correct order[32m 8[2mms[22m[39m
 [32mÔ£ô[39m frontend/src/components/__tests__/UserProfile.test.tsx[2m > [22mUserProfile[2m > [22mshould render user profile with all information[32m 38[2mms[22m[39m
 [32mÔ£ô[39m frontend/src/components/__tests__/UserProfile.test.tsx[2m > [22mUserProfile[2m > [22mshould display formatted dates[32m 11[2mms[22m[39m
 [32mÔ£ô[39m frontend/src/components/__tests__/UserProfile.test.tsx[2m > [22mUserProfile[2m > [22mshould display user initials when no profile picture[32m 8[2mms[22m[39m
 [32mÔ£ô[39m frontend/src/components/__tests__/UserProfile.test.tsx[2m > [22mUserProfile[2m > [22mshould display profile picture when available[32m 8[2mms[22m[39m
 [32mÔ£ô[39m frontend/src/components/__tests__/UserProfile.test.tsx[2m > [22mUserProfile[2m > [22mshould handle single name for initials[32m 5[2mms[22m[39m
 [32mÔ£ô[39m frontend/src/components/__tests__/UserProfile.test.tsx[2m > [22mUserProfile[2m > [22mshould handle user without last_access[32m 6[2mms[22m[39m
 [32mÔ£ô[39m frontend/src/components/__tests__/UserProfile.test.tsx[2m > [22mUserProfile[2m > [22mshould handle user without created_at[32m 6[2mms[22m[39m
 [32mÔ£ô[39m frontend/src/components/__tests__/UserProfile.test.tsx[2m > [22mUserProfile[2m > [22mshould handle invalid date format gracefully[32m 8[2mms[22m[39m
 [32mÔ£ô[39m frontend/src/components/__tests__/UserProfile.test.tsx[2m > [22mUserProfile[2m > [22mshould display editable and read-only sections[32m 8[2mms[22m[39m
 [32mÔ£ô[39m frontend/src/components/__tests__/UserProfile.test.tsx[2m > [22mUserProfile[2m > [22mshould handle name with multiple words for initials[32m 5[2mms[22m[39m
 [32mÔ£ô[39m frontend/src/components/__tests__/Message.test.tsx[2m > [22mMessage[2m > [22mshould not render when text is empty[32m 24[2mms[22m[39m
 [32mÔ£ô[39m frontend/src/components/__tests__/Message.test.tsx[2m > [22mMessage[2m > [22mshould render success message[32m 62[2mms[22m[39m
 [32mÔ£ô[39m frontend/src/components/__tests__/Message.test.tsx[2m > [22mMessage[2m > [22mshould render error message[32m 4[2mms[22m[39m
 [32mÔ£ô[39m frontend/src/components/__tests__/Message.test.tsx[2m > [22mMessage[2m > [22mshould auto-hide success message after 5 seconds[32m 3[2mms[22m[39m
 [32mÔ£ô[39m frontend/src/components/__tests__/Message.test.tsx[2m > [22mMessage[2m > [22mshould not auto-hide error messages[32m 2[2mms[22m[39m
 [32mÔ£ô[39m frontend/src/components/__tests__/Message.test.tsx[2m > [22mMessage[2m > [22mshould cleanup timer on unmount[32m 1[2mms[22m[39m
 [32mÔ£ô[39m frontend/src/pages/__tests__/ProfilePage.test.tsx[2m > [22mProfilePage[2m > [22mshould render null when user is not authenticated[32m 14[2mms[22m[39m
 [32mÔ£ô[39m frontend/src/pages/__tests__/ProfilePage.test.tsx[2m > [22mProfilePage[2m > [22mshould render user profile information when authenticated[32m 64[2mms[22m[39m
 [32mÔ£ô[39m frontend/src/pages/__tests__/ProfilePage.test.tsx[2m > [22mProfilePage[2m > [22mshould display user name and email correctly[32m 3[2mms[22m[39m
 [32mÔ£ô[39m frontend/src/hooks/__tests__/useReminders.test.ts[2m > [22museReminders[2m > [22mreminder polling[2m > [22mshould handle visibility change - stop polling when hidden[33m 1971[2mms[22m[39m
 [32mÔ£ô[39m frontend/src/hooks/__tests__/useReminders.test.ts[2m > [22museReminders[2m > [22mreminder polling[2m > [22mshould handle visibility change - resume polling when visible[32m 85[2mms[22m[39m
 [32mÔ£ô[39m frontend/src/hooks/__tests__/useReminders.test.ts[2m > [22museReminders[2m > [22mreminder polling[2m > [22mshould handle multiple startPolling calls correctly[32m 73[2mms[22m[39m

[31mÔÄ»ÔÄ»ÔÄ»ÔÄ»ÔÄ»ÔÄ»[39m
[1m[41m Failed Tests 50 [49
m[22m[31mÔÄ»ÔÄ»ÔÄ»ÔÄ»ÔÄ»ÔÄ»
ÔÄ»[39m

[41m[1m FAIL [22m[49m fro
ntend/src/components/__tests_
_/RemindersList.test.tsx[2m 
> [22mRemindersList[2m > 
[22mshould render list of 
reminders
[31m[1mTestingLibraryElemen
tError[22m[39m: Found 
multiple elements with the 
text: Did I exercise?

Here are the matching 
elements:

Ignored nodes: comments, 
script, style
[36m<span[39m
  [33mclass[39m=[32m"track
ing-text"[39m
  [33mtitle[39m=[32m"ƒÆ¬ 
Did I exercise?"[39m
[36m>[39m
  [36m<span[39m
    [33mclass[39m=[32m"tra
cking-icon"[39m
  [36m>[39m
    [0m­ƒÆ¬[0m
  [36m</span>[39m
  [0mDid I exercise?[0m
[36m</span>[39m

Ignored nodes: comments, 
script, style
[36m<h3[39m
  [33mclass[39m=[32m"remin
der-card-question"[39m
[36m>[39m
  [0mDid I exercise?[0m
[36m</h3>[39m

(If this is intentional, 
then use the `*AllBy*` 
variant of the query (like 
`queryAllByText`, 
`getAllByText`, or 
`findAllByText`)).

Ignored nodes: comments, 
script, style
[36m<body>[39m
  [36m<div>[39m
    [36m<div[39m
      [33mclass[39m=[32m"r
eminders-list"[39m
    [36m>[39m
      [36m<div[39m
        [33mclass[39m=[32m
"reminders-list-content"[39m
      [36m>[39m
        [36m<div[39m
          [33mclass[39m=[3
2m"reminders-table-container"
[39m
        [36m>[39m
          [36m<table[39m
            [33mclass[39m=
[32m"reminders-table"[39m
          [36m>[39m
            [36m<thead>[39m
              [36m<tr>[39m
                [36m<th[39m
                  [33mclass
[39m=[32m"col-time"[39m
                [36m>[39m
                  
[36m<div[39m
                    [33mclas
s[39m=[32m"header-with-filt
er"[39m
                  [36m>[39m
                    
[36m<button[39m
                      [33mar
ia-expanded[39m=[32m"false"
[39m
                      [33mar
ia-label[39m=[32m"Show 
filters"[39m
                      [33mcl
ass[39m=[32m"filter-toggle-
button"[39m
                      
[33mtitle[39m=[32m"Show 
filters"[39m
                      [33mty
pe[39m=[32m"button"[39m
                    
[36m>[39m
                      
[36m<span[39m
                        [33m
class[39m=[32m"filter-toggl
e-icon"[39m
                      
[36m>[39m
                        [0m-
ƒöì[0m
                      
[36m</span>[39m
                    
[36m</button>[39m
                    
[36m<button[39m
                      [33mar
ia-label[39m=[32m"Sort by 
time"[39m
                      [33mcl
ass[39m=[32m"sortable-heade
r"[39m
                      [33mty
pe[39m=[32m"button"[39m
                    
[36m>[39m
                      
[0mTime[0m
                    
[36m</button>[39m
                  
[36m</div>[39m
                
[36m</th>[39m
                [36m<th[39m
                  [33mclass
[39m=[32m"col-tracking"[39m
                [36m>[39m
                  
[36m<button[39m
                    [33maria
-label[39m=[32m"Sort by 
tracking"[39m
                    [33mclas
s[39m=[32m"sortable-header"
[39m
                    [33mtype
[39m=[32m"button"[39m
                  [36m>[39m
                    
[0mTracking[0m
                  
[36m</button>[39m
                
[36m</th>[39m
                [36m<th[39m
                  [33mclass
[39m=[32m"col-notes"[39m
                [36m>[39m
                  
[36m<button[39m
                    [33maria
-label[39m=[32m"Sort by 
notes"[39m
                    [33mclas
s[39m=[32m"sortable-header"
[39m
                    [33mtype
[39m=[32m"button"[39m
                  [36m>[39m
                    
[0mNotes[0m
                  
[36m</button>[39m
                
[36m</th>[39m
                [36m<th[39m
                  [33mclass
[39m=[32m"col-actions"[39m
                [36m>[39m
                  
[0mActions[0m
                
[36m</th>[39m
              [36m</tr>[39m
            
[36m</thead>[39m
            [36m<tbody>[39m
              [36m<tr[39m
                [33mclass[3
9m=[32m"reminder-row"[39m
              [36m>[39m
                [36m<td[39m
                  [33mclass
[39m=[32m"cell-time"[39m
                [36m>[39m
                  
[0m1/1/2024 07:00 a.┬ám.[0m
                
[36m</td>[39m
                [36m<td[39m
                  [33mclass
[39m=[32m"cell-tracking"[39
m
                [36m>[39m
                  
[36m<span[39m
                    [33mclas
s[39m=[32m"tracking-text"[
39m
                    
[33mtitle[39m=[32m"ƒÆ¬ 
Did I exercise?"[39m
                  [36m>[39m
                    
[36m<span[39m
                      [33mcl
ass[39m=[32m"tracking-icon"
[39m
                    
[36m>[39m
                      [0m
ƒÆ¬[0m
                    
[36m</span>[39m
                    [0mDid 
I exercise?[0m
                  
[36m</span>[39m
                
[36m</td>[39m
                [36m<td[39m
                  [33mclass
[39m=[32m"cell-notes"[39m
                [36m>[39m
                  
[36m<textarea[39m
                    [33mclas
s[39m=[32m"notes-textarea"
[39m
                    [33mplac
eholder[39m=[32m"Add 
notes..."[39m
                    
[33mrows[39m=[32m"2"[39m
                  
[36m/>[39m
                
[36m</td>[39m
                [36m<td[39m
                  [33mclass
[39m=[32m"cell-actions"[39m
                [36m>[39m
                  
[36m<div[39m
                    [33mclas
s[39m=[32m"actions-containe
r"[39m
                  [36m>[39m
                    
[36m<div[39m
                      [33mcl
ass[39m=[32m"actions-button
s"[39m
                    
[36m>[39m
                      
[36m<button[39m
                        [33m
aria-label[39m=[32m"Complet
e reminder"[39m
                        [33m
class[39m=[32m"action-butto
n action-complete"[39m
                        [33m
title[39m=[32m"Complete 
reminder"[39m
                        [33m
type[39m=[32m"button"[39m
                      
[36m>[39m
                        
[0mÔ£ô[0m
                      
[36m</button>[39m
                      
[36m<button[39m
                        [33m
aria-label[39m=[32m"Dismiss
 reminder"[39m
                        [33m
class[39m=[32m"action-butto
n action-dismiss"[39m
                        [33m
title[39m=[32m"Dismiss 
reminder"[39m
                        [33m
type[39m=[32m"button"[39m
                      
[36m>[39m
                        
[0mÔ£ò[0m
                      
[36m</button>[39m
                      
[36m<button[39m
                        [33m
aria-label[39m=[32m"Snooze 
reminder"[39m
                        [33m
class[39m=[32m"action-butto
n action-snooze"[39m
                        
[33mtitle[39m=[32m"Snooze 
reminder (click to see 
options)"[39m
                        [33m
type[39m=[32m"button"[39m
                      
[36m>[39m
                        [0m-
ƒÆñ[0m
                      
[36m</button>[39m
                    
[36m</div>[39m
                  
[36m</div>[39m
                
[36m</td>[39m
              [36m</tr>[39m
            
[36m</tbody>[39m
          [36m</table>[39m
        [36m</div>[39m
        [36m<div[39m
          [33mclass[39m=[3
2m"reminders-cards"[39m
        [36m>[39m
          [36m<div[39m
            [33mclass[39m=
[32m"reminder-card"[39m
          [36m>[39m
            [36m<div[39m
              [33mclass[39m
=[32m"reminder-card-header"
[39m
            [36m>[39m
              [36m<div[39m
                [33mclass[3
9m=[32m"reminder-card-icon"
[39m
              [36m>[39m
                [0m­ƒÆ¬[0m
              
[36m</div>[39m
              [36m<div[39m
                [33mclass[3
9m=[32m"reminder-card-title"
[39m
              [36m>[39m
                [36m<h3[39m
                  [33mclass
[39m=[32m"reminder-card-ques
tion"[39m
                [36m>[39m
                  [0mDid I 
exercise?[0m
                
[36m</h3>[39m
                
[36m<div[39m
                  [33mclass
[39m=[32m"reminder-card-time
"[39m
                [36m>[39m
                  
[0m1/1/2024 07:00 a.┬ám.[0m
                
[36m</div>[39m
              
[36m</div>[39m
            [36m</div>[39m
            [36m<div[39m
              [33mclass[39m
=[32m"reminder-card-footer"
[39m
            [36m>[39m
              [36m<div[39m
                [33mclass[3
9m=[32m"reminder-card-action
s"[39m
              [36m>[39m
                
[36m<button[39m
                  [33maria-l
abel[39m=[32m"Complete 
reminder"[39m
                  [33mclass
[39m=[32m"action-button 
action-complete"[39m
                  [33mtitle
[39m=[32m"Complete"[39m
                  [33mtype[
39m=[32m"button"[39m
                [36m>[39m
                  [0mÔ£ô[0m
                
[36m</button>[39m
                
[36m<button[39m
                  [33maria-l
abel[39m=[32m"Snooze 
reminder"[39m
                  [33mclass
[39m=[32m"action-button"[39
m
                  [33mtitle
[39m=[32m"Snooze"[39m
                  [33mtype[
39m=[32m"button"[39m
                [36m>[39m
                  [0mÔÅ░[0m
                
[36m</button>[39m
                
[36m<button[39m
                  [33maria-l
abel[39m=[32m"Dismiss 
reminder"[39m
                  [33mclass
[39m=[32m"action-button 
action-dismiss"[39m
                  [33mtitle
[39m=[32m"Dismiss"[39m
                  [33mtype[
39m=[32m"button"[39m
                [36m>[39m
                  [0mÔ£ò[0m
                
[36m</button>[39m
              
[36m</div>[39m
            [36m</div>[39m
          [36m</div>[39m
        [36m</div>[39m
      [36m</div>[39m
    [36m</div>[39m
  [36m</div>[39m
[36m</body>[39m
[90m [2mÔØ»[22m 
Object.getElementError node_m
odules/@testing-library/react
/node_modules/@testing-librar
y/dom/dist/config.js:[2m37:1
9[22m[39m
[90m [2mÔØ»[22m 
getElementError node_modules/
@testing-library/react/node_m
odules/@testing-library/dom/d
ist/query-helpers.js:[2m20:3
5[22m[39m
[90m [2mÔØ»[22m getMultipl
eElementsFoundError node_modu
les/@testing-library/react/no
de_modules/@testing-library/d
om/dist/query-helpers.js:[2m
23:10[22m[39m
[90m [2mÔØ»[22m node_modul
es/@testing-library/react/nod
e_modules/@testing-library/do
m/dist/query-helpers.js:[2m5
5:13[22m[39m
[90m [2mÔØ»[22m node_modul
es/@testing-library/react/nod
e_modules/@testing-library/do
m/dist/query-helpers.js:[2m9
5:19[22m[39m
[36m [2mÔØ»[22m frontend/s
rc/components/__tests__/Remin
dersList.test.tsx:[2m110:23
[22m[39m
    [90m108| [39m        [
34mrender[39m([33m<[39m[3
3mRemindersList[39m [33m/[
39m[33m>[39m)[33m;[39m
    [90m109| [39m
    [90m110| [39m        
expect(screen.getByText("Did 
I exercise?")).toBeInTheDocum
ent(ÔÇª
    [90m   | [39m          
            [31m^[39m
    [90m111| [39m        
// Check that action buttons 
are present (indicating 
remindersÔÇª
    [90m112| [39m        ex
pect(screen.getByRole("button
", { name: "Complete 
reminder" ÔÇª

[31m[2mÔÄ»ÔÄ»ÔÄ»ÔÄ»ÔÄ»ÔÄ»ÔÄ
»ÔÄ»ÔÄ»ÔÄ»ÔÄ»ÔÄ»ÔÄ»ÔÄ»ÔÄ»ÔÄ»Ô
Ä»ÔÄ»ÔÄ»ÔÄ»ÔÄ»ÔÄ»ÔÄ»[1/50]ÔÄ»
[22m[39m

[41m[1m FAIL [22m[49m fro
ntend/src/components/__tests_
_/RemindersList.test.tsx[2m 
> [22mRemindersList[2m > 
[22mshould complete 
reminder when Complete is 
clicked
[31m[1mTestingLibraryElemen
tError[22m[39m: Found 
multiple elements with the 
role "button" and name 
"Complete reminder"

Here are the matching 
elements:

Ignored nodes: comments, 
script, style
[36m<button[39m
  [33maria-label[39m=[32m"
Complete reminder"[39m
  [33mclass[39m=[32m"actio
n-button 
action-complete"[39m
  [33mtitle[39m=[32m"Compl
ete reminder"[39m
  [33mtype[39m=[32m"button
"[39m
[36m>[39m
  [0mÔ£ô[0m
[36m</button>[39m

Ignored nodes: comments, 
script, style
[36m<button[39m
  [33maria-label[39m=[32m"
Complete reminder"[39m
  [33mclass[39m=[32m"actio
n-button 
action-complete"[39m
  [33mtitle[39m=[32m"Compl
ete"[39m
  [33mtype[39m=[32m"button
"[39m
[36m>[39m
  [0mÔ£ô[0m
[36m</button>[39m

(If this is intentional, 
then use the `*AllBy*` 
variant of the query (like 
`queryAllByText`, 
`getAllByText`, or 
`findAllByText`)).

Ignored nodes: comments, 
script, style
[36m<body>[39m
  [36m<div>[39m
    [36m<div[39m
      [33mclass[39m=[32m"r
eminders-list"[39m
    [36m>[39m
      [36m<div[39m
        [33mclass[39m=[32m
"reminders-list-content"[39m
      [36m>[39m
        [36m<div[39m
          [33mclass[39m=[3
2m"reminders-table-container"
[39m
        [36m>[39m
          [36m<table[39m
            [33mclass[39m=
[32m"reminders-table"[39m
          [36m>[39m
            [36m<thead>[39m
              [36m<tr>[39m
                [36m<th[39m
                  [33mclass
[39m=[32m"col-time"[39m
                [36m>[39m
                  
[36m<div[39m
                    [33mclas
s[39m=[32m"header-with-filt
er"[39m
                  [36m>[39m
                    
[36m<button[39m
                      [33mar
ia-expanded[39m=[32m"false"
[39m
                      [33mar
ia-label[39m=[32m"Show 
filters"[39m
                      [33mcl
ass[39m=[32m"filter-toggle-
button"[39m
                      
[33mtitle[39m=[32m"Show 
filters"[39m
                      [33mty
pe[39m=[32m"button"[39m
                    
[36m>[39m
                      
[36m<span[39m
                        [33m
class[39m=[32m"filter-toggl
e-icon"[39m
                      
[36m>[39m
                        [0m-
ƒöì[0m
                      
[36m</span>[39m
                    
[36m</button>[39m
                    
[36m<button[39m
                      [33mar
ia-label[39m=[32m"Sort by 
time"[39m
                      [33mcl
ass[39m=[32m"sortable-heade
r"[39m
                      [33mty
pe[39m=[32m"button"[39m
                    
[36m>[39m
                      
[0mTime[0m
                    
[36m</button>[39m
                  
[36m</div>[39m
                
[36m</th>[39m
                [36m<th[39m
                  [33mclass
[39m=[32m"col-tracking"[39m
                [36m>[39m
                  
[36m<button[39m
                    [33maria
-label[39m=[32m"Sort by 
tracking"[39m
                    [33mclas
s[39m=[32m"sortable-header"
[39m
                    [33mtype
[39m=[32m"button"[39m
                  [36m>[39m
                    
[0mTracking[0m
                  
[36m</button>[39m
                
[36m</th>[39m
                [36m<th[39m
                  [33mclass
[39m=[32m"col-notes"[39m
                [36m>[39m
                  
[36m<button[39m
                    [33maria
-label[39m=[32m"Sort by 
notes"[39m
                    [33mclas
s[39m=[32m"sortable-header"
[39m
                    [33mtype
[39m=[32m"button"[39m
                  [36m>[39m
                    
[0mNotes[0m
                  
[36m</button>[39m
                
[36m</th>[39m
                [36m<th[39m
                  [33mclass
[39m=[32m"col-actions"[39m
                [36m>[39m
                  
[0mActions[0m
                
[36m</th>[39m
              [36m</tr>[39m
            
[36m</thead>[39m
            [36m<tbody>[39m
              [36m<tr[39m
                [33mclass[3
9m=[32m"reminder-row"[39m
              [36m>[39m
                [36m<td[39m
                  [33mclass
[39m=[32m"cell-time"[39m
                [36m>[39m
                  
[0m1/1/2024 07:00 a.┬ám.[0m
                
[36m</td>[39m
                [36m<td[39m
                  [33mclass
[39m=[32m"cell-tracking"[39
m
                [36m>[39m
                  
[36m<span[39m
                    [33mclas
s[39m=[32m"tracking-text"[
39m
                    
[33mtitle[39m=[32m"ƒÆ¬ 
Did I exercise?"[39m
                  [36m>[39m
                    
[36m<span[39m
                      [33mcl
ass[39m=[32m"tracking-icon"
[39m
                    
[36m>[39m
                      [0m
ƒÆ¬[0m
                    
[36m</span>[39m
                    [0mDid 
I exercise?[0m
                  
[36m</span>[39m
                
[36m</td>[39m
                [36m<td[39m
                  [33mclass
[39m=[32m"cell-notes"[39m
                [36m>[39m
                  
[36m<textarea[39m
                    [33mclas
s[39m=[32m"notes-textarea"
[39m
                    [33mplac
eholder[39m=[32m"Add 
notes..."[39m
                    
[33mrows[39m=[32m"2"[39m
                  
[36m/>[39m
                
[36m</td>[39m
                [36m<td[39m
                  [33mclass
[39m=[32m"cell-actions"[39m
                [36m>[39m
                  
[36m<div[39m
                    [33mclas
s[39m=[32m"actions-containe
r"[39m
                  [36m>[39m
                    
[36m<div[39m
                      [33mcl
ass[39m=[32m"actions-button
s"[39m
                    
[36m>[39m
                      
[36m<button[39m
                        [33m
aria-label[39m=[32m"Complet
e reminder"[39m
                        [33m
class[39m=[32m"action-butto
n action-complete"[39m
                        [33m
title[39m=[32m"Complete 
reminder"[39m
                        [33m
type[39m=[32m"button"[39m
                      
[36m>[39m
                        
[0mÔ£ô[0m
                      
[36m</button>[39m
                      
[36m<button[39m
                        [33m
aria-label[39m=[32m"Dismiss
 reminder"[39m
                        [33m
class[39m=[32m"action-butto
n action-dismiss"[39m
                        [33m
title[39m=[32m"Dismiss 
reminder"[39m
                        [33m
type[39m=[32m"button"[39m
                      
[36m>[39m
                        
[0mÔ£ò[0m
                      
[36m</button>[39m
                      
[36m<button[39m
                        [33m
aria-label[39m=[32m"Snooze 
reminder"[39m
                        [33m
class[39m=[32m"action-butto
n action-snooze"[39m
                        
[33mtitle[39m=[32m"Snooze 
reminder (click to see 
options)"[39m
                        [33m
type[39m=[32m"button"[39m
                      
[36m>[39m
                        [0m-
ƒÆñ[0m
                      
[36m</button>[39m
                    
[36m</div>[39m
                  
[36m</div>[39m
                
[36m</td>[39m
              [36m</tr>[39m
            
[36m</tbody>[39m
          [36m</table>[39m
        [36m</div>[39m
        [36m<div[39m
          [33mclass[39m=[3
2m"reminders-cards"[39m
        [36m>[39m
          [36m<div[39m
            [33mclass[39m=
[32m"reminder-card"[39m
          [36m>[39m
            [36m<div[39m
              [33mclass[39m
=[32m"reminder-card-header"
[39m
            [36m>[39m
              [36m<div[39m
                [33mclass[3
9m=[32m"reminder-card-icon"
[39m
              [36m>[39m
                [0m­ƒÆ¬[0m
              
[36m</div>[39m
              [36m<div[39m
                [33mclass[3
9m=[32m"reminder-card-title"
[39m
              [36m>[39m
                [36m<h3[39m
                  [33mclass
[39m=[32m"reminder-card-ques
tion"[39m
                [36m>[39m
                  [0mDid I 
exercise?[0m
                
[36m</h3>[39m
                
[36m<div[39m
                  [33mclass
[39m=[32m"reminder-card-time
"[39m
                [36m>[39m
                  
[0m1/1/2024 07:00 a.┬ám.[0m
                
[36m</div>[39m
              
[36m</div>[39m
            [36m</div>[39m
            [36m<div[39m
              [33mclass[39m
=[32m"reminder-card-footer"
[39m
            [36m>[39m
              [36m<div[39m
                [33mclass[3
9m=[32m"reminder-card-action
s"[39m
              [36m>[39m
                
[36m<button[39m
                  [33maria-l
abel[39m=[32m"Complete 
reminder"[39m
                  [33mclass
[39m=[32m"action-button 
action-complete"[39m
                  [33mtitle
[39m=[32m"Complete"[39m
                  [33mtype[
39m=[32m"button"[39m
                [36m>[39m
                  [0mÔ£ô[0m
                
[36m</button>[39m
                
[36m<button[39m
                  [33maria-l
abel[39m=[32m"Snooze 
reminder"[39m
                  [33mclass
[39m=[32m"action-button"[39
m
                  [33mtitle
[39m=[32m"Snooze"[39m
                  [33mtype[
39m=[32m"button"[39m
                [36m>[39m
                  [0mÔÅ░[0m
                
[36m</button>[39m
                
[36m<button[39m
                  [33maria-l
abel[39m=[32m"Dismiss 
reminder"[39m
                  [33mclass
[39m=[32m"action-button 
action-dismiss"[39m
                  [33mtitle
[39m=[32m"Dismiss"[39m
                  [33mtype[
39m=[32m"button"[39m
                [36m>[39m
                  [0mÔ£ò[0m
                
[36m</button>[39m
              
[36m</div>[39m
            [36m</div>[39m
          [36m</div>[39m
        [36m</div>[39m
      [36m</div>[39m
    [36m</div>[39m
  [36m</div>[39m
[36m</body>[39m
[90m [2mÔØ»[22m 
Object.getElementError node_m
odules/@testing-library/react
/node_modules/@testing-librar
y/dom/dist/config.js:[2m37:1
9[22m[39m
[90m [2mÔØ»[22m 
getElementError node_modules/
@testing-library/react/node_m
odules/@testing-library/dom/d
ist/query-helpers.js:[2m20:3
5[22m[39m
[90m [2mÔØ»[22m getMultipl
eElementsFoundError node_modu
les/@testing-library/react/no
de_modules/@testing-library/d
om/dist/query-helpers.js:[2m
23:10[22m[39m
[90m [2mÔØ»[22m node_modul
es/@testing-library/react/nod
e_modules/@testing-library/do
m/dist/query-helpers.js:[2m5
5:13[22m[39m
[90m [2mÔØ»[22m node_modul
es/@testing-library/react/nod
e_modules/@testing-library/do
m/dist/query-helpers.js:[2m9
5:19[22m[39m
[36m [2mÔØ»[22m frontend/s
rc/components/__tests__/Remin
dersList.test.tsx:[2m180:39
[22m[39m
    [90m178| [39m
    [90m179| [39m        
[90m// Click the Complete 
action button directly[39m
    [90m180| [39m        
const completeButton = 
screen.getByRole("button", { 
name: "ComÔÇª
    [90m   | [39m          
                            
[31m^[39m
    [90m181| [39m        
[35mawait[39m userEvent[33
m.[39m[34mclick[39m(comple
teButton)[33m;[39m
    [90m182| [39m

[31m[2mÔÄ»ÔÄ»ÔÄ»ÔÄ»ÔÄ»ÔÄ»ÔÄ
»ÔÄ»ÔÄ»ÔÄ»ÔÄ»ÔÄ»ÔÄ»ÔÄ»ÔÄ»ÔÄ»Ô
Ä»ÔÄ»ÔÄ»ÔÄ»ÔÄ»ÔÄ»ÔÄ»[2/50]ÔÄ»
[22m[39m

[41m[1m FAIL [22m[49m fro
ntend/src/components/__tests_
_/RemindersList.test.tsx[2m 
> [22mRemindersList[2m > 
[22mshould dismiss reminder 
when Dismiss is clicked
[31m[1mTestingLibraryElemen
tError[22m[39m: Found 
multiple elements with the 
role "button" and name 
"Dismiss reminder"

Here are the matching 
elements:

Ignored nodes: comments, 
script, style
[36m<button[39m
  [33maria-label[39m=[32m"
Dismiss reminder"[39m
  [33mclass[39m=[32m"actio
n-button action-dismiss"[39m
  [33mtitle[39m=[32m"Dismi
ss reminder"[39m
  [33mtype[39m=[32m"button
"[39m
[36m>[39m
  [0mÔ£ò[0m
[36m</button>[39m

Ignored nodes: comments, 
script, style
[36m<button[39m
  [33maria-label[39m=[32m"
Dismiss reminder"[39m
  [33mclass[39m=[32m"actio
n-button action-dismiss"[39m
  [33mtitle[39m=[32m"Dismi
ss"[39m
  [33mtype[39m=[32m"button
"[39m
[36m>[39m
  [0mÔ£ò[0m
[36m</button>[39m

(If this is intentional, 
then use the `*AllBy*` 
variant of the query (like 
`queryAllByText`, 
`getAllByText`, or 
`findAllByText`)).

Ignored nodes: comments, 
script, style
[36m<body>[39m
  [36m<div>[39m
    [36m<div[39m
      [33mclass[39m=[32m"r
eminders-list"[39m
    [36m>[39m
      [36m<div[39m
        [33mclass[39m=[32m
"reminders-list-content"[39m
      [36m>[39m
        [36m<div[39m
          [33mclass[39m=[3
2m"reminders-table-container"
[39m
        [36m>[39m
          [36m<table[39m
            [33mclass[39m=
[32m"reminders-table"[39m
          [36m>[39m
            [36m<thead>[39m
              [36m<tr>[39m
                [36m<th[39m
                  [33mclass
[39m=[32m"col-time"[39m
                [36m>[39m
                  
[36m<div[39m
                    [33mclas
s[39m=[32m"header-with-filt
er"[39m
                  [36m>[39m
                    
[36m<button[39m
                      [33mar
ia-expanded[39m=[32m"false"
[39m
                      [33mar
ia-label[39m=[32m"Show 
filters"[39m
                      [33mcl
ass[39m=[32m"filter-toggle-
button"[39m
                      
[33mtitle[39m=[32m"Show 
filters"[39m
                      [33mty
pe[39m=[32m"button"[39m
                    
[36m>[39m
                      
[36m<span[39m
                        [33m
class[39m=[32m"filter-toggl
e-icon"[39m
                      
[36m>[39m
                        [0m-
ƒöì[0m
                      
[36m</span>[39m
                    
[36m</button>[39m
                    
[36m<button[39m
                      [33mar
ia-label[39m=[32m"Sort by 
time"[39m
                      [33mcl
ass[39m=[32m"sortable-heade
r"[39m
                      [33mty
pe[39m=[32m"button"[39m
                    
[36m>[39m
                      
[0mTime[0m
                    
[36m</button>[39m
                  
[36m</div>[39m
                
[36m</th>[39m
                [36m<th[39m
                  [33mclass
[39m=[32m"col-tracking"[39m
                [36m>[39m
                  
[36m<button[39m
                    [33maria
-label[39m=[32m"Sort by 
tracking"[39m
                    [33mclas
s[39m=[32m"sortable-header"
[39m
                    [33mtype
[39m=[32m"button"[39m
                  [36m>[39m
                    
[0mTracking[0m
                  
[36m</button>[39m
                
[36m</th>[39m
                [36m<th[39m
                  [33mclass
[39m=[32m"col-notes"[39m
                [36m>[39m
                  
[36m<button[39m
                    [33maria
-label[39m=[32m"Sort by 
notes"[39m
                    [33mclas
s[39m=[32m"sortable-header"
[39m
                    [33mtype
[39m=[32m"button"[39m
                  [36m>[39m
                    
[0mNotes[0m
                  
[36m</button>[39m
                
[36m</th>[39m
                [36m<th[39m
                  [33mclass
[39m=[32m"col-actions"[39m
                [36m>[39m
                  
[0mActions[0m
                
[36m</th>[39m
              [36m</tr>[39m
            
[36m</thead>[39m
            [36m<tbody>[39m
              [36m<tr[39m
                [33mclass[3
9m=[32m"reminder-row"[39m
              [36m>[39m
                [36m<td[39m
                  [33mclass
[39m=[32m"cell-time"[39m
                [36m>[39m
                  
[0m1/1/2024 07:00 a.┬ám.[0m
                
[36m</td>[39m
                [36m<td[39m
                  [33mclass
[39m=[32m"cell-tracking"[39
m
                [36m>[39m
                  
[36m<span[39m
                    [33mclas
s[39m=[32m"tracking-text"[
39m
                    
[33mtitle[39m=[32m"ƒÆ¬ 
Did I exercise?"[39m
                  [36m>[39m
                    
[36m<span[39m
                      [33mcl
ass[39m=[32m"tracking-icon"
[39m
                    
[36m>[39m
                      [0m
ƒÆ¬[0m
                    
[36m</span>[39m
                    [0mDid 
I exercise?[0m
                  
[36m</span>[39m
                
[36m</td>[39m
                [36m<td[39m
                  [33mclass
[39m=[32m"cell-notes"[39m
                [36m>[39m
                  
[36m<textarea[39m
                    [33mclas
s[39m=[32m"notes-textarea"
[39m
                    [33mplac
eholder[39m=[32m"Add 
notes..."[39m
                    
[33mrows[39m=[32m"2"[39m
                  
[36m/>[39m
                
[36m</td>[39m
                [36m<td[39m
                  [33mclass
[39m=[32m"cell-actions"[39m
                [36m>[39m
                  
[36m<div[39m
                    [33mclas
s[39m=[32m"actions-containe
r"[39m
                  [36m>[39m
                    
[36m<div[39m
                      [33mcl
ass[39m=[32m"actions-button
s"[39m
                    
[36m>[39m
                      
[36m<button[39m
                        [33m
aria-label[39m=[32m"Complet
e reminder"[39m
                        [33m
class[39m=[32m"action-butto
n action-complete"[39m
                        [33m
title[39m=[32m"Complete 
reminder"[39m
                        [33m
type[39m=[32m"button"[39m
                      
[36m>[39m
                        
[0mÔ£ô[0m
                      
[36m</button>[39m
                      
[36m<button[39m
                        [33m
aria-label[39m=[32m"Dismiss
 reminder"[39m
                        [33m
class[39m=[32m"action-butto
n action-dismiss"[39m
                        [33m
title[39m=[32m"Dismiss 
reminder"[39m
                        [33m
type[39m=[32m"button"[39m
                      
[36m>[39m
                        
[0mÔ£ò[0m
                      
[36m</button>[39m
                      
[36m<button[39m
                        [33m
aria-label[39m=[32m"Snooze 
reminder"[39m
                        [33m
class[39m=[32m"action-butto
n action-snooze"[39m
                        
[33mtitle[39m=[32m"Snooze 
reminder (click to see 
options)"[39m
                        [33m
type[39m=[32m"button"[39m
                      
[36m>[39m
                        [0m-
ƒÆñ[0m
                      
[36m</button>[39m
                    
[36m</div>[39m
                  
[36m</div>[39m
                
[36m</td>[39m
              [36m</tr>[39m
            
[36m</tbody>[39m
          [36m</table>[39m
        [36m</div>[39m
        [36m<div[39m
          [33mclass[39m=[3
2m"reminders-cards"[39m
        [36m>[39m
          [36m<div[39m
            [33mclass[39m=
[32m"reminder-card"[39m
          [36m>[39m
            [36m<div[39m
              [33mclass[39m
=[32m"reminder-card-header"
[39m
            [36m>[39m
              [36m<div[39m
                [33mclass[3
9m=[32m"reminder-card-icon"
[39m
              [36m>[39m
                [0m­ƒÆ¬[0m
              
[36m</div>[39m
              [36m<div[39m
                [33mclass[3
9m=[32m"reminder-card-title"
[39m
              [36m>[39m
                [36m<h3[39m
                  [33mclass
[39m=[32m"reminder-card-ques
tion"[39m
                [36m>[39m
                  [0mDid I 
exercise?[0m
                
[36m</h3>[39m
                
[36m<div[39m
                  [33mclass
[39m=[32m"reminder-card-time
"[39m
                [36m>[39m
                  
[0m1/1/2024 07:00 a.┬ám.[0m
                
[36m</div>[39m
              
[36m</div>[39m
            [36m</div>[39m
            [36m<div[39m
              [33mclass[39m
=[32m"reminder-card-footer"
[39m
            [36m>[39m
              [36m<div[39m
                [33mclass[3
9m=[32m"reminder-card-action
s"[39m
              [36m>[39m
                
[36m<button[39m
                  [33maria-l
abel[39m=[32m"Complete 
reminder"[39m
                  [33mclass
[39m=[32m"action-button 
action-complete"[39m
                  [33mtitle
[39m=[32m"Complete"[39m
                  [33mtype[
39m=[32m"button"[39m
                [36m>[39m
                  [0mÔ£ô[0m
                
[36m</button>[39m
                
[36m<button[39m
                  [33maria-l
abel[39m=[32m"Snooze 
reminder"[39m
                  [33mclass
[39m=[32m"action-button"[39
m
                  [33mtitle
[39m=[32m"Snooze"[39m
                  [33mtype[
39m=[32m"button"[39m
                [36m>[39m
                  [0mÔÅ░[0m
                
[36m</button>[39m
                
[36m<button[39m
                  [33maria-l
abel[39m=[32m"Dismiss 
reminder"[39m
                  [33mclass
[39m=[32m"action-button 
action-dismiss"[39m
                  [33mtitle
[39m=[32m"Dismiss"[39m
                  [33mtype[
39m=[32m"button"[39m
                [36m>[39m
                  [0mÔ£ò[0m
                
[36m</button>[39m
              
[36m</div>[39m
            [36m</div>[39m
          [36m</div>[39m
        [36m</div>[39m
      [36m</div>[39m
    [36m</div>[39m
  [36m</div>[39m
[36m</body>[39m
[90m [2mÔØ»[22m 
Object.getElementError node_m
odules/@testing-library/react
/node_modules/@testing-librar
y/dom/dist/config.js:[2m37:1
9[22m[39m
[90m [2mÔØ»[22m 
getElementError node_modules/
@testing-library/react/node_m
odules/@testing-library/dom/d
ist/query-helpers.js:[2m20:3
5[22m[39m
[90m [2mÔØ»[22m getMultipl
eElementsFoundError node_modu
les/@testing-library/react/no
de_modules/@testing-library/d
om/dist/query-helpers.js:[2m
23:10[22m[39m
[90m [2mÔØ»[22m node_modul
es/@testing-library/react/nod
e_modules/@testing-library/do
m/dist/query-helpers.js:[2m5
5:13[22m[39m
[90m [2mÔØ»[22m node_modul
es/@testing-library/react/nod
e_modules/@testing-library/do
m/dist/query-helpers.js:[2m9
5:19[22m[39m
[36m [2mÔØ»[22m frontend/s
rc/components/__tests__/Remin
dersList.test.tsx:[2m217:38
[22m[39m
    [90m215| [39m
    [90m216| [39m        
[90m// Click the Dismiss 
action button directly[39m
    [90m217| [39m        
const dismissButton = 
screen.getByRole("button", { 
name: "DismÔÇª
    [90m   | [39m          
                           
[31m^[39m
    [90m218| [39m        
[35mawait[39m userEvent[33
m.[39m[34mclick[39m(dismis
sButton)[33m;[39m
    [90m219| [39m

[31m[2mÔÄ»ÔÄ»ÔÄ»ÔÄ»ÔÄ»ÔÄ»ÔÄ
»ÔÄ»ÔÄ»ÔÄ»ÔÄ»ÔÄ»ÔÄ»ÔÄ»ÔÄ»ÔÄ»Ô
Ä»ÔÄ»ÔÄ»ÔÄ»ÔÄ»ÔÄ»ÔÄ»[3/50]ÔÄ»
[22m[39m

[41m[1m FAIL [22m[49m fro
ntend/src/components/__tests_
_/RemindersList.test.tsx[2m 
> [22mRemindersList[2m > 
[22mshould filter reminders 
by time
[31m[1mAssertionError[22m
[39m: expected 2 to be 1 // 
Object.is equality

Ignored nodes: comments, 
script, style
[36m<html>[39m
  [36m<head />[39m
  [36m<body>[39m
    [36m<div>[39m
      [36m<div[39m
        [33mclass[39m=[32m
"reminders-list"[39m
      [36m>[39m
        [36m<div[39m
          [33mclass[39m=[3
2m"reminders-list-content"[3
9m
        [36m>[39m
          [36m<div[39m
            [33mclass[39m=
[32m"filter-panel"[39m
          [36m>[39m
            [36m<div[39m
              [33mclass[39m
=[32m"filter-panel-content"
[39m
            [36m>[39m
              [36m<div[39m
                [33mclass[3
9m=[32m"filter-row"[39m
              [36m>[39m
                
[36m<label[39m
                  [33mclass
[39m=[32m"filter-label"[39m
                  [33mfor[3
9m=[32m"filter-time"[39m
                [36m>[39m
                  
[0mTime:[0m
                
[36m</label>[39m
                
[36m<input[39m
                  [33maria-l
abel[39m=[32m"Filter by 
time"[39m
                  [33mclass
[39m=[32m"filter-input"[39m
                  [33mid[39
m=[32m"filter-time"[39m
                  [33mplaceh
older[39m=[32m"Filter by 
time..."[39m
                  [33mtype[
39m=[32m"text"[39m
                  [33mvalue
[39m=[32m"1/1/2024"[39m
                [36m/>[39m
              
[36m</div>[39m
              [36m<div[39m
                [33mclass[3
9m=[32m"filter-row"[39m
              [36m>[39m
                
[36m<label[39m
                  [33mclass
[39m=[32m"filter-label"[39m
                  [33mfor[3
9m=[32m"filter-tracking"[39
m
                [36m>[39m
                  
[0mTracking:[0m
                
[36m</label>[39m
                
[36m<input[39m
                  [33maria-l
abel[39m=[32m"Filter by 
tracking"[39m
                  [33mclass
[39m=[32m"filter-input"[39m
                  [33mid[39
m=[32m"filter-tracking"[39m
                  [33mplaceh
older[39m=[32m"Filter by 
tracking..."[39m
                  [33mtype[
39m=[32m"text"[39m
                  
[33mvalue[39m=[32m""[39m
                [36m/>[39m
              
[36m</div>[39m
              [36m<div[39m
                [33mclass[3
9m=[32m"filter-row"[39m
              [36m>[39m
                
[36m<label[39m
                  [33mclass
[39m=[32m"filter-label"[39m
                  [33mfor[3
9m=[32m"filter-notes"[39m
                [36m>[39m
                  
[0mNotes:[0m
                
[36m</label>[39m
                
[36m<input[39m
                  [33maria-l
abel[39m=[32m"Filter by 
notes"[39m
                  [33mclass
[39m=[32m"filter-input"[39m
                  [33mid[39
m=[32m"filter-notes"[39m
                  [33mplaceh
older[39m=[32m"Filter by 
notes..."[39m
                  [33mtype[
39m=[32m"text"[39m
                  
[33mvalue[39m=[32m""[39m
                [36m/>[39m
              
[36m</div>[39m
              [36m<div[39m
                [33mclass[3
9m=[32m"filter-row"[39m
              [36m>[39m
                
[36m<button[39m
                  [33maria-l
abel[39m=[32m"Reset all 
filters"[39m
                  [33mclass
[39m=[32m"btn-secondary 
filter-reset-button"[39m
                  [33mtype[
39m=[32m"button"[39m
                [36m>[39m
                  [0mReset 
Filters[0m
                
[36m</button>[39m
              
[36m</div>[39m
            [36m</div>[39m
          [36m</div>[39m
          [36m<div[39m
            [33mclass[39m=
[32m"reminders-table-containe
r"[39m
          [36m>[39m
            [36m<table[39m
              [33mclass[39m
=[32m"reminders-table"[39m
            [36m>[39m
              
[36m<thead>[39m
                
[36m<tr>[39m
                  
[36m<th[39m
                    [33mclas
s[39m=[32m"col-time"[39m
                  [36m>[39m
                    
[36m<div[39m
                      [33mcl
ass[39m=[32m"header-with-fi
lter"[39m
                    
[36m>[39m
                      
[36m<button[39m
                        [33m
aria-expanded[39m=[32m"true
"[39m
                        [33m
aria-label[39m=[32m"Hide 
filters"[39m
                        [33m
class[39m=[32m"filter-toggl
e-button"[39m
                        
[33mtitle[39m=[32m"Hide 
filters"[39m
                        [33m
type[39m=[32m"button"[39m
                      
[36m>[39m
                        
[36m<span[39m
                          [3
3mclass[39m=[32m"filter-tog
gle-icon"[39m
                        
[36m>[39m
                          
[0mƒöì[0m
                        
[36m</span>[39m
                      
[36m</button>[39m
                      
[36m<button[39m
                        [33m
aria-label[39m=[32m"Sort 
by time"[39m
                        [33m
class[39m=[32m"sortable-hea
der"[39m
                        [33m
type[39m=[32m"button"[39m
                      
[36m>[39m
                        
[0mTime[0m
                      
[36m</button>[39m
                    
[36m</div>[39m
                  
[36m</th>[39m
                  
[36m<th[39m
                    [33mclas
s[39m=[32m"col-tracking"[3
9m
                  [36m>[39m
                    
[36m<button[39m
                      [33mar
ia-label[39m=[32m"Sort by 
tracking"[39m
                      [33mcl
ass[39m=[32m"sortable-heade
r"[39m
                      [33mty
pe[39m=[32m"button"[39m
                    
[36m>[39m
                      
[0mTracking[0m
                    
[36m</button>[39m
                  
[36m</th>[39m
                  
[36m<th[39m
                    [33mclas
s[39m=[32m"col-notes"[39m
                  [36m>[39m
                    
[36m<button[39m
                      [33mar
ia-label[39m=[32m"Sort by 
notes"[39m
                      [33mcl
ass[39m=[32m"sortable-heade
r"[39m
                      [33mty
pe[39m=[32m"button"[39m
                    
[36m>[39m
                      
[0mNotes[0m
                    
[36m</button>[39m
                  
[36m</th>[39m
                  
[36m<th[39m
                    [33mclas
s[39m=[32m"col-actions"[39
m
                  [36m>[39m
                    
[0mActions[0m
                  
[36m</th>[39m
                
[36m</tr>[39m
              
[36m</thead>[39m
              
[36m<tbody>[39m
                [36m<tr[39m
                  [33mclass
[39m=[32m"reminder-row"[39m
                [36m>[39m
                  
[36m<td[39m
                    [33mclas
s[39m=[32m"cell-time"[39m
                  [36m>[39m
                    
[0m1/1/2024 07:00 a.┬ám.[0m
                  
[36m</td>[39m
                  
[36m<td[39m
                    [33mclas
s[39m=[32m"cell-tracking"[
39m
                  [36m>[39m
                    
[36m<span[39m
                      [33mcl
ass[39m=[32m"tracking-text"
[39m
                      
[33mtitle[39m=[32m"ƒÆ¬ 
Did I exercise?"[39m
                    
[36m>[39m
                      
[36m<span[39m
                        [33m
class[39m=[32m"tracking-ico
n"[39m
                      
[36m>[39m
                        [0m-
ƒÆ¬[0m
                      
[36m</span>[39m
                      
[0mDid I exercise?[0m
                    
[36m</span>[39m
                  
[36m</td>[39m
                  
[36m<td[39m
                    [33mclas
s[39m=[32m"cell-notes"[39m
                  [36m>[39m
                    
[36m<textarea[39m
                      [33mcl
ass[39m=[32m"notes-textarea
"[39m
                      [33mpl
aceholder[39m=[32m"Add 
notes..."[39m
                      
[33mrows[39m=[32m"2"[39m
                    
[36m/>[39m
                  
[36m</td>[39m
                  
[36m<td[39m
                    [33mclas
s[39m=[32m"cell-actions"[3
9m
                  [36m>[39m
                    
[36m<div[39m
                      [33mcl
ass[39m=[32m"actions-contai
ner"[39m
                    
[36m>[39m
                      
[36m<div[39m
                        [33m
class[39m=[32m"actions-butt
ons"[39m
                      
[36m>[39m
                        
[36m<button[39m
                          [3
3maria-label[39m=[32m"Compl
ete reminder"[39m
                          [3
3mclass[39m=[32m"action-but
ton action-complete"[39m
                          [3
3mtitle[39m=[32m"Complete 
reminder"[39m
                          [3
3mtype[39m=[32m"button"[39
m
                        
[36m>[39m
                          
[0mÔ£ô[0m
                        
[36m</button>[39m
                        
[36m<button[39m
                          [3
3maria-label[39m=[32m"Dismi
ss reminder"[39m
                          [3
3mclass[39m=[32m"action-but
ton action-dismiss"[39m
                          [3
3mtitle[39m=[32m"Dismiss 
reminder"[39m
                          [3
3mtype[39m=[32m"button"[39
m
                        
[36m>[39m
                          
[0mÔ£ò[0m
                        
[36m</button>[39m
                        
[36m<button[39m
                          [3
3maria-label[39m=[32m"Snooz
e reminder"[39m
                          [3
3mclass[39m=[32m"action-but
ton action-snooze"[39m
                          
[33mtitle[39m=[32m"Snooze 
reminder (click to see 
options)"[39m
                          [3
3mtype[39m=[32m"button"[39
m
                        
[36m>[39m
                          
[0mƒÆñ[0m
                        
[36m</button>[39m
                      
[36m</div>[39m
                    
[36m</div>[39m
                  
[36m</td>[39m
                
[36m</tr>[39m
              
[36m</tbody>[39m
            
[36m</table>[39m
          [36m</div>[39m
          [36m<div[39m
            [33mclass[39m=
[32m"reminders-cards"[39m
          [36m>[39m
            [36m<div[39m
              [33mclass[39m
=[32m"reminder-card"[39m
            [36m>[39m
              [36m<div[39m
                [33mclass[3
9m=[32m"reminder-card-header
"[39m
              [36m>[39m
                
[36m<div[39m
                  [33mclass
[39m=[32m"reminder-card-icon
"[39m
                [36m>[39m
                  [0mƒÆ¬[0m
                
[36m</div>[39m
                
[36m<div[39m
                  [33mclass
[39m=[32m"reminder-card-titl
e"[39m
                [36m>[39m
                  
[36m<h3[39m
                    [33mclas
s[39m=[32m"reminder-card-qu
estion"[39m
                  [36m>[39m
                    [0mDid 
I exercise?[0m
                  
[36m</h3>[39m
                  
[36m<div[39m
                    [33mclas
s[39m=[32m"reminder-card-ti
me"[39m
                  [36m>[39m
                    
[0m1/1/2024 07:00 a.┬ám.[0m
                  
[36m</div>[39m
                
[36m</div>[39m
              
[36m</div>[39m
              [36m<div[39m
                [33mclass[3
9m=[32m"reminder-card-footer
"[39m
              [36m>[39m
                
[36m<div[39m
                  [33mclass
[39m=[32m"reminder-card-acti
ons"[39m
                [36m>[39m
                  
[36m<button[39m
                    [33maria
-label[39m=[32m"Complete 
reminder"[39m
                    [33mclas
s[39m=[32m"action-button 
action-complete"[39m
                    [33mtitl
e[39m=[32m"Complete"[39m
                    [33mtype
[39m=[32m"button"[39m
                  [36m>[39m
                    
[0mÔ£ô[0m
                  
[36m</button>[39m
                  
[36m<button[39m
                    [33maria
-label[39m=[32m"Snooze 
reminder"[39m
                    [33mclas
s[39m=[32m"action-button"[
39m
                    [33mtitl
e[39m=[32m"Snooze"[39m
                    [33mtype
[39m=[32m"button"[39m
                  [36m>[39m
                    
[0mÔÅ░[0m
                  
[36m</button>[39m
                  
[36m<button[39m
                    [33maria
-label[39m=[32m"Dismiss 
reminder"[39m
                    [33mclas
s[39m=[32m"action-button 
action-dismiss"[39m
                    [33mtitl
e[39m=[32m"Dismiss"[39m
                    [33mtype
[39m=[32m"button"[39m
                  [36m>[39m
                    
[0mÔ£ò[0m
                  
[36m</button>[39m
                
[36m</div>[39m
              
[36m</div>[39m
            [36m</div>[39m
          [36m</div>[39m
        [36m</div>[39m
      [36m</div>[39m
    [36m</div>[39m
  [36m</body>[39m
[36m</html>[39m

[32m- Expected[39m
[31m+ Received[39m

[32m- 1[39m
[31m+ 2[39m

[36m [2mÔØ»[22m frontend/s
rc/components/__tests__/Remin
dersList.test.tsx:[2m273:45
[22m[39m
    [90m271| [39m        
[35mawait[39m 
[34mwaitFor[39m(() 
[33m=>[39m {
    [90m272| [39m          
  const remindersInTable = 
screen.getAllByText("Did I 
exerciÔÇª
    [90m273| [39m          
  [34mexpect[39m(remindersI
nTable[33m.[39mlength)[33m
.[39m[34mtoBe[39m([34m1[
39m)[33m;[39m
    [90m   | [39m          
                             
     [31m^[39m
    [90m274| [39m        
})[33m;[39m
    [90m275| [39m    
})[33m;[39m
[90m [2mÔØ»[22m runWithExp
ensiveErrorDiagnosticsDisable
d node_modules/@testing-libra
ry/react/node_modules/@testin
g-library/dom/dist/config.js:
[2m47:12[22m[39m
[90m [2mÔØ»[22m 
checkCallback node_modules/@t
esting-library/react/node_mod
ules/@testing-library/dom/dis
t/wait-for.js:[2m124:77[22m
[39m
[90m [2mÔØ»[22m Timeout.ch
eckRealTimersCallback node_mo
dules/@testing-library/react/
node_modules/@testing-library
/dom/dist/wait-for.js:[2m118
:16[22m[39m

[31m[2mÔÄ»ÔÄ»ÔÄ»ÔÄ»ÔÄ»ÔÄ»ÔÄ
»ÔÄ»ÔÄ»ÔÄ»ÔÄ»ÔÄ»ÔÄ»ÔÄ»ÔÄ»ÔÄ»Ô
Ä»ÔÄ»ÔÄ»ÔÄ»ÔÄ»ÔÄ»ÔÄ»[4/50]ÔÄ»
[22m[39m

[41m[1m FAIL [22m[49m fro
ntend/src/components/__tests_
_/RemindersList.test.tsx[2m 
> [22mRemindersList[2m > 
[22mshould filter reminders 
by tracking
[31m[1mTestingLibraryElemen
tError[22m[39m: Found 
multiple elements with the 
text: Did I exercise?

Here are the matching 
elements:

Ignored nodes: comments, 
script, style
[36m<span[39m
  [33mclass[39m=[32m"track
ing-text"[39m
  [33mtitle[39m=[32m"ƒÆ¬ 
Did I exercise?"[39m
[36m>[39m
  [36m<span[39m
    [33mclass[39m=[32m"tra
cking-icon"[39m
  [36m>[39m
    [0m­ƒÆ¬[0m
  [36m</span>[39m
  [0mDid I exercise?[0m
[36m</span>[39m

Ignored nodes: comments, 
script, style
[36m<h3[39m
  [33mclass[39m=[32m"remin
der-card-question"[39m
[36m>[39m
  [0mDid I exercise?[0m
[36m</h3>[39m

(If this is intentional, 
then use the `*AllBy*` 
variant of the query (like 
`queryAllByText`, 
`getAllByText`, or 
`findAllByText`)).

Ignored nodes: comments, 
script, style
[36m<body>[39m
  [36m<div>[39m
    [36m<div[39m
      [33mclass[39m=[32m"r
eminders-list"[39m
    [36m>[39m
      [36m<div[39m
        [33mclass[39m=[32m
"reminders-list-content"[39m
      [36m>[39m
        [36m<div[39m
          [33mclass[39m=[3
2m"filter-panel"[39m
        [36m>[39m
          [36m<div[39m
            [33mclass[39m=
[32m"filter-panel-content"[3
9m
          [36m>[39m
            [36m<div[39m
              [33mclass[39m
=[32m"filter-row"[39m
            [36m>[39m
              
[36m<label[39m
                [33mclass[3
9m=[32m"filter-label"[39m
                [33mfor[39m
=[32m"filter-time"[39m
              [36m>[39m
                [0mTime:[0m
              
[36m</label>[39m
              
[36m<input[39m
                [33maria-lab
el[39m=[32m"Filter by 
time"[39m
                [33mclass[3
9m=[32m"filter-input"[39m
                [33mid[39m=
[32m"filter-time"[39m
                [33mplacehol
der[39m=[32m"Filter by 
time..."[39m
                [33mtype[39
m=[32m"text"[39m
                
[33mvalue[39m=[32m""[39m
              [36m/>[39m
            [36m</div>[39m
            [36m<div[39m
              [33mclass[39m
=[32m"filter-row"[39m
            [36m>[39m
              
[36m<label[39m
                [33mclass[3
9m=[32m"filter-label"[39m
                [33mfor[39m
=[32m"filter-tracking"[39m
              [36m>[39m
                
[0mTracking:[0m
              
[36m</label>[39m
              
[36m<input[39m
                [33maria-lab
el[39m=[32m"Filter by 
tracking"[39m
                [33mclass[3
9m=[32m"filter-input"[39m
                [33mid[39m=
[32m"filter-tracking"[39m
                [33mplacehol
der[39m=[32m"Filter by 
tracking..."[39m
                [33mtype[39
m=[32m"text"[39m
                [33mvalue[3
9m=[32m"exercise"[39m
              [36m/>[39m
            [36m</div>[39m
            [36m<div[39m
              [33mclass[39m
=[32m"filter-row"[39m
            [36m>[39m
              
[36m<label[39m
                [33mclass[3
9m=[32m"filter-label"[39m
                [33mfor[39m
=[32m"filter-notes"[39m
              [36m>[39m
                
[0mNotes:[0m
              
[36m</label>[39m
              
[36m<input[39m
                [33maria-lab
el[39m=[32m"Filter by 
notes"[39m
                [33mclass[3
9m=[32m"filter-input"[39m
                [33mid[39m=
[32m"filter-notes"[39m
                [33mplacehol
der[39m=[32m"Filter by 
notes..."[39m
                [33mtype[39
m=[32m"text"[39m
                
[33mvalue[39m=[32m""[39m
              [36m/>[39m
            [36m</div>[39m
            [36m<div[39m
              [33mclass[39m
=[32m"filter-row"[39m
            [36m>[39m
              
[36m<button[39m
                [33maria-lab
el[39m=[32m"Reset all 
filters"[39m
                [33mclass[3
9m=[32m"btn-secondary 
filter-reset-button"[39m
                [33mtype[39
m=[32m"button"[39m
              [36m>[39m
                [0mReset 
Filters[0m
              
[36m</button>[39m
            [36m</div>[39m
          [36m</div>[39m
        [36m</div>[39m
        [36m<div[39m
          [33mclass[39m=[3
2m"reminders-table-container"
[39m
        [36m>[39m
          [36m<table[39m
            [33mclass[39m=
[32m"reminders-table"[39m
          [36m>[39m
            [36m<thead>[39m
              [36m<tr>[39m
                [36m<th[39m
                  [33mclass
[39m=[32m"col-time"[39m
                [36m>[39m
                  
[36m<div[39m
                    [33mclas
s[39m=[32m"header-with-filt
er"[39m
                  [36m>[39m
                    
[36m<button[39m
                      [33mar
ia-expanded[39m=[32m"true"
[39m
                      [33mar
ia-label[39m=[32m"Hide 
filters"[39m
                      [33mcl
ass[39m=[32m"filter-toggle-
button"[39m
                      
[33mtitle[39m=[32m"Hide 
filters"[39m
                      [33mty
pe[39m=[32m"button"[39m
                    
[36m>[39m
                      
[36m<span[39m
                        [33m
class[39m=[32m"filter-toggl
e-icon"[39m
                      
[36m>[39m
                        [0m-
ƒöì[0m
                      
[36m</span>[39m
                    
[36m</button>[39m
                    
[36m<button[39m
                      [33mar
ia-label[39m=[32m"Sort by 
time"[39m
                      [33mcl
ass[39m=[32m"sortable-heade
r"[39m
                      [33mty
pe[39m=[32m"button"[39m
                    
[36m>[39m
                      
[0mTime[0m
                    
[36m</button>[39m
                  
[36m</div>[39m
                
[36m</th>[39m
                [36m<th[39m
                  [33mclass
[39m=[32m"col-tracking"[39m
                [36m>[39m
                  
[36m<button[39m
                    [33maria
-label[39m=[32m"Sort by 
tracking"[39m
                    [33mclas
s[39m=[32m"sortable-header"
[39m
                    [33mtype
[39m=[32m"button"[39m
                  [36m>[39m
                    
[0mTracking[0m
                  
[36m</button>[39m
                
[36m</th>[39m
                [36m<th[39m
                  [33mclass
[39m=[32m"col-notes"[39m
                [36m>[39m
                  
[36m<button[39m
                    [33maria
-label[39m=[32m"Sort by 
notes"[39m
                    [33mclas
s[39m=[32m"sortable-header"
[39m
                    [33mtype
[39m=[32m"button"[39m
                  [36m>[39m
                    
[0mNotes[0m
                  
[36m</button>[39m
                
[36m</th>[39m
                [36m<th[39m
                  [33mclass
[39m=[32m"col-actions"[39m
                [36m>[39m
                  
[0mActions[0m
                
[36m</th>[39m
              [36m</tr>[39m
            
[36m</thead>[39m
            [36m<tbody>[39m
              [36m<tr[39m
                [33mclass[3
9m=[32m"reminder-row"[39m
              [36m>[39m
                [36m<td[39m
                  [33mclass
[39m=[32m"cell-time"[39m
                [36m>[39m
                  
[0m1/1/2024 07:00 a.┬ám.[0m
                
[36m</td>[39m
                [36m<td[39m
                  [33mclass
[39m=[32m"cell-tracking"[39
m
                [36m>[39m
                  
[36m<span[39m
                    [33mclas
s[39m=[32m"tracking-text"[
39m
                    
[33mtitle[39m=[32m"ƒÆ¬ 
Did I exercise?"[39m
                  [36m>[39m
                    
[36m<span[39m
                      [33mcl
ass[39m=[32m"tracking-icon"
[39m
                    
[36m>[39m
                      [0m
ƒÆ¬[0m
                    
[36m</span>[39m
                    [0mDid 
I exercise?[0m
                  
[36m</span>[39m
                
[36m</td>[39m
                [36m<td[39m
                  [33mclass
[39m=[32m"cell-notes"[39m
                [36m>[39m
                  
[36m<textarea[39m
                    [33mclas
s[39m=[32m"notes-textarea"
[39m
                    [33mplac
eholder[39m=[32m"Add 
notes..."[39m
                    
[33mrows[39m=[32m"2"[39m
                  
[36m/>[39m
                
[36m</td>[39m
                [36m<td[39m
                  [33mclass
[39m=[32m"cell-actions"[39m
                [36m>[39m
                  
[36m<div[39m
                    [33mclas
s[39m=[32m"actions-containe
r"[39m
                  [36m>[39m
                    
[36m<div[39m
                      [33mcl
ass[39m=[32m"actions-button
s"[39m
                    
[36m>[39m
                      
[36m<button[39m
                        [33m
aria-label[39m=[32m"Complet
e reminder"[39m
                        [33m
class[39m=[32m"action-butto
n action-complete"[39m
                        [33m
title[39m=[32m"Complete 
reminder"[39m
                        [33m
type[39m=[32m"button"[39m
                      
[36m>[39m
                        
[0mÔ£ô[0m
                      
[36m</button>[39m
                      
[36m<button[39m
                        [33m
aria-label[39m=[32m"Dismiss
 reminder"[39m
                        [33m
class[39m=[32m"action-butto
n action-dismiss"[39m
                        [33m
title[39m=[32m"Dismiss 
reminder"[39m
                        [33m
type[39m=[32m"button"[39m
                      
[36m>[39m
                        
[0mÔ£ò[0m
                      
[36m</button>[39m
                      
[36m<button[39m
                        [33m
aria-label[39m=[32m"Snooze 
reminder"[39m
                        [33m
class[39m=[32m"action-butto
n action-snooze"[39m
                        
[33mtitle[39m=[32m"Snooze 
reminder (click to see 
options)"[39m
                        [33m
type[39m=[32m"button"[39m
                      
[36m>[39m
                        [0m-
ƒÆñ[0m
                      
[36m</button>[39m
                    
[36m</div>[39m
                  
[36m</div>[39m
                
[36m</td>[39m
              [36m</tr>[39m
            
[36m</tbody>[39m
          [36m</table>[39m
        [36m</div>[39m
        [36m<div[39m
          [33mclass[39m=[3
2m"reminders-cards"[39m
        [36m>[39m
          [36m<div[39m
            [33mclass[39m=
[32m"reminder-card"[39m
          [36m>[39m
            [36m<div[39m
              [33mclass[39m
=[32m"reminder-card-header"
[39m
            [36m>[39m
              [36m<div[39m
                [33mclass[3
9m=[32m"reminder-card-icon"
[39m
              [36m>[39m
                [0m­ƒÆ¬[0m
              
[36m</div>[39m
              [36m<div[39m
                [33mclass[3
9m=[32m"reminder-card-title"
[39m
              [36m>[39m
                [36m<h3[39m
                  [33mclass
[39m=[32m"reminder-card-ques
tion"[39m
                [36m>[39m
                  [0mDid I 
exercise?[0m
                
[36m</h3>[39m
                
[36m<div[39m
                  [33mclass
[39m=[32m"reminder-card-time
"[39m
                [36m>[39m
                  
[0m1/1/2024 07:00 a.┬ám.[0m
                
[36m</div>[39m
              
[36m</div>[39m
            [36m</div>[39m
            [36m<div[39m
              [33mclass[39m
=[32m"reminder-card-footer"
[39m
            [36m>[39m
              [36m<div[39m
                [33mclass[3
9m=[32m"reminder-card-action
s"[39m
              [36m>[39m
                
[36m<button[39m
                  [33maria-l
abel[39m=[32m"Complete 
reminder"[39m
                  [33mclass
[39m=[32m"action-button 
action-complete"[39m
                  [33mtitle
[39m=[32m"Complete"[39m
                  [33mtype[
39m=[32m"button"[39m
                [36m>[39m
                  [0mÔ£ô[0m
                
[36m</button>[39m
                
[36m<button[39m
                  [33maria-l
abel[39m=[32m"Snooze 
reminder"[39m
                  [33mclass
[39m=[32m"action-button"[39
m
                  [33mtitle
[39m=[32m"Snooze"[39m
                  [33mtype[
39m=[32m"button"[39m
                [36m>[39m
                  [0mÔÅ░[0m
                
[36m</button>[39m
                
[36m<button[39m
                  [33maria-l
abel[39m=[32m"Dismiss 
reminder"[39m
                  [33mclass
[39m=[32m"action-button 
action-dismiss"[39m
                  [33mtitle
[39m=[32m"Dismiss"[39m
                  [33mtype[
39m=[32m"button"[39m
                [36m>[39m
                  [0mÔ£ò[0m
                
[36m</button>[39m
              
[36m</div>[39m
            [36m</div>[39m
          [36m</div>[39m
        [36m</div>[39m
      [36m</div>[39m
    [36m</div>[39m
  [36m</div>[39m
[36m</body>[39m
[90m [2mÔØ»[22m 
Object.getElementError node_m
odules/@testing-library/react
/node_modules/@testing-librar
y/dom/dist/config.js:[2m37:1
9[22m[39m
[90m [2mÔØ»[22m 
getElementError node_modules/
@testing-library/react/node_m
odules/@testing-library/dom/d
ist/query-helpers.js:[2m20:3
5[22m[39m
[90m [2mÔØ»[22m getMultipl
eElementsFoundError node_modu
les/@testing-library/react/no
de_modules/@testing-library/d
om/dist/query-helpers.js:[2m
23:10[22m[39m
[90m [2mÔØ»[22m node_modul
es/@testing-library/react/nod
e_modules/@testing-library/do
m/dist/query-helpers.js:[2m5
5:13[22m[39m
[90m [2mÔØ»[22m node_modul
es/@testing-library/react/nod
e_modules/@testing-library/do
m/dist/query-helpers.js:[2m9
5:19[22m[39m
[36m [2mÔØ»[22m frontend/s
rc/components/__tests__/Remin
dersList.test.tsx:[2m328:23
[22m[39m
    [90m326| [39m
    [90m327| [39m        
[90m// Should only show 
exercise reminder[39m
    [90m328| [39m        
expect(screen.getByText("Did 
I exercise?")).toBeInTheDocum
ent(ÔÇª
    [90m   | [39m          
            [31m^[39m
    [90m329| [39m        ex
pect(screen.queryByText("Did 
I meditate?")).not.toBeInTheD
ocÔÇª
    [90m330| [39m    
})[33m;[39m

[31m[2mÔÄ»ÔÄ»ÔÄ»ÔÄ»ÔÄ»ÔÄ»ÔÄ
»ÔÄ»ÔÄ»ÔÄ»ÔÄ»ÔÄ»ÔÄ»ÔÄ»ÔÄ»ÔÄ»Ô
Ä»ÔÄ»ÔÄ»ÔÄ»ÔÄ»ÔÄ»ÔÄ»[5/50]ÔÄ»
[22m[39m

[41m[1m FAIL [22m[49m fro
ntend/src/components/__tests_
_/RemindersList.test.tsx[2m 
> [22mRemindersList[2m > 
[22mshould reset filters
[31m[1mTestingLibraryElemen
tError[22m[39m: Found 
multiple elements with the 
text: Did I exercise?

Here are the matching 
elements:

Ignored nodes: comments, 
script, style
[36m<span[39m
  [33mclass[39m=[32m"track
ing-text"[39m
  [33mtitle[39m=[32m"ƒÆ¬ 
Did I exercise?"[39m
[36m>[39m
  [36m<span[39m
    [33mclass[39m=[32m"tra
cking-icon"[39m
  [36m>[39m
    [0m­ƒÆ¬[0m
  [36m</span>[39m
  [0mDid I exercise?[0m
[36m</span>[39m

Ignored nodes: comments, 
script, style
[36m<h3[39m
  [33mclass[39m=[32m"remin
der-card-question"[39m
[36m>[39m
  [0mDid I exercise?[0m
[36m</h3>[39m

(If this is intentional, 
then use the `*AllBy*` 
variant of the query (like 
`queryAllByText`, 
`getAllByText`, or 
`findAllByText`)).

Ignored nodes: comments, 
script, style
[36m<body>[39m
  [36m<div>[39m
    [36m<div[39m
      [33mclass[39m=[32m"r
eminders-list"[39m
    [36m>[39m
      [36m<div[39m
        [33mclass[39m=[32m
"reminders-list-content"[39m
      [36m>[39m
        [36m<div[39m
          [33mclass[39m=[3
2m"filter-panel"[39m
        [36m>[39m
          [36m<div[39m
            [33mclass[39m=
[32m"filter-panel-content"[3
9m
          [36m>[39m
            [36m<div[39m
              [33mclass[39m
=[32m"filter-row"[39m
            [36m>[39m
              
[36m<label[39m
                [33mclass[3
9m=[32m"filter-label"[39m
                [33mfor[39m
=[32m"filter-time"[39m
              [36m>[39m
                [0mTime:[0m
              
[36m</label>[39m
              
[36m<input[39m
                [33maria-lab
el[39m=[32m"Filter by 
time"[39m
                [33mclass[3
9m=[32m"filter-input"[39m
                [33mid[39m=
[32m"filter-time"[39m
                [33mplacehol
der[39m=[32m"Filter by 
time..."[39m
                [33mtype[39
m=[32m"text"[39m
                
[33mvalue[39m=[32m""[39m
              [36m/>[39m
            [36m</div>[39m
            [36m<div[39m
              [33mclass[39m
=[32m"filter-row"[39m
            [36m>[39m
              
[36m<label[39m
                [33mclass[3
9m=[32m"filter-label"[39m
                [33mfor[39m
=[32m"filter-tracking"[39m
              [36m>[39m
                
[0mTracking:[0m
              
[36m</label>[39m
              
[36m<input[39m
                [33maria-lab
el[39m=[32m"Filter by 
tracking"[39m
                [33mclass[3
9m=[32m"filter-input"[39m
                [33mid[39m=
[32m"filter-tracking"[39m
                [33mplacehol
der[39m=[32m"Filter by 
tracking..."[39m
                [33mtype[39
m=[32m"text"[39m
                
[33mvalue[39m=[32m""[39m
              [36m/>[39m
            [36m</div>[39m
            [36m<div[39m
              [33mclass[39m
=[32m"filter-row"[39m
            [36m>[39m
              
[36m<label[39m
                [33mclass[3
9m=[32m"filter-label"[39m
                [33mfor[39m
=[32m"filter-notes"[39m
              [36m>[39m
                
[0mNotes:[0m
              
[36m</label>[39m
              
[36m<input[39m
                [33maria-lab
el[39m=[32m"Filter by 
notes"[39m
                [33mclass[3
9m=[32m"filter-input"[39m
                [33mid[39m=
[32m"filter-notes"[39m
                [33mplacehol
der[39m=[32m"Filter by 
notes..."[39m
                [33mtype[39
m=[32m"text"[39m
                
[33mvalue[39m=[32m""[39m
              [36m/>[39m
            [36m</div>[39m
            [36m<div[39m
              [33mclass[39m
=[32m"filter-row"[39m
            [36m>[39m
              
[36m<button[39m
                [33maria-lab
el[39m=[32m"Reset all 
filters"[39m
                [33mclass[3
9m=[32m"btn-secondary 
filter-reset-button"[39m
                [33mtype[39
m=[32m"button"[39m
              [36m>[39m
                [0mReset 
Filters[0m
              
[36m</button>[39m
            [36m</div>[39m
          [36m</div>[39m
        [36m</div>[39m
        [36m<div[39m
          [33mclass[39m=[3
2m"reminders-table-container"
[39m
        [36m>[39m
          [36m<table[39m
            [33mclass[39m=
[32m"reminders-table"[39m
          [36m>[39m
            [36m<thead>[39m
              [36m<tr>[39m
                [36m<th[39m
                  [33mclass
[39m=[32m"col-time"[39m
                [36m>[39m
                  
[36m<div[39m
                    [33mclas
s[39m=[32m"header-with-filt
er"[39m
                  [36m>[39m
                    
[36m<button[39m
                      [33mar
ia-expanded[39m=[32m"true"
[39m
                      [33mar
ia-label[39m=[32m"Hide 
filters"[39m
                      [33mcl
ass[39m=[32m"filter-toggle-
button"[39m
                      
[33mtitle[39m=[32m"Hide 
filters"[39m
                      [33mty
pe[39m=[32m"button"[39m
                    
[36m>[39m
                      
[36m<span[39m
                        [33m
class[39m=[32m"filter-toggl
e-icon"[39m
                      
[36m>[39m
                        [0m-
ƒöì[0m
                      
[36m</span>[39m
                    
[36m</button>[39m
                    
[36m<button[39m
                      [33mar
ia-label[39m=[32m"Sort by 
time"[39m
                      [33mcl
ass[39m=[32m"sortable-heade
r"[39m
                      [33mty
pe[39m=[32m"button"[39m
                    
[36m>[39m
                      
[0mTime[0m
                    
[36m</button>[39m
                  
[36m</div>[39m
                
[36m</th>[39m
                [36m<th[39m
                  [33mclass
[39m=[32m"col-tracking"[39m
                [36m>[39m
                  
[36m<button[39m
                    [33maria
-label[39m=[32m"Sort by 
tracking"[39m
                    [33mclas
s[39m=[32m"sortable-header"
[39m
                    [33mtype
[39m=[32m"button"[39m
                  [36m>[39m
                    
[0mTracking[0m
                  
[36m</button>[39m
                
[36m</th>[39m
                [36m<th[39m
                  [33mclass
[39m=[32m"col-notes"[39m
                [36m>[39m
                  
[36m<button[39m
                    [33maria
-label[39m=[32m"Sort by 
notes"[39m
                    [33mclas
s[39m=[32m"sortable-header"
[39m
                    [33mtype
[39m=[32m"button"[39m
                  [36m>[39m
                    
[0mNotes[0m
                  
[36m</button>[39m
                
[36m</th>[39m
                [36m<th[39m
                  [33mclass
[39m=[32m"col-actions"[39m
                [36m>[39m
                  
[0mActions[0m
                
[36m</th>[39m
              [36m</tr>[39m
            
[36m</thead>[39m
            [36m<tbody>[39m
              [36m<tr[39m
                [33mclass[3
9m=[32m"reminder-row"[39m
              [36m>[39m
                [36m<td[39m
                  [33mclass
[39m=[32m"cell-time"[39m
                [36m>[39m
                  
[0m1/1/2024 07:00 a.┬ám.[0m
                
[36m</td>[39m
                [36m<td[39m
                  [33mclass
[39m=[32m"cell-tracking"[39
m
                [36m>[39m
                  
[36m<span[39m
                    [33mclas
s[39m=[32m"tracking-text"[
39m
                    
[33mtitle[39m=[32m"ƒÆ¬ 
Did I exercise?"[39m
                  [36m>[39m
                    
[36m<span[39m
                      [33mcl
ass[39m=[32m"tracking-icon"
[39m
                    
[36m>[39m
                      [0m
ƒÆ¬[0m
                    
[36m</span>[39m
                    [0mDid 
I exercise?[0m
                  
[36m</span>[39m
                
[36m</td>[39m
                [36m<td[39m
                  [33mclass
[39m=[32m"cell-notes"[39m
                [36m>[39m
                  
[36m<textarea[39m
                    [33mclas
s[39m=[32m"notes-textarea"
[39m
                    [33mplac
eholder[39m=[32m"Add 
notes..."[39m
                    
[33mrows[39m=[32m"2"[39m
                  
[36m/>[39m
                
[36m</td>[39m
                [36m<td[39m
                  [33mclass
[39m=[32m"cell-actions"[39m
                [36m>[39m
                  
[36m<div[39m
                    [33mclas
s[39m=[32m"actions-containe
r"[39m
                  [36m>[39m
                    
[36m<div[39m
                      [33mcl
ass[39m=[32m"actions-button
s"[39m
                    
[36m>[39m
                      
[36m<button[39m
                        [33m
aria-label[39m=[32m"Complet
e reminder"[39m
                        [33m
class[39m=[32m"action-butto
n action-complete"[39m
                        [33m
title[39m=[32m"Complete 
reminder"[39m
                        [33m
type[39m=[32m"button"[39m
                      
[36m>[39m
                        
[0mÔ£ô[0m
                      
[36m</button>[39m
                      
[36m<button[39m
                        [33m
aria-label[39m=[32m"Dismiss
 reminder"[39m
                        [33m
class[39m=[32m"action-butto
n action-dismiss"[39m
                        [33m
title[39m=[32m"Dismiss 
reminder"[39m
                        [33m
type[39m=[32m"button"[39m
                      
[36m>[39m
                        
[0mÔ£ò[0m
                      
[36m</button>[39m
                      
[36m<button[39m
                        [33m
aria-label[39m=[32m"Snooze 
reminder"[39m
                        [33m
class[39m=[32m"action-butto
n action-snooze"[39m
                        
[33mtitle[39m=[32m"Snooze 
reminder (click to see 
options)"[39m
                        [33m
type[39m=[32m"button"[39m
                      
[36m>[39m
                        [0m-
ƒÆñ[0m
                      
[36m</button>[39m
                    
[36m</div>[39m
                  
[36m</div>[39m
                
[36m</td>[39m
              [36m</tr>[39m
            
[36m</tbody>[39m
          [36m</table>[39m
        [36m</div>[39m
        [36m<div[39m
          [33mclass[39m=[3
2m"reminders-cards"[39m
        [36m>[39m
          [36m<div[39m
            [33mclass[39m=
[32m"reminder-card"[39m
          [36m>[39m
            [36m<div[39m
              [33mclass[39m
=[32m"reminder-card-header"
[39m
            [36m>[39m
              [36m<div[39m
                [33mclass[3
9m=[32m"reminder-card-icon"
[39m
              [36m>[39m
                [0m­ƒÆ¬[0m
              
[36m</div>[39m
              [36m<div[39m
                [33mclass[3
9m=[32m"reminder-card-title"
[39m
              [36m>[39m
                [36m<h3[39m
                  [33mclass
[39m=[32m"reminder-card-ques
tion"[39m
                [36m>[39m
                  [0mDid I 
exercise?[0m
                
[36m</h3>[39m
                
[36m<div[39m
                  [33mclass
[39m=[32m"reminder-card-time
"[39m
                [36m>[39m
                  
[0m1/1/2024 07:00 a.┬ám.[0m
                
[36m</div>[39m
              
[36m</div>[39m
            [36m</div>[39m
            [36m<div[39m
              [33mclass[39m
=[32m"reminder-card-footer"
[39m
            [36m>[39m
              [36m<div[39m
                [33mclass[3
9m=[32m"reminder-card-action
s"[39m
              [36m>[39m
                
[36m<button[39m
                  [33maria-l
abel[39m=[32m"Complete 
reminder"[39m
                  [33mclass
[39m=[32m"action-button 
action-complete"[39m
                  [33mtitle
[39m=[32m"Complete"[39m
                  [33mtype[
39m=[32m"button"[39m
                [36m>[39m
                  [0mÔ£ô[0m
                
[36m</button>[39m
                
[36m<button[39m
                  [33maria-l
abel[39m=[32m"Snooze 
reminder"[39m
                  [33mclass
[39m=[32m"action-button"[39
m
                  [33mtitle
[39m=[32m"Snooze"[39m
                  [33mtype[
39m=[32m"button"[39m
                [36m>[39m
                  [0mÔÅ░[0m
                
[36m</button>[39m
                
[36m<button[39m
                  [33maria-l
abel[39m=[32m"Dismiss 
reminder"[39m
                  [33mclass
[39m=[32m"action-button 
action-dismiss"[39m
                  [33mtitle
[39m=[32m"Dismiss"[39m
                  [33mtype[
39m=[32m"button"[39m
                [36m>[39m
                  [0mÔ£ò[0m
                
[36m</button>[39m
              
[36m</div>[39m
            [36m</div>[39m
          [36m</div>[39m
        [36m</div>[39m
      [36m</div>[39m
    [36m</div>[39m
  [36m</div>[39m
[36m</body>[39m

Ignored nodes: comments, 
script, style
[36m<html>[39m
  [36m<head />[39m
  [36m<body>[39m
    [36m<div>[39m
      [36m<div[39m
        [33mclass[39m=[32m
"reminders-list"[39m
      [36m>[39m
        [36m<div[39m
          [33mclass[39m=[3
2m"reminders-list-content"[3
9m
        [36m>[39m
          [36m<div[39m
            [33mclass[39m=
[32m"filter-panel"[39m
          [36m>[39m
            [36m<div[39m
              [33mclass[39m
=[32m"filter-panel-content"
[39m
            [36m>[39m
              [36m<div[39m
                [33mclass[3
9m=[32m"filter-row"[39m
              [36m>[39m
                
[36m<label[39m
                  [33mclass
[39m=[32m"filter-label"[39m
                  [33mfor[3
9m=[32m"filter-time"[39m
                [36m>[39m
                  
[0mTime:[0m
                
[36m</label>[39m
                
[36m<input[39m
                  [33maria-l
abel[39m=[32m"Filter by 
time"[39m
                  [33mclass
[39m=[32m"filter-input"[39m
                  [33mid[39
m=[32m"filter-time"[39m
                  [33mplaceh
older[39m=[32m"Filter by 
time..."[39m
                  [33mtype[
39m=[32m"text"[39m
                  
[33mvalue[39m=[32m""[39m
                [36m/>[39m
              
[36m</div>[39m
              [36m<div[39m
                [33mclass[3
9m=[32m"filter-row"[39m
              [36m>[39m
                
[36m<label[39m
                  [33mclass
[39m=[32m"filter-label"[39m
                  [33mfor[3
9m=[32m"filter-tracking"[39
m
                [36m>[39m
                  
[0mTracking:[0m
                
[36m</label>[39m
                
[36m<input[39m
                  [33maria-l
abel[39m=[32m"Filter by 
tracking"[39m
                  [33mclass
[39m=[32m"filter-input"[39m
                  [33mid[39
m=[32m"filter-tracking"[39m
                  [33mplaceh
older[39m=[32m"Filter by 
tracking..."[39m
                  [33mtype[
39m=[32m"text"[39m
                  
[33mvalue[39m=[32m""[39m
                [36m/>[39m
              
[36m</div>[39m
              [36m<div[39m
                [33mclass[3
9m=[32m"filter-row"[39m
              [36m>[39m
                
[36m<label[39m
                  [33mclass
[39m=[32m"filter-label"[39m
                  [33mfor[3
9m=[32m"filter-notes"[39m
                [36m>[39m
                  
[0mNotes:[0m
                
[36m</label>[39m
                
[36m<input[39m
                  [33maria-l
abel[39m=[32m"Filter by 
notes"[39m
                  [33mclass
[39m=[32m"filter-input"[39m
                  [33mid[39
m=[32m"filter-notes"[39m
                  [33mplaceh
older[39m=[32m"Filter by 
notes..."[39m
                  [33mtype[
39m=[32m"text"[39m
                  
[33mvalue[39m=[32m""[39m
                [36m/>[39m
              
[36m</div>[39m
              [36m<div[39m
                [33mclass[3
9m=[32m"filter-row"[39m
              [36m>[39m
                
[36m<button[39m
                  [33maria-l
abel[39m=[32m"Reset all 
filters"[39m
                  [33mclass
[39m=[32m"btn-secondary 
filter-reset-button"[39m
                  [33mtype[
39m=[32m"button"[39m
                [36m>[39m
                  [0mReset 
Filters[0m
                
[36m</button>[39m
              
[36m</div>[39m
            [36m</div>[39m
          [36m</div>[39m
          [36m<div[39m
            [33mclass[39m=
[32m"reminders-table-containe
r"[39m
          [36m>[39m
            [36m<table[39m
              [33mclass[39m
=[32m"reminders-table"[39m
            [36m>[39m
              
[36m<thead>[39m
                
[36m<tr>[39m
                  
[36m<th[39m
                    [33mclas
s[39m=[32m"col-time"[39m
                  [36m>[39m
                    
[36m<div[39m
                      [33mcl
ass[39m=[32m"header-with-fi
lter"[39m
                    
[36m>[39m
                      
[36m<button[39m
                        [33m
aria-expanded[39m=[32m"true
"[39m
                        [33m
aria-label[39m=[32m"Hide 
filters"[39m
                        [33m
class[39m=[32m"filter-toggl
e-button"[39m
                        
[33mtitle[39m=[32m"Hide 
filters"[39m
                        [33m
type[39m=[32m"button"[39m
                      
[36m>[39m
                        
[36m<span[39m
                          [3
3mclass[39m=[32m"filter-tog
gle-icon"[39m
                        
[36m>[39m
                          
[0mƒöì[0m
                        
[36m</span>[39m
                      
[36m</button>[39m
                      
[36m<button[39m
                        [33m
aria-label[39m=[32m"Sort 
by time"[39m
                        [33m
class[39m=[32m"sortable-hea
der"[39m
                        [33m
type[39m=[32m"button"[39m
                      
[36m>[39m
                        
[0mTime[0m
                      
[36m</button>[39m
                    
[36m</div>[39m
                  
[36m</th>[39m
                  
[36m<th[39m
                    [33mclas
s[39m=[32m"col-tracking"[3
9m
                  [36m>[39m
                    
[36m<button[39m
                      [33mar
ia-label[39m=[32m"Sort by 
tracking"[39m
                      [33mcl
ass[39m=[32m"sortable-heade
r"[39m
                      [33mty
pe[39m=[32m"button"[39m
                    
[36m>[39m
                      
[0mTracking[0m
                    
[36m</button>[39m
                  
[36m</th>[39m
                  
[36m<th[39m
                    [33mclas
s[39m=[32m"col-notes"[39m
                  [36m>[39m
                    
[36m<button[39m
                      [33mar
ia-label[39m=[32m"Sort by 
notes"[39m
                      [33mcl
ass[39m=[32m"sortable-heade
r"[39m
                      [33mty
pe[39m=[32m"button"[39m
                    
[36m>[39m
                      
[0mNotes[0m
                    
[36m</button>[39m
                  
[36m</th>[39m
                  
[36m<th[39m
                    [33mclas
s[39m=[32m"col-actions"[39
m
                  [36m>[39m
                    
[0mActions[0m
                  
[36m</th>[39m
                
[36m</tr>[39m
              
[36m</thead>[39m
              
[36m<tbody>[39m
                [36m<tr[39m
                  [33mclass
[39m=[32m"reminder-row"[39m
                [36m>[39m
                  
[36m<td[39m
                    [33mclas
s[39m=[32m"cell-time"[39m
                  [36m>[39m
                    
[0m1/1/2024 07:00 a.┬ám.[0m
                  
[36m</td>[39m
                  
[36m<td[39m
                    [33mclas
s[39m=[32m"cell-tracking"[
39m
                  [36m>[39m
                    
[36m<span[39m
                      [33mcl
ass[39m=[32m"tracking-text"
[39m
                      
[33mtitle[39m=[32m"ƒÆ¬ 
Did I exercise?"[39m
                    
[36m>[39m
                      
[36m<span[39m
                        [33m
class[39m=[32m"tracking-ico
n"[39m
                      
[36m>[39m
                        [0m-
ƒÆ¬[0m
                      
[36m</span>[39m
                      
[0mDid I exercise?[0m
                    
[36m</span>[39m
                  
[36m</td>[39m
                  
[36m<td[39m
                    [33mclas
s[39m=[32m"cell-notes"[39m
                  [36m>[39m
                    
[36m<textarea[39m
                      [33mcl
ass[39m=[32m"notes-textarea
"[39m
                      [33mpl
aceholder[39m=[32m"Add 
notes..."[39m
                      
[33mrows[39m=[32m"2"[39m
                    
[36m/>[39m
                  
[36m</td>[39m
                  
[36m<td[39m
                    [33mclas
s[39m=[32m"cell-actions"[3
9m
                  [36m>[39m
                    
[36m<div[39m
                      [33mcl
ass[39m=[32m"actions-contai
ner"[39m
                    
[36m>[39m
                      
[36m<div[39m
                        [33m
class[39m=[32m"actions-butt
ons"[39m
                      
[36m>[39m
                        
[36m<button[39m
                          [3
3maria-label[39m=[32m"Compl
ete reminder"[39m
                          [3
3mclass[39m=[32m"action-but
ton action-complete"[39m
                          [3
3mtitle[39m=[32m"Complete 
reminder"[39m
                          [3
3mtype[39m=[32m"button"[39
m
                        
[36m>[39m
                          
[0mÔ£ô[0m
                        
[36m</button>[39m
                        
[36m<button[39m
                          [3
3maria-label[39m=[32m"Dismi
ss reminder"[39m
                          [3
3mclass[39m=[32m"action-but
ton action-dismiss"[39m
                          [3
3mtitle[39m=[32m"Dismiss 
reminder"[39m
                          [3
3mtype[39m=[32m"button"[39
m
                        
[36m>[39m
                          
[0mÔ£ò[0m
                        
[36m</button>[39m
                        
[36m<button[39m
                          [3
3maria-label[39m=[32m"Snooz
e reminder"[39m
                          [3
3mclass[39m=[32m"action-but
ton action-snooze"[39m
                          
[33mtitle[39m=[32m"Snooze 
reminder (click to see 
options)"[39m
                          [3
3mtype[39m=[32m"button"[39
m
                        
[36m>[39m
                          
[0mƒÆñ[0m
                        
[36m</button>[39m
                      
[36m</div>[39m
                    
[36m</div>[39m
                  
[36m</td>[39m
                
[36m</tr>[39m
              
[36m</tbody>[39m
            
[36m</table>[39m
          [36m</div>[39m
          [36m<div[39m
            [33mclass[39m=
[32m"reminders-cards"[39m
          [36m>[39m
            [36m<div[39m
              [33mclass[39m
=[32m"reminder-card"[39m
            [36m>[39m
              [36m<div[39m
                [33mclass[3
9m=[32m"reminder-card-header
"[39m
              [36m>[39m
                
[36m<div[39m
                  [33mclass
[39m=[32m"reminder-card-icon
"[39m
                [36m>[39m
                  [0mƒÆ¬[0m
                
[36m</div>[39m
                
[36m<div[39m
                  [33mclass
[39m=[32m"reminder-card-titl
e"[39m
                [36m>[39m
                  
[36m<h3[39m
                    [33mclas
s[39m=[32m"reminder-card-qu
estion"[39m
                  [36m>[39m
                    [0mDid 
I exercise?[0m
                  
[36m</h3>[39m
                  
[36m<div[39m
                    [33mclas
s[39m=[32m"reminder-card-ti
me"[39m
                  [36m>[39m
                    
[0m1/1/2024 07:00 a.┬ám.[0m
                  
[36m</div>[39m
                
[36m</div>[39m
              
[36m</div>[39m
              [36m<div[39m
                [33mclass[3
9m=[32m"reminder-card-footer
"[39m
              [36m>[39m
                
[36m<div[39m
                  [33mclass
[39m=[32m"reminder-card-acti
ons"[39m
                [36m>[39m
                  
[36m<button[39m
                    [33maria
-label[39m=[32m"Complete 
reminder"[39m
                    [33mclas
s[39m=[32m"action-button 
action-complete"[39m
                    [33mtitl
e[39m=[32m"Complete"[39m
                    [33mtype
[39m=[32m"button"[39m
                  [36m>[39m
                    
[0mÔ£ô[0m
                  
[36m</button>[39m
                  
[36m<button[39m
                    [33maria
-label[39m=[32m"Snooze 
reminder"[39m
                    [33mclas
s[39m=[32m"action-button"[
39m
                    [33mtitl
e[39m=[32m"Snooze"[39m
                    [33mtype
[39m=[32m"button"[39m
                  [36m>[39m
                    
[0mÔÅ░[0m
                  
[36m</button>[39m
                  
[36m<button[39m
                    [33maria
-label[39m=[32m"Dismiss 
reminder"[39m
                    [33mclas
s[39m=[32m"action-button 
action-dismiss"[39m
                    [33mtitl
e[39m=[32m"Dismiss"[39m
                    [33mtype
[39m=[32m"button"[39m
                  [36m>[39m
                    
[0mÔ£ò[0m
                  
[36m</button>[39m
                
[36m</div>[39m
              
[36m</div>[39m
            [36m</div>[39m
          [36m</div>[39m
        [36m</div>[39m
      [36m</div>[39m
    [36m</div>[39m
  [36m</body>[39m
[36m</html>[39m
[90m [2mÔØ»[22m 
Proxy.waitForWrapper node_mod
ules/@testing-library/react/n
ode_modules/@testing-library/
dom/dist/wait-for.js:[2m163:
27[22m[39m
[36m [2mÔØ»[22m frontend/s
rc/components/__tests__/Remin
dersList.test.tsx:[2m432:15
[22m[39m
    [90m430| [39m
    [90m431| [39m        
[90m// After reset, 
reminders should be visible 
again[39m
    [90m432| [39m        
[35mawait[39m 
[34mwaitFor[39m(() 
[33m=>[39m {
    [90m   | [39m          
    [31m^[39m
    [90m433| [39m          
  expect(screen.queryByText(/
no reminders match the 
current ÔÇª
    [90m434| [39m          
  
expect(screen.getByText("Did 
I exercise?")).toBeInTheDocum
ÔÇª

[31m[2mÔÄ»ÔÄ»ÔÄ»ÔÄ»ÔÄ»ÔÄ»ÔÄ
»ÔÄ»ÔÄ»ÔÄ»ÔÄ»ÔÄ»ÔÄ»ÔÄ»ÔÄ»ÔÄ»Ô
Ä»ÔÄ»ÔÄ»ÔÄ»ÔÄ»ÔÄ»ÔÄ»[6/50]ÔÄ»
[22m[39m

[41m[1m FAIL [22m[49m fro
ntend/src/components/__tests_
_/RemindersList.test.tsx[2m 
> [22mRemindersList[2m > 
[22mshould sort reminders 
by time
[31m[1mAssertionError[22m:
 expected 4 to be 2 // 
Object.is equality[39m

[32m- Expected[39m
[31m+ Received[39m

[32m- 2[39m
[31m+ 4[39m

[36m [2mÔØ»[22m frontend/s
rc/components/__tests__/Remin
dersList.test.tsx:[2m480:29
[22m[39m
    [90m478| [39m        
[90m// First reminder 
should be the earlier one 
(sorted ascending)[39m
    [90m479| [39m        
[35mconst[39m rows 
[33m=[39m screen[33m.[39m
[34mgetAllByText[39m([32m"
Did I 
exercise?"[39m)[33m;[39m
    [90m480| [39m        [
34mexpect[39m(rows[33m.[39
mlength)[33m.[39m[34mtoBe
[39m([34m2[39m)[33m;[39m
    [90m   | [39m          
                  [31m^[39m
    [90m481| [39m    
})[33m;[39m
    [90m482| [39m

[31m[2mÔÄ»ÔÄ»ÔÄ»ÔÄ»ÔÄ»ÔÄ»ÔÄ
»ÔÄ»ÔÄ»ÔÄ»ÔÄ»ÔÄ»ÔÄ»ÔÄ»ÔÄ»ÔÄ»Ô
Ä»ÔÄ»ÔÄ»ÔÄ»ÔÄ»ÔÄ»ÔÄ»[7/50]ÔÄ»
[22m[39m

[41m[1m FAIL [22m[49m fro
ntend/src/components/__tests_
_/RemindersList.test.tsx[2m 
> [22mRemindersList[2m > 
[22mshould sort reminders 
by tracking
[31m[1mAssertionError[22m:
 expected 4 to be 2 // 
Object.is equality[39m

[32m- Expected[39m
[31m+ Received[39m

[32m- 2[39m
[31m+ 4[39m

[36m [2mÔØ»[22m frontend/s
rc/components/__tests__/Remin
dersList.test.tsx:[2m531:29
[22m[39m
    [90m529| [39m        
[90m// Should be sorted 
alphabetically[39m
    [90m530| [39m        
const rows = 
screen.getAllByText(/Did I 
(exercise|meditate)\?/ÔÇª
    [90m531| [39m        [
34mexpect[39m(rows[33m.[39
mlength)[33m.[39m[34mtoBe
[39m([34m2[39m)[33m;[39m
    [90m   | [39m          
                  [31m^[39m
    [90m532| [39m    
})[33m;[39m
    [90m533| [39m

[31m[2mÔÄ»ÔÄ»ÔÄ»ÔÄ»ÔÄ»ÔÄ»ÔÄ
»ÔÄ»ÔÄ»ÔÄ»ÔÄ»ÔÄ»ÔÄ»ÔÄ»ÔÄ»ÔÄ»Ô
Ä»ÔÄ»ÔÄ»ÔÄ»ÔÄ»ÔÄ»ÔÄ»[8/50]ÔÄ»
[22m[39m

[41m[1m FAIL [22m[49m fro
ntend/src/components/__tests_
_/RemindersList.test.tsx[2m 
> [22mRemindersList[2m > 
[22mshould show snooze menu 
when Snooze is clicked
[31m[1mTestingLibraryElemen
tError[22m[39m: Found 
multiple elements with the 
role "button" and name 
"Snooze reminder"

Here are the matching 
elements:

Ignored nodes: comments, 
script, style
[36m<button[39m
  [33maria-label[39m=[32m"
Snooze reminder"[39m
  [33mclass[39m=[32m"actio
n-button action-snooze"[39m
  
[33mtitle[39m=[32m"Snooze 
reminder (click to see 
options)"[39m
  [33mtype[39m=[32m"button
"[39m
[36m>[39m
  [0m­ƒÆñ[0m
[36m</button>[39m

Ignored nodes: comments, 
script, style
[36m<button[39m
  [33maria-label[39m=[32m"
Snooze reminder"[39m
  [33mclass[39m=[32m"actio
n-button"[39m
  [33mtitle[39m=[32m"Snooz
e"[39m
  [33mtype[39m=[32m"button
"[39m
[36m>[39m
  [0mÔÅ░[0m
[36m</button>[39m

(If this is intentional, 
then use the `*AllBy*` 
variant of the query (like 
`queryAllByText`, 
`getAllByText`, or 
`findAllByText`)).

Ignored nodes: comments, 
script, style
[36m<body>[39m
  [36m<div>[39m
    [36m<div[39m
      [33mclass[39m=[32m"r
eminders-list"[39m
    [36m>[39m
      [36m<div[39m
        [33mclass[39m=[32m
"reminders-list-content"[39m
      [36m>[39m
        [36m<div[39m
          [33mclass[39m=[3
2m"reminders-table-container"
[39m
        [36m>[39m
          [36m<table[39m
            [33mclass[39m=
[32m"reminders-table"[39m
          [36m>[39m
            [36m<thead>[39m
              [36m<tr>[39m
                [36m<th[39m
                  [33mclass
[39m=[32m"col-time"[39m
                [36m>[39m
                  
[36m<div[39m
                    [33mclas
s[39m=[32m"header-with-filt
er"[39m
                  [36m>[39m
                    
[36m<button[39m
                      [33mar
ia-expanded[39m=[32m"false"
[39m
                      [33mar
ia-label[39m=[32m"Show 
filters"[39m
                      [33mcl
ass[39m=[32m"filter-toggle-
button"[39m
                      
[33mtitle[39m=[32m"Show 
filters"[39m
                      [33mty
pe[39m=[32m"button"[39m
                    
[36m>[39m
                      
[36m<span[39m
                        [33m
class[39m=[32m"filter-toggl
e-icon"[39m
                      
[36m>[39m
                        [0m-
ƒöì[0m
                      
[36m</span>[39m
                    
[36m</button>[39m
                    
[36m<button[39m
                      [33mar
ia-label[39m=[32m"Sort by 
time"[39m
                      [33mcl
ass[39m=[32m"sortable-heade
r"[39m
                      [33mty
pe[39m=[32m"button"[39m
                    
[36m>[39m
                      
[0mTime[0m
                    
[36m</button>[39m
                  
[36m</div>[39m
                
[36m</th>[39m
                [36m<th[39m
                  [33mclass
[39m=[32m"col-tracking"[39m
                [36m>[39m
                  
[36m<button[39m
                    [33maria
-label[39m=[32m"Sort by 
tracking"[39m
                    [33mclas
s[39m=[32m"sortable-header"
[39m
                    [33mtype
[39m=[32m"button"[39m
                  [36m>[39m
                    
[0mTracking[0m
                  
[36m</button>[39m
                
[36m</th>[39m
                [36m<th[39m
                  [33mclass
[39m=[32m"col-notes"[39m
                [36m>[39m
                  
[36m<button[39m
                    [33maria
-label[39m=[32m"Sort by 
notes"[39m
                    [33mclas
s[39m=[32m"sortable-header"
[39m
                    [33mtype
[39m=[32m"button"[39m
                  [36m>[39m
                    
[0mNotes[0m
                  
[36m</button>[39m
                
[36m</th>[39m
                [36m<th[39m
                  [33mclass
[39m=[32m"col-actions"[39m
                [36m>[39m
                  
[0mActions[0m
                
[36m</th>[39m
              [36m</tr>[39m
            
[36m</thead>[39m
            [36m<tbody>[39m
              [36m<tr[39m
                [33mclass[3
9m=[32m"reminder-row"[39m
              [36m>[39m
                [36m<td[39m
                  [33mclass
[39m=[32m"cell-time"[39m
                [36m>[39m
                  
[0m1/1/2024 07:00 a.┬ám.[0m
                
[36m</td>[39m
                [36m<td[39m
                  [33mclass
[39m=[32m"cell-tracking"[39
m
                [36m>[39m
                  
[36m<span[39m
                    [33mclas
s[39m=[32m"tracking-text"[
39m
                    
[33mtitle[39m=[32m"ƒÆ¬ 
Did I exercise?"[39m
                  [36m>[39m
                    
[36m<span[39m
                      [33mcl
ass[39m=[32m"tracking-icon"
[39m
                    
[36m>[39m
                      [0m
ƒÆ¬[0m
                    
[36m</span>[39m
                    [0mDid 
I exercise?[0m
                  
[36m</span>[39m
                
[36m</td>[39m
                [36m<td[39m
                  [33mclass
[39m=[32m"cell-notes"[39m
                [36m>[39m
                  
[36m<textarea[39m
                    [33mclas
s[39m=[32m"notes-textarea"
[39m
                    [33mplac
eholder[39m=[32m"Add 
notes..."[39m
                    
[33mrows[39m=[32m"2"[39m
                  
[36m/>[39m
                
[36m</td>[39m
                [36m<td[39m
                  [33mclass
[39m=[32m"cell-actions"[39m
                [36m>[39m
                  
[36m<div[39m
                    [33mclas
s[39m=[32m"actions-containe
r"[39m
                  [36m>[39m
                    
[36m<div[39m
                      [33mcl
ass[39m=[32m"actions-button
s"[39m
                    
[36m>[39m
                      
[36m<button[39m
                        [33m
aria-label[39m=[32m"Complet
e reminder"[39m
                        [33m
class[39m=[32m"action-butto
n action-complete"[39m
                        [33m
title[39m=[32m"Complete 
reminder"[39m
                        [33m
type[39m=[32m"button"[39m
                      
[36m>[39m
                        
[0mÔ£ô[0m
                      
[36m</button>[39m
                      
[36m<button[39m
                        [33m
aria-label[39m=[32m"Dismiss
 reminder"[39m
                        [33m
class[39m=[32m"action-butto
n action-dismiss"[39m
                        [33m
title[39m=[32m"Dismiss 
reminder"[39m
                        [33m
type[39m=[32m"button"[39m
                      
[36m>[39m
                        
[0mÔ£ò[0m
                      
[36m</button>[39m
                      
[36m<button[39m
                        [33m
aria-label[39m=[32m"Snooze 
reminder"[39m
                        [33m
class[39m=[32m"action-butto
n action-snooze"[39m
                        
[33mtitle[39m=[32m"Snooze 
reminder (click to see 
options)"[39m
                        [33m
type[39m=[32m"button"[39m
                      
[36m>[39m
                        [0m-
ƒÆñ[0m
                      
[36m</button>[39m
                    
[36m</div>[39m
                  
[36m</div>[39m
                
[36m</td>[39m
              [36m</tr>[39m
            
[36m</tbody>[39m
          [36m</table>[39m
        [36m</div>[39m
        [36m<div[39m
          [33mclass[39m=[3
2m"reminders-cards"[39m
        [36m>[39m
          [36m<div[39m
            [33mclass[39m=
[32m"reminder-card"[39m
          [36m>[39m
            [36m<div[39m
              [33mclass[39m
=[32m"reminder-card-header"
[39m
            [36m>[39m
              [36m<div[39m
                [33mclass[3
9m=[32m"reminder-card-icon"
[39m
              [36m>[39m
                [0m­ƒÆ¬[0m
              
[36m</div>[39m
              [36m<div[39m
                [33mclass[3
9m=[32m"reminder-card-title"
[39m
              [36m>[39m
                [36m<h3[39m
                  [33mclass
[39m=[32m"reminder-card-ques
tion"[39m
                [36m>[39m
                  [0mDid I 
exercise?[0m
                
[36m</h3>[39m
                
[36m<div[39m
                  [33mclass
[39m=[32m"reminder-card-time
"[39m
                [36m>[39m
                  
[0m1/1/2024 07:00 a.┬ám.[0m
                
[36m</div>[39m
              
[36m</div>[39m
            [36m</div>[39m
            [36m<div[39m
              [33mclass[39m
=[32m"reminder-card-footer"
[39m
            [36m>[39m
              [36m<div[39m
                [33mclass[3
9m=[32m"reminder-card-action
s"[39m
              [36m>[39m
                
[36m<button[39m
                  [33maria-l
abel[39m=[32m"Complete 
reminder"[39m
                  [33mclass
[39m=[32m"action-button 
action-complete"[39m
                  [33mtitle
[39m=[32m"Complete"[39m
                  [33mtype[
39m=[32m"button"[39m
                [36m>[39m
                  [0mÔ£ô[0m
                
[36m</button>[39m
                
[36m<button[39m
                  [33maria-l
abel[39m=[32m"Snooze 
reminder"[39m
                  [33mclass
[39m=[32m"action-button"[39
m
                  [33mtitle
[39m=[32m"Snooze"[39m
                  [33mtype[
39m=[32m"button"[39m
                [36m>[39m
                  [0mÔÅ░[0m
                
[36m</button>[39m
                
[36m<button[39m
                  [33maria-l
abel[39m=[32m"Dismiss 
reminder"[39m
                  [33mclass
[39m=[32m"action-button 
action-dismiss"[39m
                  [33mtitle
[39m=[32m"Dismiss"[39m
                  [33mtype[
39m=[32m"button"[39m
                [36m>[39m
                  [0mÔ£ò[0m
                
[36m</button>[39m
              
[36m</div>[39m
            [36m</div>[39m
          [36m</div>[39m
        [36m</div>[39m
      [36m</div>[39m
    [36m</div>[39m
  [36m</div>[39m
[36m</body>[39m
[90m [2mÔØ»[22m 
Object.getElementError node_m
odules/@testing-library/react
/node_modules/@testing-librar
y/dom/dist/config.js:[2m37:1
9[22m[39m
[90m [2mÔØ»[22m 
getElementError node_modules/
@testing-library/react/node_m
odules/@testing-library/dom/d
ist/query-helpers.js:[2m20:3
5[22m[39m
[90m [2mÔØ»[22m getMultipl
eElementsFoundError node_modu
les/@testing-library/react/no
de_modules/@testing-library/d
om/dist/query-helpers.js:[2m
23:10[22m[39m
[90m [2mÔØ»[22m node_modul
es/@testing-library/react/nod
e_modules/@testing-library/do
m/dist/query-helpers.js:[2m5
5:13[22m[39m
[90m [2mÔØ»[22m node_modul
es/@testing-library/react/nod
e_modules/@testing-library/do
m/dist/query-helpers.js:[2m9
5:19[22m[39m
[36m [2mÔØ»[22m frontend/s
rc/components/__tests__/Remin
dersList.test.tsx:[2m618:37
[22m[39m
    [90m616| [39m
    [90m617| [39m        
[90m// Click the Snooze 
action button directly[39m
    [90m618| [39m        
const snoozeButton = 
screen.getByRole("button", { 
name: "SnoozÔÇª
    [90m   | [39m          
                          
[31m^[39m
    [90m619| [39m        
[35mawait[39m userEvent[33
m.[39m[34mclick[39m(snooze
Button)[33m;[39m
    [90m620| [39m

[31m[2mÔÄ»ÔÄ»ÔÄ»ÔÄ»ÔÄ»ÔÄ»ÔÄ
»ÔÄ»ÔÄ»ÔÄ»ÔÄ»ÔÄ»ÔÄ»ÔÄ»ÔÄ»ÔÄ»Ô
Ä»ÔÄ»ÔÄ»ÔÄ»ÔÄ»ÔÄ»ÔÄ»[9/50]ÔÄ»
[22m[39m

[41m[1m FAIL [22m[49m fro
ntend/src/components/__tests_
_/RemindersList.test.tsx[2m 
> [22mRemindersList[2m > 
[22mshould call 
snoozeReminder when snooze 
option is clicked
[31m[1mTestingLibraryElemen
tError[22m[39m: Found 
multiple elements with the 
role "button" and name 
"Snooze reminder"

Here are the matching 
elements:

Ignored nodes: comments, 
script, style
[36m<button[39m
  [33maria-label[39m=[32m"
Snooze reminder"[39m
  [33mclass[39m=[32m"actio
n-button action-snooze"[39m
  
[33mtitle[39m=[32m"Snooze 
reminder (click to see 
options)"[39m
  [33mtype[39m=[32m"button
"[39m
[36m>[39m
  [0m­ƒÆñ[0m
[36m</button>[39m

Ignored nodes: comments, 
script, style
[36m<button[39m
  [33maria-label[39m=[32m"
Snooze reminder"[39m
  [33mclass[39m=[32m"actio
n-button"[39m
  [33mtitle[39m=[32m"Snooz
e"[39m
  [33mtype[39m=[32m"button
"[39m
[36m>[39m
  [0mÔÅ░[0m
[36m</button>[39m

(If this is intentional, 
then use the `*AllBy*` 
variant of the query (like 
`queryAllByText`, 
`getAllByText`, or 
`findAllByText`)).

Ignored nodes: comments, 
script, style
[36m<body>[39m
  [36m<div>[39m
    [36m<div[39m
      [33mclass[39m=[32m"r
eminders-list"[39m
    [36m>[39m
      [36m<div[39m
        [33mclass[39m=[32m
"reminders-list-content"[39m
      [36m>[39m
        [36m<div[39m
          [33mclass[39m=[3
2m"reminders-table-container"
[39m
        [36m>[39m
          [36m<table[39m
            [33mclass[39m=
[32m"reminders-table"[39m
          [36m>[39m
            [36m<thead>[39m
              [36m<tr>[39m
                [36m<th[39m
                  [33mclass
[39m=[32m"col-time"[39m
                [36m>[39m
                  
[36m<div[39m
                    [33mclas
s[39m=[32m"header-with-filt
er"[39m
                  [36m>[39m
                    
[36m<button[39m
                      [33mar
ia-expanded[39m=[32m"false"
[39m
                      [33mar
ia-label[39m=[32m"Show 
filters"[39m
                      [33mcl
ass[39m=[32m"filter-toggle-
button"[39m
                      
[33mtitle[39m=[32m"Show 
filters"[39m
                      [33mty
pe[39m=[32m"button"[39m
                    
[36m>[39m
                      
[36m<span[39m
                        [33m
class[39m=[32m"filter-toggl
e-icon"[39m
                      
[36m>[39m
                        [0m-
ƒöì[0m
                      
[36m</span>[39m
                    
[36m</button>[39m
                    
[36m<button[39m
                      [33mar
ia-label[39m=[32m"Sort by 
time"[39m
                      [33mcl
ass[39m=[32m"sortable-heade
r"[39m
                      [33mty
pe[39m=[32m"button"[39m
                    
[36m>[39m
                      
[0mTime[0m
                    
[36m</button>[39m
                  
[36m</div>[39m
                
[36m</th>[39m
                [36m<th[39m
                  [33mclass
[39m=[32m"col-tracking"[39m
                [36m>[39m
                  
[36m<button[39m
                    [33maria
-label[39m=[32m"Sort by 
tracking"[39m
                    [33mclas
s[39m=[32m"sortable-header"
[39m
                    [33mtype
[39m=[32m"button"[39m
                  [36m>[39m
                    
[0mTracking[0m
                  
[36m</button>[39m
                
[36m</th>[39m
                [36m<th[39m
                  [33mclass
[39m=[32m"col-notes"[39m
                [36m>[39m
                  
[36m<button[39m
                    [33maria
-label[39m=[32m"Sort by 
notes"[39m
                    [33mclas
s[39m=[32m"sortable-header"
[39m
                    [33mtype
[39m=[32m"button"[39m
                  [36m>[39m
                    
[0mNotes[0m
                  
[36m</button>[39m
                
[36m</th>[39m
                [36m<th[39m
                  [33mclass
[39m=[32m"col-actions"[39m
                [36m>[39m
                  
[0mActions[0m
                
[36m</th>[39m
              [36m</tr>[39m
            
[36m</thead>[39m
            [36m<tbody>[39m
              [36m<tr[39m
                [33mclass[3
9m=[32m"reminder-row"[39m
              [36m>[39m
                [36m<td[39m
                  [33mclass
[39m=[32m"cell-time"[39m
                [36m>[39m
                  
[0m1/1/2024 07:00 a.┬ám.[0m
                
[36m</td>[39m
                [36m<td[39m
                  [33mclass
[39m=[32m"cell-tracking"[39
m
                [36m>[39m
                  
[36m<span[39m
                    [33mclas
s[39m=[32m"tracking-text"[
39m
                    
[33mtitle[39m=[32m"ƒÆ¬ 
Did I exercise?"[39m
                  [36m>[39m
                    
[36m<span[39m
                      [33mcl
ass[39m=[32m"tracking-icon"
[39m
                    
[36m>[39m
                      [0m
ƒÆ¬[0m
                    
[36m</span>[39m
                    [0mDid 
I exercise?[0m
                  
[36m</span>[39m
                
[36m</td>[39m
                [36m<td[39m
                  [33mclass
[39m=[32m"cell-notes"[39m
                [36m>[39m
                  
[36m<textarea[39m
                    [33mclas
s[39m=[32m"notes-textarea"
[39m
                    [33mplac
eholder[39m=[32m"Add 
notes..."[39m
                    
[33mrows[39m=[32m"2"[39m
                  
[36m/>[39m
                
[36m</td>[39m
                [36m<td[39m
                  [33mclass
[39m=[32m"cell-actions"[39m
                [36m>[39m
                  
[36m<div[39m
                    [33mclas
s[39m=[32m"actions-containe
r"[39m
                  [36m>[39m
                    
[36m<div[39m
                      [33mcl
ass[39m=[32m"actions-button
s"[39m
                    
[36m>[39m
                      
[36m<button[39m
                        [33m
aria-label[39m=[32m"Complet
e reminder"[39m
                        [33m
class[39m=[32m"action-butto
n action-complete"[39m
                        [33m
title[39m=[32m"Complete 
reminder"[39m
                        [33m
type[39m=[32m"button"[39m
                      
[36m>[39m
                        
[0mÔ£ô[0m
                      
[36m</button>[39m
                      
[36m<button[39m
                        [33m
aria-label[39m=[32m"Dismiss
 reminder"[39m
                        [33m
class[39m=[32m"action-butto
n action-dismiss"[39m
                        [33m
title[39m=[32m"Dismiss 
reminder"[39m
                        [33m
type[39m=[32m"button"[39m
                      
[36m>[39m
                        
[0mÔ£ò[0m
                      
[36m</button>[39m
                      
[36m<button[39m
                        [33m
aria-label[39m=[32m"Snooze 
reminder"[39m
                        [33m
class[39m=[32m"action-butto
n action-snooze"[39m
                        
[33mtitle[39m=[32m"Snooze 
reminder (click to see 
options)"[39m
                        [33m
type[39m=[32m"button"[39m
                      
[36m>[39m
                        [0m-
ƒÆñ[0m
                      
[36m</button>[39m
                    
[36m</div>[39m
                  
[36m</div>[39m
                
[36m</td>[39m
              [36m</tr>[39m
            
[36m</tbody>[39m
          [36m</table>[39m
        [36m</div>[39m
        [36m<div[39m
          [33mclass[39m=[3
2m"reminders-cards"[39m
        [36m>[39m
          [36m<div[39m
            [33mclass[39m=
[32m"reminder-card"[39m
          [36m>[39m
            [36m<div[39m
              [33mclass[39m
=[32m"reminder-card-header"
[39m
            [36m>[39m
              [36m<div[39m
                [33mclass[3
9m=[32m"reminder-card-icon"
[39m
              [36m>[39m
                [0m­ƒÆ¬[0m
              
[36m</div>[39m
              [36m<div[39m
                [33mclass[3
9m=[32m"reminder-card-title"
[39m
              [36m>[39m
                [36m<h3[39m
                  [33mclass
[39m=[32m"reminder-card-ques
tion"[39m
                [36m>[39m
                  [0mDid I 
exercise?[0m
                
[36m</h3>[39m
                
[36m<div[39m
                  [33mclass
[39m=[32m"reminder-card-time
"[39m
                [36m>[39m
                  
[0m1/1/2024 07:00 a.┬ám.[0m
                
[36m</div>[39m
              
[36m</div>[39m
            [36m</div>[39m
            [36m<div[39m
              [33mclass[39m
=[32m"reminder-card-footer"
[39m
            [36m>[39m
              [36m<div[39m
                [33mclass[3
9m=[32m"reminder-card-action
s"[39m
              [36m>[39m
                
[36m<button[39m
                  [33maria-l
abel[39m=[32m"Complete 
reminder"[39m
                  [33mclass
[39m=[32m"action-button 
action-complete"[39m
                  [33mtitle
[39m=[32m"Complete"[39m
                  [33mtype[
39m=[32m"button"[39m
                [36m>[39m
                  [0mÔ£ô[0m
                
[36m</button>[39m
                
[36m<button[39m
                  [33maria-l
abel[39m=[32m"Snooze 
reminder"[39m
                  [33mclass
[39m=[32m"action-button"[39
m
                  [33mtitle
[39m=[32m"Snooze"[39m
                  [33mtype[
39m=[32m"button"[39m
                [36m>[39m
                  [0mÔÅ░[0m
                
[36m</button>[39m
                
[36m<button[39m
                  [33maria-l
abel[39m=[32m"Dismiss 
reminder"[39m
                  [33mclass
[39m=[32m"action-button 
action-dismiss"[39m
                  [33mtitle
[39m=[32m"Dismiss"[39m
                  [33mtype[
39m=[32m"button"[39m
                [36m>[39m
                  [0mÔ£ò[0m
                
[36m</button>[39m
              
[36m</div>[39m
            [36m</div>[39m
          [36m</div>[39m
        [36m</div>[39m
      [36m</div>[39m
    [36m</div>[39m
  [36m</div>[39m
[36m</body>[39m
[90m [2mÔØ»[22m 
Object.getElementError node_m
odules/@testing-library/react
/node_modules/@testing-librar
y/dom/dist/config.js:[2m37:1
9[22m[39m
[90m [2mÔØ»[22m 
getElementError node_modules/
@testing-library/react/node_m
odules/@testing-library/dom/d
ist/query-helpers.js:[2m20:3
5[22m[39m
[90m [2mÔØ»[22m getMultipl
eElementsFoundError node_modu
les/@testing-library/react/no
de_modules/@testing-library/d
om/dist/query-helpers.js:[2m
23:10[22m[39m
[90m [2mÔØ»[22m node_modul
es/@testing-library/react/nod
e_modules/@testing-library/do
m/dist/query-helpers.js:[2m5
5:13[22m[39m
[90m [2mÔØ»[22m node_modul
es/@testing-library/react/nod
e_modules/@testing-library/do
m/dist/query-helpers.js:[2m9
5:19[22m[39m
[36m [2mÔØ»[22m frontend/s
rc/components/__tests__/Remin
dersList.test.tsx:[2m656:37
[22m[39m
    [90m654| [39m
    [90m655| [39m        
[90m// Click the Snooze 
action button directly[39m
    [90m656| [39m        
const snoozeButton = 
screen.getByRole("button", { 
name: "SnoozÔÇª
    [90m   | [39m          
                          
[31m^[39m
    [90m657| [39m        
[35mawait[39m userEvent[33
m.[39m[34mclick[39m(snooze
Button)[33m;[39m
    [90m658| [39m

[31m[2mÔÄ»ÔÄ»ÔÄ»ÔÄ»ÔÄ»ÔÄ»ÔÄ
»ÔÄ»ÔÄ»ÔÄ»ÔÄ»ÔÄ»ÔÄ»ÔÄ»ÔÄ»ÔÄ»Ô
Ä»ÔÄ»ÔÄ»ÔÄ»ÔÄ»ÔÄ»[10/50]ÔÄ»[
22m[39m

[41m[1m FAIL [22m[49m fro
ntend/src/components/__tests_
_/RemindersList.test.tsx[2m 
> [22mRemindersList[2m > 
[22mshould handle error 
when snoozing reminder fails
[31m[1mTestingLibraryElemen
tError[22m[39m: Found 
multiple elements with the 
role "button" and name 
"Snooze reminder"

Here are the matching 
elements:

Ignored nodes: comments, 
script, style
[36m<button[39m
  [33maria-label[39m=[32m"
Snooze reminder"[39m
  [33mclass[39m=[32m"actio
n-button action-snooze"[39m
  
[33mtitle[39m=[32m"Snooze 
reminder (click to see 
options)"[39m
  [33mtype[39m=[32m"button
"[39m
[36m>[39m
  [0m­ƒÆñ[0m
[36m</button>[39m

Ignored nodes: comments, 
script, style
[36m<button[39m
  [33maria-label[39m=[32m"
Snooze reminder"[39m
  [33mclass[39m=[32m"actio
n-button"[39m
  [33mtitle[39m=[32m"Snooz
e"[39m
  [33mtype[39m=[32m"button
"[39m
[36m>[39m
  [0mÔÅ░[0m
[36m</button>[39m

(If this is intentional, 
then use the `*AllBy*` 
variant of the query (like 
`queryAllByText`, 
`getAllByText`, or 
`findAllByText`)).

Ignored nodes: comments, 
script, style
[36m<body>[39m
  [36m<div>[39m
    [36m<div[39m
      [33mclass[39m=[32m"r
eminders-list"[39m
    [36m>[39m
      [36m<div[39m
        [33mclass[39m=[32m
"reminders-list-content"[39m
      [36m>[39m
        [36m<div[39m
          [33mclass[39m=[3
2m"reminders-table-container"
[39m
        [36m>[39m
          [36m<table[39m
            [33mclass[39m=
[32m"reminders-table"[39m
          [36m>[39m
            [36m<thead>[39m
              [36m<tr>[39m
                [36m<th[39m
                  [33mclass
[39m=[32m"col-time"[39m
                [36m>[39m
                  
[36m<div[39m
                    [33mclas
s[39m=[32m"header-with-filt
er"[39m
                  [36m>[39m
                    
[36m<button[39m
                      [33mar
ia-expanded[39m=[32m"false"
[39m
                      [33mar
ia-label[39m=[32m"Show 
filters"[39m
                      [33mcl
ass[39m=[32m"filter-toggle-
button"[39m
                      
[33mtitle[39m=[32m"Show 
filters"[39m
                      [33mty
pe[39m=[32m"button"[39m
                    
[36m>[39m
                      
[36m<span[39m
                        [33m
class[39m=[32m"filter-toggl
e-icon"[39m
                      
[36m>[39m
                        [0m-
ƒöì[0m
                      
[36m</span>[39m
                    
[36m</button>[39m
                    
[36m<button[39m
                      [33mar
ia-label[39m=[32m"Sort by 
time"[39m
                      [33mcl
ass[39m=[32m"sortable-heade
r"[39m
                      [33mty
pe[39m=[32m"button"[39m
                    
[36m>[39m
                      
[0mTime[0m
                    
[36m</button>[39m
                  
[36m</div>[39m
                
[36m</th>[39m
                [36m<th[39m
                  [33mclass
[39m=[32m"col-tracking"[39m
                [36m>[39m
                  
[36m<button[39m
                    [33maria
-label[39m=[32m"Sort by 
tracking"[39m
                    [33mclas
s[39m=[32m"sortable-header"
[39m
                    [33mtype
[39m=[32m"button"[39m
                  [36m>[39m
                    
[0mTracking[0m
                  
[36m</button>[39m
                
[36m</th>[39m
                [36m<th[39m
                  [33mclass
[39m=[32m"col-notes"[39m
                [36m>[39m
                  
[36m<button[39m
                    [33maria
-label[39m=[32m"Sort by 
notes"[39m
                    [33mclas
s[39m=[32m"sortable-header"
[39m
                    [33mtype
[39m=[32m"button"[39m
                  [36m>[39m
                    
[0mNotes[0m
                  
[36m</button>[39m
                
[36m</th>[39m
                [36m<th[39m
                  [33mclass
[39m=[32m"col-actions"[39m
                [36m>[39m
                  
[0mActions[0m
                
[36m</th>[39m
              [36m</tr>[39m
            
[36m</thead>[39m
            [36m<tbody>[39m
              [36m<tr[39m
                [33mclass[3
9m=[32m"reminder-row"[39m
              [36m>[39m
                [36m<td[39m
                  [33mclass
[39m=[32m"cell-time"[39m
                [36m>[39m
                  
[0m1/1/2024 07:00 a.┬ám.[0m
                
[36m</td>[39m
                [36m<td[39m
                  [33mclass
[39m=[32m"cell-tracking"[39
m
                [36m>[39m
                  
[36m<span[39m
                    [33mclas
s[39m=[32m"tracking-text"[
39m
                    
[33mtitle[39m=[32m"ƒÆ¬ 
Did I exercise?"[39m
                  [36m>[39m
                    
[36m<span[39m
                      [33mcl
ass[39m=[32m"tracking-icon"
[39m
                    
[36m>[39m
                      [0m
ƒÆ¬[0m
                    
[36m</span>[39m
                    [0mDid 
I exercise?[0m
                  
[36m</span>[39m
                
[36m</td>[39m
                [36m<td[39m
                  [33mclass
[39m=[32m"cell-notes"[39m
                [36m>[39m
                  
[36m<textarea[39m
                    [33mclas
s[39m=[32m"notes-textarea"
[39m
                    [33mplac
eholder[39m=[32m"Add 
notes..."[39m
                    
[33mrows[39m=[32m"2"[39m
                  
[36m/>[39m
                
[36m</td>[39m
                [36m<td[39m
                  [33mclass
[39m=[32m"cell-actions"[39m
                [36m>[39m
                  
[36m<div[39m
                    [33mclas
s[39m=[32m"actions-containe
r"[39m
                  [36m>[39m
                    
[36m<div[39m
                      [33mcl
ass[39m=[32m"actions-button
s"[39m
                    
[36m>[39m
                      
[36m<button[39m
                        [33m
aria-label[39m=[32m"Complet
e reminder"[39m
                        [33m
class[39m=[32m"action-butto
n action-complete"[39m
                        [33m
title[39m=[32m"Complete 
reminder"[39m
                        [33m
type[39m=[32m"button"[39m
                      
[36m>[39m
                        
[0mÔ£ô[0m
                      
[36m</button>[39m
                      
[36m<button[39m
                        [33m
aria-label[39m=[32m"Dismiss
 reminder"[39m
                        [33m
class[39m=[32m"action-butto
n action-dismiss"[39m
                        [33m
title[39m=[32m"Dismiss 
reminder"[39m
                        [33m
type[39m=[32m"button"[39m
                      
[36m>[39m
                        
[0mÔ£ò[0m
                      
[36m</button>[39m
                      
[36m<button[39m
                        [33m
aria-label[39m=[32m"Snooze 
reminder"[39m
                        [33m
class[39m=[32m"action-butto
n action-snooze"[39m
                        
[33mtitle[39m=[32m"Snooze 
reminder (click to see 
options)"[39m
                        [33m
type[39m=[32m"button"[39m
                      
[36m>[39m
                        [0m-
ƒÆñ[0m
                      
[36m</button>[39m
                    
[36m</div>[39m
                  
[36m</div>[39m
                
[36m</td>[39m
              [36m</tr>[39m
            
[36m</tbody>[39m
          [36m</table>[39m
        [36m</div>[39m
        [36m<div[39m
          [33mclass[39m=[3
2m"reminders-cards"[39m
        [36m>[39m
          [36m<div[39m
            [33mclass[39m=
[32m"reminder-card"[39m
          [36m>[39m
            [36m<div[39m
              [33mclass[39m
=[32m"reminder-card-header"
[39m
            [36m>[39m
              [36m<div[39m
                [33mclass[3
9m=[32m"reminder-card-icon"
[39m
              [36m>[39m
                [0m­ƒÆ¬[0m
              
[36m</div>[39m
              [36m<div[39m
                [33mclass[3
9m=[32m"reminder-card-title"
[39m
              [36m>[39m
                [36m<h3[39m
                  [33mclass
[39m=[32m"reminder-card-ques
tion"[39m
                [36m>[39m
                  [0mDid I 
exercise?[0m
                
[36m</h3>[39m
                
[36m<div[39m
                  [33mclass
[39m=[32m"reminder-card-time
"[39m
                [36m>[39m
                  
[0m1/1/2024 07:00 a.┬ám.[0m
                
[36m</div>[39m
              
[36m</div>[39m
            [36m</div>[39m
            [36m<div[39m
              [33mclass[39m
=[32m"reminder-card-footer"
[39m
            [36m>[39m
              [36m<div[39m
                [33mclass[3
9m=[32m"reminder-card-action
s"[39m
              [36m>[39m
                
[36m<button[39m
                  [33maria-l
abel[39m=[32m"Complete 
reminder"[39m
                  [33mclass
[39m=[32m"action-button 
action-complete"[39m
                  [33mtitle
[39m=[32m"Complete"[39m
                  [33mtype[
39m=[32m"button"[39m
                [36m>[39m
                  [0mÔ£ô[0m
                
[36m</button>[39m
                
[36m<button[39m
                  [33maria-l
abel[39m=[32m"Snooze 
reminder"[39m
                  [33mclass
[39m=[32m"action-button"[39
m
                  [33mtitle
[39m=[32m"Snooze"[39m
                  [33mtype[
39m=[32m"button"[39m
                [36m>[39m
                  [0mÔÅ░[0m
                
[36m</button>[39m
                
[36m<button[39m
                  [33maria-l
abel[39m=[32m"Dismiss 
reminder"[39m
                  [33mclass
[39m=[32m"action-button 
action-dismiss"[39m
                  [33mtitle
[39m=[32m"Dismiss"[39m
                  [33mtype[
39m=[32m"button"[39m
                [36m>[39m
                  [0mÔ£ò[0m
                
[36m</button>[39m
              
[36m</div>[39m
            [36m</div>[39m
          [36m</div>[39m
        [36m</div>[39m
      [36m</div>[39m
    [36m</div>[39m
  [36m</div>[39m
[36m</body>[39m
[90m [2mÔØ»[22m 
Object.getElementError node_m
odules/@testing-library/react
/node_modules/@testing-librar
y/dom/dist/config.js:[2m37:1
9[22m[39m
[90m [2mÔØ»[22m 
getElementError node_modules/
@testing-library/react/node_m
odules/@testing-library/dom/d
ist/query-helpers.js:[2m20:3
5[22m[39m
[90m [2mÔØ»[22m getMultipl
eElementsFoundError node_modu
les/@testing-library/react/no
de_modules/@testing-library/d
om/dist/query-helpers.js:[2m
23:10[22m[39m
[90m [2mÔØ»[22m node_modul
es/@testing-library/react/nod
e_modules/@testing-library/do
m/dist/query-helpers.js:[2m5
5:13[22m[39m
[90m [2mÔØ»[22m node_modul
es/@testing-library/react/nod
e_modules/@testing-library/do
m/dist/query-helpers.js:[2m9
5:19[22m[39m
[36m [2mÔØ»[22m frontend/s
rc/components/__tests__/Remin
dersList.test.tsx:[2m783:37
[22m[39m
    [90m781| [39m
    [90m782| [39m        
[90m// Click the Snooze 
action button directly[39m
    [90m783| [39m        
const snoozeButton = 
screen.getByRole("button", { 
name: "SnoozÔÇª
    [90m   | [39m          
                          
[31m^[39m
    [90m784| [39m        
[35mawait[39m userEvent[33
m.[39m[34mclick[39m(snooze
Button)[33m;[39m
    [90m785| [39m

[31m[2mÔÄ»ÔÄ»ÔÄ»ÔÄ»ÔÄ»ÔÄ»ÔÄ
»ÔÄ»ÔÄ»ÔÄ»ÔÄ»ÔÄ»ÔÄ»ÔÄ»ÔÄ»ÔÄ»Ô
Ä»ÔÄ»ÔÄ»ÔÄ»ÔÄ»ÔÄ»[11/50]ÔÄ»[
22m[39m

[41m[1m FAIL [22m[49m fro
ntend/src/components/__tests_
_/RemindersList.test.tsx[2m 
> [22mRemindersList[2m > 
[22mshould handle error 
when dismissing reminder 
fails
[31m[1mTestingLibraryElemen
tError[22m[39m: Found 
multiple elements with the 
role "button" and name 
"Dismiss reminder"

Here are the matching 
elements:

Ignored nodes: comments, 
script, style
[36m<button[39m
  [33maria-label[39m=[32m"
Dismiss reminder"[39m
  [33mclass[39m=[32m"actio
n-button action-dismiss"[39m
  [33mtitle[39m=[32m"Dismi
ss reminder"[39m
  [33mtype[39m=[32m"button
"[39m
[36m>[39m
  [0mÔ£ò[0m
[36m</button>[39m

Ignored nodes: comments, 
script, style
[36m<button[39m
  [33maria-label[39m=[32m"
Dismiss reminder"[39m
  [33mclass[39m=[32m"actio
n-button action-dismiss"[39m
  [33mtitle[39m=[32m"Dismi
ss"[39m
  [33mtype[39m=[32m"button
"[39m
[36m>[39m
  [0mÔ£ò[0m
[36m</button>[39m

(If this is intentional, 
then use the `*AllBy*` 
variant of the query (like 
`queryAllByText`, 
`getAllByText`, or 
`findAllByText`)).

Ignored nodes: comments, 
script, style
[36m<body>[39m
  [36m<div>[39m
    [36m<div[39m
      [33mclass[39m=[32m"r
eminders-list"[39m
    [36m>[39m
      [36m<div[39m
        [33mclass[39m=[32m
"reminders-list-content"[39m
      [36m>[39m
        [36m<div[39m
          [33mclass[39m=[3
2m"reminders-table-container"
[39m
        [36m>[39m
          [36m<table[39m
            [33mclass[39m=
[32m"reminders-table"[39m
          [36m>[39m
            [36m<thead>[39m
              [36m<tr>[39m
                [36m<th[39m
                  [33mclass
[39m=[32m"col-time"[39m
                [36m>[39m
                  
[36m<div[39m
                    [33mclas
s[39m=[32m"header-with-filt
er"[39m
                  [36m>[39m
                    
[36m<button[39m
                      [33mar
ia-expanded[39m=[32m"false"
[39m
                      [33mar
ia-label[39m=[32m"Show 
filters"[39m
                      [33mcl
ass[39m=[32m"filter-toggle-
button"[39m
                      
[33mtitle[39m=[32m"Show 
filters"[39m
                      [33mty
pe[39m=[32m"button"[39m
                    
[36m>[39m
                      
[36m<span[39m
                        [33m
class[39m=[32m"filter-toggl
e-icon"[39m
                      
[36m>[39m
                        [0m-
ƒöì[0m
                      
[36m</span>[39m
                    
[36m</button>[39m
                    
[36m<button[39m
                      [33mar
ia-label[39m=[32m"Sort by 
time"[39m
                      [33mcl
ass[39m=[32m"sortable-heade
r"[39m
                      [33mty
pe[39m=[32m"button"[39m
                    
[36m>[39m
                      
[0mTime[0m
                    
[36m</button>[39m
                  
[36m</div>[39m
                
[36m</th>[39m
                [36m<th[39m
                  [33mclass
[39m=[32m"col-tracking"[39m
                [36m>[39m
                  
[36m<button[39m
                    [33maria
-label[39m=[32m"Sort by 
tracking"[39m
                    [33mclas
s[39m=[32m"sortable-header"
[39m
                    [33mtype
[39m=[32m"button"[39m
                  [36m>[39m
                    
[0mTracking[0m
                  
[36m</button>[39m
                
[36m</th>[39m
                [36m<th[39m
                  [33mclass
[39m=[32m"col-notes"[39m
                [36m>[39m
                  
[36m<button[39m
                    [33maria
-label[39m=[32m"Sort by 
notes"[39m
                    [33mclas
s[39m=[32m"sortable-header"
[39m
                    [33mtype
[39m=[32m"button"[39m
                  [36m>[39m
                    
[0mNotes[0m
                  
[36m</button>[39m
                
[36m</th>[39m
                [36m<th[39m
                  [33mclass
[39m=[32m"col-actions"[39m
                [36m>[39m
                  
[0mActions[0m
                
[36m</th>[39m
              [36m</tr>[39m
            
[36m</thead>[39m
            [36m<tbody>[39m
              [36m<tr[39m
                [33mclass[3
9m=[32m"reminder-row"[39m
              [36m>[39m
                [36m<td[39m
                  [33mclass
[39m=[32m"cell-time"[39m
                [36m>[39m
                  
[0m1/1/2024 07:00 a.┬ám.[0m
                
[36m</td>[39m
                [36m<td[39m
                  [33mclass
[39m=[32m"cell-tracking"[39
m
                [36m>[39m
                  
[36m<span[39m
                    [33mclas
s[39m=[32m"tracking-text"[
39m
                    
[33mtitle[39m=[32m"ƒÆ¬ 
Did I exercise?"[39m
                  [36m>[39m
                    
[36m<span[39m
                      [33mcl
ass[39m=[32m"tracking-icon"
[39m
                    
[36m>[39m
                      [0m
ƒÆ¬[0m
                    
[36m</span>[39m
                    [0mDid 
I exercise?[0m
                  
[36m</span>[39m
                
[36m</td>[39m
                [36m<td[39m
                  [33mclass
[39m=[32m"cell-notes"[39m
                [36m>[39m
                  
[36m<textarea[39m
                    [33mclas
s[39m=[32m"notes-textarea"
[39m
                    [33mplac
eholder[39m=[32m"Add 
notes..."[39m
                    
[33mrows[39m=[32m"2"[39m
                  
[36m/>[39m
                
[36m</td>[39m
                [36m<td[39m
                  [33mclass
[39m=[32m"cell-actions"[39m
                [36m>[39m
                  
[36m<div[39m
                    [33mclas
s[39m=[32m"actions-containe
r"[39m
                  [36m>[39m
                    
[36m<div[39m
                      [33mcl
ass[39m=[32m"actions-button
s"[39m
                    
[36m>[39m
                      
[36m<button[39m
                        [33m
aria-label[39m=[32m"Complet
e reminder"[39m
                        [33m
class[39m=[32m"action-butto
n action-complete"[39m
                        [33m
title[39m=[32m"Complete 
reminder"[39m
                        [33m
type[39m=[32m"button"[39m
                      
[36m>[39m
                        
[0mÔ£ô[0m
                      
[36m</button>[39m
                      
[36m<button[39m
                        [33m
aria-label[39m=[32m"Dismiss
 reminder"[39m
                        [33m
class[39m=[32m"action-butto
n action-dismiss"[39m
                        [33m
title[39m=[32m"Dismiss 
reminder"[39m
                        [33m
type[39m=[32m"button"[39m
                      
[36m>[39m
                        
[0mÔ£ò[0m
                      
[36m</button>[39m
                      
[36m<button[39m
                        [33m
aria-label[39m=[32m"Snooze 
reminder"[39m
                        [33m
class[39m=[32m"action-butto
n action-snooze"[39m
                        
[33mtitle[39m=[32m"Snooze 
reminder (click to see 
options)"[39m
                        [33m
type[39m=[32m"button"[39m
                      
[36m>[39m
                        [0m-
ƒÆñ[0m
                      
[36m</button>[39m
                    
[36m</div>[39m
                  
[36m</div>[39m
                
[36m</td>[39m
              [36m</tr>[39m
            
[36m</tbody>[39m
          [36m</table>[39m
        [36m</div>[39m
        [36m<div[39m
          [33mclass[39m=[3
2m"reminders-cards"[39m
        [36m>[39m
          [36m<div[39m
            [33mclass[39m=
[32m"reminder-card"[39m
          [36m>[39m
            [36m<div[39m
              [33mclass[39m
=[32m"reminder-card-header"
[39m
            [36m>[39m
              [36m<div[39m
                [33mclass[3
9m=[32m"reminder-card-icon"
[39m
              [36m>[39m
                [0m­ƒÆ¬[0m
              
[36m</div>[39m
              [36m<div[39m
                [33mclass[3
9m=[32m"reminder-card-title"
[39m
              [36m>[39m
                [36m<h3[39m
                  [33mclass
[39m=[32m"reminder-card-ques
tion"[39m
                [36m>[39m
                  [0mDid I 
exercise?[0m
                
[36m</h3>[39m
                
[36m<div[39m
                  [33mclass
[39m=[32m"reminder-card-time
"[39m
                [36m>[39m
                  
[0m1/1/2024 07:00 a.┬ám.[0m
                
[36m</div>[39m
              
[36m</div>[39m
            [36m</div>[39m
            [36m<div[39m
              [33mclass[39m
=[32m"reminder-card-footer"
[39m
            [36m>[39m
              [36m<div[39m
                [33mclass[3
9m=[32m"reminder-card-action
s"[39m
              [36m>[39m
                
[36m<button[39m
                  [33maria-l
abel[39m=[32m"Complete 
reminder"[39m
                  [33mclass
[39m=[32m"action-button 
action-complete"[39m
                  [33mtitle
[39m=[32m"Complete"[39m
                  [33mtype[
39m=[32m"button"[39m
                [36m>[39m
                  [0mÔ£ô[0m
                
[36m</button>[39m
                
[36m<button[39m
                  [33maria-l
abel[39m=[32m"Snooze 
reminder"[39m
                  [33mclass
[39m=[32m"action-button"[39
m
                  [33mtitle
[39m=[32m"Snooze"[39m
                  [33mtype[
39m=[32m"button"[39m
                [36m>[39m
                  [0mÔÅ░[0m
                
[36m</button>[39m
                
[36m<button[39m
                  [33maria-l
abel[39m=[32m"Dismiss 
reminder"[39m
                  [33mclass
[39m=[32m"action-button 
action-dismiss"[39m
                  [33mtitle
[39m=[32m"Dismiss"[39m
                  [33mtype[
39m=[32m"button"[39m
                [36m>[39m
                  [0mÔ£ò[0m
                
[36m</button>[39m
              
[36m</div>[39m
            [36m</div>[39m
          [36m</div>[39m
        [36m</div>[39m
      [36m</div>[39m
    [36m</div>[39m
  [36m</div>[39m
[36m</body>[39m
[90m [2mÔØ»[22m 
Object.getElementError node_m
odules/@testing-library/react
/node_modules/@testing-librar
y/dom/dist/config.js:[2m37:1
9[22m[39m
[90m [2mÔØ»[22m 
getElementError node_modules/
@testing-library/react/node_m
odules/@testing-library/dom/d
ist/query-helpers.js:[2m20:3
5[22m[39m
[90m [2mÔØ»[22m getMultipl
eElementsFoundError node_modu
les/@testing-library/react/no
de_modules/@testing-library/d
om/dist/query-helpers.js:[2m
23:10[22m[39m
[90m [2mÔØ»[22m node_modul
es/@testing-library/react/nod
e_modules/@testing-library/do
m/dist/query-helpers.js:[2m5
5:13[22m[39m
[90m [2mÔØ»[22m node_modul
es/@testing-library/react/nod
e_modules/@testing-library/do
m/dist/query-helpers.js:[2m9
5:19[22m[39m
[36m [2mÔØ»[22m frontend/s
rc/components/__tests__/Remin
dersList.test.tsx:[2m829:38
[22m[39m
    [90m827| [39m
    [90m828| [39m        
[90m// Click the Dismiss 
action button directly[39m
    [90m829| [39m        
const dismissButton = 
screen.getByRole("button", { 
name: "DismÔÇª
    [90m   | [39m          
                           
[31m^[39m
    [90m830| [39m        
[35mawait[39m userEvent[33
m.[39m[34mclick[39m(dismis
sButton)[33m;[39m
    [90m831| [39m

[31m[2mÔÄ»ÔÄ»ÔÄ»ÔÄ»ÔÄ»ÔÄ»ÔÄ
»ÔÄ»ÔÄ»ÔÄ»ÔÄ»ÔÄ»ÔÄ»ÔÄ»ÔÄ»ÔÄ»Ô
Ä»ÔÄ»ÔÄ»ÔÄ»ÔÄ»ÔÄ»[12/50]ÔÄ»[
22m[39m

[41m[1m FAIL [22m[49m fro
ntend/src/components/__tests_
_/RemindersList.test.tsx[2m 
> [22mRemindersList[2m > 
[22mshould show Complete 
button for pending reminders
[31m[1mTestingLibraryElemen
tError[22m[39m: Found 
multiple elements with the 
role "button" and name 
"Complete reminder"

Here are the matching 
elements:

Ignored nodes: comments, 
script, style
[36m<button[39m
  [33maria-label[39m=[32m"
Complete reminder"[39m
  [33mclass[39m=[32m"actio
n-button 
action-complete"[39m
  [33mtitle[39m=[32m"Compl
ete reminder"[39m
  [33mtype[39m=[32m"button
"[39m
[36m>[39m
  [0mÔ£ô[0m
[36m</button>[39m

Ignored nodes: comments, 
script, style
[36m<button[39m
  [33maria-label[39m=[32m"
Complete reminder"[39m
  [33mclass[39m=[32m"actio
n-button 
action-complete"[39m
  [33mtitle[39m=[32m"Compl
ete"[39m
  [33mtype[39m=[32m"button
"[39m
[36m>[39m
  [0mÔ£ô[0m
[36m</button>[39m

(If this is intentional, 
then use the `*AllBy*` 
variant of the query (like 
`queryAllByText`, 
`getAllByText`, or 
`findAllByText`)).

Ignored nodes: comments, 
script, style
[36m<body>[39m
  [36m<div>[39m
    [36m<div[39m
      [33mclass[39m=[32m"r
eminders-list"[39m
    [36m>[39m
      [36m<div[39m
        [33mclass[39m=[32m
"reminders-list-content"[39m
      [36m>[39m
        [36m<div[39m
          [33mclass[39m=[3
2m"reminders-table-container"
[39m
        [36m>[39m
          [36m<table[39m
            [33mclass[39m=
[32m"reminders-table"[39m
          [36m>[39m
            [36m<thead>[39m
              [36m<tr>[39m
                [36m<th[39m
                  [33mclass
[39m=[32m"col-time"[39m
                [36m>[39m
                  
[36m<div[39m
                    [33mclas
s[39m=[32m"header-with-filt
er"[39m
                  [36m>[39m
                    
[36m<button[39m
                      [33mar
ia-expanded[39m=[32m"false"
[39m
                      [33mar
ia-label[39m=[32m"Show 
filters"[39m
                      [33mcl
ass[39m=[32m"filter-toggle-
button"[39m
                      
[33mtitle[39m=[32m"Show 
filters"[39m
                      [33mty
pe[39m=[32m"button"[39m
                    
[36m>[39m
                      
[36m<span[39m
                        [33m
class[39m=[32m"filter-toggl
e-icon"[39m
                      
[36m>[39m
                        [0m-
ƒöì[0m
                      
[36m</span>[39m
                    
[36m</button>[39m
                    
[36m<button[39m
                      [33mar
ia-label[39m=[32m"Sort by 
time"[39m
                      [33mcl
ass[39m=[32m"sortable-heade
r"[39m
                      [33mty
pe[39m=[32m"button"[39m
                    
[36m>[39m
                      
[0mTime[0m
                    
[36m</button>[39m
                  
[36m</div>[39m
                
[36m</th>[39m
                [36m<th[39m
                  [33mclass
[39m=[32m"col-tracking"[39m
                [36m>[39m
                  
[36m<button[39m
                    [33maria
-label[39m=[32m"Sort by 
tracking"[39m
                    [33mclas
s[39m=[32m"sortable-header"
[39m
                    [33mtype
[39m=[32m"button"[39m
                  [36m>[39m
                    
[0mTracking[0m
                  
[36m</button>[39m
                
[36m</th>[39m
                [36m<th[39m
                  [33mclass
[39m=[32m"col-notes"[39m
                [36m>[39m
                  
[36m<button[39m
                    [33maria
-label[39m=[32m"Sort by 
notes"[39m
                    [33mclas
s[39m=[32m"sortable-header"
[39m
                    [33mtype
[39m=[32m"button"[39m
                  [36m>[39m
                    
[0mNotes[0m
                  
[36m</button>[39m
                
[36m</th>[39m
                [36m<th[39m
                  [33mclass
[39m=[32m"col-actions"[39m
                [36m>[39m
                  
[0mActions[0m
                
[36m</th>[39m
              [36m</tr>[39m
            
[36m</thead>[39m
            [36m<tbody>[39m
              [36m<tr[39m
                [33mclass[3
9m=[32m"reminder-row"[39m
              [36m>[39m
                [36m<td[39m
                  [33mclass
[39m=[32m"cell-time"[39m
                [36m>[39m
                  
[0m8/12/2025 08:04 
a.┬ám.[0m
                
[36m</td>[39m
                [36m<td[39m
                  [33mclass
[39m=[32m"cell-tracking"[39
m
                [36m>[39m
                  
[36m<span[39m
                    [33mclas
s[39m=[32m"tracking-text"[
39m
                    
[33mtitle[39m=[32m"ƒÆ¬ 
Did I exercise?"[39m
                  [36m>[39m
                    
[36m<span[39m
                      [33mcl
ass[39m=[32m"tracking-icon"
[39m
                    
[36m>[39m
                      [0m
ƒÆ¬[0m
                    
[36m</span>[39m
                    [0mDid 
I exercise?[0m
                  
[36m</span>[39m
                
[36m</td>[39m
                [36m<td[39m
                  [33mclass
[39m=[32m"cell-notes"[39m
                [36m>[39m
                  
[36m<textarea[39m
                    [33mclas
s[39m=[32m"notes-textarea"
[39m
                    [33mplac
eholder[39m=[32m"Add 
notes..."[39m
                    
[33mrows[39m=[32m"2"[39m
                  
[36m/>[39m
                
[36m</td>[39m
                [36m<td[39m
                  [33mclass
[39m=[32m"cell-actions"[39m
                [36m>[39m
                  
[36m<div[39m
                    [33mclas
s[39m=[32m"actions-containe
r"[39m
                  [36m>[39m
                    
[36m<div[39m
                      [33mcl
ass[39m=[32m"actions-button
s"[39m
                    
[36m>[39m
                      
[36m<button[39m
                        [33m
aria-label[39m=[32m"Complet
e reminder"[39m
                        [33m
class[39m=[32m"action-butto
n action-complete"[39m
                        [33m
title[39m=[32m"Complete 
reminder"[39m
                        [33m
type[39m=[32m"button"[39m
                      
[36m>[39m
                        
[0mÔ£ô[0m
                      
[36m</button>[39m
                      
[36m<button[39m
                        [33m
aria-label[39m=[32m"Dismiss
 reminder"[39m
                        [33m
class[39m=[32m"action-butto
n action-dismiss"[39m
                        [33m
title[39m=[32m"Dismiss 
reminder"[39m
                        [33m
type[39m=[32m"button"[39m
                      
[36m>[39m
                        
[0mÔ£ò[0m
                      
[36m</button>[39m
                      
[36m<button[39m
                        [33m
aria-label[39m=[32m"Snooze 
reminder"[39m
                        [33m
class[39m=[32m"action-butto
n action-snooze"[39m
                        
[33mtitle[39m=[32m"Snooze 
reminder (click to see 
options)"[39m
                        [33m
type[39m=[32m"button"[39m
                      
[36m>[39m
                        [0m-
ƒÆñ[0m
                      
[36m</button>[39m
                    
[36m</div>[39m
                  
[36m</div>[39m
                
[36m</td>[39m
              [36m</tr>[39m
            
[36m</tbody>[39m
          [36m</table>[39m
        [36m</div>[39m
        [36m<div[39m
          [33mclass[39m=[3
2m"reminders-cards"[39m
        [36m>[39m
          [36m<div[39m
            [33mclass[39m=
[32m"reminder-card"[39m
          [36m>[39m
            [36m<div[39m
              [33mclass[39m
=[32m"reminder-card-header"
[39m
            [36m>[39m
              [36m<div[39m
                [33mclass[3
9m=[32m"reminder-card-icon"
[39m
              [36m>[39m
                [0m­ƒÆ¬[0m
              
[36m</div>[39m
              [36m<div[39m
                [33mclass[3
9m=[32m"reminder-card-title"
[39m
              [36m>[39m
                [36m<h3[39m
                  [33mclass
[39m=[32m"reminder-card-ques
tion"[39m
                [36m>[39m
                  [0mDid I 
exercise?[0m
                
[36m</h3>[39m
                
[36m<div[39m
                  [33mclass
[39m=[32m"reminder-card-time
"[39m
                [36m>[39m
                  
[0m8/12/2025 08:04 
a.┬ám.[0m
                
[36m</div>[39m
              
[36m</div>[39m
            [36m</div>[39m
            [36m<div[39m
              [33mclass[39m
=[32m"reminder-card-footer"
[39m
            [36m>[39m
              [36m<div[39m
                [33mclass[3
9m=[32m"reminder-card-action
s"[39m
              [36m>[39m
                
[36m<button[39m
                  [33maria-l
abel[39m=[32m"Complete 
reminder"[39m
                  [33mclass
[39m=[32m"action-button 
action-complete"[39m
                  [33mtitle
[39m=[32m"Complete"[39m
                  [33mtype[
39m=[32m"button"[39m
                [36m>[39m
                  [0mÔ£ô[0m
                
[36m</button>[39m
                
[36m<button[39m
                  [33maria-l
abel[39m=[32m"Snooze 
reminder"[39m
                  [33mclass
[39m=[32m"action-button"[39
m
                  [33mtitle
[39m=[32m"Snooze"[39m
                  [33mtype[
39m=[32m"button"[39m
                [36m>[39m
                  [0mÔÅ░[0m
                
[36m</button>[39m
                
[36m<button[39m
                  [33maria-l
abel[39m=[32m"Dismiss 
reminder"[39m
                  [33mclass
[39m=[32m"action-button 
action-dismiss"[39m
                  [33mtitle
[39m=[32m"Dismiss"[39m
                  [33mtype[
39m=[32m"button"[39m
                [36m>[39m
                  [0mÔ£ò[0m
                
[36m</button>[39m
              
[36m</div>[39m
            [36m</div>[39m
          [36m</div>[39m
        [36m</div>[39m
      [36m</div>[39m
    [36m</div>[39m
  [36m</div>[39m
[36m</body>[39m
[90m [2mÔØ»[22m 
Object.getElementError node_m
odules/@testing-library/react
/node_modules/@testing-librar
y/dom/dist/config.js:[2m37:1
9[22m[39m
[90m [2mÔØ»[22m 
getElementError node_modules/
@testing-library/react/node_m
odules/@testing-library/dom/d
ist/query-helpers.js:[2m20:3
5[22m[39m
[90m [2mÔØ»[22m getMultipl
eElementsFoundError node_modu
les/@testing-library/react/no
de_modules/@testing-library/d
om/dist/query-helpers.js:[2m
23:10[22m[39m
[90m [2mÔØ»[22m node_modul
es/@testing-library/react/nod
e_modules/@testing-library/do
m/dist/query-helpers.js:[2m5
5:13[22m[39m
[90m [2mÔØ»[22m node_modul
es/@testing-library/react/nod
e_modules/@testing-library/do
m/dist/query-helpers.js:[2m9
5:19[22m[39m
[36m [2mÔØ»[22m frontend/s
rc/components/__tests__/Remin
dersList.test.tsx:[2m868:39
[22m[39m
    [90m866| [39m
    [90m867| [39m        
[90m// Should show Complete 
button (action button)[39m
    [90m868| [39m        
const completeButton = 
screen.getByRole("button", { 
name: "ComÔÇª
    [90m   | [39m          
                            
[31m^[39m
    [90m869| [39m        [
34mexpect[39m(completeButton
)[33m.[39m[34mtoBeInTheDoc
ument[39m()[33m;[39m
    [90m870| [39m    
})[33m;[39m

[31m[2mÔÄ»ÔÄ»ÔÄ»ÔÄ»ÔÄ»ÔÄ»ÔÄ
»ÔÄ»ÔÄ»ÔÄ»ÔÄ»ÔÄ»ÔÄ»ÔÄ»ÔÄ»ÔÄ»Ô
Ä»ÔÄ»ÔÄ»ÔÄ»ÔÄ»ÔÄ»[13/50]ÔÄ»[
22m[39m

[41m[1m FAIL [22m[49m fro
ntend/src/components/__tests_
_/RemindersList.test.tsx[2m 
> [22mRemindersList[2m > 
[22mshould call 
dismissReminder when Dismiss 
is clicked
[31m[1mTestingLibraryElemen
tError[22m[39m: Found 
multiple elements with the 
role "button" and name 
"Dismiss reminder"

Here are the matching 
elements:

Ignored nodes: comments, 
script, style
[36m<button[39m
  [33maria-label[39m=[32m"
Dismiss reminder"[39m
  [33mclass[39m=[32m"actio
n-button action-dismiss"[39m
  [33mtitle[39m=[32m"Dismi
ss reminder"[39m
  [33mtype[39m=[32m"button
"[39m
[36m>[39m
  [0mÔ£ò[0m
[36m</button>[39m

Ignored nodes: comments, 
script, style
[36m<button[39m
  [33maria-label[39m=[32m"
Dismiss reminder"[39m
  [33mclass[39m=[32m"actio
n-button action-dismiss"[39m
  [33mtitle[39m=[32m"Dismi
ss"[39m
  [33mtype[39m=[32m"button
"[39m
[36m>[39m
  [0mÔ£ò[0m
[36m</button>[39m

(If this is intentional, 
then use the `*AllBy*` 
variant of the query (like 
`queryAllByText`, 
`getAllByText`, or 
`findAllByText`)).

Ignored nodes: comments, 
script, style
[36m<body>[39m
  [36m<div>[39m
    [36m<div[39m
      [33mclass[39m=[32m"r
eminders-list"[39m
    [36m>[39m
      [36m<div[39m
        [33mclass[39m=[32m
"reminders-list-content"[39m
      [36m>[39m
        [36m<div[39m
          [33mclass[39m=[3
2m"reminders-table-container"
[39m
        [36m>[39m
          [36m<table[39m
            [33mclass[39m=
[32m"reminders-table"[39m
          [36m>[39m
            [36m<thead>[39m
              [36m<tr>[39m
                [36m<th[39m
                  [33mclass
[39m=[32m"col-time"[39m
                [36m>[39m
                  
[36m<div[39m
                    [33mclas
s[39m=[32m"header-with-filt
er"[39m
                  [36m>[39m
                    
[36m<button[39m
                      [33mar
ia-expanded[39m=[32m"false"
[39m
                      [33mar
ia-label[39m=[32m"Show 
filters"[39m
                      [33mcl
ass[39m=[32m"filter-toggle-
button"[39m
                      
[33mtitle[39m=[32m"Show 
filters"[39m
                      [33mty
pe[39m=[32m"button"[39m
                    
[36m>[39m
                      
[36m<span[39m
                        [33m
class[39m=[32m"filter-toggl
e-icon"[39m
                      
[36m>[39m
                        [0m-
ƒöì[0m
                      
[36m</span>[39m
                    
[36m</button>[39m
                    
[36m<button[39m
                      [33mar
ia-label[39m=[32m"Sort by 
time"[39m
                      [33mcl
ass[39m=[32m"sortable-heade
r"[39m
                      [33mty
pe[39m=[32m"button"[39m
                    
[36m>[39m
                      
[0mTime[0m
                    
[36m</button>[39m
                  
[36m</div>[39m
                
[36m</th>[39m
                [36m<th[39m
                  [33mclass
[39m=[32m"col-tracking"[39m
                [36m>[39m
                  
[36m<button[39m
                    [33maria
-label[39m=[32m"Sort by 
tracking"[39m
                    [33mclas
s[39m=[32m"sortable-header"
[39m
                    [33mtype
[39m=[32m"button"[39m
                  [36m>[39m
                    
[0mTracking[0m
                  
[36m</button>[39m
                
[36m</th>[39m
                [36m<th[39m
                  [33mclass
[39m=[32m"col-notes"[39m
                [36m>[39m
                  
[36m<button[39m
                    [33maria
-label[39m=[32m"Sort by 
notes"[39m
                    [33mclas
s[39m=[32m"sortable-header"
[39m
                    [33mtype
[39m=[32m"button"[39m
                  [36m>[39m
                    
[0mNotes[0m
                  
[36m</button>[39m
                
[36m</th>[39m
                [36m<th[39m
                  [33mclass
[39m=[32m"col-actions"[39m
                [36m>[39m
                  
[0mActions[0m
                
[36m</th>[39m
              [36m</tr>[39m
            
[36m</thead>[39m
            [36m<tbody>[39m
              [36m<tr[39m
                [33mclass[3
9m=[32m"reminder-row"[39m
              [36m>[39m
                [36m<td[39m
                  [33mclass
[39m=[32m"cell-time"[39m
                [36m>[39m
                  
[0m1/1/2024 07:00 a.┬ám.[0m
                
[36m</td>[39m
                [36m<td[39m
                  [33mclass
[39m=[32m"cell-tracking"[39
m
                [36m>[39m
                  
[36m<span[39m
                    [33mclas
s[39m=[32m"tracking-text"[
39m
                    
[33mtitle[39m=[32m"ƒÆ¬ 
Did I exercise?"[39m
                  [36m>[39m
                    
[36m<span[39m
                      [33mcl
ass[39m=[32m"tracking-icon"
[39m
                    
[36m>[39m
                      [0m
ƒÆ¬[0m
                    
[36m</span>[39m
                    [0mDid 
I exercise?[0m
                  
[36m</span>[39m
                
[36m</td>[39m
                [36m<td[39m
                  [33mclass
[39m=[32m"cell-notes"[39m
                [36m>[39m
                  
[36m<textarea[39m
                    [33mclas
s[39m=[32m"notes-textarea"
[39m
                    [33mplac
eholder[39m=[32m"Add 
notes..."[39m
                    
[33mrows[39m=[32m"2"[39m
                  
[36m/>[39m
                
[36m</td>[39m
                [36m<td[39m
                  [33mclass
[39m=[32m"cell-actions"[39m
                [36m>[39m
                  
[36m<div[39m
                    [33mclas
s[39m=[32m"actions-containe
r"[39m
                  [36m>[39m
                    
[36m<div[39m
                      [33mcl
ass[39m=[32m"actions-button
s"[39m
                    
[36m>[39m
                      
[36m<button[39m
                        [33m
aria-label[39m=[32m"Complet
e reminder"[39m
                        [33m
class[39m=[32m"action-butto
n action-complete"[39m
                        [33m
title[39m=[32m"Complete 
reminder"[39m
                        [33m
type[39m=[32m"button"[39m
                      
[36m>[39m
                        
[0mÔ£ô[0m
                      
[36m</button>[39m
                      
[36m<button[39m
                        [33m
aria-label[39m=[32m"Dismiss
 reminder"[39m
                        [33m
class[39m=[32m"action-butto
n action-dismiss"[39m
                        [33m
title[39m=[32m"Dismiss 
reminder"[39m
                        [33m
type[39m=[32m"button"[39m
                      
[36m>[39m
                        
[0mÔ£ò[0m
                      
[36m</button>[39m
                      
[36m<button[39m
                        [33m
aria-label[39m=[32m"Snooze 
reminder"[39m
                        [33m
class[39m=[32m"action-butto
n action-snooze"[39m
                        
[33mtitle[39m=[32m"Snooze 
reminder (click to see 
options)"[39m
                        [33m
type[39m=[32m"button"[39m
                      
[36m>[39m
                        [0m-
ƒÆñ[0m
                      
[36m</button>[39m
                    
[36m</div>[39m
                  
[36m</div>[39m
                
[36m</td>[39m
              [36m</tr>[39m
            
[36m</tbody>[39m
          [36m</table>[39m
        [36m</div>[39m
        [36m<div[39m
          [33mclass[39m=[3
2m"reminders-cards"[39m
        [36m>[39m
          [36m<div[39m
            [33mclass[39m=
[32m"reminder-card"[39m
          [36m>[39m
            [36m<div[39m
              [33mclass[39m
=[32m"reminder-card-header"
[39m
            [36m>[39m
              [36m<div[39m
                [33mclass[3
9m=[32m"reminder-card-icon"
[39m
              [36m>[39m
                [0m­ƒÆ¬[0m
              
[36m</div>[39m
              [36m<div[39m
                [33mclass[3
9m=[32m"reminder-card-title"
[39m
              [36m>[39m
                [36m<h3[39m
                  [33mclass
[39m=[32m"reminder-card-ques
tion"[39m
                [36m>[39m
                  [0mDid I 
exercise?[0m
                
[36m</h3>[39m
                
[36m<div[39m
                  [33mclass
[39m=[32m"reminder-card-time
"[39m
                [36m>[39m
                  
[0m1/1/2024 07:00 a.┬ám.[0m
                
[36m</div>[39m
              
[36m</div>[39m
            [36m</div>[39m
            [36m<div[39m
              [33mclass[39m
=[32m"reminder-card-footer"
[39m
            [36m>[39m
              [36m<div[39m
                [33mclass[3
9m=[32m"reminder-card-action
s"[39m
              [36m>[39m
                
[36m<button[39m
                  [33maria-l
abel[39m=[32m"Complete 
reminder"[39m
                  [33mclass
[39m=[32m"action-button 
action-complete"[39m
                  [33mtitle
[39m=[32m"Complete"[39m
                  [33mtype[
39m=[32m"button"[39m
                [36m>[39m
                  [0mÔ£ô[0m
                
[36m</button>[39m
                
[36m<button[39m
                  [33maria-l
abel[39m=[32m"Snooze 
reminder"[39m
                  [33mclass
[39m=[32m"action-button"[39
m
                  [33mtitle
[39m=[32m"Snooze"[39m
                  [33mtype[
39m=[32m"button"[39m
                [36m>[39m
                  [0mÔÅ░[0m
                
[36m</button>[39m
                
[36m<button[39m
                  [33maria-l
abel[39m=[32m"Dismiss 
reminder"[39m
                  [33mclass
[39m=[32m"action-button 
action-dismiss"[39m
                  [33mtitle
[39m=[32m"Dismiss"[39m
                  [33mtype[
39m=[32m"button"[39m
                [36m>[39m
                  [0mÔ£ò[0m
                
[36m</button>[39m
              
[36m</div>[39m
            [36m</div>[39m
          [36m</div>[39m
        [36m</div>[39m
      [36m</div>[39m
    [36m</div>[39m
  [36m</div>[39m
[36m</body>[39m
[90m [2mÔØ»[22m 
Object.getElementError node_m
odules/@testing-library/react
/node_modules/@testing-librar
y/dom/dist/config.js:[2m37:1
9[22m[39m
[90m [2mÔØ»[22m 
getElementError node_modules/
@testing-library/react/node_m
odules/@testing-library/dom/d
ist/query-helpers.js:[2m20:3
5[22m[39m
[90m [2mÔØ»[22m getMultipl
eElementsFoundError node_modu
les/@testing-library/react/no
de_modules/@testing-library/d
om/dist/query-helpers.js:[2m
23:10[22m[39m
[90m [2mÔØ»[22m node_modul
es/@testing-library/react/nod
e_modules/@testing-library/do
m/dist/query-helpers.js:[2m5
5:13[22m[39m
[90m [2mÔØ»[22m node_modul
es/@testing-library/react/nod
e_modules/@testing-library/do
m/dist/query-helpers.js:[2m9
5:19[22m[39m
[36m [2mÔØ»[22m frontend/s
rc/components/__tests__/Remin
dersList.test.tsx:[2m946:38
[22m[39m
    [90m944| [39m
    [90m945| [39m        
[90m// Click the Dismiss 
action button directly[39m
    [90m946| [39m        
const dismissButton = 
screen.getByRole("button", { 
name: "DismÔÇª
    [90m   | [39m          
                           
[31m^[39m
    [90m947| [39m        
[35mawait[39m userEvent[33
m.[39m[34mclick[39m(dismis
sButton)[33m;[39m
    [90m948| [39m

[31m[2mÔÄ»ÔÄ»ÔÄ»ÔÄ»ÔÄ»ÔÄ»ÔÄ
»ÔÄ»ÔÄ»ÔÄ»ÔÄ»ÔÄ»ÔÄ»ÔÄ»ÔÄ»ÔÄ»Ô
Ä»ÔÄ»ÔÄ»ÔÄ»ÔÄ»ÔÄ»[14/50]ÔÄ»[
22m[39m

[41m[1m FAIL [22m[49m fro
ntend/src/components/__tests_
_/RemindersList.test.tsx[2m 
> [22mRemindersList[2m > 
[22mProps override hook 
behavior[2m > [22mshould 
use provided reminders prop 
instead of hook
[31m[1mTestingLibraryElemen
tError[22m[39m: Found 
multiple elements with the 
text: Did I exercise?

Here are the matching 
elements:

Ignored nodes: comments, 
script, style
[36m<span[39m
  [33mclass[39m=[32m"track
ing-text"[39m
  [33mtitle[39m=[32m"ƒÆ¬ 
Did I exercise?"[39m
[36m>[39m
  [36m<span[39m
    [33mclass[39m=[32m"tra
cking-icon"[39m
  [36m>[39m
    [0m­ƒÆ¬[0m
  [36m</span>[39m
  [0mDid I exercise?[0m
[36m</span>[39m

Ignored nodes: comments, 
script, style
[36m<h3[39m
  [33mclass[39m=[32m"remin
der-card-question"[39m
[36m>[39m
  [0mDid I exercise?[0m
[36m</h3>[39m

(If this is intentional, 
then use the `*AllBy*` 
variant of the query (like 
`queryAllByText`, 
`getAllByText`, or 
`findAllByText`)).

Ignored nodes: comments, 
script, style
[36m<body>[39m
  [36m<div>[39m
    [36m<div[39m
      [33mclass[39m=[32m"r
eminders-list"[39m
    [36m>[39m
      [36m<div[39m
        [33mclass[39m=[32m
"reminders-list-content"[39m
      [36m>[39m
        [36m<div[39m
          [33mclass[39m=[3
2m"reminders-table-container"
[39m
        [36m>[39m
          [36m<table[39m
            [33mclass[39m=
[32m"reminders-table"[39m
          [36m>[39m
            [36m<thead>[39m
              [36m<tr>[39m
                [36m<th[39m
                  [33mclass
[39m=[32m"col-time"[39m
                [36m>[39m
                  
[36m<div[39m
                    [33mclas
s[39m=[32m"header-with-filt
er"[39m
                  [36m>[39m
                    
[36m<button[39m
                      [33mar
ia-expanded[39m=[32m"false"
[39m
                      [33mar
ia-label[39m=[32m"Show 
filters"[39m
                      [33mcl
ass[39m=[32m"filter-toggle-
button"[39m
                      
[33mtitle[39m=[32m"Show 
filters"[39m
                      [33mty
pe[39m=[32m"button"[39m
                    
[36m>[39m
                      
[36m<span[39m
                        [33m
class[39m=[32m"filter-toggl
e-icon"[39m
                      
[36m>[39m
                        [0m-
ƒöì[0m
                      
[36m</span>[39m
                    
[36m</button>[39m
                    
[36m<button[39m
                      [33mar
ia-label[39m=[32m"Sort by 
time"[39m
                      [33mcl
ass[39m=[32m"sortable-heade
r"[39m
                      [33mty
pe[39m=[32m"button"[39m
                    
[36m>[39m
                      
[0mTime[0m
                    
[36m</button>[39m
                  
[36m</div>[39m
                
[36m</th>[39m
                [36m<th[39m
                  [33mclass
[39m=[32m"col-tracking"[39m
                [36m>[39m
                  
[36m<button[39m
                    [33maria
-label[39m=[32m"Sort by 
tracking"[39m
                    [33mclas
s[39m=[32m"sortable-header"
[39m
                    [33mtype
[39m=[32m"button"[39m
                  [36m>[39m
                    
[0mTracking[0m
                  
[36m</button>[39m
                
[36m</th>[39m
                [36m<th[39m
                  [33mclass
[39m=[32m"col-notes"[39m
                [36m>[39m
                  
[36m<button[39m
                    [33maria
-label[39m=[32m"Sort by 
notes"[39m
                    [33mclas
s[39m=[32m"sortable-header"
[39m
                    [33mtype
[39m=[32m"button"[39m
                  [36m>[39m
                    
[0mNotes[0m
                  
[36m</button>[39m
                
[36m</th>[39m
                [36m<th[39m
                  [33mclass
[39m=[32m"col-actions"[39m
                [36m>[39m
                  
[0mActions[0m
                
[36m</th>[39m
              [36m</tr>[39m
            
[36m</thead>[39m
            [36m<tbody>[39m
              [36m<tr[39m
                [33mclass[3
9m=[32m"reminder-row"[39m
              [36m>[39m
                [36m<td[39m
                  [33mclass
[39m=[32m"cell-time"[39m
                [36m>[39m
                  
[0m8/12/2025 08:04 
a.┬ám.[0m
                
[36m</td>[39m
                [36m<td[39m
                  [33mclass
[39m=[32m"cell-tracking"[39
m
                [36m>[39m
                  
[36m<span[39m
                    [33mclas
s[39m=[32m"tracking-text"[
39m
                    
[33mtitle[39m=[32m"ƒÆ¬ 
Did I exercise?"[39m
                  [36m>[39m
                    
[36m<span[39m
                      [33mcl
ass[39m=[32m"tracking-icon"
[39m
                    
[36m>[39m
                      [0m
ƒÆ¬[0m
                    
[36m</span>[39m
                    [0mDid 
I exercise?[0m
                  
[36m</span>[39m
                
[36m</td>[39m
                [36m<td[39m
                  [33mclass
[39m=[32m"cell-notes"[39m
                [36m>[39m
                  
[36m<textarea[39m
                    [33mclas
s[39m=[32m"notes-textarea"
[39m
                    [33mplac
eholder[39m=[32m"Add 
notes..."[39m
                    
[33mrows[39m=[32m"2"[39m
                  
[36m/>[39m
                
[36m</td>[39m
                [36m<td[39m
                  [33mclass
[39m=[32m"cell-actions"[39m
                [36m>[39m
                  
[36m<div[39m
                    [33mclas
s[39m=[32m"actions-containe
r"[39m
                  [36m>[39m
                    
[36m<div[39m
                      [33mcl
ass[39m=[32m"actions-button
s"[39m
                    
[36m>[39m
                      
[36m<button[39m
                        [33m
aria-label[39m=[32m"Complet
e reminder"[39m
                        [33m
class[39m=[32m"action-butto
n action-complete"[39m
                        [33m
title[39m=[32m"Complete 
reminder"[39m
                        [33m
type[39m=[32m"button"[39m
                      
[36m>[39m
                        
[0mÔ£ô[0m
                      
[36m</button>[39m
                      
[36m<button[39m
                        [33m
aria-label[39m=[32m"Dismiss
 reminder"[39m
                        [33m
class[39m=[32m"action-butto
n action-dismiss"[39m
                        [33m
title[39m=[32m"Dismiss 
reminder"[39m
                        [33m
type[39m=[32m"button"[39m
                      
[36m>[39m
                        
[0mÔ£ò[0m
                      
[36m</button>[39m
                      
[36m<button[39m
                        [33m
aria-label[39m=[32m"Snooze 
reminder"[39m
                        [33m
class[39m=[32m"action-butto
n action-snooze"[39m
                        
[33mtitle[39m=[32m"Snooze 
reminder (click to see 
options)"[39m
                        [33m
type[39m=[32m"button"[39m
                      
[36m>[39m
                        [0m-
ƒÆñ[0m
                      
[36m</button>[39m
                    
[36m</div>[39m
                  
[36m</div>[39m
                
[36m</td>[39m
              [36m</tr>[39m
            
[36m</tbody>[39m
          [36m</table>[39m
        [36m</div>[39m
        [36m<div[39m
          [33mclass[39m=[3
2m"reminders-cards"[39m
        [36m>[39m
          [36m<div[39m
            [33mclass[39m=
[32m"reminder-card"[39m
          [36m>[39m
            [36m<div[39m
              [33mclass[39m
=[32m"reminder-card-header"
[39m
            [36m>[39m
              [36m<div[39m
                [33mclass[3
9m=[32m"reminder-card-icon"
[39m
              [36m>[39m
                [0m­ƒÆ¬[0m
              
[36m</div>[39m
              [36m<div[39m
                [33mclass[3
9m=[32m"reminder-card-title"
[39m
              [36m>[39m
                [36m<h3[39m
                  [33mclass
[39m=[32m"reminder-card-ques
tion"[39m
                [36m>[39m
                  [0mDid I 
exercise?[0m
                
[36m</h3>[39m
                
[36m<div[39m
                  [33mclass
[39m=[32m"reminder-card-time
"[39m
                [36m>[39m
                  
[0m8/12/2025 08:04 
a.┬ám.[0m
                
[36m</div>[39m
              
[36m</div>[39m
            [36m</div>[39m
            [36m<div[39m
              [33mclass[39m
=[32m"reminder-card-footer"
[39m
            [36m>[39m
              [36m<div[39m
                [33mclass[3
9m=[32m"reminder-card-action
s"[39m
              [36m>[39m
                
[36m<button[39m
                  [33maria-l
abel[39m=[32m"Complete 
reminder"[39m
                  [33mclass
[39m=[32m"action-button 
action-complete"[39m
                  [33mtitle
[39m=[32m"Complete"[39m
                  [33mtype[
39m=[32m"button"[39m
                [36m>[39m
                  [0mÔ£ô[0m
                
[36m</button>[39m
                
[36m<button[39m
                  [33maria-l
abel[39m=[32m"Snooze 
reminder"[39m
                  [33mclass
[39m=[32m"action-button"[39
m
                  [33mtitle
[39m=[32m"Snooze"[39m
                  [33mtype[
39m=[32m"button"[39m
                [36m>[39m
                  [0mÔÅ░[0m
                
[36m</button>[39m
                
[36m<button[39m
                  [33maria-l
abel[39m=[32m"Dismiss 
reminder"[39m
                  [33mclass
[39m=[32m"action-button 
action-dismiss"[39m
                  [33mtitle
[39m=[32m"Dismiss"[39m
                  [33mtype[
39m=[32m"button"[39m
                [36m>[39m
                  [0mÔ£ò[0m
                
[36m</button>[39m
              
[36m</div>[39m
            [36m</div>[39m
          [36m</div>[39m
        [36m</div>[39m
      [36m</div>[39m
    [36m</div>[39m
  [36m</div>[39m
[36m</body>[39m
[90m [2mÔØ»[22m 
Object.getElementError node_m
odules/@testing-library/react
/node_modules/@testing-librar
y/dom/dist/config.js:[2m37:1
9[22m[39m
[90m [2mÔØ»[22m 
getElementError node_modules/
@testing-library/react/node_m
odules/@testing-library/dom/d
ist/query-helpers.js:[2m20:3
5[22m[39m
[90m [2mÔØ»[22m getMultipl
eElementsFoundError node_modu
les/@testing-library/react/no
de_modules/@testing-library/d
om/dist/query-helpers.js:[2m
23:10[22m[39m
[90m [2mÔØ»[22m node_modul
es/@testing-library/react/nod
e_modules/@testing-library/do
m/dist/query-helpers.js:[2m5
5:13[22m[39m
[90m [2mÔØ»[22m node_modul
es/@testing-library/react/nod
e_modules/@testing-library/do
m/dist/query-helpers.js:[2m9
5:19[22m[39m
[36m [2mÔØ»[22m frontend/s
rc/components/__tests__/Remin
dersList.test.tsx:[2m995:27
[22m[39m
    [90m993| [39m
    [90m994| [39m          
  // Should show reminder 
from props (id: 1), not from 
hook ÔÇª
    [90m995| [39m          
  
expect(screen.getByText("Did 
I exercise?")).toBeInTheDocum
ÔÇª
    [90m   | [39m          
                [31m^[39m
    [90m996| [39m          
  expect(screen.getByRole("bu
tton", { name: "Complete 
remindÔÇª
    [90m997| [39m        
})[33m;[39m

[31m[2mÔÄ»ÔÄ»ÔÄ»ÔÄ»ÔÄ»ÔÄ»ÔÄ
»ÔÄ»ÔÄ»ÔÄ»ÔÄ»ÔÄ»ÔÄ»ÔÄ»ÔÄ»ÔÄ»Ô
Ä»ÔÄ»ÔÄ»ÔÄ»ÔÄ»ÔÄ»[15/50]ÔÄ»[
22m[39m

[41m[1m FAIL [22m[49m fro
ntend/src/components/__tests_
_/RemindersList.test.tsx[2m 
> [22mRemindersList[2m > 
[22mProps override hook 
behavior[2m > [22mshould 
use provided snoozeReminder 
function instead of hook
[31m[1mTestingLibraryElemen
tError[22m[39m: Found 
multiple elements with the 
role "button" and name 
"Snooze reminder"

Here are the matching 
elements:

Ignored nodes: comments, 
script, style
[36m<button[39m
  [33maria-label[39m=[32m"
Snooze reminder"[39m
  [33mclass[39m=[32m"actio
n-button action-snooze"[39m
  
[33mtitle[39m=[32m"Snooze 
reminder (click to see 
options)"[39m
  [33mtype[39m=[32m"button
"[39m
[36m>[39m
  [0m­ƒÆñ[0m
[36m</button>[39m

Ignored nodes: comments, 
script, style
[36m<button[39m
  [33maria-label[39m=[32m"
Snooze reminder"[39m
  [33mclass[39m=[32m"actio
n-button"[39m
  [33mtitle[39m=[32m"Snooz
e"[39m
  [33mtype[39m=[32m"button
"[39m
[36m>[39m
  [0mÔÅ░[0m
[36m</button>[39m

(If this is intentional, 
then use the `*AllBy*` 
variant of the query (like 
`queryAllByText`, 
`getAllByText`, or 
`findAllByText`)).

Ignored nodes: comments, 
script, style
[36m<body>[39m
  [36m<div>[39m
    [36m<div[39m
      [33mclass[39m=[32m"r
eminders-list"[39m
    [36m>[39m
      [36m<div[39m
        [33mclass[39m=[32m
"reminders-list-content"[39m
      [36m>[39m
        [36m<div[39m
          [33mclass[39m=[3
2m"reminders-table-container"
[39m
        [36m>[39m
          [36m<table[39m
            [33mclass[39m=
[32m"reminders-table"[39m
          [36m>[39m
            [36m<thead>[39m
              [36m<tr>[39m
                [36m<th[39m
                  [33mclass
[39m=[32m"col-time"[39m
                [36m>[39m
                  
[36m<div[39m
                    [33mclas
s[39m=[32m"header-with-filt
er"[39m
                  [36m>[39m
                    
[36m<button[39m
                      [33mar
ia-expanded[39m=[32m"false"
[39m
                      [33mar
ia-label[39m=[32m"Show 
filters"[39m
                      [33mcl
ass[39m=[32m"filter-toggle-
button"[39m
                      
[33mtitle[39m=[32m"Show 
filters"[39m
                      [33mty
pe[39m=[32m"button"[39m
                    
[36m>[39m
                      
[36m<span[39m
                        [33m
class[39m=[32m"filter-toggl
e-icon"[39m
                      
[36m>[39m
                        [0m-
ƒöì[0m
                      
[36m</span>[39m
                    
[36m</button>[39m
                    
[36m<button[39m
                      [33mar
ia-label[39m=[32m"Sort by 
time"[39m
                      [33mcl
ass[39m=[32m"sortable-heade
r"[39m
                      [33mty
pe[39m=[32m"button"[39m
                    
[36m>[39m
                      
[0mTime[0m
                    
[36m</button>[39m
                  
[36m</div>[39m
                
[36m</th>[39m
                [36m<th[39m
                  [33mclass
[39m=[32m"col-tracking"[39m
                [36m>[39m
                  
[36m<button[39m
                    [33maria
-label[39m=[32m"Sort by 
tracking"[39m
                    [33mclas
s[39m=[32m"sortable-header"
[39m
                    [33mtype
[39m=[32m"button"[39m
                  [36m>[39m
                    
[0mTracking[0m
                  
[36m</button>[39m
                
[36m</th>[39m
                [36m<th[39m
                  [33mclass
[39m=[32m"col-notes"[39m
                [36m>[39m
                  
[36m<button[39m
                    [33maria
-label[39m=[32m"Sort by 
notes"[39m
                    [33mclas
s[39m=[32m"sortable-header"
[39m
                    [33mtype
[39m=[32m"button"[39m
                  [36m>[39m
                    
[0mNotes[0m
                  
[36m</button>[39m
                
[36m</th>[39m
                [36m<th[39m
                  [33mclass
[39m=[32m"col-actions"[39m
                [36m>[39m
                  
[0mActions[0m
                
[36m</th>[39m
              [36m</tr>[39m
            
[36m</thead>[39m
            [36m<tbody>[39m
              [36m<tr[39m
                [33mclass[3
9m=[32m"reminder-row"[39m
              [36m>[39m
                [36m<td[39m
                  [33mclass
[39m=[32m"cell-time"[39m
                [36m>[39m
                  
[0m8/12/2025 08:04 
a.┬ám.[0m
                
[36m</td>[39m
                [36m<td[39m
                  [33mclass
[39m=[32m"cell-tracking"[39
m
                [36m>[39m
                  
[36m<span[39m
                    [33mclas
s[39m=[32m"tracking-text"[
39m
                    
[33mtitle[39m=[32m"ƒÆ¬ 
Did I exercise?"[39m
                  [36m>[39m
                    
[36m<span[39m
                      [33mcl
ass[39m=[32m"tracking-icon"
[39m
                    
[36m>[39m
                      [0m
ƒÆ¬[0m
                    
[36m</span>[39m
                    [0mDid 
I exercise?[0m
                  
[36m</span>[39m
                
[36m</td>[39m
                [36m<td[39m
                  [33mclass
[39m=[32m"cell-notes"[39m
                [36m>[39m
                  
[36m<textarea[39m
                    [33mclas
s[39m=[32m"notes-textarea"
[39m
                    [33mplac
eholder[39m=[32m"Add 
notes..."[39m
                    
[33mrows[39m=[32m"2"[39m
                  
[36m/>[39m
                
[36m</td>[39m
                [36m<td[39m
                  [33mclass
[39m=[32m"cell-actions"[39m
                [36m>[39m
                  
[36m<div[39m
                    [33mclas
s[39m=[32m"actions-containe
r"[39m
                  [36m>[39m
                    
[36m<div[39m
                      [33mcl
ass[39m=[32m"actions-button
s"[39m
                    
[36m>[39m
                      
[36m<button[39m
                        [33m
aria-label[39m=[32m"Complet
e reminder"[39m
                        [33m
class[39m=[32m"action-butto
n action-complete"[39m
                        [33m
title[39m=[32m"Complete 
reminder"[39m
                        [33m
type[39m=[32m"button"[39m
                      
[36m>[39m
                        
[0mÔ£ô[0m
                      
[36m</button>[39m
                      
[36m<button[39m
                        [33m
aria-label[39m=[32m"Dismiss
 reminder"[39m
                        [33m
class[39m=[32m"action-butto
n action-dismiss"[39m
                        [33m
title[39m=[32m"Dismiss 
reminder"[39m
                        [33m
type[39m=[32m"button"[39m
                      
[36m>[39m
                        
[0mÔ£ò[0m
                      
[36m</button>[39m
                      
[36m<button[39m
                        [33m
aria-label[39m=[32m"Snooze 
reminder"[39m
                        [33m
class[39m=[32m"action-butto
n action-snooze"[39m
                        
[33mtitle[39m=[32m"Snooze 
reminder (click to see 
options)"[39m
                        [33m
type[39m=[32m"button"[39m
                      
[36m>[39m
                        [0m-
ƒÆñ[0m
                      
[36m</button>[39m
                    
[36m</div>[39m
                  
[36m</div>[39m
                
[36m</td>[39m
              [36m</tr>[39m
            
[36m</tbody>[39m
          [36m</table>[39m
        [36m</div>[39m
        [36m<div[39m
          [33mclass[39m=[3
2m"reminders-cards"[39m
        [36m>[39m
          [36m<div[39m
            [33mclass[39m=
[32m"reminder-card"[39m
          [36m>[39m
            [36m<div[39m
              [33mclass[39m
=[32m"reminder-card-header"
[39m
            [36m>[39m
              [36m<div[39m
                [33mclass[3
9m=[32m"reminder-card-icon"
[39m
              [36m>[39m
                [0m­ƒÆ¬[0m
              
[36m</div>[39m
              [36m<div[39m
                [33mclass[3
9m=[32m"reminder-card-title"
[39m
              [36m>[39m
                [36m<h3[39m
                  [33mclass
[39m=[32m"reminder-card-ques
tion"[39m
                [36m>[39m
                  [0mDid I 
exercise?[0m
                
[36m</h3>[39m
                
[36m<div[39m
                  [33mclass
[39m=[32m"reminder-card-time
"[39m
                [36m>[39m
                  
[0m8/12/2025 08:04 
a.┬ám.[0m
                
[36m</div>[39m
              
[36m</div>[39m
            [36m</div>[39m
            [36m<div[39m
              [33mclass[39m
=[32m"reminder-card-footer"
[39m
            [36m>[39m
              [36m<div[39m
                [33mclass[3
9m=[32m"reminder-card-action
s"[39m
              [36m>[39m
                
[36m<button[39m
                  [33maria-l
abel[39m=[32m"Complete 
reminder"[39m
                  [33mclass
[39m=[32m"action-button 
action-complete"[39m
                  [33mtitle
[39m=[32m"Complete"[39m
                  [33mtype[
39m=[32m"button"[39m
                [36m>[39m
                  [0mÔ£ô[0m
                
[36m</button>[39m
                
[36m<button[39m
                  [33maria-l
abel[39m=[32m"Snooze 
reminder"[39m
                  [33mclass
[39m=[32m"action-button"[39
m
                  [33mtitle
[39m=[32m"Snooze"[39m
                  [33mtype[
39m=[32m"button"[39m
                [36m>[39m
                  [0mÔÅ░[0m
                
[36m</button>[39m
                
[36m<button[39m
                  [33maria-l
abel[39m=[32m"Dismiss 
reminder"[39m
                  [33mclass
[39m=[32m"action-button 
action-dismiss"[39m
                  [33mtitle
[39m=[32m"Dismiss"[39m
                  [33mtype[
39m=[32m"button"[39m
                [36m>[39m
                  [0mÔ£ò[0m
                
[36m</button>[39m
              
[36m</div>[39m
            [36m</div>[39m
          [36m</div>[39m
        [36m</div>[39m
      [36m</div>[39m
    [36m</div>[39m
  [36m</div>[39m
[36m</body>[39m
[90m [2mÔØ»[22m 
Object.getElementError node_m
odules/@testing-library/react
/node_modules/@testing-librar
y/dom/dist/config.js:[2m37:1
9[22m[39m
[90m [2mÔØ»[22m 
getElementError node_modules/
@testing-library/react/node_m
odules/@testing-library/dom/d
ist/query-helpers.js:[2m20:3
5[22m[39m
[90m [2mÔØ»[22m getMultipl
eElementsFoundError node_modu
les/@testing-library/react/no
de_modules/@testing-library/d
om/dist/query-helpers.js:[2m
23:10[22m[39m
[90m [2mÔØ»[22m node_modul
es/@testing-library/react/nod
e_modules/@testing-library/do
m/dist/query-helpers.js:[2m5
5:13[22m[39m
[90m [2mÔØ»[22m node_modul
es/@testing-library/react/nod
e_modules/@testing-library/do
m/dist/query-helpers.js:[2m9
5:19[22m[39m
[36m [2mÔØ»[22m frontend/s
rc/components/__tests__/Remin
dersList.test.tsx:[2m1094:41
[22m[39m
    [90m1092| [39m         
   render(<RemindersList 
reminders={reminders} 
snoozeReminderÔÇª
    [90m1093| [39m
    [90m1094| [39m         
   const snoozeButton = 
screen.getByRole("button", { 
name: "SÔÇª
    [90m   | [39m          
                             
 [31m^[39m
    [90m1095| [39m         
   [35mawait[39m userEvent
[33m.[39m[34mclick[39m(sno
ozeButton)[33m;[39m
    [90m1096| [39m

[31m[2mÔÄ»ÔÄ»ÔÄ»ÔÄ»ÔÄ»ÔÄ»ÔÄ
»ÔÄ»ÔÄ»ÔÄ»ÔÄ»ÔÄ»ÔÄ»ÔÄ»ÔÄ»ÔÄ»Ô
Ä»ÔÄ»ÔÄ»ÔÄ»ÔÄ»ÔÄ»[16/50]ÔÄ»[
22m[39m

[41m[1m FAIL [22m[49m fro
ntend/src/components/__tests_
_/RemindersList.test.tsx[2m 
> [22mRemindersList[2m > 
[22mProps override hook 
behavior[2m > [22mshould 
use provided dismissReminder 
function instead of hook
[31m[1mTestingLibraryElemen
tError[22m[39m: Found 
multiple elements with the 
role "button" and name 
"Dismiss reminder"

Here are the matching 
elements:

Ignored nodes: comments, 
script, style
[36m<button[39m
  [33maria-label[39m=[32m"
Dismiss reminder"[39m
  [33mclass[39m=[32m"actio
n-button action-dismiss"[39m
  [33mtitle[39m=[32m"Dismi
ss reminder"[39m
  [33mtype[39m=[32m"button
"[39m
[36m>[39m
  [0mÔ£ò[0m
[36m</button>[39m

Ignored nodes: comments, 
script, style
[36m<button[39m
  [33maria-label[39m=[32m"
Dismiss reminder"[39m
  [33mclass[39m=[32m"actio
n-button action-dismiss"[39m
  [33mtitle[39m=[32m"Dismi
ss"[39m
  [33mtype[39m=[32m"button
"[39m
[36m>[39m
  [0mÔ£ò[0m
[36m</button>[39m

(If this is intentional, 
then use the `*AllBy*` 
variant of the query (like 
`queryAllByText`, 
`getAllByText`, or 
`findAllByText`)).

Ignored nodes: comments, 
script, style
[36m<body>[39m
  [36m<div>[39m
    [36m<div[39m
      [33mclass[39m=[32m"r
eminders-list"[39m
    [36m>[39m
      [36m<div[39m
        [33mclass[39m=[32m
"reminders-list-content"[39m
      [36m>[39m
        [36m<div[39m
          [33mclass[39m=[3
2m"reminders-table-container"
[39m
        [36m>[39m
          [36m<table[39m
            [33mclass[39m=
[32m"reminders-table"[39m
          [36m>[39m
            [36m<thead>[39m
              [36m<tr>[39m
                [36m<th[39m
                  [33mclass
[39m=[32m"col-time"[39m
                [36m>[39m
                  
[36m<div[39m
                    [33mclas
s[39m=[32m"header-with-filt
er"[39m
                  [36m>[39m
                    
[36m<button[39m
                      [33mar
ia-expanded[39m=[32m"false"
[39m
                      [33mar
ia-label[39m=[32m"Show 
filters"[39m
                      [33mcl
ass[39m=[32m"filter-toggle-
button"[39m
                      
[33mtitle[39m=[32m"Show 
filters"[39m
                      [33mty
pe[39m=[32m"button"[39m
                    
[36m>[39m
                      
[36m<span[39m
                        [33m
class[39m=[32m"filter-toggl
e-icon"[39m
                      
[36m>[39m
                        [0m-
ƒöì[0m
                      
[36m</span>[39m
                    
[36m</button>[39m
                    
[36m<button[39m
                      [33mar
ia-label[39m=[32m"Sort by 
time"[39m
                      [33mcl
ass[39m=[32m"sortable-heade
r"[39m
                      [33mty
pe[39m=[32m"button"[39m
                    
[36m>[39m
                      
[0mTime[0m
                    
[36m</button>[39m
                  
[36m</div>[39m
                
[36m</th>[39m
                [36m<th[39m
                  [33mclass
[39m=[32m"col-tracking"[39m
                [36m>[39m
                  
[36m<button[39m
                    [33maria
-label[39m=[32m"Sort by 
tracking"[39m
                    [33mclas
s[39m=[32m"sortable-header"
[39m
                    [33mtype
[39m=[32m"button"[39m
                  [36m>[39m
                    
[0mTracking[0m
                  
[36m</button>[39m
                
[36m</th>[39m
                [36m<th[39m
                  [33mclass
[39m=[32m"col-notes"[39m
                [36m>[39m
                  
[36m<button[39m
                    [33maria
-label[39m=[32m"Sort by 
notes"[39m
                    [33mclas
s[39m=[32m"sortable-header"
[39m
                    [33mtype
[39m=[32m"button"[39m
                  [36m>[39m
                    
[0mNotes[0m
                  
[36m</button>[39m
                
[36m</th>[39m
                [36m<th[39m
                  [33mclass
[39m=[32m"col-actions"[39m
                [36m>[39m
                  
[0mActions[0m
                
[36m</th>[39m
              [36m</tr>[39m
            
[36m</thead>[39m
            [36m<tbody>[39m
              [36m<tr[39m
                [33mclass[3
9m=[32m"reminder-row"[39m
              [36m>[39m
                [36m<td[39m
                  [33mclass
[39m=[32m"cell-time"[39m
                [36m>[39m
                  
[0m8/12/2025 08:04 
a.┬ám.[0m
                
[36m</td>[39m
                [36m<td[39m
                  [33mclass
[39m=[32m"cell-tracking"[39
m
                [36m>[39m
                  
[36m<span[39m
                    [33mclas
s[39m=[32m"tracking-text"[
39m
                    
[33mtitle[39m=[32m"ƒÆ¬ 
Did I exercise?"[39m
                  [36m>[39m
                    
[36m<span[39m
                      [33mcl
ass[39m=[32m"tracking-icon"
[39m
                    
[36m>[39m
                      [0m
ƒÆ¬[0m
                    
[36m</span>[39m
                    [0mDid 
I exercise?[0m
                  
[36m</span>[39m
                
[36m</td>[39m
                [36m<td[39m
                  [33mclass
[39m=[32m"cell-notes"[39m
                [36m>[39m
                  
[36m<textarea[39m
                    [33mclas
s[39m=[32m"notes-textarea"
[39m
                    [33mplac
eholder[39m=[32m"Add 
notes..."[39m
                    
[33mrows[39m=[32m"2"[39m
                  
[36m/>[39m
                
[36m</td>[39m
                [36m<td[39m
                  [33mclass
[39m=[32m"cell-actions"[39m
                [36m>[39m
                  
[36m<div[39m
                    [33mclas
s[39m=[32m"actions-containe
r"[39m
                  [36m>[39m
                    
[36m<div[39m
                      [33mcl
ass[39m=[32m"actions-button
s"[39m
                    
[36m>[39m
                      
[36m<button[39m
                        [33m
aria-label[39m=[32m"Complet
e reminder"[39m
                        [33m
class[39m=[32m"action-butto
n action-complete"[39m
                        [33m
title[39m=[32m"Complete 
reminder"[39m
                        [33m
type[39m=[32m"button"[39m
                      
[36m>[39m
                        
[0mÔ£ô[0m
                      
[36m</button>[39m
                      
[36m<button[39m
                        [33m
aria-label[39m=[32m"Dismiss
 reminder"[39m
                        [33m
class[39m=[32m"action-butto
n action-dismiss"[39m
                        [33m
title[39m=[32m"Dismiss 
reminder"[39m
                        [33m
type[39m=[32m"button"[39m
                      
[36m>[39m
                        
[0mÔ£ò[0m
                      
[36m</button>[39m
                      
[36m<button[39m
                        [33m
aria-label[39m=[32m"Snooze 
reminder"[39m
                        [33m
class[39m=[32m"action-butto
n action-snooze"[39m
                        
[33mtitle[39m=[32m"Snooze 
reminder (click to see 
options)"[39m
                        [33m
type[39m=[32m"button"[39m
                      
[36m>[39m
                        [0m-
ƒÆñ[0m
                      
[36m</button>[39m
                    
[36m</div>[39m
                  
[36m</div>[39m
                
[36m</td>[39m
              [36m</tr>[39m
            
[36m</tbody>[39m
          [36m</table>[39m
        [36m</div>[39m
        [36m<div[39m
          [33mclass[39m=[3
2m"reminders-cards"[39m
        [36m>[39m
          [36m<div[39m
            [33mclass[39m=
[32m"reminder-card"[39m
          [36m>[39m
            [36m<div[39m
              [33mclass[39m
=[32m"reminder-card-header"
[39m
            [36m>[39m
              [36m<div[39m
                [33mclass[3
9m=[32m"reminder-card-icon"
[39m
              [36m>[39m
                [0m­ƒÆ¬[0m
              
[36m</div>[39m
              [36m<div[39m
                [33mclass[3
9m=[32m"reminder-card-title"
[39m
              [36m>[39m
                [36m<h3[39m
                  [33mclass
[39m=[32m"reminder-card-ques
tion"[39m
                [36m>[39m
                  [0mDid I 
exercise?[0m
                
[36m</h3>[39m
                
[36m<div[39m
                  [33mclass
[39m=[32m"reminder-card-time
"[39m
                [36m>[39m
                  
[0m8/12/2025 08:04 
a.┬ám.[0m
                
[36m</div>[39m
              
[36m</div>[39m
            [36m</div>[39m
            [36m<div[39m
              [33mclass[39m
=[32m"reminder-card-footer"
[39m
            [36m>[39m
              [36m<div[39m
                [33mclass[3
9m=[32m"reminder-card-action
s"[39m
              [36m>[39m
                
[36m<button[39m
                  [33maria-l
abel[39m=[32m"Complete 
reminder"[39m
                  [33mclass
[39m=[32m"action-button 
action-complete"[39m
                  [33mtitle
[39m=[32m"Complete"[39m
                  [33mtype[
39m=[32m"button"[39m
                [36m>[39m
                  [0mÔ£ô[0m
                
[36m</button>[39m
                
[36m<button[39m
                  [33maria-l
abel[39m=[32m"Snooze 
reminder"[39m
                  [33mclass
[39m=[32m"action-button"[39
m
                  [33mtitle
[39m=[32m"Snooze"[39m
                  [33mtype[
39m=[32m"button"[39m
                [36m>[39m
                  [0mÔÅ░[0m
                
[36m</button>[39m
                
[36m<button[39m
                  [33maria-l
abel[39m=[32m"Dismiss 
reminder"[39m
                  [33mclass
[39m=[32m"action-button 
action-dismiss"[39m
                  [33mtitle
[39m=[32m"Dismiss"[39m
                  [33mtype[
39m=[32m"button"[39m
                [36m>[39m
                  [0mÔ£ò[0m
                
[36m</button>[39m
              
[36m</div>[39m
            [36m</div>[39m
          [36m</div>[39m
        [36m</div>[39m
      [36m</div>[39m
    [36m</div>[39m
  [36m</div>[39m
[36m</body>[39m
[90m [2mÔØ»[22m 
Object.getElementError node_m
odules/@testing-library/react
/node_modules/@testing-librar
y/dom/dist/config.js:[2m37:1
9[22m[39m
[90m [2mÔØ»[22m 
getElementError node_modules/
@testing-library/react/node_m
odules/@testing-library/dom/d
ist/query-helpers.js:[2m20:3
5[22m[39m
[90m [2mÔØ»[22m getMultipl
eElementsFoundError node_modu
les/@testing-library/react/no
de_modules/@testing-library/d
om/dist/query-helpers.js:[2m
23:10[22m[39m
[90m [2mÔØ»[22m node_modul
es/@testing-library/react/nod
e_modules/@testing-library/do
m/dist/query-helpers.js:[2m5
5:13[22m[39m
[90m [2mÔØ»[22m node_modul
es/@testing-library/react/nod
e_modules/@testing-library/do
m/dist/query-helpers.js:[2m9
5:19[22m[39m
[36m [2mÔØ»[22m frontend/s
rc/components/__tests__/Remin
dersList.test.tsx:[2m1140:42
[22m[39m
    [90m1138| [39m         
   render(<RemindersList 
reminders={reminders} 
dismissRemindeÔÇª
    [90m1139| [39m
    [90m1140| [39m         
   const dismissButton = 
screen.getByRole("button", { 
name: "ÔÇª
    [90m   | [39m          
                             
  [31m^[39m
    [90m1141| [39m         
   [35mawait[39m userEvent
[33m.[39m[34mclick[39m(dis
missButton)[33m;[39m
    [90m1142| [39m

[31m[2mÔÄ»ÔÄ»ÔÄ»ÔÄ»ÔÄ»ÔÄ»ÔÄ
»ÔÄ»ÔÄ»ÔÄ»ÔÄ»ÔÄ»ÔÄ»ÔÄ»ÔÄ»ÔÄ»Ô
Ä»ÔÄ»ÔÄ»ÔÄ»ÔÄ»ÔÄ»[17/50]ÔÄ»[
22m[39m

[41m[1m FAIL [22m[49m fro
ntend/src/components/__tests_
_/TrackingsList.test.tsx[2m 
> [22mTrackingsList[2m > 
[22mshould render list of 
trackings
[31m[1mTestingLibraryElemen
tError[22m[39m: Found 
multiple elements with the 
text: Did I exercise today?

Here are the matching 
elements:

Ignored nodes: comments, 
script, style
[36m<button[39m
  [33maria-label[39m=[32m"
Edit tracking: Did I 
exercise today?"[39m
  [33mclass[39m=[32m"track
ing-name-link"[39m
  [33mtitle[39m=[32m"Did 
I exercise today?. Click to 
edit"[39m
  [33mtype[39m=[32m"button
"[39m
[36m>[39m
  [0mDid I exercise 
today?[0m
[36m</button>[39m

Ignored nodes: comments, 
script, style
[36m<h3[39m
  [33mclass[39m=[32m"track
ing-card-question"[39m
[36m>[39m
  [0mDid I exercise 
today?[0m
[36m</h3>[39m

(If this is intentional, 
then use the `*AllBy*` 
variant of the query (like 
`queryAllByText`, 
`getAllByText`, or 
`findAllByText`)).

Ignored nodes: comments, 
script, style
[36m<body>[39m
  [36m<div>[39m
    [36m<div[39m
      [33mclass[39m=[32m"t
rackings-list"[39m
    [36m>[39m
      [36m<div[39m
        [33mclass[39m=[32m
"trackings-list-content"[39m
      [36m>[39m
        [36m<table[39m
          [33mclass[39m=[3
2m"trackings-table"[39m
        [36m>[39m
          [36m<thead>[39m
            [36m<tr>[39m
              [36m<th[39m
                [33mclass[3
9m=[32m"col-tracking"[39m
              [36m>[39m
                
[36m<div[39m
                  [33mclass
[39m=[32m"header-with-filter
"[39m
                [36m>[39m
                  
[36m<button[39m
                    [33maria
-expanded[39m=[32m"false"[
39m
                    [33maria
-label[39m=[32m"Show 
filters"[39m
                    [33mclas
s[39m=[32m"filter-toggle-bu
tton"[39m
                    
[33mtitle[39m=[32m"Show 
filters"[39m
                    [33mtype
[39m=[32m"button"[39m
                  [36m>[39m
                    
[36m<span[39m
                      [33mcl
ass[39m=[32m"filter-toggle-
icon"[39m
                    
[36m>[39m
                      [0m
ƒöì[0m
                    
[36m</span>[39m
                  
[36m</button>[39m
                  
[36m<button[39m
                    [33maria
-label[39m=[32m"Sort by 
tracking"[39m
                    [33mclas
s[39m=[32m"sortable-header"
[39m
                    [33mtype
[39m=[32m"button"[39m
                  [36m>[39m
                    
[0mTracking[0m
                  
[36m</button>[39m
                
[36m</div>[39m
              [36m</th>[39m
              [36m<th[39m
                [33mclass[3
9m=[32m"col-notes"[39m
              [36m>[39m
                [0mNotes[0m
              [36m</th>[39m
              [36m<th[39m
                [33mclass[3
9m=[32m"col-times"[39m
              [36m>[39m
                
[36m<button[39m
                  [33maria-l
abel[39m=[32m"Sort by 
times"[39m
                  [33mclass
[39m=[32m"sortable-header"[
39m
                  [33mtype[
39m=[32m"button"[39m
                [36m>[39m
                  
[0mTimes[0m
                
[36m</button>[39m
              [36m</th>[39m
              [36m<th[39m
                [33mclass[3
9m=[32m"col-frequency"[39m
              [36m>[39m
                
[36m<button[39m
                  [33maria-l
abel[39m=[32m"Sort by 
frequency"[39m
                  [33mclass
[39m=[32m"sortable-header"[
39m
                  [33mtype[
39m=[32m"button"[39m
                [36m>[39m
                  
[0mFrequency[0m
                
[36m</button>[39m
              [36m</th>[39m
              [36m<th[39m
                [33mclass[3
9m=[32m"col-next-reminder"[
39m
              [36m>[39m
                
[36m<button[39m
                  [33maria-l
abel[39m=[32m"Sort by next 
reminder"[39m
                  [33mclass
[39m=[32m"sortable-header"[
39m
                  [33mtype[
39m=[32m"button"[39m
                [36m>[39m
                  [0mNext 
reminder[0m
                
[36m</button>[39m
              [36m</th>[39m
              [36m<th[39m
                [33mclass[3
9m=[32m"col-status"[39m
              [36m>[39m
                
[36m<button[39m
                  [33maria-l
abel[39m=[32m"Sort by 
status"[39m
                  [33mclass
[39m=[32m"sortable-header"[
39m
                  [33mtype[
39m=[32m"button"[39m
                [36m>[39m
                  
[0mStatus[0m
                
[36m</button>[39m
              [36m</th>[39m
              [36m<th[39m
                [33mclass[3
9m=[32m"col-actions"[39m
              [36m>[39m
                
[0mActions[0m
              [36m</th>[39m
            [36m</tr>[39m
          [36m</thead>[39m
          [36m<tbody>[39m
            [36m<tr[39m
              [33mclass[39m
=[32m"tracking-row"[39m
            [36m>[39m
              [36m<td[39m
                [33mclass[3
9m=[32m"cell-tracking"[39m
              [36m>[39m
                
[36m<button[39m
                  [33maria-l
abel[39m=[32m"Edit 
tracking: Did I exercise 
today?"[39m
                  [33mclass
[39m=[32m"tracking-name-link
"[39m
                  
[33mtitle[39m=[32m"Did I 
exercise today?. Click to 
edit"[39m
                  [33mtype[
39m=[32m"button"[39m
                [36m>[39m
                  [0mDid I 
exercise today?[0m
                
[36m</button>[39m
              [36m</td>[39m
              [36m<td[39m
                [33mclass[3
9m=[32m"cell-notes"[39m
              [36m>[39m
                
[36m<span[39m
                  [33mclass
[39m=[32m"notes-empty"[39m
                [36m>[39m
                  [0mÔÇö[0m
                
[36m</span>[39m
              [36m</td>[39m
              [36m<td[39m
                [33mclass[3
9m=[32m"cell-times"[39m
                
[33mtitle[39m=[32m"No 
times"[39m
              [36m/>[39m
              [36m<td[39m
                [33mclass[3
9m=[32m"cell-frequency"[39m
                
[33mtitle[39m=[32m"No 
upcoming reminder"[39m
              [36m>[39m
                [0mDaily[0m
              [36m</td>[39m
              [36m<td[39m
                [33mclass[3
9m=[32m"cell-next-reminder"
[39m
              [36m>[39m
                [0mÔÇö[0m
              [36m</td>[39m
              [36m<td[39m
                [33mclass[3
9m=[32m"cell-status"[39m
              [36m>[39m
                
[36m<span[39m
                  [33mclass
[39m=[32m"status-badge 
state-badge-running"[39m
                [36m>[39m
                  
[0mRunning[0m
                
[36m</span>[39m
              [36m</td>[39m
              [36m<td[39m
                [33mclass[3
9m=[32m"cell-actions"[39m
              [36m>[39m
                
[36m<div[39m
                  [33mclass
[39m=[32m"actions-container"
[39m
                [36m>[39m
                  
[36m<div[39m
                    [33mclas
s[39m=[32m"actions-buttons"
[39m
                  [36m>[39m
                    
[36m<button[39m
                      [33mar
ia-label[39m=[32m"Pause"[3
9m
                      [33mcl
ass[39m=[32m"action-button"
[39m
                      
[33mtitle[39m=[32m"Pause: 
Stops generating new 
reminders. Existing 
reminders remain 
active."[39m
                      [33mty
pe[39m=[32m"button"[39m
                    
[36m>[39m
                      
[0mÔÅ©´©Å[0m
                    
[36m</button>[39m
                    
[36m<button[39m
                      [33mar
ia-label[39m=[32m"Archive"
[39m
                      [33mcl
ass[39m=[32m"action-button"
[39m
                      [33mti
tle[39m=[32m"Archive: 
Moves tracking to archived 
state and stops all reminder 
generation. All pending and 
upcoming reminders will be 
deleted."[39m
                      [33mty
pe[39m=[32m"button"[39m
                    
[36m>[39m
                      [0m
ƒôª[0m
                    
[36m</button>[39m
                    
[36m<button[39m
                      [33mar
ia-label[39m=[32m"Delete"[
39m
                      [33mcl
ass[39m=[32m"action-button"
[39m
                      [33mti
tle[39m=[32m"Delete: 
Permanently removes this 
tracking and all its 
reminders. This action 
cannot be undone."[39m
                      [33mty
pe[39m=[32m"button"[39m
                    
[36m>[39m
                      [0m
ƒùæ´©Å[0m
                    
[36m</button>[39m
                  
[36m</div>[39m
                
[36m</div>[39m
              [36m</td>[39m
            [36m</tr>[39m
            [36m<tr[39m
              [33mclass[39m
=[32m"tracking-row"[39m
            [36m>[39m
              [36m<td[39m
                [33mclass[3
9m=[32m"cell-tracking"[39m
              [36m>[39m
                
[36m<button[39m
                  [33maria-l
abel[39m=[32m"Edit 
tracking: Did I 
meditate?"[39m
                  [33mclass
[39m=[32m"tracking-name-link
"[39m
                  
[33mtitle[39m=[32m"Did I 
meditate?. Click to 
edit"[39m
                  [33mtype[
39m=[32m"button"[39m
                [36m>[39m
                  [0mDid I 
meditate?[0m
                
[36m</button>[39m
              [36m</td>[39m
              [36m<td[39m
                [33mclass[3
9m=[32m"cell-notes"[39m
              [36m>[39m
                
[36m<span[39m
                  [33mclass
[39m=[32m"notes-empty"[39m
                [36m>[39m
                  [0mÔÇö[0m
                
[36m</span>[39m
              [36m</td>[39m
              [36m<td[39m
                [33mclass[3
9m=[32m"cell-times"[39m
                
[33mtitle[39m=[32m"No 
times"[39m
              [36m/>[39m
              [36m<td[39m
                [33mclass[3
9m=[32m"cell-frequency"[39m
                
[33mtitle[39m=[32m"No 
upcoming reminder"[39m
              [36m>[39m
                [0mDaily[0m
              [36m</td>[39m
              [36m<td[39m
                [33mclass[3
9m=[32m"cell-next-reminder"
[39m
              [36m>[39m
                [0mÔÇö[0m
              [36m</td>[39m
              [36m<td[39m
                [33mclass[3
9m=[32m"cell-status"[39m
              [36m>[39m
                
[36m<span[39m
                  [33mclass
[39m=[32m"status-badge 
state-badge-running"[39m
                [36m>[39m
                  
[0mRunning[0m
                
[36m</span>[39m
              [36m</td>[39m
              [36m<td[39m
                [33mclass[3
9m=[32m"cell-actions"[39m
              [36m>[39m
                
[36m<div[39m
                  [33mclass
[39m=[32m"actions-container"
[39m
                [36m>[39m
                  
[36m<div[39m
                    [33mclas
s[39m=[32m"actions-buttons"
[39m
                  [36m>[39m
                    
[36m<button[39m
                      [33mar
ia-label[39m=[32m"Pause"[3
9m
                      [33mcl
ass[39m=[32m"action-button"
[39m
                      
[33mtitle[39m=[32m"Pause: 
Stops generating new 
reminders. Existing 
reminders remain 
active."[39m
                      [33mty
pe[39m=[32m"button"[39m
                    
[36m>[39m
                      
[0mÔÅ©´©Å[0m
                    
[36m</button>[39m
                    
[36m<button[39m
                      [33mar
ia-label[39m=[32m"Archive"
[39m
                      [33mcl
ass[39m=[32m"action-button"
[39m
                      [33mti
tle[39m=[32m"Archive: 
Moves tracking to archived 
state and stops all reminder 
generation. All pending and 
upcoming reminders will be 
deleted."[39m
                      [33mty
pe[39m=[32m"button"[39m
                    
[36m>[39m
                      [0m
ƒôª[0m
                    
[36m</button>[39m
                    
[36m<button[39m
                      [33mar
ia-label[39m=[32m"Delete"[
39m
                      [33mcl
ass[39m=[32m"action-button"
[39m
                      [33mti
tle[39m=[32m"Delete: 
Permanently removes this 
tracking and all its 
reminders. This action 
cannot be undone."[39m
                      [33mty
pe[39m=[32m"button"[39m
                    
[36m>[39m
                      [0m
ƒùæ´©Å[0m
                    
[36m</button>[39m
                  
[36m</div>[39m
                
[36m</div>[39m
              [36m</td>[39m
            [36m</tr>[39m
          [36m</tbody>[39m
        [36m</table>[39m
        [36m<div[39m
          [33mclass[39m=[3
2m"trackings-cards"[39m
        [36m>[39m
          [36m<div[39m
            [33mclass[39m=
[32m"tracking-card"[39m
          [36m>[39m
            [36m<div[39m
              [33mclass[39m
=[32m"tracking-card-header"
[39m
            [36m>[39m
              [36m<div[39m
                [33mclass[3
9m=[32m"tracking-card-title"
[39m
              [36m>[39m
                [36m<h3[39m
                  [33mclass
[39m=[32m"tracking-card-ques
tion"[39m
                [36m>[39m
                  [0mDid I 
exercise today?[0m
                
[36m</h3>[39m
                
[36m<div[39m
                  [33mclass
[39m=[32m"tracking-card-time
s"[39m
                [36m/>[39m
              
[36m</div>[39m
            [36m</div>[39m
            [36m<div[39m
              [33mclass[39m
=[32m"tracking-card-body"[3
9m
            [36m>[39m
              [36m<div[39m
                [33mclass[3
9m=[32m"tracking-card-row"[
39m
              [36m>[39m
                
[36m<span[39m
                  [33mclass
[39m=[32m"tracking-card-labe
l"[39m
                [36m>[39m
                  
[0mFrequency[0m
                
[36m</span>[39m
                
[36m<span[39m
                  [33mclass
[39m=[32m"tracking-card-valu
e"[39m
                [36m>[39m
                  
[0mDaily[0m
                
[36m</span>[39m
              
[36m</div>[39m
            [36m</div>[39m
            [36m<div[39m
              [33mclass[39m
=[32m"tracking-card-footer"
[39m
            [36m>[39m
              [36m<div[39m
                [33mclass[3
9m=[32m"tracking-card-status
"[39m
              [36m>[39m
                
[36m<span[39m
                  [33mclass
[39m=[32m"status-badge 
state-badge-running"[39m
                [36m>[39m
                  
[0mRunning[0m
                
[36m</span>[39m
              
[36m</div>[39m
              [36m<div[39m
                [33mclass[3
9m=[32m"tracking-card-action
s"[39m
              [36m>[39m
                
[36m<button[39m
                  [33maria-l
abel[39m=[32m"Edit 
tracking"[39m
                  [33mclass
[39m=[32m"action-button"[39
m
                  
[33mtitle[39m=[32m"Edit 
tracking"[39m
                  [33mtype[
39m=[32m"button"[39m
                [36m>[39m
                  
[0mÔ£Å´©Å[0m
                
[36m</button>[39m
              
[36m</div>[39m
            [36m</div>[39m
          [36m</div>[39m
          [36m<div[39m
            [33mclass[39m=
[32m"tracking-card"[39m
          [36m>[39m
            [36m<div[39m
              [33mclass[39m
=[32m"tracking-card-header"
[39m
            [36m>[39m
              [36m<div[39m
                [33mclass[3
9m=[32m"tracking-card-title"
[39m
              [36m>[39m
                [36m<h3[39m
                  [33mclass
[39m=[32m"tracking-card-ques
tion"[39m
                [36m>[39m
                  [0mDid I 
meditate?[0m
                
[36m</h3>[39m
                
[36m<div[39m
                  [33mclass
[39m=[32m"tracking-card-time
s"[39m
                [36m/>[39m
              
[36m</div>[39m
            [36m</div>[39m
            [36m<div[39m
              [33mclass[39m
=[32m"tracking-card-body"[3
9m
            [36m>[39m
              [36m<div[39m
                [33mclass[3
9m=[32m"tracking-card-row"[
39m
              [36m>[39m
                
[36m<span[39m
                  [33mclass
[39m=[32m"tracking-card-labe
l"[39m
                [36m>[39m
                  
[0mFrequency[0m
                
[36m</span>[39m
                
[36m<span[39m
                  [33mclass
[39m=[32m"tracking-card-valu
e"[39m
                [36m>[39m
                  
[0mDaily[0m
                
[36m</span>[39m
              
[36m</div>[39m
            [36m</div>[39m
            [36m<div[39m
              [33mclass[39m
=[32m"tracking-card-footer"
[39m
            [36m>[39m
              [36m<div[39m
                [33mclass[3
9m=[32m"tracking-card-status
"[39m
              [36m>[39m
                
[36m<span[39m
                  [33mclass
[39m=[32m"status-badge 
state-badge-running"[39m
                [36m>[39m
                  
[0mRunning[0m
                
[36m</span>[39m
              
[36m</div>[39m
              [36m<div[39m
                [33mclass[3
9m=[32m"tracking-card-action
s"[39m
              [36m>[39m
                
[36m<button[39m
                  [33maria-l
abel[39m=[32m"Edit 
tracking"[39m
                  [33mclass
[39m=[32m"action-button"[39
m
                  
[33mtitle[39m=[32m"Edit 
tracking"[39m
                  [33mtype[
39m=[32m"button"[39m
                [36m>[39m
                  
[0mÔ£Å´©Å[0m
                
[36m</button>[39m
              
[36m</div>[39m
            [36m</div>[39m
          [36m</div>[39m
        [36m</div>[39m
      [36m</div>[39m
    [36m</div>[39m
  [36m</div>[39m
[36m</body>[39m
[90m [2mÔØ»[22m 
Object.getElementError node_m
odules/@testing-library/react
/node_modules/@testing-librar
y/dom/dist/config.js:[2m37:1
9[22m[39m
[90m [2mÔØ»[22m 
getElementError node_modules/
@testing-library/react/node_m
odules/@testing-library/dom/d
ist/query-helpers.js:[2m20:3
5[22m[39m
[90m [2mÔØ»[22m getMultipl
eElementsFoundError node_modu
les/@testing-library/react/no
de_modules/@testing-library/d
om/dist/query-helpers.js:[2m
23:10[22m[39m
[90m [2mÔØ»[22m node_modul
es/@testing-library/react/nod
e_modules/@testing-library/do
m/dist/query-helpers.js:[2m5
5:13[22m[39m
[90m [2mÔØ»[22m node_modul
es/@testing-library/react/nod
e_modules/@testing-library/do
m/dist/query-helpers.js:[2m9
5:19[22m[39m
[36m [2mÔØ»[22m frontend/s
rc/components/__tests__/Track
ingsList.test.tsx:[2m94:23[
22m[39m
    [90m 92| [39m        
)[33m;[39m
    [90m 93| [39m
    [90m 94| [39m        
expect(screen.getByText("Did 
I exercise 
today?")).toBeInTheDocÔÇª
    [90m   | [39m          
            [31m^[39m
    [90m 95| [39m        
expect(screen.getByText("Did 
I meditate?")).toBeInTheDocum
ent(ÔÇª
    [90m 96| [39m    
})[33m;[39m

[31m[2mÔÄ»ÔÄ»ÔÄ»ÔÄ»ÔÄ»ÔÄ»ÔÄ
»ÔÄ»ÔÄ»ÔÄ»ÔÄ»ÔÄ»ÔÄ»ÔÄ»ÔÄ»ÔÄ»Ô
Ä»ÔÄ»ÔÄ»ÔÄ»ÔÄ»ÔÄ»[18/50]ÔÄ»[
22m[39m

[41m[1m FAIL [22m[49m fro
ntend/src/components/__tests_
_/TrackingsList.test.tsx[2m 
> [22mTrackingsList[2m > 
[22mshould display icon 
with question when icon is 
present
[31m[1mTestingLibraryElemen
tError[22m[39m: Found 
multiple elements with the 
text: ƒÆ¬

Here are the matching 
elements:

Ignored nodes: comments, 
script, style
[36m<span[39m
  [33mclass[39m=[32m"track
ing-icon"[39m
[36m>[39m
  [0m­ƒÆ¬[0m
[36m</span>[39m

Ignored nodes: comments, 
script, style
[36m<div[39m
  [33mclass[39m=[32m"track
ing-card-icon"[39m
[36m>[39m
  [0m­ƒÆ¬[0m
[36m</div>[39m

(If this is intentional, 
then use the `*AllBy*` 
variant of the query (like 
`queryAllByText`, 
`getAllByText`, or 
`findAllByText`)).

Ignored nodes: comments, 
script, style
[36m<body>[39m
  [36m<div>[39m
    [36m<div[39m
      [33mclass[39m=[32m"t
rackings-list"[39m
    [36m>[39m
      [36m<div[39m
        [33mclass[39m=[32m
"trackings-list-content"[39m
      [36m>[39m
        [36m<table[39m
          [33mclass[39m=[3
2m"trackings-table"[39m
        [36m>[39m
          [36m<thead>[39m
            [36m<tr>[39m
              [36m<th[39m
                [33mclass[3
9m=[32m"col-tracking"[39m
              [36m>[39m
                
[36m<div[39m
                  [33mclass
[39m=[32m"header-with-filter
"[39m
                [36m>[39m
                  
[36m<button[39m
                    [33maria
-expanded[39m=[32m"false"[
39m
                    [33maria
-label[39m=[32m"Show 
filters"[39m
                    [33mclas
s[39m=[32m"filter-toggle-bu
tton"[39m
                    
[33mtitle[39m=[32m"Show 
filters"[39m
                    [33mtype
[39m=[32m"button"[39m
                  [36m>[39m
                    
[36m<span[39m
                      [33mcl
ass[39m=[32m"filter-toggle-
icon"[39m
                    
[36m>[39m
                      [0m
ƒöì[0m
                    
[36m</span>[39m
                  
[36m</button>[39m
                  
[36m<button[39m
                    [33maria
-label[39m=[32m"Sort by 
tracking"[39m
                    [33mclas
s[39m=[32m"sortable-header"
[39m
                    [33mtype
[39m=[32m"button"[39m
                  [36m>[39m
                    
[0mTracking[0m
                  
[36m</button>[39m
                
[36m</div>[39m
              [36m</th>[39m
              [36m<th[39m
                [33mclass[3
9m=[32m"col-notes"[39m
              [36m>[39m
                [0mNotes[0m
              [36m</th>[39m
              [36m<th[39m
                [33mclass[3
9m=[32m"col-times"[39m
              [36m>[39m
                
[36m<button[39m
                  [33maria-l
abel[39m=[32m"Sort by 
times"[39m
                  [33mclass
[39m=[32m"sortable-header"[
39m
                  [33mtype[
39m=[32m"button"[39m
                [36m>[39m
                  
[0mTimes[0m
                
[36m</button>[39m
              [36m</th>[39m
              [36m<th[39m
                [33mclass[3
9m=[32m"col-frequency"[39m
              [36m>[39m
                
[36m<button[39m
                  [33maria-l
abel[39m=[32m"Sort by 
frequency"[39m
                  [33mclass
[39m=[32m"sortable-header"[
39m
                  [33mtype[
39m=[32m"button"[39m
                [36m>[39m
                  
[0mFrequency[0m
                
[36m</button>[39m
              [36m</th>[39m
              [36m<th[39m
                [33mclass[3
9m=[32m"col-next-reminder"[
39m
              [36m>[39m
                
[36m<button[39m
                  [33maria-l
abel[39m=[32m"Sort by next 
reminder"[39m
                  [33mclass
[39m=[32m"sortable-header"[
39m
                  [33mtype[
39m=[32m"button"[39m
                [36m>[39m
                  [0mNext 
reminder[0m
                
[36m</button>[39m
              [36m</th>[39m
              [36m<th[39m
                [33mclass[3
9m=[32m"col-status"[39m
              [36m>[39m
                
[36m<button[39m
                  [33maria-l
abel[39m=[32m"Sort by 
status"[39m
                  [33mclass
[39m=[32m"sortable-header"[
39m
                  [33mtype[
39m=[32m"button"[39m
                [36m>[39m
                  
[0mStatus[0m
                
[36m</button>[39m
              [36m</th>[39m
              [36m<th[39m
                [33mclass[3
9m=[32m"col-actions"[39m
              [36m>[39m
                
[0mActions[0m
              [36m</th>[39m
            [36m</tr>[39m
          [36m</thead>[39m
          [36m<tbody>[39m
            [36m<tr[39m
              [33mclass[39m
=[32m"tracking-row"[39m
            [36m>[39m
              [36m<td[39m
                [33mclass[3
9m=[32m"cell-tracking"[39m
              [36m>[39m
                
[36m<span[39m
                  [33mclass
[39m=[32m"tracking-icon"[39
m
                [36m>[39m
                  [0mƒÆ¬[0m
                
[36m</span>[39m
                
[36m<button[39m
                  [33maria-l
abel[39m=[32m"Edit 
tracking: Did I 
exercise?"[39m
                  [33mclass
[39m=[32m"tracking-name-link
"[39m
                  
[33mtitle[39m=[32m"Did I 
exercise?. Click to 
edit"[39m
                  [33mtype[
39m=[32m"button"[39m
                [36m>[39m
                  [0mDid I 
exercise?[0m
                
[36m</button>[39m
              [36m</td>[39m
              [36m<td[39m
                [33mclass[3
9m=[32m"cell-notes"[39m
              [36m>[39m
                
[36m<span[39m
                  [33mclass
[39m=[32m"notes-empty"[39m
                [36m>[39m
                  [0mÔÇö[0m
                
[36m</span>[39m
              [36m</td>[39m
              [36m<td[39m
                [33mclass[3
9m=[32m"cell-times"[39m
                
[33mtitle[39m=[32m"No 
times"[39m
              [36m/>[39m
              [36m<td[39m
                [33mclass[3
9m=[32m"cell-frequency"[39m
                
[33mtitle[39m=[32m"No 
upcoming reminder"[39m
              [36m>[39m
                [0mDaily[0m
              [36m</td>[39m
              [36m<td[39m
                [33mclass[3
9m=[32m"cell-next-reminder"
[39m
              [36m>[39m
                [0mÔÇö[0m
              [36m</td>[39m
              [36m<td[39m
                [33mclass[3
9m=[32m"cell-status"[39m
              [36m>[39m
                
[36m<span[39m
                  [33mclass
[39m=[32m"status-badge 
state-badge-running"[39m
                [36m>[39m
                  
[0mRunning[0m
                
[36m</span>[39m
              [36m</td>[39m
              [36m<td[39m
                [33mclass[3
9m=[32m"cell-actions"[39m
              [36m>[39m
                
[36m<div[39m
                  [33mclass
[39m=[32m"actions-container"
[39m
                [36m>[39m
                  
[36m<div[39m
                    [33mclas
s[39m=[32m"actions-buttons"
[39m
                  [36m>[39m
                    
[36m<button[39m
                      [33mar
ia-label[39m=[32m"Pause"[3
9m
                      [33mcl
ass[39m=[32m"action-button"
[39m
                      
[33mtitle[39m=[32m"Pause: 
Stops generating new 
reminders. Existing 
reminders remain 
active."[39m
                      [33mty
pe[39m=[32m"button"[39m
                    
[36m>[39m
                      
[0mÔÅ©´©Å[0m
                    
[36m</button>[39m
                    
[36m<button[39m
                      [33mar
ia-label[39m=[32m"Archive"
[39m
                      [33mcl
ass[39m=[32m"action-button"
[39m
                      [33mti
tle[39m=[32m"Archive: 
Moves tracking to archived 
state and stops all reminder 
generation. All pending and 
upcoming reminders will be 
deleted."[39m
                      [33mty
pe[39m=[32m"button"[39m
                    
[36m>[39m
                      [0m
ƒôª[0m
                    
[36m</button>[39m
                    
[36m<button[39m
                      [33mar
ia-label[39m=[32m"Delete"[
39m
                      [33mcl
ass[39m=[32m"action-button"
[39m
                      [33mti
tle[39m=[32m"Delete: 
Permanently removes this 
tracking and all its 
reminders. This action 
cannot be undone."[39m
                      [33mty
pe[39m=[32m"button"[39m
                    
[36m>[39m
                      [0m
ƒùæ´©Å[0m
                    
[36m</button>[39m
                  
[36m</div>[39m
                
[36m</div>[39m
              [36m</td>[39m
            [36m</tr>[39m
          [36m</tbody>[39m
        [36m</table>[39m
        [36m<div[39m
          [33mclass[39m=[3
2m"trackings-cards"[39m
        [36m>[39m
          [36m<div[39m
            [33mclass[39m=
[32m"tracking-card"[39m
          [36m>[39m
            [36m<div[39m
              [33mclass[39m
=[32m"tracking-card-header"
[39m
            [36m>[39m
              [36m<div[39m
                [33mclass[3
9m=[32m"tracking-card-icon"
[39m
              [36m>[39m
                [0m­ƒÆ¬[0m
              
[36m</div>[39m
              [36m<div[39m
                [33mclass[3
9m=[32m"tracking-card-title"
[39m
              [36m>[39m
                [36m<h3[39m
                  [33mclass
[39m=[32m"tracking-card-ques
tion"[39m
                [36m>[39m
                  [0mDid I 
exercise?[0m
                
[36m</h3>[39m
                
[36m<div[39m
                  [33mclass
[39m=[32m"tracking-card-time
s"[39m
                [36m/>[39m
              
[36m</div>[39m
            [36m</div>[39m
            [36m<div[39m
              [33mclass[39m
=[32m"tracking-card-body"[3
9m
            [36m>[39m
              [36m<div[39m
                [33mclass[3
9m=[32m"tracking-card-row"[
39m
              [36m>[39m
                
[36m<span[39m
                  [33mclass
[39m=[32m"tracking-card-labe
l"[39m
                [36m>[39m
                  
[0mFrequency[0m
                
[36m</span>[39m
                
[36m<span[39m
                  [33mclass
[39m=[32m"tracking-card-valu
e"[39m
                [36m>[39m
                  
[0mDaily[0m
                
[36m</span>[39m
              
[36m</div>[39m
            [36m</div>[39m
            [36m<div[39m
              [33mclass[39m
=[32m"tracking-card-footer"
[39m
            [36m>[39m
              [36m<div[39m
                [33mclass[3
9m=[32m"tracking-card-status
"[39m
              [36m>[39m
                
[36m<span[39m
                  [33mclass
[39m=[32m"status-badge 
state-badge-running"[39m
                [36m>[39m
                  
[0mRunning[0m
                
[36m</span>[39m
              
[36m</div>[39m
              [36m<div[39m
                [33mclass[3
9m=[32m"tracking-card-action
s"[39m
              [36m>[39m
                
[36m<button[39m
                  [33maria-l
abel[39m=[32m"Edit 
tracking"[39m
                  [33mclass
[39m=[32m"action-button"[39
m
                  
[33mtitle[39m=[32m"Edit 
tracking"[39m
                  [33mtype[
39m=[32m"button"[39m
                [36m>[39m
                  
[0mÔ£Å´©Å[0m
                
[36m</button>[39m
              
[36m</div>[39m
            [36m</div>[39m
          [36m</div>[39m
        [36m</div>[39m
      [36m</div>[39m
    [36m</div>[39m
  [36m</div>[39m
[36m</body>[39m
[90m [2mÔØ»[22m 
Object.getElementError node_m
odules/@testing-library/react
/node_modules/@testing-librar
y/dom/dist/config.js:[2m37:1
9[22m[39m
[90m [2mÔØ»[22m 
getElementError node_modules/
@testing-library/react/node_m
odules/@testing-library/dom/d
ist/query-helpers.js:[2m20:3
5[22m[39m
[90m [2mÔØ»[22m getMultipl
eElementsFoundError node_modu
les/@testing-library/react/no
de_modules/@testing-library/d
om/dist/query-helpers.js:[2m
23:10[22m[39m
[90m [2mÔØ»[22m node_modul
es/@testing-library/react/nod
e_modules/@testing-library/do
m/dist/query-helpers.js:[2m5
5:13[22m[39m
[90m [2mÔØ»[22m node_modul
es/@testing-library/react/nod
e_modules/@testing-library/do
m/dist/query-helpers.js:[2m9
5:19[22m[39m
[36m [2mÔØ»[22m frontend/s
rc/components/__tests__/Track
ingsList.test.tsx:[2m139:23
[22m[39m
    [90m137| [39m        
)[33m;[39m
    [90m138| [39m
    [90m139| [39m        [
34mexpect[39m(screen[33m.[
39m[34mgetByText[39m([32m"
ƒÆ¬"[39m))[33m.[39m[34mto
BeInTheDocument[39m()[33m;
[39m
    [90m   | [39m          
            [31m^[39m
    [90m140| [39m        
expect(screen.getByText("Did 
I exercise?")).toBeInTheDocum
ent(ÔÇª
    [90m141| [39m        
const trackingCell = 
screen.getByText("Did I 
exercise?").closeÔÇª

[31m[2mÔÄ»ÔÄ»ÔÄ»ÔÄ»ÔÄ»ÔÄ»ÔÄ
»ÔÄ»ÔÄ»ÔÄ»ÔÄ»ÔÄ»ÔÄ»ÔÄ»ÔÄ»ÔÄ»Ô
Ä»ÔÄ»ÔÄ»ÔÄ»ÔÄ»ÔÄ»[19/50]ÔÄ»[
22m[39m

[41m[1m FAIL [22m[49m fro
ntend/src/components/__tests_
_/TrackingsList.test.tsx[2m 
> [22mTrackingsList[2m > 
[22mshould display only 
question when icon is absent
[31m[1mTestingLibraryElemen
tError[22m[39m: Found 
multiple elements with the 
text: Did I exercise?

Here are the matching 
elements:

Ignored nodes: comments, 
script, style
[36m<button[39m
  [33maria-label[39m=[32m"
Edit tracking: Did I 
exercise?"[39m
  [33mclass[39m=[32m"track
ing-name-link"[39m
  [33mtitle[39m=[32m"Did 
I exercise?. Click to 
edit"[39m
  [33mtype[39m=[32m"button
"[39m
[36m>[39m
  [0mDid I exercise?[0m
[36m</button>[39m

Ignored nodes: comments, 
script, style
[36m<h3[39m
  [33mclass[39m=[32m"track
ing-card-question"[39m
[36m>[39m
  [0mDid I exercise?[0m
[36m</h3>[39m

(If this is intentional, 
then use the `*AllBy*` 
variant of the query (like 
`queryAllByText`, 
`getAllByText`, or 
`findAllByText`)).

Ignored nodes: comments, 
script, style
[36m<body>[39m
  [36m<div>[39m
    [36m<div[39m
      [33mclass[39m=[32m"t
rackings-list"[39m
    [36m>[39m
      [36m<div[39m
        [33mclass[39m=[32m
"trackings-list-content"[39m
      [36m>[39m
        [36m<table[39m
          [33mclass[39m=[3
2m"trackings-table"[39m
        [36m>[39m
          [36m<thead>[39m
            [36m<tr>[39m
              [36m<th[39m
                [33mclass[3
9m=[32m"col-tracking"[39m
              [36m>[39m
                
[36m<div[39m
                  [33mclass
[39m=[32m"header-with-filter
"[39m
                [36m>[39m
                  
[36m<button[39m
                    [33maria
-expanded[39m=[32m"false"[
39m
                    [33maria
-label[39m=[32m"Show 
filters"[39m
                    [33mclas
s[39m=[32m"filter-toggle-bu
tton"[39m
                    
[33mtitle[39m=[32m"Show 
filters"[39m
                    [33mtype
[39m=[32m"button"[39m
                  [36m>[39m
                    
[36m<span[39m
                      [33mcl
ass[39m=[32m"filter-toggle-
icon"[39m
                    
[36m>[39m
                      [0m
ƒöì[0m
                    
[36m</span>[39m
                  
[36m</button>[39m
                  
[36m<button[39m
                    [33maria
-label[39m=[32m"Sort by 
tracking"[39m
                    [33mclas
s[39m=[32m"sortable-header"
[39m
                    [33mtype
[39m=[32m"button"[39m
                  [36m>[39m
                    
[0mTracking[0m
                  
[36m</button>[39m
                
[36m</div>[39m
              [36m</th>[39m
              [36m<th[39m
                [33mclass[3
9m=[32m"col-notes"[39m
              [36m>[39m
                [0mNotes[0m
              [36m</th>[39m
              [36m<th[39m
                [33mclass[3
9m=[32m"col-times"[39m
              [36m>[39m
                
[36m<button[39m
                  [33maria-l
abel[39m=[32m"Sort by 
times"[39m
                  [33mclass
[39m=[32m"sortable-header"[
39m
                  [33mtype[
39m=[32m"button"[39m
                [36m>[39m
                  
[0mTimes[0m
                
[36m</button>[39m
              [36m</th>[39m
              [36m<th[39m
                [33mclass[3
9m=[32m"col-frequency"[39m
              [36m>[39m
                
[36m<button[39m
                  [33maria-l
abel[39m=[32m"Sort by 
frequency"[39m
                  [33mclass
[39m=[32m"sortable-header"[
39m
                  [33mtype[
39m=[32m"button"[39m
                [36m>[39m
                  
[0mFrequency[0m
                
[36m</button>[39m
              [36m</th>[39m
              [36m<th[39m
                [33mclass[3
9m=[32m"col-next-reminder"[
39m
              [36m>[39m
                
[36m<button[39m
                  [33maria-l
abel[39m=[32m"Sort by next 
reminder"[39m
                  [33mclass
[39m=[32m"sortable-header"[
39m
                  [33mtype[
39m=[32m"button"[39m
                [36m>[39m
                  [0mNext 
reminder[0m
                
[36m</button>[39m
              [36m</th>[39m
              [36m<th[39m
                [33mclass[3
9m=[32m"col-status"[39m
              [36m>[39m
                
[36m<button[39m
                  [33maria-l
abel[39m=[32m"Sort by 
status"[39m
                  [33mclass
[39m=[32m"sortable-header"[
39m
                  [33mtype[
39m=[32m"button"[39m
                [36m>[39m
                  
[0mStatus[0m
                
[36m</button>[39m
              [36m</th>[39m
              [36m<th[39m
                [33mclass[3
9m=[32m"col-actions"[39m
              [36m>[39m
                
[0mActions[0m
              [36m</th>[39m
            [36m</tr>[39m
          [36m</thead>[39m
          [36m<tbody>[39m
            [36m<tr[39m
              [33mclass[39m
=[32m"tracking-row"[39m
            [36m>[39m
              [36m<td[39m
                [33mclass[3
9m=[32m"cell-tracking"[39m
              [36m>[39m
                
[36m<button[39m
                  [33maria-l
abel[39m=[32m"Edit 
tracking: Did I 
exercise?"[39m
                  [33mclass
[39m=[32m"tracking-name-link
"[39m
                  
[33mtitle[39m=[32m"Did I 
exercise?. Click to 
edit"[39m
                  [33mtype[
39m=[32m"button"[39m
                [36m>[39m
                  [0mDid I 
exercise?[0m
                
[36m</button>[39m
              [36m</td>[39m
              [36m<td[39m
                [33mclass[3
9m=[32m"cell-notes"[39m
              [36m>[39m
                
[36m<span[39m
                  [33mclass
[39m=[32m"notes-empty"[39m
                [36m>[39m
                  [0mÔÇö[0m
                
[36m</span>[39m
              [36m</td>[39m
              [36m<td[39m
                [33mclass[3
9m=[32m"cell-times"[39m
                
[33mtitle[39m=[32m"No 
times"[39m
              [36m/>[39m
              [36m<td[39m
                [33mclass[3
9m=[32m"cell-frequency"[39m
                
[33mtitle[39m=[32m"No 
upcoming reminder"[39m
              [36m>[39m
                [0mDaily[0m
              [36m</td>[39m
              [36m<td[39m
                [33mclass[3
9m=[32m"cell-next-reminder"
[39m
              [36m>[39m
                [0mÔÇö[0m
              [36m</td>[39m
              [36m<td[39m
                [33mclass[3
9m=[32m"cell-status"[39m
              [36m>[39m
                
[36m<span[39m
                  [33mclass
[39m=[32m"status-badge 
state-badge-running"[39m
                [36m>[39m
                  
[0mRunning[0m
                
[36m</span>[39m
              [36m</td>[39m
              [36m<td[39m
                [33mclass[3
9m=[32m"cell-actions"[39m
              [36m>[39m
                
[36m<div[39m
                  [33mclass
[39m=[32m"actions-container"
[39m
                [36m>[39m
                  
[36m<div[39m
                    [33mclas
s[39m=[32m"actions-buttons"
[39m
                  [36m>[39m
                    
[36m<button[39m
                      [33mar
ia-label[39m=[32m"Pause"[3
9m
                      [33mcl
ass[39m=[32m"action-button"
[39m
                      
[33mtitle[39m=[32m"Pause: 
Stops generating new 
reminders. Existing 
reminders remain 
active."[39m
                      [33mty
pe[39m=[32m"button"[39m
                    
[36m>[39m
                      
[0mÔÅ©´©Å[0m
                    
[36m</button>[39m
                    
[36m<button[39m
                      [33mar
ia-label[39m=[32m"Archive"
[39m
                      [33mcl
ass[39m=[32m"action-button"
[39m
                      [33mti
tle[39m=[32m"Archive: 
Moves tracking to archived 
state and stops all reminder 
generation. All pending and 
upcoming reminders will be 
deleted."[39m
                      [33mty
pe[39m=[32m"button"[39m
                    
[36m>[39m
                      [0m
ƒôª[0m
                    
[36m</button>[39m
                    
[36m<button[39m
                      [33mar
ia-label[39m=[32m"Delete"[
39m
                      [33mcl
ass[39m=[32m"action-button"
[39m
                      [33mti
tle[39m=[32m"Delete: 
Permanently removes this 
tracking and all its 
reminders. This action 
cannot be undone."[39m
                      [33mty
pe[39m=[32m"button"[39m
                    
[36m>[39m
                      [0m
ƒùæ´©Å[0m
                    
[36m</button>[39m
                  
[36m</div>[39m
                
[36m</div>[39m
              [36m</td>[39m
            [36m</tr>[39m
          [36m</tbody>[39m
        [36m</table>[39m
        [36m<div[39m
          [33mclass[39m=[3
2m"trackings-cards"[39m
        [36m>[39m
          [36m<div[39m
            [33mclass[39m=
[32m"tracking-card"[39m
          [36m>[39m
            [36m<div[39m
              [33mclass[39m
=[32m"tracking-card-header"
[39m
            [36m>[39m
              [36m<div[39m
                [33mclass[3
9m=[32m"tracking-card-title"
[39m
              [36m>[39m
                [36m<h3[39m
                  [33mclass
[39m=[32m"tracking-card-ques
tion"[39m
                [36m>[39m
                  [0mDid I 
exercise?[0m
                
[36m</h3>[39m
                
[36m<div[39m
                  [33mclass
[39m=[32m"tracking-card-time
s"[39m
                [36m/>[39m
              
[36m</div>[39m
            [36m</div>[39m
            [36m<div[39m
              [33mclass[39m
=[32m"tracking-card-body"[3
9m
            [36m>[39m
              [36m<div[39m
                [33mclass[3
9m=[32m"tracking-card-row"[
39m
              [36m>[39m
                
[36m<span[39m
                  [33mclass
[39m=[32m"tracking-card-labe
l"[39m
                [36m>[39m
                  
[0mFrequency[0m
                
[36m</span>[39m
                
[36m<span[39m
                  [33mclass
[39m=[32m"tracking-card-valu
e"[39m
                [36m>[39m
                  
[0mDaily[0m
                
[36m</span>[39m
              
[36m</div>[39m
            [36m</div>[39m
            [36m<div[39m
              [33mclass[39m
=[32m"tracking-card-footer"
[39m
            [36m>[39m
              [36m<div[39m
                [33mclass[3
9m=[32m"tracking-card-status
"[39m
              [36m>[39m
                
[36m<span[39m
                  [33mclass
[39m=[32m"status-badge 
state-badge-running"[39m
                [36m>[39m
                  
[0mRunning[0m
                
[36m</span>[39m
              
[36m</div>[39m
              [36m<div[39m
                [33mclass[3
9m=[32m"tracking-card-action
s"[39m
              [36m>[39m
                
[36m<button[39m
                  [33maria-l
abel[39m=[32m"Edit 
tracking"[39m
                  [33mclass
[39m=[32m"action-button"[39
m
                  
[33mtitle[39m=[32m"Edit 
tracking"[39m
                  [33mtype[
39m=[32m"button"[39m
                [36m>[39m
                  
[0mÔ£Å´©Å[0m
                
[36m</button>[39m
              
[36m</div>[39m
            [36m</div>[39m
          [36m</div>[39m
        [36m</div>[39m
      [36m</div>[39m
    [36m</div>[39m
  [36m</div>[39m
[36m</body>[39m
[90m [2mÔØ»[22m 
Object.getElementError node_m
odules/@testing-library/react
/node_modules/@testing-librar
y/dom/dist/config.js:[2m37:1
9[22m[39m
[90m [2mÔØ»[22m 
getElementError node_modules/
@testing-library/react/node_m
odules/@testing-library/dom/d
ist/query-helpers.js:[2m20:3
5[22m[39m
[90m [2mÔØ»[22m getMultipl
eElementsFoundError node_modu
les/@testing-library/react/no
de_modules/@testing-library/d
om/dist/query-helpers.js:[2m
23:10[22m[39m
[90m [2mÔØ»[22m node_modul
es/@testing-library/react/nod
e_modules/@testing-library/do
m/dist/query-helpers.js:[2m5
5:13[22m[39m
[90m [2mÔØ»[22m node_modul
es/@testing-library/react/nod
e_modules/@testing-library/do
m/dist/query-helpers.js:[2m9
5:19[22m[39m
[36m [2mÔØ»[22m frontend/s
rc/components/__tests__/Track
ingsList.test.tsx:[2m162:23
[22m[39m
    [90m160| [39m        
)[33m;[39m
    [90m161| [39m
    [90m162| [39m        
expect(screen.getByText("Did 
I exercise?")).toBeInTheDocum
ent(ÔÇª
    [90m   | [39m          
            [31m^[39m
    [90m163| [39m        
const trackingCell = 
screen.getByText("Did I 
exercise?").closeÔÇª
    [90m164| [39m        [
34mexpect[39m(trackingCell[
33m?.[39mtextContent)[33m.
[39m[34mtoBe[39m([32m"Did 
I exercise?"[39m)[33m;[39m

[31m[2mÔÄ»ÔÄ»ÔÄ»ÔÄ»ÔÄ»ÔÄ»ÔÄ
»ÔÄ»ÔÄ»ÔÄ»ÔÄ»ÔÄ»ÔÄ»ÔÄ»ÔÄ»ÔÄ»Ô
Ä»ÔÄ»ÔÄ»ÔÄ»ÔÄ»ÔÄ»[20/50]ÔÄ»[
22m[39m

[41m[1m FAIL [22m[49m fro
ntend/src/components/__tests_
_/TrackingsList.test.tsx[2m 
> [22mTrackingsList[2m > 
[22mshould display single 
schedule time
[31m[1mTestingLibraryElemen
tError[22m[39m: Found 
multiple elements with the 
text: 09:00

Here are the matching 
elements:

Ignored nodes: comments, 
script, style
[36m<td[39m
  [33mclass[39m=[32m"cell-
times"[39m
[36m>[39m
  [0m09:00[0m
[36m</td>[39m

Ignored nodes: comments, 
script, style
[36m<div[39m
  [33mclass[39m=[32m"track
ing-card-times"[39m
[36m>[39m
  [0m09:00[0m
[36m</div>[39m

(If this is intentional, 
then use the `*AllBy*` 
variant of the query (like 
`queryAllByText`, 
`getAllByText`, or 
`findAllByText`)).

Ignored nodes: comments, 
script, style
[36m<body>[39m
  [36m<div>[39m
    [36m<div[39m
      [33mclass[39m=[32m"t
rackings-list"[39m
    [36m>[39m
      [36m<div[39m
        [33mclass[39m=[32m
"trackings-list-content"[39m
      [36m>[39m
        [36m<table[39m
          [33mclass[39m=[3
2m"trackings-table"[39m
        [36m>[39m
          [36m<thead>[39m
            [36m<tr>[39m
              [36m<th[39m
                [33mclass[3
9m=[32m"col-tracking"[39m
              [36m>[39m
                
[36m<div[39m
                  [33mclass
[39m=[32m"header-with-filter
"[39m
                [36m>[39m
                  
[36m<button[39m
                    [33maria
-expanded[39m=[32m"false"[
39m
                    [33maria
-label[39m=[32m"Show 
filters"[39m
                    [33mclas
s[39m=[32m"filter-toggle-bu
tton"[39m
                    
[33mtitle[39m=[32m"Show 
filters"[39m
                    [33mtype
[39m=[32m"button"[39m
                  [36m>[39m
                    
[36m<span[39m
                      [33mcl
ass[39m=[32m"filter-toggle-
icon"[39m
                    
[36m>[39m
                      [0m
ƒöì[0m
                    
[36m</span>[39m
                  
[36m</button>[39m
                  
[36m<button[39m
                    [33maria
-label[39m=[32m"Sort by 
tracking"[39m
                    [33mclas
s[39m=[32m"sortable-header"
[39m
                    [33mtype
[39m=[32m"button"[39m
                  [36m>[39m
                    
[0mTracking[0m
                  
[36m</button>[39m
                
[36m</div>[39m
              [36m</th>[39m
              [36m<th[39m
                [33mclass[3
9m=[32m"col-notes"[39m
              [36m>[39m
                [0mNotes[0m
              [36m</th>[39m
              [36m<th[39m
                [33mclass[3
9m=[32m"col-times"[39m
              [36m>[39m
                
[36m<button[39m
                  [33maria-l
abel[39m=[32m"Sort by 
times"[39m
                  [33mclass
[39m=[32m"sortable-header"[
39m
                  [33mtype[
39m=[32m"button"[39m
                [36m>[39m
                  
[0mTimes[0m
                
[36m</button>[39m
              [36m</th>[39m
              [36m<th[39m
                [33mclass[3
9m=[32m"col-frequency"[39m
              [36m>[39m
                
[36m<button[39m
                  [33maria-l
abel[39m=[32m"Sort by 
frequency"[39m
                  [33mclass
[39m=[32m"sortable-header"[
39m
                  [33mtype[
39m=[32m"button"[39m
                [36m>[39m
                  
[0mFrequency[0m
                
[36m</button>[39m
              [36m</th>[39m
              [36m<th[39m
                [33mclass[3
9m=[32m"col-next-reminder"[
39m
              [36m>[39m
                
[36m<button[39m
                  [33maria-l
abel[39m=[32m"Sort by next 
reminder"[39m
                  [33mclass
[39m=[32m"sortable-header"[
39m
                  [33mtype[
39m=[32m"button"[39m
                [36m>[39m
                  [0mNext 
reminder[0m
                
[36m</button>[39m
              [36m</th>[39m
              [36m<th[39m
                [33mclass[3
9m=[32m"col-status"[39m
              [36m>[39m
                
[36m<button[39m
                  [33maria-l
abel[39m=[32m"Sort by 
status"[39m
                  [33mclass
[39m=[32m"sortable-header"[
39m
                  [33mtype[
39m=[32m"button"[39m
                [36m>[39m
                  
[0mStatus[0m
                
[36m</button>[39m
              [36m</th>[39m
              [36m<th[39m
                [33mclass[3
9m=[32m"col-actions"[39m
              [36m>[39m
                
[0mActions[0m
              [36m</th>[39m
            [36m</tr>[39m
          [36m</thead>[39m
          [36m<tbody>[39m
            [36m<tr[39m
              [33mclass[39m
=[32m"tracking-row"[39m
            [36m>[39m
              [36m<td[39m
                [33mclass[3
9m=[32m"cell-tracking"[39m
              [36m>[39m
                
[36m<button[39m
                  [33maria-l
abel[39m=[32m"Edit 
tracking: Did I 
exercise?"[39m
                  [33mclass
[39m=[32m"tracking-name-link
"[39m
                  
[33mtitle[39m=[32m"Did I 
exercise?. Click to 
edit"[39m
                  [33mtype[
39m=[32m"button"[39m
                [36m>[39m
                  [0mDid I 
exercise?[0m
                
[36m</button>[39m
              [36m</td>[39m
              [36m<td[39m
                [33mclass[3
9m=[32m"cell-notes"[39m
              [36m>[39m
                
[36m<span[39m
                  [33mclass
[39m=[32m"notes-empty"[39m
                [36m>[39m
                  [0mÔÇö[0m
                
[36m</span>[39m
              [36m</td>[39m
              [36m<td[39m
                [33mclass[3
9m=[32m"cell-times"[39m
              [36m>[39m
                [0m09:00[0m
              [36m</td>[39m
              [36m<td[39m
                [33mclass[3
9m=[32m"cell-frequency"[39m
                
[33mtitle[39m=[32m"No 
upcoming reminder"[39m
              [36m>[39m
                [0mDaily[0m
              [36m</td>[39m
              [36m<td[39m
                [33mclass[3
9m=[32m"cell-next-reminder"
[39m
              [36m>[39m
                [0mÔÇö[0m
              [36m</td>[39m
              [36m<td[39m
                [33mclass[3
9m=[32m"cell-status"[39m
              [36m>[39m
                
[36m<span[39m
                  [33mclass
[39m=[32m"status-badge 
state-badge-running"[39m
                [36m>[39m
                  
[0mRunning[0m
                
[36m</span>[39m
              [36m</td>[39m
              [36m<td[39m
                [33mclass[3
9m=[32m"cell-actions"[39m
              [36m>[39m
                
[36m<div[39m
                  [33mclass
[39m=[32m"actions-container"
[39m
                [36m>[39m
                  
[36m<div[39m
                    [33mclas
s[39m=[32m"actions-buttons"
[39m
                  [36m>[39m
                    
[36m<button[39m
                      [33mar
ia-label[39m=[32m"Pause"[3
9m
                      [33mcl
ass[39m=[32m"action-button"
[39m
                      
[33mtitle[39m=[32m"Pause: 
Stops generating new 
reminders. Existing 
reminders remain 
active."[39m
                      [33mty
pe[39m=[32m"button"[39m
                    
[36m>[39m
                      
[0mÔÅ©´©Å[0m
                    
[36m</button>[39m
                    
[36m<button[39m
                      [33mar
ia-label[39m=[32m"Archive"
[39m
                      [33mcl
ass[39m=[32m"action-button"
[39m
                      [33mti
tle[39m=[32m"Archive: 
Moves tracking to archived 
state and stops all reminder 
generation. All pending and 
upcoming reminders will be 
deleted."[39m
                      [33mty
pe[39m=[32m"button"[39m
                    
[36m>[39m
                      [0m
ƒôª[0m
                    
[36m</button>[39m
                    
[36m<button[39m
                      [33mar
ia-label[39m=[32m"Delete"[
39m
                      [33mcl
ass[39m=[32m"action-button"
[39m
                      [33mti
tle[39m=[32m"Delete: 
Permanently removes this 
tracking and all its 
reminders. This action 
cannot be undone."[39m
                      [33mty
pe[39m=[32m"button"[39m
                    
[36m>[39m
                      [0m
ƒùæ´©Å[0m
                    
[36m</button>[39m
                  
[36m</div>[39m
                
[36m</div>[39m
              [36m</td>[39m
            [36m</tr>[39m
          [36m</tbody>[39m
        [36m</table>[39m
        [36m<div[39m
          [33mclass[39m=[3
2m"trackings-cards"[39m
        [36m>[39m
          [36m<div[39m
            [33mclass[39m=
[32m"tracking-card"[39m
          [36m>[39m
            [36m<div[39m
              [33mclass[39m
=[32m"tracking-card-header"
[39m
            [36m>[39m
              [36m<div[39m
                [33mclass[3
9m=[32m"tracking-card-title"
[39m
              [36m>[39m
                [36m<h3[39m
                  [33mclass
[39m=[32m"tracking-card-ques
tion"[39m
                [36m>[39m
                  [0mDid I 
exercise?[0m
                
[36m</h3>[39m
                
[36m<div[39m
                  [33mclass
[39m=[32m"tracking-card-time
s"[39m
                [36m>[39m
                  
[0m09:00[0m
                
[36m</div>[39m
              
[36m</div>[39m
            [36m</div>[39m
            [36m<div[39m
              [33mclass[39m
=[32m"tracking-card-body"[3
9m
            [36m>[39m
              [36m<div[39m
                [33mclass[3
9m=[32m"tracking-card-row"[
39m
              [36m>[39m
                
[36m<span[39m
                  [33mclass
[39m=[32m"tracking-card-labe
l"[39m
                [36m>[39m
                  
[0mFrequency[0m
                
[36m</span>[39m
                
[36m<span[39m
                  [33mclass
[39m=[32m"tracking-card-valu
e"[39m
                [36m>[39m
                  
[0mDaily[0m
                
[36m</span>[39m
              
[36m</div>[39m
            [36m</div>[39m
            [36m<div[39m
              [33mclass[39m
=[32m"tracking-card-footer"
[39m
            [36m>[39m
              [36m<div[39m
                [33mclass[3
9m=[32m"tracking-card-status
"[39m
              [36m>[39m
                
[36m<span[39m
                  [33mclass
[39m=[32m"status-badge 
state-badge-running"[39m
                [36m>[39m
                  
[0mRunning[0m
                
[36m</span>[39m
              
[36m</div>[39m
              [36m<div[39m
                [33mclass[3
9m=[32m"tracking-card-action
s"[39m
              [36m>[39m
                
[36m<button[39m
                  [33maria-l
abel[39m=[32m"Edit 
tracking"[39m
                  [33mclass
[39m=[32m"action-button"[39
m
                  
[33mtitle[39m=[32m"Edit 
tracking"[39m
                  [33mtype[
39m=[32m"button"[39m
                [36m>[39m
                  
[0mÔ£Å´©Å[0m
                
[36m</button>[39m
              
[36m</div>[39m
            [36m</div>[39m
          [36m</div>[39m
        [36m</div>[39m
      [36m</div>[39m
    [36m</div>[39m
  [36m</div>[39m
[36m</body>[39m
[90m [2mÔØ»[22m 
Object.getElementError node_m
odules/@testing-library/react
/node_modules/@testing-librar
y/dom/dist/config.js:[2m37:1
9[22m[39m
[90m [2mÔØ»[22m 
getElementError node_modules/
@testing-library/react/node_m
odules/@testing-library/dom/d
ist/query-helpers.js:[2m20:3
5[22m[39m
[90m [2mÔØ»[22m getMultipl
eElementsFoundError node_modu
les/@testing-library/react/no
de_modules/@testing-library/d
om/dist/query-helpers.js:[2m
23:10[22m[39m
[90m [2mÔØ»[22m node_modul
es/@testing-library/react/nod
e_modules/@testing-library/do
m/dist/query-helpers.js:[2m5
5:13[22m[39m
[90m [2mÔØ»[22m node_modul
es/@testing-library/react/nod
e_modules/@testing-library/do
m/dist/query-helpers.js:[2m9
5:19[22m[39m
[36m [2mÔØ»[22m frontend/s
rc/components/__tests__/Track
ingsList.test.tsx:[2m187:23
[22m[39m
    [90m185| [39m        
)[33m;[39m
    [90m186| [39m
    [90m187| [39m        [
34mexpect[39m(screen[33m.[
39m[34mgetByText[39m([32m"
09:00"[39m))[33m.[39m[34m
toBeInTheDocument[39m()[33m
;[39m
    [90m   | [39m          
            [31m^[39m
    [90m188| [39m    
})[33m;[39m
    [90m189| [39m

[31m[2mÔÄ»ÔÄ»ÔÄ»ÔÄ»ÔÄ»ÔÄ»ÔÄ
»ÔÄ»ÔÄ»ÔÄ»ÔÄ»ÔÄ»ÔÄ»ÔÄ»ÔÄ»ÔÄ»Ô
Ä»ÔÄ»ÔÄ»ÔÄ»ÔÄ»ÔÄ»[21/50]ÔÄ»[
22m[39m

[41m[1m FAIL [22m[49m fro
ntend/src/components/__tests_
_/TrackingsList.test.tsx[2m 
> [22mTrackingsList[2m > 
[22mshould display first 
time with count for multiple 
schedules
[31m[1mTestingLibraryElemen
tError[22m[39m: Found 
multiple elements with the 
text: /09:00 \+2/

Here are the matching 
elements:

Ignored nodes: comments, 
script, style
[36m<td[39m
  [33mclass[39m=[32m"cell-
times"[39m
  
[33mtitle[39m=[32m"09:00, 
14:30, 20:00"[39m
[36m>[39m
  [0m09:00 +2[0m
[36m</td>[39m

Ignored nodes: comments, 
script, style
[36m<div[39m
  [33mclass[39m=[32m"track
ing-card-times"[39m
[36m>[39m
  [0m09:00 +2[0m
[36m</div>[39m

(If this is intentional, 
then use the `*AllBy*` 
variant of the query (like 
`queryAllByText`, 
`getAllByText`, or 
`findAllByText`)).

Ignored nodes: comments, 
script, style
[36m<body>[39m
  [36m<div>[39m
    [36m<div[39m
      [33mclass[39m=[32m"t
rackings-list"[39m
    [36m>[39m
      [36m<div[39m
        [33mclass[39m=[32m
"trackings-list-content"[39m
      [36m>[39m
        [36m<table[39m
          [33mclass[39m=[3
2m"trackings-table"[39m
        [36m>[39m
          [36m<thead>[39m
            [36m<tr>[39m
              [36m<th[39m
                [33mclass[3
9m=[32m"col-tracking"[39m
              [36m>[39m
                
[36m<div[39m
                  [33mclass
[39m=[32m"header-with-filter
"[39m
                [36m>[39m
                  
[36m<button[39m
                    [33maria
-expanded[39m=[32m"false"[
39m
                    [33maria
-label[39m=[32m"Show 
filters"[39m
                    [33mclas
s[39m=[32m"filter-toggle-bu
tton"[39m
                    
[33mtitle[39m=[32m"Show 
filters"[39m
                    [33mtype
[39m=[32m"button"[39m
                  [36m>[39m
                    
[36m<span[39m
                      [33mcl
ass[39m=[32m"filter-toggle-
icon"[39m
                    
[36m>[39m
                      [0m
ƒöì[0m
                    
[36m</span>[39m
                  
[36m</button>[39m
                  
[36m<button[39m
                    [33maria
-label[39m=[32m"Sort by 
tracking"[39m
                    [33mclas
s[39m=[32m"sortable-header"
[39m
                    [33mtype
[39m=[32m"button"[39m
                  [36m>[39m
                    
[0mTracking[0m
                  
[36m</button>[39m
                
[36m</div>[39m
              [36m</th>[39m
              [36m<th[39m
                [33mclass[3
9m=[32m"col-notes"[39m
              [36m>[39m
                [0mNotes[0m
              [36m</th>[39m
              [36m<th[39m
                [33mclass[3
9m=[32m"col-times"[39m
              [36m>[39m
                
[36m<button[39m
                  [33maria-l
abel[39m=[32m"Sort by 
times"[39m
                  [33mclass
[39m=[32m"sortable-header"[
39m
                  [33mtype[
39m=[32m"button"[39m
                [36m>[39m
                  
[0mTimes[0m
                
[36m</button>[39m
              [36m</th>[39m
              [36m<th[39m
                [33mclass[3
9m=[32m"col-frequency"[39m
              [36m>[39m
                
[36m<button[39m
                  [33maria-l
abel[39m=[32m"Sort by 
frequency"[39m
                  [33mclass
[39m=[32m"sortable-header"[
39m
                  [33mtype[
39m=[32m"button"[39m
                [36m>[39m
                  
[0mFrequency[0m
                
[36m</button>[39m
              [36m</th>[39m
              [36m<th[39m
                [33mclass[3
9m=[32m"col-next-reminder"[
39m
              [36m>[39m
                
[36m<button[39m
                  [33maria-l
abel[39m=[32m"Sort by next 
reminder"[39m
                  [33mclass
[39m=[32m"sortable-header"[
39m
                  [33mtype[
39m=[32m"button"[39m
                [36m>[39m
                  [0mNext 
reminder[0m
                
[36m</button>[39m
              [36m</th>[39m
              [36m<th[39m
                [33mclass[3
9m=[32m"col-status"[39m
              [36m>[39m
                
[36m<button[39m
                  [33maria-l
abel[39m=[32m"Sort by 
status"[39m
                  [33mclass
[39m=[32m"sortable-header"[
39m
                  [33mtype[
39m=[32m"button"[39m
                [36m>[39m
                  
[0mStatus[0m
                
[36m</button>[39m
              [36m</th>[39m
              [36m<th[39m
                [33mclass[3
9m=[32m"col-actions"[39m
              [36m>[39m
                
[0mActions[0m
              [36m</th>[39m
            [36m</tr>[39m
          [36m</thead>[39m
          [36m<tbody>[39m
            [36m<tr[39m
              [33mclass[39m
=[32m"tracking-row"[39m
            [36m>[39m
              [36m<td[39m
                [33mclass[3
9m=[32m"cell-tracking"[39m
              [36m>[39m
                
[36m<button[39m
                  [33maria-l
abel[39m=[32m"Edit 
tracking: Did I 
exercise?"[39m
                  [33mclass
[39m=[32m"tracking-name-link
"[39m
                  
[33mtitle[39m=[32m"Did I 
exercise?. Click to 
edit"[39m
                  [33mtype[
39m=[32m"button"[39m
                [36m>[39m
                  [0mDid I 
exercise?[0m
                
[36m</button>[39m
              [36m</td>[39m
              [36m<td[39m
                [33mclass[3
9m=[32m"cell-notes"[39m
              [36m>[39m
                
[36m<span[39m
                  [33mclass
[39m=[32m"notes-empty"[39m
                [36m>[39m
                  [0mÔÇö[0m
                
[36m</span>[39m
              [36m</td>[39m
              [36m<td[39m
                [33mclass[3
9m=[32m"cell-times"[39m
                
[33mtitle[39m=[32m"09:00, 
14:30, 20:00"[39m
              [36m>[39m
                [0m09:00 
+2[0m
              [36m</td>[39m
              [36m<td[39m
                [33mclass[3
9m=[32m"cell-frequency"[39m
                
[33mtitle[39m=[32m"No 
upcoming reminder"[39m
              [36m>[39m
                [0mDaily[0m
              [36m</td>[39m
              [36m<td[39m
                [33mclass[3
9m=[32m"cell-next-reminder"
[39m
              [36m>[39m
                [0mÔÇö[0m
              [36m</td>[39m
              [36m<td[39m
                [33mclass[3
9m=[32m"cell-status"[39m
              [36m>[39m
                
[36m<span[39m
                  [33mclass
[39m=[32m"status-badge 
state-badge-running"[39m
                [36m>[39m
                  
[0mRunning[0m
                
[36m</span>[39m
              [36m</td>[39m
              [36m<td[39m
                [33mclass[3
9m=[32m"cell-actions"[39m
              [36m>[39m
                
[36m<div[39m
                  [33mclass
[39m=[32m"actions-container"
[39m
                [36m>[39m
                  
[36m<div[39m
                    [33mclas
s[39m=[32m"actions-buttons"
[39m
                  [36m>[39m
                    
[36m<button[39m
                      [33mar
ia-label[39m=[32m"Pause"[3
9m
                      [33mcl
ass[39m=[32m"action-button"
[39m
                      
[33mtitle[39m=[32m"Pause: 
Stops generating new 
reminders. Existing 
reminders remain 
active."[39m
                      [33mty
pe[39m=[32m"button"[39m
                    
[36m>[39m
                      
[0mÔÅ©´©Å[0m
                    
[36m</button>[39m
                    
[36m<button[39m
                      [33mar
ia-label[39m=[32m"Archive"
[39m
                      [33mcl
ass[39m=[32m"action-button"
[39m
                      [33mti
tle[39m=[32m"Archive: 
Moves tracking to archived 
state and stops all reminder 
generation. All pending and 
upcoming reminders will be 
deleted."[39m
                      [33mty
pe[39m=[32m"button"[39m
                    
[36m>[39m
                      [0m
ƒôª[0m
                    
[36m</button>[39m
                    
[36m<button[39m
                      [33mar
ia-label[39m=[32m"Delete"[
39m
                      [33mcl
ass[39m=[32m"action-button"
[39m
                      [33mti
tle[39m=[32m"Delete: 
Permanently removes this 
tracking and all its 
reminders. This action 
cannot be undone."[39m
                      [33mty
pe[39m=[32m"button"[39m
                    
[36m>[39m
                      [0m
ƒùæ´©Å[0m
                    
[36m</button>[39m
                  
[36m</div>[39m
                
[36m</div>[39m
              [36m</td>[39m
            [36m</tr>[39m
          [36m</tbody>[39m
        [36m</table>[39m
        [36m<div[39m
          [33mclass[39m=[3
2m"trackings-cards"[39m
        [36m>[39m
          [36m<div[39m
            [33mclass[39m=
[32m"tracking-card"[39m
          [36m>[39m
            [36m<div[39m
              [33mclass[39m
=[32m"tracking-card-header"
[39m
            [36m>[39m
              [36m<div[39m
                [33mclass[3
9m=[32m"tracking-card-title"
[39m
              [36m>[39m
                [36m<h3[39m
                  [33mclass
[39m=[32m"tracking-card-ques
tion"[39m
                [36m>[39m
                  [0mDid I 
exercise?[0m
                
[36m</h3>[39m
                
[36m<div[39m
                  [33mclass
[39m=[32m"tracking-card-time
s"[39m
                [36m>[39m
                  [0m09:00 
+2[0m
                
[36m</div>[39m
              
[36m</div>[39m
            [36m</div>[39m
            [36m<div[39m
              [33mclass[39m
=[32m"tracking-card-body"[3
9m
            [36m>[39m
              [36m<div[39m
                [33mclass[3
9m=[32m"tracking-card-row"[
39m
              [36m>[39m
                
[36m<span[39m
                  [33mclass
[39m=[32m"tracking-card-labe
l"[39m
                [36m>[39m
                  
[0mFrequency[0m
                
[36m</span>[39m
                
[36m<span[39m
                  [33mclass
[39m=[32m"tracking-card-valu
e"[39m
                [36m>[39m
                  
[0mDaily[0m
                
[36m</span>[39m
              
[36m</div>[39m
            [36m</div>[39m
            [36m<div[39m
              [33mclass[39m
=[32m"tracking-card-footer"
[39m
            [36m>[39m
              [36m<div[39m
                [33mclass[3
9m=[32m"tracking-card-status
"[39m
              [36m>[39m
                
[36m<span[39m
                  [33mclass
[39m=[32m"status-badge 
state-badge-running"[39m
                [36m>[39m
                  
[0mRunning[0m
                
[36m</span>[39m
              
[36m</div>[39m
              [36m<div[39m
                [33mclass[3
9m=[32m"tracking-card-action
s"[39m
              [36m>[39m
                
[36m<button[39m
                  [33maria-l
abel[39m=[32m"Edit 
tracking"[39m
                  [33mclass
[39m=[32m"action-button"[39
m
                  
[33mtitle[39m=[32m"Edit 
tracking"[39m
                  [33mtype[
39m=[32m"button"[39m
                [36m>[39m
                  
[0mÔ£Å´©Å[0m
                
[36m</button>[39m
              
[36m</div>[39m
            [36m</div>[39m
          [36m</div>[39m
        [36m</div>[39m
      [36m</div>[39m
    [36m</div>[39m
  [36m</div>[39m
[36m</body>[39m
[90m [2mÔØ»[22m 
Object.getElementError node_m
odules/@testing-library/react
/node_modules/@testing-librar
y/dom/dist/config.js:[2m37:1
9[22m[39m
[90m [2mÔØ»[22m 
getElementError node_modules/
@testing-library/react/node_m
odules/@testing-library/dom/d
ist/query-helpers.js:[2m20:3
5[22m[39m
[90m [2mÔØ»[22m getMultipl
eElementsFoundError node_modu
les/@testing-library/react/no
de_modules/@testing-library/d
om/dist/query-helpers.js:[2m
23:10[22m[39m
[90m [2mÔØ»[22m node_modul
es/@testing-library/react/nod
e_modules/@testing-library/do
m/dist/query-helpers.js:[2m5
5:13[22m[39m
[90m [2mÔØ»[22m node_modul
es/@testing-library/react/nod
e_modules/@testing-library/do
m/dist/query-helpers.js:[2m9
5:19[22m[39m
[36m [2mÔØ»[22m frontend/s
rc/components/__tests__/Track
ingsList.test.tsx:[2m211:23
[22m[39m
    [90m209| [39m        
)[33m;[39m
    [90m210| [39m
    [90m211| [39m        [
34mexpect[39m(screen[33m.[
39m[34mgetByText[39m([36m/
09:00 \+2/[39m))[33m.[39m
[34mtoBeInTheDocument[39m()
[33m;[39m
    [90m   | [39m          
            [31m^[39m
    [90m212| [39m    
})[33m;[39m
    [90m213| [39m

[31m[2mÔÄ»ÔÄ»ÔÄ»ÔÄ»ÔÄ»ÔÄ»ÔÄ
»ÔÄ»ÔÄ»ÔÄ»ÔÄ»ÔÄ»ÔÄ»ÔÄ»ÔÄ»ÔÄ»Ô
Ä»ÔÄ»ÔÄ»ÔÄ»ÔÄ»ÔÄ»[22/50]ÔÄ»[
22m[39m

[41m[1m FAIL [22m[49m fro
ntend/src/components/__tests_
_/TrackingsList.test.tsx[2m 
> [22mTrackingsList[2m > 
[22mshould display tooltip 
with all times
[31m[1mTestingLibraryElemen
tError[22m[39m: Found 
multiple elements with the 
text: /09:00 \+1/

Here are the matching 
elements:

Ignored nodes: comments, 
script, style
[36m<td[39m
  [33mclass[39m=[32m"cell-
times"[39m
  
[33mtitle[39m=[32m"09:00, 
14:30"[39m
[36m>[39m
  [0m09:00 +1[0m
[36m</td>[39m

Ignored nodes: comments, 
script, style
[36m<div[39m
  [33mclass[39m=[32m"track
ing-card-times"[39m
[36m>[39m
  [0m09:00 +1[0m
[36m</div>[39m

(If this is intentional, 
then use the `*AllBy*` 
variant of the query (like 
`queryAllByText`, 
`getAllByText`, or 
`findAllByText`)).

Ignored nodes: comments, 
script, style
[36m<body>[39m
  [36m<div>[39m
    [36m<div[39m
      [33mclass[39m=[32m"t
rackings-list"[39m
    [36m>[39m
      [36m<div[39m
        [33mclass[39m=[32m
"trackings-list-content"[39m
      [36m>[39m
        [36m<table[39m
          [33mclass[39m=[3
2m"trackings-table"[39m
        [36m>[39m
          [36m<thead>[39m
            [36m<tr>[39m
              [36m<th[39m
                [33mclass[3
9m=[32m"col-tracking"[39m
              [36m>[39m
                
[36m<div[39m
                  [33mclass
[39m=[32m"header-with-filter
"[39m
                [36m>[39m
                  
[36m<button[39m
                    [33maria
-expanded[39m=[32m"false"[
39m
                    [33maria
-label[39m=[32m"Show 
filters"[39m
                    [33mclas
s[39m=[32m"filter-toggle-bu
tton"[39m
                    
[33mtitle[39m=[32m"Show 
filters"[39m
                    [33mtype
[39m=[32m"button"[39m
                  [36m>[39m
                    
[36m<span[39m
                      [33mcl
ass[39m=[32m"filter-toggle-
icon"[39m
                    
[36m>[39m
                      [0m
ƒöì[0m
                    
[36m</span>[39m
                  
[36m</button>[39m
                  
[36m<button[39m
                    [33maria
-label[39m=[32m"Sort by 
tracking"[39m
                    [33mclas
s[39m=[32m"sortable-header"
[39m
                    [33mtype
[39m=[32m"button"[39m
                  [36m>[39m
                    
[0mTracking[0m
                  
[36m</button>[39m
                
[36m</div>[39m
              [36m</th>[39m
              [36m<th[39m
                [33mclass[3
9m=[32m"col-notes"[39m
              [36m>[39m
                [0mNotes[0m
              [36m</th>[39m
              [36m<th[39m
                [33mclass[3
9m=[32m"col-times"[39m
              [36m>[39m
                
[36m<button[39m
                  [33maria-l
abel[39m=[32m"Sort by 
times"[39m
                  [33mclass
[39m=[32m"sortable-header"[
39m
                  [33mtype[
39m=[32m"button"[39m
                [36m>[39m
                  
[0mTimes[0m
                
[36m</button>[39m
              [36m</th>[39m
              [36m<th[39m
                [33mclass[3
9m=[32m"col-frequency"[39m
              [36m>[39m
                
[36m<button[39m
                  [33maria-l
abel[39m=[32m"Sort by 
frequency"[39m
                  [33mclass
[39m=[32m"sortable-header"[
39m
                  [33mtype[
39m=[32m"button"[39m
                [36m>[39m
                  
[0mFrequency[0m
                
[36m</button>[39m
              [36m</th>[39m
              [36m<th[39m
                [33mclass[3
9m=[32m"col-next-reminder"[
39m
              [36m>[39m
                
[36m<button[39m
                  [33maria-l
abel[39m=[32m"Sort by next 
reminder"[39m
                  [33mclass
[39m=[32m"sortable-header"[
39m
                  [33mtype[
39m=[32m"button"[39m
                [36m>[39m
                  [0mNext 
reminder[0m
                
[36m</button>[39m
              [36m</th>[39m
              [36m<th[39m
                [33mclass[3
9m=[32m"col-status"[39m
              [36m>[39m
                
[36m<button[39m
                  [33maria-l
abel[39m=[32m"Sort by 
status"[39m
                  [33mclass
[39m=[32m"sortable-header"[
39m
                  [33mtype[
39m=[32m"button"[39m
                [36m>[39m
                  
[0mStatus[0m
                
[36m</button>[39m
              [36m</th>[39m
              [36m<th[39m
                [33mclass[3
9m=[32m"col-actions"[39m
              [36m>[39m
                
[0mActions[0m
              [36m</th>[39m
            [36m</tr>[39m
          [36m</thead>[39m
          [36m<tbody>[39m
            [36m<tr[39m
              [33mclass[39m
=[32m"tracking-row"[39m
            [36m>[39m
              [36m<td[39m
                [33mclass[3
9m=[32m"cell-tracking"[39m
              [36m>[39m
                
[36m<button[39m
                  [33maria-l
abel[39m=[32m"Edit 
tracking: Did I 
exercise?"[39m
                  [33mclass
[39m=[32m"tracking-name-link
"[39m
                  
[33mtitle[39m=[32m"Did I 
exercise?. Click to 
edit"[39m
                  [33mtype[
39m=[32m"button"[39m
                [36m>[39m
                  [0mDid I 
exercise?[0m
                
[36m</button>[39m
              [36m</td>[39m
              [36m<td[39m
                [33mclass[3
9m=[32m"cell-notes"[39m
              [36m>[39m
                
[36m<span[39m
                  [33mclass
[39m=[32m"notes-empty"[39m
                [36m>[39m
                  [0mÔÇö[0m
                
[36m</span>[39m
              [36m</td>[39m
              [36m<td[39m
                [33mclass[3
9m=[32m"cell-times"[39m
                
[33mtitle[39m=[32m"09:00, 
14:30"[39m
              [36m>[39m
                [0m09:00 
+1[0m
              [36m</td>[39m
              [36m<td[39m
                [33mclass[3
9m=[32m"cell-frequency"[39m
                
[33mtitle[39m=[32m"No 
upcoming reminder"[39m
              [36m>[39m
                [0mDaily[0m
              [36m</td>[39m
              [36m<td[39m
                [33mclass[3
9m=[32m"cell-next-reminder"
[39m
              [36m>[39m
                [0mÔÇö[0m
              [36m</td>[39m
              [36m<td[39m
                [33mclass[3
9m=[32m"cell-status"[39m
              [36m>[39m
                
[36m<span[39m
                  [33mclass
[39m=[32m"status-badge 
state-badge-running"[39m
                [36m>[39m
                  
[0mRunning[0m
                
[36m</span>[39m
              [36m</td>[39m
              [36m<td[39m
                [33mclass[3
9m=[32m"cell-actions"[39m
              [36m>[39m
                
[36m<div[39m
                  [33mclass
[39m=[32m"actions-container"
[39m
                [36m>[39m
                  
[36m<div[39m
                    [33mclas
s[39m=[32m"actions-buttons"
[39m
                  [36m>[39m
                    
[36m<button[39m
                      [33mar
ia-label[39m=[32m"Pause"[3
9m
                      [33mcl
ass[39m=[32m"action-button"
[39m
                      
[33mtitle[39m=[32m"Pause: 
Stops generating new 
reminders. Existing 
reminders remain 
active."[39m
                      [33mty
pe[39m=[32m"button"[39m
                    
[36m>[39m
                      
[0mÔÅ©´©Å[0m
                    
[36m</button>[39m
                    
[36m<button[39m
                      [33mar
ia-label[39m=[32m"Archive"
[39m
                      [33mcl
ass[39m=[32m"action-button"
[39m
                      [33mti
tle[39m=[32m"Archive: 
Moves tracking to archived 
state and stops all reminder 
generation. All pending and 
upcoming reminders will be 
deleted."[39m
                      [33mty
pe[39m=[32m"button"[39m
                    
[36m>[39m
                      [0m
ƒôª[0m
                    
[36m</button>[39m
                    
[36m<button[39m
                      [33mar
ia-label[39m=[32m"Delete"[
39m
                      [33mcl
ass[39m=[32m"action-button"
[39m
                      [33mti
tle[39m=[32m"Delete: 
Permanently removes this 
tracking and all its 
reminders. This action 
cannot be undone."[39m
                      [33mty
pe[39m=[32m"button"[39m
                    
[36m>[39m
                      [0m
ƒùæ´©Å[0m
                    
[36m</button>[39m
                  
[36m</div>[39m
                
[36m</div>[39m
              [36m</td>[39m
            [36m</tr>[39m
          [36m</tbody>[39m
        [36m</table>[39m
        [36m<div[39m
          [33mclass[39m=[3
2m"trackings-cards"[39m
        [36m>[39m
          [36m<div[39m
            [33mclass[39m=
[32m"tracking-card"[39m
          [36m>[39m
            [36m<div[39m
              [33mclass[39m
=[32m"tracking-card-header"
[39m
            [36m>[39m
              [36m<div[39m
                [33mclass[3
9m=[32m"tracking-card-title"
[39m
              [36m>[39m
                [36m<h3[39m
                  [33mclass
[39m=[32m"tracking-card-ques
tion"[39m
                [36m>[39m
                  [0mDid I 
exercise?[0m
                
[36m</h3>[39m
                
[36m<div[39m
                  [33mclass
[39m=[32m"tracking-card-time
s"[39m
                [36m>[39m
                  [0m09:00 
+1[0m
                
[36m</div>[39m
              
[36m</div>[39m
            [36m</div>[39m
            [36m<div[39m
              [33mclass[39m
=[32m"tracking-card-body"[3
9m
            [36m>[39m
              [36m<div[39m
                [33mclass[3
9m=[32m"tracking-card-row"[
39m
              [36m>[39m
                
[36m<span[39m
                  [33mclass
[39m=[32m"tracking-card-labe
l"[39m
                [36m>[39m
                  
[0mFrequency[0m
                
[36m</span>[39m
                
[36m<span[39m
                  [33mclass
[39m=[32m"tracking-card-valu
e"[39m
                [36m>[39m
                  
[0mDaily[0m
                
[36m</span>[39m
              
[36m</div>[39m
            [36m</div>[39m
            [36m<div[39m
              [33mclass[39m
=[32m"tracking-card-footer"
[39m
            [36m>[39m
              [36m<div[39m
                [33mclass[3
9m=[32m"tracking-card-status
"[39m
              [36m>[39m
                
[36m<span[39m
                  [33mclass
[39m=[32m"status-badge 
state-badge-running"[39m
                [36m>[39m
                  
[0mRunning[0m
                
[36m</span>[39m
              
[36m</div>[39m
              [36m<div[39m
                [33mclass[3
9m=[32m"tracking-card-action
s"[39m
              [36m>[39m
                
[36m<button[39m
                  [33maria-l
abel[39m=[32m"Edit 
tracking"[39m
                  [33mclass
[39m=[32m"action-button"[39
m
                  
[33mtitle[39m=[32m"Edit 
tracking"[39m
                  [33mtype[
39m=[32m"button"[39m
                [36m>[39m
                  
[0mÔ£Å´©Å[0m
                
[36m</button>[39m
              
[36m</div>[39m
            [36m</div>[39m
          [36m</div>[39m
        [36m</div>[39m
      [36m</div>[39m
    [36m</div>[39m
  [36m</div>[39m
[36m</body>[39m
[90m [2mÔØ»[22m 
Object.getElementError node_m
odules/@testing-library/react
/node_modules/@testing-librar
y/dom/dist/config.js:[2m37:1
9[22m[39m
[90m [2mÔØ»[22m 
getElementError node_modules/
@testing-library/react/node_m
odules/@testing-library/dom/d
ist/query-helpers.js:[2m20:3
5[22m[39m
[90m [2mÔØ»[22m getMultipl
eElementsFoundError node_modu
les/@testing-library/react/no
de_modules/@testing-library/d
om/dist/query-helpers.js:[2m
23:10[22m[39m
[90m [2mÔØ»[22m node_modul
es/@testing-library/react/nod
e_modules/@testing-library/do
m/dist/query-helpers.js:[2m5
5:13[22m[39m
[90m [2mÔØ»[22m node_modul
es/@testing-library/react/nod
e_modules/@testing-library/do
m/dist/query-helpers.js:[2m9
5:19[22m[39m
[36m [2mÔØ»[22m frontend/s
rc/components/__tests__/Track
ingsList.test.tsx:[2m234:34
[22m[39m
    [90m232| [39m        
)[33m;[39m
    [90m233| [39m
    [90m234| [39m        
[35mconst[39m timesCell 
[33m=[39m screen[33m.[39m
[34mgetByText[39m([36m/09:
00 \+1/[39m)[33m;[39m
    [90m   | [39m          
                       
[31m^[39m
    [90m235| [39m        [
34mexpect[39m(timesCell)[33
m.[39m[34mtoHaveAttribute[
39m([32m"title"[39m[33m,[
39m [32m"09:00, 
14:30"[39m)[33m;[39m
    [90m236| [39m    
})[33m;[39m

[31m[2mÔÄ»ÔÄ»ÔÄ»ÔÄ»ÔÄ»ÔÄ»ÔÄ
»ÔÄ»ÔÄ»ÔÄ»ÔÄ»ÔÄ»ÔÄ»ÔÄ»ÔÄ»ÔÄ»Ô
Ä»ÔÄ»ÔÄ»ÔÄ»ÔÄ»ÔÄ»[23/50]ÔÄ»[
22m[39m

[41m[1m FAIL [22m[49m fro
ntend/src/components/__tests_
_/TrackingsList.test.tsx[2m 
> [22mTrackingsList[2m > 
[22mshould display 
frequency for daily pattern
[31m[1mTestingLibraryElemen
tError[22m[39m: Found 
multiple elements with the 
text: Daily

Here are the matching 
elements:

Ignored nodes: comments, 
script, style
[36m<td[39m
  [33mclass[39m=[32m"cell-
frequency"[39m
  [33mtitle[39m=[32m"No 
upcoming reminder"[39m
[36m>[39m
  [0mDaily[0m
[36m</td>[39m

Ignored nodes: comments, 
script, style
[36m<span[39m
  [33mclass[39m=[32m"track
ing-card-value"[39m
[36m>[39m
  [0mDaily[0m
[36m</span>[39m

(If this is intentional, 
then use the `*AllBy*` 
variant of the query (like 
`queryAllByText`, 
`getAllByText`, or 
`findAllByText`)).

Ignored nodes: comments, 
script, style
[36m<body>[39m
  [36m<div>[39m
    [36m<div[39m
      [33mclass[39m=[32m"t
rackings-list"[39m
    [36m>[39m
      [36m<div[39m
        [33mclass[39m=[32m
"trackings-list-content"[39m
      [36m>[39m
        [36m<table[39m
          [33mclass[39m=[3
2m"trackings-table"[39m
        [36m>[39m
          [36m<thead>[39m
            [36m<tr>[39m
              [36m<th[39m
                [33mclass[3
9m=[32m"col-tracking"[39m
              [36m>[39m
                
[36m<div[39m
                  [33mclass
[39m=[32m"header-with-filter
"[39m
                [36m>[39m
                  
[36m<button[39m
                    [33maria
-expanded[39m=[32m"false"[
39m
                    [33maria
-label[39m=[32m"Show 
filters"[39m
                    [33mclas
s[39m=[32m"filter-toggle-bu
tton"[39m
                    
[33mtitle[39m=[32m"Show 
filters"[39m
                    [33mtype
[39m=[32m"button"[39m
                  [36m>[39m
                    
[36m<span[39m
                      [33mcl
ass[39m=[32m"filter-toggle-
icon"[39m
                    
[36m>[39m
                      [0m
ƒöì[0m
                    
[36m</span>[39m
                  
[36m</button>[39m
                  
[36m<button[39m
                    [33maria
-label[39m=[32m"Sort by 
tracking"[39m
                    [33mclas
s[39m=[32m"sortable-header"
[39m
                    [33mtype
[39m=[32m"button"[39m
                  [36m>[39m
                    
[0mTracking[0m
                  
[36m</button>[39m
                
[36m</div>[39m
              [36m</th>[39m
              [36m<th[39m
                [33mclass[3
9m=[32m"col-notes"[39m
              [36m>[39m
                [0mNotes[0m
              [36m</th>[39m
              [36m<th[39m
                [33mclass[3
9m=[32m"col-times"[39m
              [36m>[39m
                
[36m<button[39m
                  [33maria-l
abel[39m=[32m"Sort by 
times"[39m
                  [33mclass
[39m=[32m"sortable-header"[
39m
                  [33mtype[
39m=[32m"button"[39m
                [36m>[39m
                  
[0mTimes[0m
                
[36m</button>[39m
              [36m</th>[39m
              [36m<th[39m
                [33mclass[3
9m=[32m"col-frequency"[39m
              [36m>[39m
                
[36m<button[39m
                  [33maria-l
abel[39m=[32m"Sort by 
frequency"[39m
                  [33mclass
[39m=[32m"sortable-header"[
39m
                  [33mtype[
39m=[32m"button"[39m
                [36m>[39m
                  
[0mFrequency[0m
                
[36m</button>[39m
              [36m</th>[39m
              [36m<th[39m
                [33mclass[3
9m=[32m"col-next-reminder"[
39m
              [36m>[39m
                
[36m<button[39m
                  [33maria-l
abel[39m=[32m"Sort by next 
reminder"[39m
                  [33mclass
[39m=[32m"sortable-header"[
39m
                  [33mtype[
39m=[32m"button"[39m
                [36m>[39m
                  [0mNext 
reminder[0m
                
[36m</button>[39m
              [36m</th>[39m
              [36m<th[39m
                [33mclass[3
9m=[32m"col-status"[39m
              [36m>[39m
                
[36m<button[39m
                  [33maria-l
abel[39m=[32m"Sort by 
status"[39m
                  [33mclass
[39m=[32m"sortable-header"[
39m
                  [33mtype[
39m=[32m"button"[39m
                [36m>[39m
                  
[0mStatus[0m
                
[36m</button>[39m
              [36m</th>[39m
              [36m<th[39m
                [33mclass[3
9m=[32m"col-actions"[39m
              [36m>[39m
                
[0mActions[0m
              [36m</th>[39m
            [36m</tr>[39m
          [36m</thead>[39m
          [36m<tbody>[39m
            [36m<tr[39m
              [33mclass[39m
=[32m"tracking-row"[39m
            [36m>[39m
              [36m<td[39m
                [33mclass[3
9m=[32m"cell-tracking"[39m
              [36m>[39m
                
[36m<button[39m
                  [33maria-l
abel[39m=[32m"Edit 
tracking: Did I 
exercise?"[39m
                  [33mclass
[39m=[32m"tracking-name-link
"[39m
                  
[33mtitle[39m=[32m"Did I 
exercise?. Click to 
edit"[39m
                  [33mtype[
39m=[32m"button"[39m
                [36m>[39m
                  [0mDid I 
exercise?[0m
                
[36m</button>[39m
              [36m</td>[39m
              [36m<td[39m
                [33mclass[3
9m=[32m"cell-notes"[39m
              [36m>[39m
                
[36m<span[39m
                  [33mclass
[39m=[32m"notes-empty"[39m
                [36m>[39m
                  [0mÔÇö[0m
                
[36m</span>[39m
              [36m</td>[39m
              [36m<td[39m
                [33mclass[3
9m=[32m"cell-times"[39m
                
[33mtitle[39m=[32m"No 
times"[39m
              [36m/>[39m
              [36m<td[39m
                [33mclass[3
9m=[32m"cell-frequency"[39m
                
[33mtitle[39m=[32m"No 
upcoming reminder"[39m
              [36m>[39m
                [0mDaily[0m
              [36m</td>[39m
              [36m<td[39m
                [33mclass[3
9m=[32m"cell-next-reminder"
[39m
              [36m>[39m
                [0mÔÇö[0m
              [36m</td>[39m
              [36m<td[39m
                [33mclass[3
9m=[32m"cell-status"[39m
              [36m>[39m
                
[36m<span[39m
                  [33mclass
[39m=[32m"status-badge 
state-badge-running"[39m
                [36m>[39m
                  
[0mRunning[0m
                
[36m</span>[39m
              [36m</td>[39m
              [36m<td[39m
                [33mclass[3
9m=[32m"cell-actions"[39m
              [36m>[39m
                
[36m<div[39m
                  [33mclass
[39m=[32m"actions-container"
[39m
                [36m>[39m
                  
[36m<div[39m
                    [33mclas
s[39m=[32m"actions-buttons"
[39m
                  [36m>[39m
                    
[36m<button[39m
                      [33mar
ia-label[39m=[32m"Pause"[3
9m
                      [33mcl
ass[39m=[32m"action-button"
[39m
                      
[33mtitle[39m=[32m"Pause: 
Stops generating new 
reminders. Existing 
reminders remain 
active."[39m
                      [33mty
pe[39m=[32m"button"[39m
                    
[36m>[39m
                      
[0mÔÅ©´©Å[0m
                    
[36m</button>[39m
                    
[36m<button[39m
                      [33mar
ia-label[39m=[32m"Archive"
[39m
                      [33mcl
ass[39m=[32m"action-button"
[39m
                      [33mti
tle[39m=[32m"Archive: 
Moves tracking to archived 
state and stops all reminder 
generation. All pending and 
upcoming reminders will be 
deleted."[39m
                      [33mty
pe[39m=[32m"button"[39m
                    
[36m>[39m
                      [0m
ƒôª[0m
                    
[36m</button>[39m
                    
[36m<button[39m
                      [33mar
ia-label[39m=[32m"Delete"[
39m
                      [33mcl
ass[39m=[32m"action-button"
[39m
                      [33mti
tle[39m=[32m"Delete: 
Permanently removes this 
tracking and all its 
reminders. This action 
cannot be undone."[39m
                      [33mty
pe[39m=[32m"button"[39m
                    
[36m>[39m
                      [0m
ƒùæ´©Å[0m
                    
[36m</button>[39m
                  
[36m</div>[39m
                
[36m</div>[39m
              [36m</td>[39m
            [36m</tr>[39m
          [36m</tbody>[39m
        [36m</table>[39m
        [36m<div[39m
          [33mclass[39m=[3
2m"trackings-cards"[39m
        [36m>[39m
          [36m<div[39m
            [33mclass[39m=
[32m"tracking-card"[39m
          [36m>[39m
            [36m<div[39m
              [33mclass[39m
=[32m"tracking-card-header"
[39m
            [36m>[39m
              [36m<div[39m
                [33mclass[3
9m=[32m"tracking-card-title"
[39m
              [36m>[39m
                [36m<h3[39m
                  [33mclass
[39m=[32m"tracking-card-ques
tion"[39m
                [36m>[39m
                  [0mDid I 
exercise?[0m
                
[36m</h3>[39m
                
[36m<div[39m
                  [33mclass
[39m=[32m"tracking-card-time
s"[39m
                [36m/>[39m
              
[36m</div>[39m
            [36m</div>[39m
            [36m<div[39m
              [33mclass[39m
=[32m"tracking-card-body"[3
9m
            [36m>[39m
              [36m<div[39m
                [33mclass[3
9m=[32m"tracking-card-row"[
39m
              [36m>[39m
                
[36m<span[39m
                  [33mclass
[39m=[32m"tracking-card-labe
l"[39m
                [36m>[39m
                  
[0mFrequency[0m
                
[36m</span>[39m
                
[36m<span[39m
                  [33mclass
[39m=[32m"tracking-card-valu
e"[39m
                [36m>[39m
                  
[0mDaily[0m
                
[36m</span>[39m
              
[36m</div>[39m
            [36m</div>[39m
            [36m<div[39m
              [33mclass[39m
=[32m"tracking-card-footer"
[39m
            [36m>[39m
              [36m<div[39m
                [33mclass[3
9m=[32m"tracking-card-status
"[39m
              [36m>[39m
                
[36m<span[39m
                  [33mclass
[39m=[32m"status-badge 
state-badge-running"[39m
                [36m>[39m
                  
[0mRunning[0m
                
[36m</span>[39m
              
[36m</div>[39m
              [36m<div[39m
                [33mclass[3
9m=[32m"tracking-card-action
s"[39m
              [36m>[39m
                
[36m<button[39m
                  [33maria-l
abel[39m=[32m"Edit 
tracking"[39m
                  [33mclass
[39m=[32m"action-button"[39
m
                  
[33mtitle[39m=[32m"Edit 
tracking"[39m
                  [33mtype[
39m=[32m"button"[39m
                [36m>[39m
                  
[0mÔ£Å´©Å[0m
                
[36m</button>[39m
              
[36m</div>[39m
            [36m</div>[39m
          [36m</div>[39m
        [36m</div>[39m
      [36m</div>[39m
    [36m</div>[39m
  [36m</div>[39m
[36m</body>[39m
[90m [2mÔØ»[22m 
Object.getElementError node_m
odules/@testing-library/react
/node_modules/@testing-librar
y/dom/dist/config.js:[2m37:1
9[22m[39m
[90m [2mÔØ»[22m 
getElementError node_modules/
@testing-library/react/node_m
odules/@testing-library/dom/d
ist/query-helpers.js:[2m20:3
5[22m[39m
[90m [2mÔØ»[22m getMultipl
eElementsFoundError node_modu
les/@testing-library/react/no
de_modules/@testing-library/d
om/dist/query-helpers.js:[2m
23:10[22m[39m
[90m [2mÔØ»[22m node_modul
es/@testing-library/react/nod
e_modules/@testing-library/do
m/dist/query-helpers.js:[2m5
5:13[22m[39m
[90m [2mÔØ»[22m node_modul
es/@testing-library/react/nod
e_modules/@testing-library/do
m/dist/query-helpers.js:[2m9
5:19[22m[39m
[36m [2mÔØ»[22m frontend/s
rc/components/__tests__/Track
ingsList.test.tsx:[2m326:23
[22m[39m
    [90m324| [39m        
)[33m;[39m
    [90m325| [39m
    [90m326| [39m        [
34mexpect[39m(screen[33m.[
39m[34mgetByText[39m([32m"
Daily"[39m))[33m.[39m[34m
toBeInTheDocument[39m()[33m
;[39m
    [90m   | [39m          
            [31m^[39m
    [90m327| [39m    
})[33m;[39m
    [90m328| [39m

[31m[2mÔÄ»ÔÄ»ÔÄ»ÔÄ»ÔÄ»ÔÄ»ÔÄ
»ÔÄ»ÔÄ»ÔÄ»ÔÄ»ÔÄ»ÔÄ»ÔÄ»ÔÄ»ÔÄ»Ô
Ä»ÔÄ»ÔÄ»ÔÄ»ÔÄ»ÔÄ»[24/50]ÔÄ»[
22m[39m

[41m[1m FAIL [22m[49m fro
ntend/src/components/__tests_
_/TrackingsList.test.tsx[2m 
> [22mTrackingsList[2m > 
[22mshould display 
frequency for weekly pattern
[31m[1mTestingLibraryElemen
tError[22m[39m: Found 
multiple elements with the 
text: Mon, Wed, Fri

Here are the matching 
elements:

Ignored nodes: comments, 
script, style
[36m<td[39m
  [33mclass[39m=[32m"cell-
frequency"[39m
  [33mtitle[39m=[32m"No 
upcoming reminder"[39m
[36m>[39m
  [0mMon, Wed, Fri[0m
[36m</td>[39m

Ignored nodes: comments, 
script, style
[36m<span[39m
  [33mclass[39m=[32m"track
ing-card-value"[39m
[36m>[39m
  [0mMon, Wed, Fri[0m
[36m</span>[39m

(If this is intentional, 
then use the `*AllBy*` 
variant of the query (like 
`queryAllByText`, 
`getAllByText`, or 
`findAllByText`)).

Ignored nodes: comments, 
script, style
[36m<body>[39m
  [36m<div>[39m
    [36m<div[39m
      [33mclass[39m=[32m"t
rackings-list"[39m
    [36m>[39m
      [36m<div[39m
        [33mclass[39m=[32m
"trackings-list-content"[39m
      [36m>[39m
        [36m<table[39m
          [33mclass[39m=[3
2m"trackings-table"[39m
        [36m>[39m
          [36m<thead>[39m
            [36m<tr>[39m
              [36m<th[39m
                [33mclass[3
9m=[32m"col-tracking"[39m
              [36m>[39m
                
[36m<div[39m
                  [33mclass
[39m=[32m"header-with-filter
"[39m
                [36m>[39m
                  
[36m<button[39m
                    [33maria
-expanded[39m=[32m"false"[
39m
                    [33maria
-label[39m=[32m"Show 
filters"[39m
                    [33mclas
s[39m=[32m"filter-toggle-bu
tton"[39m
                    
[33mtitle[39m=[32m"Show 
filters"[39m
                    [33mtype
[39m=[32m"button"[39m
                  [36m>[39m
                    
[36m<span[39m
                      [33mcl
ass[39m=[32m"filter-toggle-
icon"[39m
                    
[36m>[39m
                      [0m
ƒöì[0m
                    
[36m</span>[39m
                  
[36m</button>[39m
                  
[36m<button[39m
                    [33maria
-label[39m=[32m"Sort by 
tracking"[39m
                    [33mclas
s[39m=[32m"sortable-header"
[39m
                    [33mtype
[39m=[32m"button"[39m
                  [36m>[39m
                    
[0mTracking[0m
                  
[36m</button>[39m
                
[36m</div>[39m
              [36m</th>[39m
              [36m<th[39m
                [33mclass[3
9m=[32m"col-notes"[39m
              [36m>[39m
                [0mNotes[0m
              [36m</th>[39m
              [36m<th[39m
                [33mclass[3
9m=[32m"col-times"[39m
              [36m>[39m
                
[36m<button[39m
                  [33maria-l
abel[39m=[32m"Sort by 
times"[39m
                  [33mclass
[39m=[32m"sortable-header"[
39m
                  [33mtype[
39m=[32m"button"[39m
                [36m>[39m
                  
[0mTimes[0m
                
[36m</button>[39m
              [36m</th>[39m
              [36m<th[39m
                [33mclass[3
9m=[32m"col-frequency"[39m
              [36m>[39m
                
[36m<button[39m
                  [33maria-l
abel[39m=[32m"Sort by 
frequency"[39m
                  [33mclass
[39m=[32m"sortable-header"[
39m
                  [33mtype[
39m=[32m"button"[39m
                [36m>[39m
                  
[0mFrequency[0m
                
[36m</button>[39m
              [36m</th>[39m
              [36m<th[39m
                [33mclass[3
9m=[32m"col-next-reminder"[
39m
              [36m>[39m
                
[36m<button[39m
                  [33maria-l
abel[39m=[32m"Sort by next 
reminder"[39m
                  [33mclass
[39m=[32m"sortable-header"[
39m
                  [33mtype[
39m=[32m"button"[39m
                [36m>[39m
                  [0mNext 
reminder[0m
                
[36m</button>[39m
              [36m</th>[39m
              [36m<th[39m
                [33mclass[3
9m=[32m"col-status"[39m
              [36m>[39m
                
[36m<button[39m
                  [33maria-l
abel[39m=[32m"Sort by 
status"[39m
                  [33mclass
[39m=[32m"sortable-header"[
39m
                  [33mtype[
39m=[32m"button"[39m
                [36m>[39m
                  
[0mStatus[0m
                
[36m</button>[39m
              [36m</th>[39m
              [36m<th[39m
                [33mclass[3
9m=[32m"col-actions"[39m
              [36m>[39m
                
[0mActions[0m
              [36m</th>[39m
            [36m</tr>[39m
          [36m</thead>[39m
          [36m<tbody>[39m
            [36m<tr[39m
              [33mclass[39m
=[32m"tracking-row"[39m
            [36m>[39m
              [36m<td[39m
                [33mclass[3
9m=[32m"cell-tracking"[39m
              [36m>[39m
                
[36m<button[39m
                  [33maria-l
abel[39m=[32m"Edit 
tracking: Did I 
exercise?"[39m
                  [33mclass
[39m=[32m"tracking-name-link
"[39m
                  
[33mtitle[39m=[32m"Did I 
exercise?. Click to 
edit"[39m
                  [33mtype[
39m=[32m"button"[39m
                [36m>[39m
                  [0mDid I 
exercise?[0m
                
[36m</button>[39m
              [36m</td>[39m
              [36m<td[39m
                [33mclass[3
9m=[32m"cell-notes"[39m
              [36m>[39m
                
[36m<span[39m
                  [33mclass
[39m=[32m"notes-empty"[39m
                [36m>[39m
                  [0mÔÇö[0m
                
[36m</span>[39m
              [36m</td>[39m
              [36m<td[39m
                [33mclass[3
9m=[32m"cell-times"[39m
                
[33mtitle[39m=[32m"No 
times"[39m
              [36m/>[39m
              [36m<td[39m
                [33mclass[3
9m=[32m"cell-frequency"[39m
                
[33mtitle[39m=[32m"No 
upcoming reminder"[39m
              [36m>[39m
                [0mMon, 
Wed, Fri[0m
              [36m</td>[39m
              [36m<td[39m
                [33mclass[3
9m=[32m"cell-next-reminder"
[39m
              [36m>[39m
                [0mÔÇö[0m
              [36m</td>[39m
              [36m<td[39m
                [33mclass[3
9m=[32m"cell-status"[39m
              [36m>[39m
                
[36m<span[39m
                  [33mclass
[39m=[32m"status-badge 
state-badge-running"[39m
                [36m>[39m
                  
[0mRunning[0m
                
[36m</span>[39m
              [36m</td>[39m
              [36m<td[39m
                [33mclass[3
9m=[32m"cell-actions"[39m
              [36m>[39m
                
[36m<div[39m
                  [33mclass
[39m=[32m"actions-container"
[39m
                [36m>[39m
                  
[36m<div[39m
                    [33mclas
s[39m=[32m"actions-buttons"
[39m
                  [36m>[39m
                    
[36m<button[39m
                      [33mar
ia-label[39m=[32m"Pause"[3
9m
                      [33mcl
ass[39m=[32m"action-button"
[39m
                      
[33mtitle[39m=[32m"Pause: 
Stops generating new 
reminders. Existing 
reminders remain 
active."[39m
                      [33mty
pe[39m=[32m"button"[39m
                    
[36m>[39m
                      
[0mÔÅ©´©Å[0m
                    
[36m</button>[39m
                    
[36m<button[39m
                      [33mar
ia-label[39m=[32m"Archive"
[39m
                      [33mcl
ass[39m=[32m"action-button"
[39m
                      [33mti
tle[39m=[32m"Archive: 
Moves tracking to archived 
state and stops all reminder 
generation. All pending and 
upcoming reminders will be 
deleted."[39m
                      [33mty
pe[39m=[32m"button"[39m
                    
[36m>[39m
                      [0m
ƒôª[0m
                    
[36m</button>[39m
                    
[36m<button[39m
                      [33mar
ia-label[39m=[32m"Delete"[
39m
                      [33mcl
ass[39m=[32m"action-button"
[39m
                      [33mti
tle[39m=[32m"Delete: 
Permanently removes this 
tracking and all its 
reminders. This action 
cannot be undone."[39m
                      [33mty
pe[39m=[32m"button"[39m
                    
[36m>[39m
                      [0m
ƒùæ´©Å[0m
                    
[36m</button>[39m
                  
[36m</div>[39m
                
[36m</div>[39m
              [36m</td>[39m
            [36m</tr>[39m
          [36m</tbody>[39m
        [36m</table>[39m
        [36m<div[39m
          [33mclass[39m=[3
2m"trackings-cards"[39m
        [36m>[39m
          [36m<div[39m
            [33mclass[39m=
[32m"tracking-card"[39m
          [36m>[39m
            [36m<div[39m
              [33mclass[39m
=[32m"tracking-card-header"
[39m
            [36m>[39m
              [36m<div[39m
                [33mclass[3
9m=[32m"tracking-card-title"
[39m
              [36m>[39m
                [36m<h3[39m
                  [33mclass
[39m=[32m"tracking-card-ques
tion"[39m
                [36m>[39m
                  [0mDid I 
exercise?[0m
                
[36m</h3>[39m
                
[36m<div[39m
                  [33mclass
[39m=[32m"tracking-card-time
s"[39m
                [36m/>[39m
              
[36m</div>[39m
            [36m</div>[39m
            [36m<div[39m
              [33mclass[39m
=[32m"tracking-card-body"[3
9m
            [36m>[39m
              [36m<div[39m
                [33mclass[3
9m=[32m"tracking-card-row"[
39m
              [36m>[39m
                
[36m<span[39m
                  [33mclass
[39m=[32m"tracking-card-labe
l"[39m
                [36m>[39m
                  
[0mFrequency[0m
                
[36m</span>[39m
                
[36m<span[39m
                  [33mclass
[39m=[32m"tracking-card-valu
e"[39m
                [36m>[39m
                  [0mMon, 
Wed, Fri[0m
                
[36m</span>[39m
              
[36m</div>[39m
            [36m</div>[39m
            [36m<div[39m
              [33mclass[39m
=[32m"tracking-card-footer"
[39m
            [36m>[39m
              [36m<div[39m
                [33mclass[3
9m=[32m"tracking-card-status
"[39m
              [36m>[39m
                
[36m<span[39m
                  [33mclass
[39m=[32m"status-badge 
state-badge-running"[39m
                [36m>[39m
                  
[0mRunning[0m
                
[36m</span>[39m
              
[36m</div>[39m
              [36m<div[39m
                [33mclass[3
9m=[32m"tracking-card-action
s"[39m
              [36m>[39m
                
[36m<button[39m
                  [33maria-l
abel[39m=[32m"Edit 
tracking"[39m
                  [33mclass
[39m=[32m"action-button"[39
m
                  
[33mtitle[39m=[32m"Edit 
tracking"[39m
                  [33mtype[
39m=[32m"button"[39m
                [36m>[39m
                  
[0mÔ£Å´©Å[0m
                
[36m</button>[39m
              
[36m</div>[39m
            [36m</div>[39m
          [36m</div>[39m
        [36m</div>[39m
      [36m</div>[39m
    [36m</div>[39m
  [36m</div>[39m
[36m</body>[39m
[90m [2mÔØ»[22m 
Object.getElementError node_m
odules/@testing-library/react
/node_modules/@testing-librar
y/dom/dist/config.js:[2m37:1
9[22m[39m
[90m [2mÔØ»[22m 
getElementError node_modules/
@testing-library/react/node_m
odules/@testing-library/dom/d
ist/query-helpers.js:[2m20:3
5[22m[39m
[90m [2mÔØ»[22m getMultipl
eElementsFoundError node_modu
les/@testing-library/react/no
de_modules/@testing-library/d
om/dist/query-helpers.js:[2m
23:10[22m[39m
[90m [2mÔØ»[22m node_modul
es/@testing-library/react/nod
e_modules/@testing-library/do
m/dist/query-helpers.js:[2m5
5:13[22m[39m
[90m [2mÔØ»[22m node_modul
es/@testing-library/react/nod
e_modules/@testing-library/do
m/dist/query-helpers.js:[2m9
5:19[22m[39m
[36m [2mÔØ»[22m frontend/s
rc/components/__tests__/Track
ingsList.test.tsx:[2m349:23
[22m[39m
    [90m347| [39m        
)[33m;[39m
    [90m348| [39m
    [90m349| [39m        [
34mexpect[39m(screen[33m.[
39m[34mgetByText[39m([32m"
Mon, Wed, Fri"[39m))[33m.[
39m[34mtoBeInTheDocument[39
m()[33m;[39m
    [90m   | [39m          
            [31m^[39m
    [90m350| [39m    
})[33m;[39m
    [90m351| [39m

[31m[2mÔÄ»ÔÄ»ÔÄ»ÔÄ»ÔÄ»ÔÄ»ÔÄ
»ÔÄ»ÔÄ»ÔÄ»ÔÄ»ÔÄ»ÔÄ»ÔÄ»ÔÄ»ÔÄ»Ô
Ä»ÔÄ»ÔÄ»ÔÄ»ÔÄ»ÔÄ»[25/50]ÔÄ»[
22m[39m

[41m[1m FAIL [22m[49m fro
ntend/src/components/__tests_
_/TrackingsList.test.tsx[2m 
> [22mTrackingsList[2m > 
[22mshould display 
frequency for monthly pattern
[31m[1mTestingLibraryElemen
tError[22m[39m: Found 
multiple elements with the 
text: Days 1, 15 of month

Here are the matching 
elements:

Ignored nodes: comments, 
script, style
[36m<td[39m
  [33mclass[39m=[32m"cell-
frequency"[39m
  [33mtitle[39m=[32m"No 
upcoming reminder"[39m
[36m>[39m
  [0mDays 1, 15 of month[0m
[36m</td>[39m

Ignored nodes: comments, 
script, style
[36m<span[39m
  [33mclass[39m=[32m"track
ing-card-value"[39m
[36m>[39m
  [0mDays 1, 15 of month[0m
[36m</span>[39m

(If this is intentional, 
then use the `*AllBy*` 
variant of the query (like 
`queryAllByText`, 
`getAllByText`, or 
`findAllByText`)).

Ignored nodes: comments, 
script, style
[36m<body>[39m
  [36m<div>[39m
    [36m<div[39m
      [33mclass[39m=[32m"t
rackings-list"[39m
    [36m>[39m
      [36m<div[39m
        [33mclass[39m=[32m
"trackings-list-content"[39m
      [36m>[39m
        [36m<table[39m
          [33mclass[39m=[3
2m"trackings-table"[39m
        [36m>[39m
          [36m<thead>[39m
            [36m<tr>[39m
              [36m<th[39m
                [33mclass[3
9m=[32m"col-tracking"[39m
              [36m>[39m
                
[36m<div[39m
                  [33mclass
[39m=[32m"header-with-filter
"[39m
                [36m>[39m
                  
[36m<button[39m
                    [33maria
-expanded[39m=[32m"false"[
39m
                    [33maria
-label[39m=[32m"Show 
filters"[39m
                    [33mclas
s[39m=[32m"filter-toggle-bu
tton"[39m
                    
[33mtitle[39m=[32m"Show 
filters"[39m
                    [33mtype
[39m=[32m"button"[39m
                  [36m>[39m
                    
[36m<span[39m
                      [33mcl
ass[39m=[32m"filter-toggle-
icon"[39m
                    
[36m>[39m
                      [0m
ƒöì[0m
                    
[36m</span>[39m
                  
[36m</button>[39m
                  
[36m<button[39m
                    [33maria
-label[39m=[32m"Sort by 
tracking"[39m
                    [33mclas
s[39m=[32m"sortable-header"
[39m
                    [33mtype
[39m=[32m"button"[39m
                  [36m>[39m
                    
[0mTracking[0m
                  
[36m</button>[39m
                
[36m</div>[39m
              [36m</th>[39m
              [36m<th[39m
                [33mclass[3
9m=[32m"col-notes"[39m
              [36m>[39m
                [0mNotes[0m
              [36m</th>[39m
              [36m<th[39m
                [33mclass[3
9m=[32m"col-times"[39m
              [36m>[39m
                
[36m<button[39m
                  [33maria-l
abel[39m=[32m"Sort by 
times"[39m
                  [33mclass
[39m=[32m"sortable-header"[
39m
                  [33mtype[
39m=[32m"button"[39m
                [36m>[39m
                  
[0mTimes[0m
                
[36m</button>[39m
              [36m</th>[39m
              [36m<th[39m
                [33mclass[3
9m=[32m"col-frequency"[39m
              [36m>[39m
                
[36m<button[39m
                  [33maria-l
abel[39m=[32m"Sort by 
frequency"[39m
                  [33mclass
[39m=[32m"sortable-header"[
39m
                  [33mtype[
39m=[32m"button"[39m
                [36m>[39m
                  
[0mFrequency[0m
                
[36m</button>[39m
              [36m</th>[39m
              [36m<th[39m
                [33mclass[3
9m=[32m"col-next-reminder"[
39m
              [36m>[39m
                
[36m<button[39m
                  [33maria-l
abel[39m=[32m"Sort by next 
reminder"[39m
                  [33mclass
[39m=[32m"sortable-header"[
39m
                  [33mtype[
39m=[32m"button"[39m
                [36m>[39m
                  [0mNext 
reminder[0m
                
[36m</button>[39m
              [36m</th>[39m
              [36m<th[39m
                [33mclass[3
9m=[32m"col-status"[39m
              [36m>[39m
                
[36m<button[39m
                  [33maria-l
abel[39m=[32m"Sort by 
status"[39m
                  [33mclass
[39m=[32m"sortable-header"[
39m
                  [33mtype[
39m=[32m"button"[39m
                [36m>[39m
                  
[0mStatus[0m
                
[36m</button>[39m
              [36m</th>[39m
              [36m<th[39m
                [33mclass[3
9m=[32m"col-actions"[39m
              [36m>[39m
                
[0mActions[0m
              [36m</th>[39m
            [36m</tr>[39m
          [36m</thead>[39m
          [36m<tbody>[39m
            [36m<tr[39m
              [33mclass[39m
=[32m"tracking-row"[39m
            [36m>[39m
              [36m<td[39m
                [33mclass[3
9m=[32m"cell-tracking"[39m
              [36m>[39m
                
[36m<button[39m
                  [33maria-l
abel[39m=[32m"Edit 
tracking: Did I 
exercise?"[39m
                  [33mclass
[39m=[32m"tracking-name-link
"[39m
                  
[33mtitle[39m=[32m"Did I 
exercise?. Click to 
edit"[39m
                  [33mtype[
39m=[32m"button"[39m
                [36m>[39m
                  [0mDid I 
exercise?[0m
                
[36m</button>[39m
              [36m</td>[39m
              [36m<td[39m
                [33mclass[3
9m=[32m"cell-notes"[39m
              [36m>[39m
                
[36m<span[39m
                  [33mclass
[39m=[32m"notes-empty"[39m
                [36m>[39m
                  [0mÔÇö[0m
                
[36m</span>[39m
              [36m</td>[39m
              [36m<td[39m
                [33mclass[3
9m=[32m"cell-times"[39m
                
[33mtitle[39m=[32m"No 
times"[39m
              [36m/>[39m
              [36m<td[39m
                [33mclass[3
9m=[32m"cell-frequency"[39m
                
[33mtitle[39m=[32m"No 
upcoming reminder"[39m
              [36m>[39m
                [0mDays 1, 
15 of month[0m
              [36m</td>[39m
              [36m<td[39m
                [33mclass[3
9m=[32m"cell-next-reminder"
[39m
              [36m>[39m
                [0mÔÇö[0m
              [36m</td>[39m
              [36m<td[39m
                [33mclass[3
9m=[32m"cell-status"[39m
              [36m>[39m
                
[36m<span[39m
                  [33mclass
[39m=[32m"status-badge 
state-badge-running"[39m
                [36m>[39m
                  
[0mRunning[0m
                
[36m</span>[39m
              [36m</td>[39m
              [36m<td[39m
                [33mclass[3
9m=[32m"cell-actions"[39m
              [36m>[39m
                
[36m<div[39m
                  [33mclass
[39m=[32m"actions-container"
[39m
                [36m>[39m
                  
[36m<div[39m
                    [33mclas
s[39m=[32m"actions-buttons"
[39m
                  [36m>[39m
                    
[36m<button[39m
                      [33mar
ia-label[39m=[32m"Pause"[3
9m
                      [33mcl
ass[39m=[32m"action-button"
[39m
                      
[33mtitle[39m=[32m"Pause: 
Stops generating new 
reminders. Existing 
reminders remain 
active."[39m
                      [33mty
pe[39m=[32m"button"[39m
                    
[36m>[39m
                      
[0mÔÅ©´©Å[0m
                    
[36m</button>[39m
                    
[36m<button[39m
                      [33mar
ia-label[39m=[32m"Archive"
[39m
                      [33mcl
ass[39m=[32m"action-button"
[39m
                      [33mti
tle[39m=[32m"Archive: 
Moves tracking to archived 
state and stops all reminder 
generation. All pending and 
upcoming reminders will be 
deleted."[39m
                      [33mty
pe[39m=[32m"button"[39m
                    
[36m>[39m
                      [0m
ƒôª[0m
                    
[36m</button>[39m
                    
[36m<button[39m
                      [33mar
ia-label[39m=[32m"Delete"[
39m
                      [33mcl
ass[39m=[32m"action-button"
[39m
                      [33mti
tle[39m=[32m"Delete: 
Permanently removes this 
tracking and all its 
reminders. This action 
cannot be undone."[39m
                      [33mty
pe[39m=[32m"button"[39m
                    
[36m>[39m
                      [0m
ƒùæ´©Å[0m
                    
[36m</button>[39m
                  
[36m</div>[39m
                
[36m</div>[39m
              [36m</td>[39m
            [36m</tr>[39m
          [36m</tbody>[39m
        [36m</table>[39m
        [36m<div[39m
          [33mclass[39m=[3
2m"trackings-cards"[39m
        [36m>[39m
          [36m<div[39m
            [33mclass[39m=
[32m"tracking-card"[39m
          [36m>[39m
            [36m<div[39m
              [33mclass[39m
=[32m"tracking-card-header"
[39m
            [36m>[39m
              [36m<div[39m
                [33mclass[3
9m=[32m"tracking-card-title"
[39m
              [36m>[39m
                [36m<h3[39m
                  [33mclass
[39m=[32m"tracking-card-ques
tion"[39m
                [36m>[39m
                  [0mDid I 
exercise?[0m
                
[36m</h3>[39m
                
[36m<div[39m
                  [33mclass
[39m=[32m"tracking-card-time
s"[39m
                [36m/>[39m
              
[36m</div>[39m
            [36m</div>[39m
            [36m<div[39m
              [33mclass[39m
=[32m"tracking-card-body"[3
9m
            [36m>[39m
              [36m<div[39m
                [33mclass[3
9m=[32m"tracking-card-row"[
39m
              [36m>[39m
                
[36m<span[39m
                  [33mclass
[39m=[32m"tracking-card-labe
l"[39m
                [36m>[39m
                  
[0mFrequency[0m
                
[36m</span>[39m
                
[36m<span[39m
                  [33mclass
[39m=[32m"tracking-card-valu
e"[39m
                [36m>[39m
                  [0mDays 
1, 15 of month[0m
                
[36m</span>[39m
              
[36m</div>[39m
            [36m</div>[39m
            [36m<div[39m
              [33mclass[39m
=[32m"tracking-card-footer"
[39m
            [36m>[39m
              [36m<div[39m
                [33mclass[3
9m=[32m"tracking-card-status
"[39m
              [36m>[39m
                
[36m<span[39m
                  [33mclass
[39m=[32m"status-badge 
state-badge-running"[39m
                [36m>[39m
                  
[0mRunning[0m
                
[36m</span>[39m
              
[36m</div>[39m
              [36m<div[39m
                [33mclass[3
9m=[32m"tracking-card-action
s"[39m
              [36m>[39m
                
[36m<button[39m
                  [33maria-l
abel[39m=[32m"Edit 
tracking"[39m
                  [33mclass
[39m=[32m"action-button"[39
m
                  
[33mtitle[39m=[32m"Edit 
tracking"[39m
                  [33mtype[
39m=[32m"button"[39m
                [36m>[39m
                  
[0mÔ£Å´©Å[0m
                
[36m</button>[39m
              
[36m</div>[39m
            [36m</div>[39m
          [36m</div>[39m
        [36m</div>[39m
      [36m</div>[39m
    [36m</div>[39m
  [36m</div>[39m
[36m</body>[39m
[90m [2mÔØ»[22m 
Object.getElementError node_m
odules/@testing-library/react
/node_modules/@testing-librar
y/dom/dist/config.js:[2m37:1
9[22m[39m
[90m [2mÔØ»[22m 
getElementError node_modules/
@testing-library/react/node_m
odules/@testing-library/dom/d
ist/query-helpers.js:[2m20:3
5[22m[39m
[90m [2mÔØ»[22m getMultipl
eElementsFoundError node_modu
les/@testing-library/react/no
de_modules/@testing-library/d
om/dist/query-helpers.js:[2m
23:10[22m[39m
[90m [2mÔØ»[22m node_modul
es/@testing-library/react/nod
e_modules/@testing-library/do
m/dist/query-helpers.js:[2m5
5:13[22m[39m
[90m [2mÔØ»[22m node_modul
es/@testing-library/react/nod
e_modules/@testing-library/do
m/dist/query-helpers.js:[2m9
5:19[22m[39m
[36m [2mÔØ»[22m frontend/s
rc/components/__tests__/Track
ingsList.test.tsx:[2m373:23
[22m[39m
    [90m371| [39m        
)[33m;[39m
    [90m372| [39m
    [90m373| [39m        ex
pect(screen.getByText("Days 
1, 15 of 
month")).toBeInTheDocumÔÇª
    [90m   | [39m          
            [31m^[39m
    [90m374| [39m    
})[33m;[39m
    [90m375| [39m

[31m[2mÔÄ»ÔÄ»ÔÄ»ÔÄ»ÔÄ»ÔÄ»ÔÄ
»ÔÄ»ÔÄ»ÔÄ»ÔÄ»ÔÄ»ÔÄ»ÔÄ»ÔÄ»ÔÄ»Ô
Ä»ÔÄ»ÔÄ»ÔÄ»ÔÄ»ÔÄ»[26/50]ÔÄ»[
22m[39m

[41m[1m FAIL [22m[49m fro
ntend/src/components/__tests_
_/TrackingsList.test.tsx[2m 
> [22mTrackingsList[2m > 
[22mshould display 
frequency for yearly pattern
[31m[1mTestingLibraryElemen
tError[22m[39m: Found 
multiple elements with the 
text: January 1

Here are the matching 
elements:

Ignored nodes: comments, 
script, style
[36m<td[39m
  [33mclass[39m=[32m"cell-
frequency"[39m
  [33mtitle[39m=[32m"No 
upcoming reminder"[39m
[36m>[39m
  [0mJanuary 1[0m
[36m</td>[39m

Ignored nodes: comments, 
script, style
[36m<span[39m
  [33mclass[39m=[32m"track
ing-card-value"[39m
[36m>[39m
  [0mJanuary 1[0m
[36m</span>[39m

(If this is intentional, 
then use the `*AllBy*` 
variant of the query (like 
`queryAllByText`, 
`getAllByText`, or 
`findAllByText`)).

Ignored nodes: comments, 
script, style
[36m<body>[39m
  [36m<div>[39m
    [36m<div[39m
      [33mclass[39m=[32m"t
rackings-list"[39m
    [36m>[39m
      [36m<div[39m
        [33mclass[39m=[32m
"trackings-list-content"[39m
      [36m>[39m
        [36m<table[39m
          [33mclass[39m=[3
2m"trackings-table"[39m
        [36m>[39m
          [36m<thead>[39m
            [36m<tr>[39m
              [36m<th[39m
                [33mclass[3
9m=[32m"col-tracking"[39m
              [36m>[39m
                
[36m<div[39m
                  [33mclass
[39m=[32m"header-with-filter
"[39m
                [36m>[39m
                  
[36m<button[39m
                    [33maria
-expanded[39m=[32m"false"[
39m
                    [33maria
-label[39m=[32m"Show 
filters"[39m
                    [33mclas
s[39m=[32m"filter-toggle-bu
tton"[39m
                    
[33mtitle[39m=[32m"Show 
filters"[39m
                    [33mtype
[39m=[32m"button"[39m
                  [36m>[39m
                    
[36m<span[39m
                      [33mcl
ass[39m=[32m"filter-toggle-
icon"[39m
                    
[36m>[39m
                      [0m
ƒöì[0m
                    
[36m</span>[39m
                  
[36m</button>[39m
                  
[36m<button[39m
                    [33maria
-label[39m=[32m"Sort by 
tracking"[39m
                    [33mclas
s[39m=[32m"sortable-header"
[39m
                    [33mtype
[39m=[32m"button"[39m
                  [36m>[39m
                    
[0mTracking[0m
                  
[36m</button>[39m
                
[36m</div>[39m
              [36m</th>[39m
              [36m<th[39m
                [33mclass[3
9m=[32m"col-notes"[39m
              [36m>[39m
                [0mNotes[0m
              [36m</th>[39m
              [36m<th[39m
                [33mclass[3
9m=[32m"col-times"[39m
              [36m>[39m
                
[36m<button[39m
                  [33maria-l
abel[39m=[32m"Sort by 
times"[39m
                  [33mclass
[39m=[32m"sortable-header"[
39m
                  [33mtype[
39m=[32m"button"[39m
                [36m>[39m
                  
[0mTimes[0m
                
[36m</button>[39m
              [36m</th>[39m
              [36m<th[39m
                [33mclass[3
9m=[32m"col-frequency"[39m
              [36m>[39m
                
[36m<button[39m
                  [33maria-l
abel[39m=[32m"Sort by 
frequency"[39m
                  [33mclass
[39m=[32m"sortable-header"[
39m
                  [33mtype[
39m=[32m"button"[39m
                [36m>[39m
                  
[0mFrequency[0m
                
[36m</button>[39m
              [36m</th>[39m
              [36m<th[39m
                [33mclass[3
9m=[32m"col-next-reminder"[
39m
              [36m>[39m
                
[36m<button[39m
                  [33maria-l
abel[39m=[32m"Sort by next 
reminder"[39m
                  [33mclass
[39m=[32m"sortable-header"[
39m
                  [33mtype[
39m=[32m"button"[39m
                [36m>[39m
                  [0mNext 
reminder[0m
                
[36m</button>[39m
              [36m</th>[39m
              [36m<th[39m
                [33mclass[3
9m=[32m"col-status"[39m
              [36m>[39m
                
[36m<button[39m
                  [33maria-l
abel[39m=[32m"Sort by 
status"[39m
                  [33mclass
[39m=[32m"sortable-header"[
39m
                  [33mtype[
39m=[32m"button"[39m
                [36m>[39m
                  
[0mStatus[0m
                
[36m</button>[39m
              [36m</th>[39m
              [36m<th[39m
                [33mclass[3
9m=[32m"col-actions"[39m
              [36m>[39m
                
[0mActions[0m
              [36m</th>[39m
            [36m</tr>[39m
          [36m</thead>[39m
          [36m<tbody>[39m
            [36m<tr[39m
              [33mclass[39m
=[32m"tracking-row"[39m
            [36m>[39m
              [36m<td[39m
                [33mclass[3
9m=[32m"cell-tracking"[39m
              [36m>[39m
                
[36m<button[39m
                  [33maria-l
abel[39m=[32m"Edit 
tracking: Did I 
exercise?"[39m
                  [33mclass
[39m=[32m"tracking-name-link
"[39m
                  
[33mtitle[39m=[32m"Did I 
exercise?. Click to 
edit"[39m
                  [33mtype[
39m=[32m"button"[39m
                [36m>[39m
                  [0mDid I 
exercise?[0m
                
[36m</button>[39m
              [36m</td>[39m
              [36m<td[39m
                [33mclass[3
9m=[32m"cell-notes"[39m
              [36m>[39m
                
[36m<span[39m
                  [33mclass
[39m=[32m"notes-empty"[39m
                [36m>[39m
                  [0mÔÇö[0m
                
[36m</span>[39m
              [36m</td>[39m
              [36m<td[39m
                [33mclass[3
9m=[32m"cell-times"[39m
                
[33mtitle[39m=[32m"No 
times"[39m
              [36m/>[39m
              [36m<td[39m
                [33mclass[3
9m=[32m"cell-frequency"[39m
                
[33mtitle[39m=[32m"No 
upcoming reminder"[39m
              [36m>[39m
                [0mJanuary 
1[0m
              [36m</td>[39m
              [36m<td[39m
                [33mclass[3
9m=[32m"cell-next-reminder"
[39m
              [36m>[39m
                [0mÔÇö[0m
              [36m</td>[39m
              [36m<td[39m
                [33mclass[3
9m=[32m"cell-status"[39m
              [36m>[39m
                
[36m<span[39m
                  [33mclass
[39m=[32m"status-badge 
state-badge-running"[39m
                [36m>[39m
                  
[0mRunning[0m
                
[36m</span>[39m
              [36m</td>[39m
              [36m<td[39m
                [33mclass[3
9m=[32m"cell-actions"[39m
              [36m>[39m
                
[36m<div[39m
                  [33mclass
[39m=[32m"actions-container"
[39m
                [36m>[39m
                  
[36m<div[39m
                    [33mclas
s[39m=[32m"actions-buttons"
[39m
                  [36m>[39m
                    
[36m<button[39m
                      [33mar
ia-label[39m=[32m"Pause"[3
9m
                      [33mcl
ass[39m=[32m"action-button"
[39m
                      
[33mtitle[39m=[32m"Pause: 
Stops generating new 
reminders. Existing 
reminders remain 
active."[39m
                      [33mty
pe[39m=[32m"button"[39m
                    
[36m>[39m
                      
[0mÔÅ©´©Å[0m
                    
[36m</button>[39m
                    
[36m<button[39m
                      [33mar
ia-label[39m=[32m"Archive"
[39m
                      [33mcl
ass[39m=[32m"action-button"
[39m
                      [33mti
tle[39m=[32m"Archive: 
Moves tracking to archived 
state and stops all reminder 
generation. All pending and 
upcoming reminders will be 
deleted."[39m
                      [33mty
pe[39m=[32m"button"[39m
                    
[36m>[39m
                      [0m
ƒôª[0m
                    
[36m</button>[39m
                    
[36m<button[39m
                      [33mar
ia-label[39m=[32m"Delete"[
39m
                      [33mcl
ass[39m=[32m"action-button"
[39m
                      [33mti
tle[39m=[32m"Delete: 
Permanently removes this 
tracking and all its 
reminders. This action 
cannot be undone."[39m
                      [33mty
pe[39m=[32m"button"[39m
                    
[36m>[39m
                      [0m
ƒùæ´©Å[0m
                    
[36m</button>[39m
                  
[36m</div>[39m
                
[36m</div>[39m
              [36m</td>[39m
            [36m</tr>[39m
          [36m</tbody>[39m
        [36m</table>[39m
        [36m<div[39m
          [33mclass[39m=[3
2m"trackings-cards"[39m
        [36m>[39m
          [36m<div[39m
            [33mclass[39m=
[32m"tracking-card"[39m
          [36m>[39m
            [36m<div[39m
              [33mclass[39m
=[32m"tracking-card-header"
[39m
            [36m>[39m
              [36m<div[39m
                [33mclass[3
9m=[32m"tracking-card-title"
[39m
              [36m>[39m
                [36m<h3[39m
                  [33mclass
[39m=[32m"tracking-card-ques
tion"[39m
                [36m>[39m
                  [0mDid I 
exercise?[0m
                
[36m</h3>[39m
                
[36m<div[39m
                  [33mclass
[39m=[32m"tracking-card-time
s"[39m
                [36m/>[39m
              
[36m</div>[39m
            [36m</div>[39m
            [36m<div[39m
              [33mclass[39m
=[32m"tracking-card-body"[3
9m
            [36m>[39m
              [36m<div[39m
                [33mclass[3
9m=[32m"tracking-card-row"[
39m
              [36m>[39m
                
[36m<span[39m
                  [33mclass
[39m=[32m"tracking-card-labe
l"[39m
                [36m>[39m
                  
[0mFrequency[0m
                
[36m</span>[39m
                
[36m<span[39m
                  [33mclass
[39m=[32m"tracking-card-valu
e"[39m
                [36m>[39m
                  
[0mJanuary 1[0m
                
[36m</span>[39m
              
[36m</div>[39m
            [36m</div>[39m
            [36m<div[39m
              [33mclass[39m
=[32m"tracking-card-footer"
[39m
            [36m>[39m
              [36m<div[39m
                [33mclass[3
9m=[32m"tracking-card-status
"[39m
              [36m>[39m
                
[36m<span[39m
                  [33mclass
[39m=[32m"status-badge 
state-badge-running"[39m
                [36m>[39m
                  
[0mRunning[0m
                
[36m</span>[39m
              
[36m</div>[39m
              [36m<div[39m
                [33mclass[3
9m=[32m"tracking-card-action
s"[39m
              [36m>[39m
                
[36m<button[39m
                  [33maria-l
abel[39m=[32m"Edit 
tracking"[39m
                  [33mclass
[39m=[32m"action-button"[39
m
                  
[33mtitle[39m=[32m"Edit 
tracking"[39m
                  [33mtype[
39m=[32m"button"[39m
                [36m>[39m
                  
[0mÔ£Å´©Å[0m
                
[36m</button>[39m
              
[36m</div>[39m
            [36m</div>[39m
          [36m</div>[39m
        [36m</div>[39m
      [36m</div>[39m
    [36m</div>[39m
  [36m</div>[39m
[36m</body>[39m
[90m [2mÔØ»[22m 
Object.getElementError node_m
odules/@testing-library/react
/node_modules/@testing-librar
y/dom/dist/config.js:[2m37:1
9[22m[39m
[90m [2mÔØ»[22m 
getElementError node_modules/
@testing-library/react/node_m
odules/@testing-library/dom/d
ist/query-helpers.js:[2m20:3
5[22m[39m
[90m [2mÔØ»[22m getMultipl
eElementsFoundError node_modu
les/@testing-library/react/no
de_modules/@testing-library/d
om/dist/query-helpers.js:[2m
23:10[22m[39m
[90m [2mÔØ»[22m node_modul
es/@testing-library/react/nod
e_modules/@testing-library/do
m/dist/query-helpers.js:[2m5
5:13[22m[39m
[90m [2mÔØ»[22m node_modul
es/@testing-library/react/nod
e_modules/@testing-library/do
m/dist/query-helpers.js:[2m9
5:19[22m[39m
[36m [2mÔØ»[22m frontend/s
rc/components/__tests__/Track
ingsList.test.tsx:[2m398:23
[22m[39m
    [90m396| [39m        
)[33m;[39m
    [90m397| [39m
    [90m398| [39m        [
34mexpect[39m(screen[33m.[
39m[34mgetByText[39m([32m"
January 1"[39m))[33m.[39m
[34mtoBeInTheDocument[39m()
[33m;[39m
    [90m   | [39m          
            [31m^[39m
    [90m399| [39m    
})[33m;[39m
    [90m400| [39m

[31m[2mÔÄ»ÔÄ»ÔÄ»ÔÄ»ÔÄ»ÔÄ»ÔÄ
»ÔÄ»ÔÄ»ÔÄ»ÔÄ»ÔÄ»ÔÄ»ÔÄ»ÔÄ»ÔÄ»Ô
Ä»ÔÄ»ÔÄ»ÔÄ»ÔÄ»ÔÄ»[27/50]ÔÄ»[
22m[39m

[41m[1m FAIL [22m[49m fro
ntend/src/components/__tests_
_/TrackingsList.test.tsx[2m 
> [22mTrackingsList[2m > 
[22mshould display default 
frequency when days pattern 
is missing
[31m[1mTestingLibraryElemen
tError[22m[39m: Found 
multiple elements with the 
text: Daily

Here are the matching 
elements:

Ignored nodes: comments, 
script, style
[36m<td[39m
  [33mclass[39m=[32m"cell-
frequency"[39m
  [33mtitle[39m=[32m"No 
upcoming reminder"[39m
[36m>[39m
  [0mDaily[0m
[36m</td>[39m

Ignored nodes: comments, 
script, style
[36m<span[39m
  [33mclass[39m=[32m"track
ing-card-value"[39m
[36m>[39m
  [0mDaily[0m
[36m</span>[39m

(If this is intentional, 
then use the `*AllBy*` 
variant of the query (like 
`queryAllByText`, 
`getAllByText`, or 
`findAllByText`)).

Ignored nodes: comments, 
script, style
[36m<body>[39m
  [36m<div>[39m
    [36m<div[39m
      [33mclass[39m=[32m"t
rackings-list"[39m
    [36m>[39m
      [36m<div[39m
        [33mclass[39m=[32m
"trackings-list-content"[39m
      [36m>[39m
        [36m<table[39m
          [33mclass[39m=[3
2m"trackings-table"[39m
        [36m>[39m
          [36m<thead>[39m
            [36m<tr>[39m
              [36m<th[39m
                [33mclass[3
9m=[32m"col-tracking"[39m
              [36m>[39m
                
[36m<div[39m
                  [33mclass
[39m=[32m"header-with-filter
"[39m
                [36m>[39m
                  
[36m<button[39m
                    [33maria
-expanded[39m=[32m"false"[
39m
                    [33maria
-label[39m=[32m"Show 
filters"[39m
                    [33mclas
s[39m=[32m"filter-toggle-bu
tton"[39m
                    
[33mtitle[39m=[32m"Show 
filters"[39m
                    [33mtype
[39m=[32m"button"[39m
                  [36m>[39m
                    
[36m<span[39m
                      [33mcl
ass[39m=[32m"filter-toggle-
icon"[39m
                    
[36m>[39m
                      [0m
ƒöì[0m
                    
[36m</span>[39m
                  
[36m</button>[39m
                  
[36m<button[39m
                    [33maria
-label[39m=[32m"Sort by 
tracking"[39m
                    [33mclas
s[39m=[32m"sortable-header"
[39m
                    [33mtype
[39m=[32m"button"[39m
                  [36m>[39m
                    
[0mTracking[0m
                  
[36m</button>[39m
                
[36m</div>[39m
              [36m</th>[39m
              [36m<th[39m
                [33mclass[3
9m=[32m"col-notes"[39m
              [36m>[39m
                [0mNotes[0m
              [36m</th>[39m
              [36m<th[39m
                [33mclass[3
9m=[32m"col-times"[39m
              [36m>[39m
                
[36m<button[39m
                  [33maria-l
abel[39m=[32m"Sort by 
times"[39m
                  [33mclass
[39m=[32m"sortable-header"[
39m
                  [33mtype[
39m=[32m"button"[39m
                [36m>[39m
                  
[0mTimes[0m
                
[36m</button>[39m
              [36m</th>[39m
              [36m<th[39m
                [33mclass[3
9m=[32m"col-frequency"[39m
              [36m>[39m
                
[36m<button[39m
                  [33maria-l
abel[39m=[32m"Sort by 
frequency"[39m
                  [33mclass
[39m=[32m"sortable-header"[
39m
                  [33mtype[
39m=[32m"button"[39m
                [36m>[39m
                  
[0mFrequency[0m
                
[36m</button>[39m
              [36m</th>[39m
              [36m<th[39m
                [33mclass[3
9m=[32m"col-next-reminder"[
39m
              [36m>[39m
                
[36m<button[39m
                  [33maria-l
abel[39m=[32m"Sort by next 
reminder"[39m
                  [33mclass
[39m=[32m"sortable-header"[
39m
                  [33mtype[
39m=[32m"button"[39m
                [36m>[39m
                  [0mNext 
reminder[0m
                
[36m</button>[39m
              [36m</th>[39m
              [36m<th[39m
                [33mclass[3
9m=[32m"col-status"[39m
              [36m>[39m
                
[36m<button[39m
                  [33maria-l
abel[39m=[32m"Sort by 
status"[39m
                  [33mclass
[39m=[32m"sortable-header"[
39m
                  [33mtype[
39m=[32m"button"[39m
                [36m>[39m
                  
[0mStatus[0m
                
[36m</button>[39m
              [36m</th>[39m
              [36m<th[39m
                [33mclass[3
9m=[32m"col-actions"[39m
              [36m>[39m
                
[0mActions[0m
              [36m</th>[39m
            [36m</tr>[39m
          [36m</thead>[39m
          [36m<tbody>[39m
            [36m<tr[39m
              [33mclass[39m
=[32m"tracking-row"[39m
            [36m>[39m
              [36m<td[39m
                [33mclass[3
9m=[32m"cell-tracking"[39m
              [36m>[39m
                
[36m<button[39m
                  [33maria-l
abel[39m=[32m"Edit 
tracking: Did I 
exercise?"[39m
                  [33mclass
[39m=[32m"tracking-name-link
"[39m
                  
[33mtitle[39m=[32m"Did I 
exercise?. Click to 
edit"[39m
                  [33mtype[
39m=[32m"button"[39m
                [36m>[39m
                  [0mDid I 
exercise?[0m
                
[36m</button>[39m
              [36m</td>[39m
              [36m<td[39m
                [33mclass[3
9m=[32m"cell-notes"[39m
              [36m>[39m
                
[36m<span[39m
                  [33mclass
[39m=[32m"notes-empty"[39m
                [36m>[39m
                  [0mÔÇö[0m
                
[36m</span>[39m
              [36m</td>[39m
              [36m<td[39m
                [33mclass[3
9m=[32m"cell-times"[39m
                
[33mtitle[39m=[32m"No 
times"[39m
              [36m/>[39m
              [36m<td[39m
                [33mclass[3
9m=[32m"cell-frequency"[39m
                
[33mtitle[39m=[32m"No 
upcoming reminder"[39m
              [36m>[39m
                [0mDaily[0m
              [36m</td>[39m
              [36m<td[39m
                [33mclass[3
9m=[32m"cell-next-reminder"
[39m
              [36m>[39m
                [0mÔÇö[0m
              [36m</td>[39m
              [36m<td[39m
                [33mclass[3
9m=[32m"cell-status"[39m
              [36m>[39m
                
[36m<span[39m
                  [33mclass
[39m=[32m"status-badge 
state-badge-running"[39m
                [36m>[39m
                  
[0mRunning[0m
                
[36m</span>[39m
              [36m</td>[39m
              [36m<td[39m
                [33mclass[3
9m=[32m"cell-actions"[39m
              [36m>[39m
                
[36m<div[39m
                  [33mclass
[39m=[32m"actions-container"
[39m
                [36m>[39m
                  
[36m<div[39m
                    [33mclas
s[39m=[32m"actions-buttons"
[39m
                  [36m>[39m
                    
[36m<button[39m
                      [33mar
ia-label[39m=[32m"Pause"[3
9m
                      [33mcl
ass[39m=[32m"action-button"
[39m
                      
[33mtitle[39m=[32m"Pause: 
Stops generating new 
reminders. Existing 
reminders remain 
active."[39m
                      [33mty
pe[39m=[32m"button"[39m
                    
[36m>[39m
                      
[0mÔÅ©´©Å[0m
                    
[36m</button>[39m
                    
[36m<button[39m
                      [33mar
ia-label[39m=[32m"Archive"
[39m
                      [33mcl
ass[39m=[32m"action-button"
[39m
                      [33mti
tle[39m=[32m"Archive: 
Moves tracking to archived 
state and stops all reminder 
generation. All pending and 
upcoming reminders will be 
deleted."[39m
                      [33mty
pe[39m=[32m"button"[39m
                    
[36m>[39m
                      [0m
ƒôª[0m
                    
[36m</button>[39m
                    
[36m<button[39m
                      [33mar
ia-label[39m=[32m"Delete"[
39m
                      [33mcl
ass[39m=[32m"action-button"
[39m
                      [33mti
tle[39m=[32m"Delete: 
Permanently removes this 
tracking and all its 
reminders. This action 
cannot be undone."[39m
                      [33mty
pe[39m=[32m"button"[39m
                    
[36m>[39m
                      [0m
ƒùæ´©Å[0m
                    
[36m</button>[39m
                  
[36m</div>[39m
                
[36m</div>[39m
              [36m</td>[39m
            [36m</tr>[39m
          [36m</tbody>[39m
        [36m</table>[39m
        [36m<div[39m
          [33mclass[39m=[3
2m"trackings-cards"[39m
        [36m>[39m
          [36m<div[39m
            [33mclass[39m=
[32m"tracking-card"[39m
          [36m>[39m
            [36m<div[39m
              [33mclass[39m
=[32m"tracking-card-header"
[39m
            [36m>[39m
              [36m<div[39m
                [33mclass[3
9m=[32m"tracking-card-title"
[39m
              [36m>[39m
                [36m<h3[39m
                  [33mclass
[39m=[32m"tracking-card-ques
tion"[39m
                [36m>[39m
                  [0mDid I 
exercise?[0m
                
[36m</h3>[39m
                
[36m<div[39m
                  [33mclass
[39m=[32m"tracking-card-time
s"[39m
                [36m/>[39m
              
[36m</div>[39m
            [36m</div>[39m
            [36m<div[39m
              [33mclass[39m
=[32m"tracking-card-body"[3
9m
            [36m>[39m
              [36m<div[39m
                [33mclass[3
9m=[32m"tracking-card-row"[
39m
              [36m>[39m
                
[36m<span[39m
                  [33mclass
[39m=[32m"tracking-card-labe
l"[39m
                [36m>[39m
                  
[0mFrequency[0m
                
[36m</span>[39m
                
[36m<span[39m
                  [33mclass
[39m=[32m"tracking-card-valu
e"[39m
                [36m>[39m
                  
[0mDaily[0m
                
[36m</span>[39m
              
[36m</div>[39m
            [36m</div>[39m
            [36m<div[39m
              [33mclass[39m
=[32m"tracking-card-footer"
[39m
            [36m>[39m
              [36m<div[39m
                [33mclass[3
9m=[32m"tracking-card-status
"[39m
              [36m>[39m
                
[36m<span[39m
                  [33mclass
[39m=[32m"status-badge 
state-badge-running"[39m
                [36m>[39m
                  
[0mRunning[0m
                
[36m</span>[39m
              
[36m</div>[39m
              [36m<div[39m
                [33mclass[3
9m=[32m"tracking-card-action
s"[39m
              [36m>[39m
                
[36m<button[39m
                  [33maria-l
abel[39m=[32m"Edit 
tracking"[39m
                  [33mclass
[39m=[32m"action-button"[39
m
                  
[33mtitle[39m=[32m"Edit 
tracking"[39m
                  [33mtype[
39m=[32m"button"[39m
                [36m>[39m
                  
[0mÔ£Å´©Å[0m
                
[36m</button>[39m
              
[36m</div>[39m
            [36m</div>[39m
          [36m</div>[39m
        [36m</div>[39m
      [36m</div>[39m
    [36m</div>[39m
  [36m</div>[39m
[36m</body>[39m
[90m [2mÔØ»[22m 
Object.getElementError node_m
odules/@testing-library/react
/node_modules/@testing-librar
y/dom/dist/config.js:[2m37:1
9[22m[39m
[90m [2mÔØ»[22m 
getElementError node_modules/
@testing-library/react/node_m
odules/@testing-library/dom/d
ist/query-helpers.js:[2m20:3
5[22m[39m
[90m [2mÔØ»[22m getMultipl
eElementsFoundError node_modu
les/@testing-library/react/no
de_modules/@testing-library/d
om/dist/query-helpers.js:[2m
23:10[22m[39m
[90m [2mÔØ»[22m node_modul
es/@testing-library/react/nod
e_modules/@testing-library/do
m/dist/query-helpers.js:[2m5
5:13[22m[39m
[90m [2mÔØ»[22m node_modul
es/@testing-library/react/nod
e_modules/@testing-library/do
m/dist/query-helpers.js:[2m9
5:19[22m[39m
[36m [2mÔØ»[22m frontend/s
rc/components/__tests__/Track
ingsList.test.tsx:[2m417:23
[22m[39m
    [90m415| [39m        
)[33m;[39m
    [90m416| [39m
    [90m417| [39m        [
34mexpect[39m(screen[33m.[
39m[34mgetByText[39m([32m"
Daily"[39m))[33m.[39m[34m
toBeInTheDocument[39m()[33m
;[39m
    [90m   | [39m          
            [31m^[39m
    [90m418| [39m    
})[33m;[39m
    [90m419| [39m

[31m[2mÔÄ»ÔÄ»ÔÄ»ÔÄ»ÔÄ»ÔÄ»ÔÄ
»ÔÄ»ÔÄ»ÔÄ»ÔÄ»ÔÄ»ÔÄ»ÔÄ»ÔÄ»ÔÄ»Ô
Ä»ÔÄ»ÔÄ»ÔÄ»ÔÄ»ÔÄ»[28/50]ÔÄ»[
22m[39m

[41m[1m FAIL [22m[49m fro
ntend/src/components/__tests_
_/TrackingsList.test.tsx[2m 
> [22mTrackingsList[2m > 
[22mshould display next 
reminder time in tooltip
[31m[1mTestingLibraryElemen
tError[22m[39m: Found 
multiple elements with the 
text: Mon, Wed, Fri

Here are the matching 
elements:

Ignored nodes: comments, 
script, style
[36m<td[39m
  [33mclass[39m=[32m"cell-
frequency"[39m
  [33mtitle[39m=[32m"No 
upcoming reminder"[39m
[36m>[39m
  [0mMon, Wed, Fri[0m
[36m</td>[39m

Ignored nodes: comments, 
script, style
[36m<span[39m
  [33mclass[39m=[32m"track
ing-card-value"[39m
[36m>[39m
  [0mMon, Wed, Fri[0m
[36m</span>[39m

(If this is intentional, 
then use the `*AllBy*` 
variant of the query (like 
`queryAllByText`, 
`getAllByText`, or 
`findAllByText`)).

Ignored nodes: comments, 
script, style
[36m<body>[39m
  [36m<div>[39m
    [36m<div[39m
      [33mclass[39m=[32m"t
rackings-list"[39m
    [36m>[39m
      [36m<div[39m
        [33mclass[39m=[32m
"trackings-list-content"[39m
      [36m>[39m
        [36m<table[39m
          [33mclass[39m=[3
2m"trackings-table"[39m
        [36m>[39m
          [36m<thead>[39m
            [36m<tr>[39m
              [36m<th[39m
                [33mclass[3
9m=[32m"col-tracking"[39m
              [36m>[39m
                
[36m<div[39m
                  [33mclass
[39m=[32m"header-with-filter
"[39m
                [36m>[39m
                  
[36m<button[39m
                    [33maria
-expanded[39m=[32m"false"[
39m
                    [33maria
-label[39m=[32m"Show 
filters"[39m
                    [33mclas
s[39m=[32m"filter-toggle-bu
tton"[39m
                    
[33mtitle[39m=[32m"Show 
filters"[39m
                    [33mtype
[39m=[32m"button"[39m
                  [36m>[39m
                    
[36m<span[39m
                      [33mcl
ass[39m=[32m"filter-toggle-
icon"[39m
                    
[36m>[39m
                      [0m
ƒöì[0m
                    
[36m</span>[39m
                  
[36m</button>[39m
                  
[36m<button[39m
                    [33maria
-label[39m=[32m"Sort by 
tracking"[39m
                    [33mclas
s[39m=[32m"sortable-header"
[39m
                    [33mtype
[39m=[32m"button"[39m
                  [36m>[39m
                    
[0mTracking[0m
                  
[36m</button>[39m
                
[36m</div>[39m
              [36m</th>[39m
              [36m<th[39m
                [33mclass[3
9m=[32m"col-notes"[39m
              [36m>[39m
                [0mNotes[0m
              [36m</th>[39m
              [36m<th[39m
                [33mclass[3
9m=[32m"col-times"[39m
              [36m>[39m
                
[36m<button[39m
                  [33maria-l
abel[39m=[32m"Sort by 
times"[39m
                  [33mclass
[39m=[32m"sortable-header"[
39m
                  [33mtype[
39m=[32m"button"[39m
                [36m>[39m
                  
[0mTimes[0m
                
[36m</button>[39m
              [36m</th>[39m
              [36m<th[39m
                [33mclass[3
9m=[32m"col-frequency"[39m
              [36m>[39m
                
[36m<button[39m
                  [33maria-l
abel[39m=[32m"Sort by 
frequency"[39m
                  [33mclass
[39m=[32m"sortable-header"[
39m
                  [33mtype[
39m=[32m"button"[39m
                [36m>[39m
                  
[0mFrequency[0m
                
[36m</button>[39m
              [36m</th>[39m
              [36m<th[39m
                [33mclass[3
9m=[32m"col-next-reminder"[
39m
              [36m>[39m
                
[36m<button[39m
                  [33maria-l
abel[39m=[32m"Sort by next 
reminder"[39m
                  [33mclass
[39m=[32m"sortable-header"[
39m
                  [33mtype[
39m=[32m"button"[39m
                [36m>[39m
                  [0mNext 
reminder[0m
                
[36m</button>[39m
              [36m</th>[39m
              [36m<th[39m
                [33mclass[3
9m=[32m"col-status"[39m
              [36m>[39m
                
[36m<button[39m
                  [33maria-l
abel[39m=[32m"Sort by 
status"[39m
                  [33mclass
[39m=[32m"sortable-header"[
39m
                  [33mtype[
39m=[32m"button"[39m
                [36m>[39m
                  
[0mStatus[0m
                
[36m</button>[39m
              [36m</th>[39m
              [36m<th[39m
                [33mclass[3
9m=[32m"col-actions"[39m
              [36m>[39m
                
[0mActions[0m
              [36m</th>[39m
            [36m</tr>[39m
          [36m</thead>[39m
          [36m<tbody>[39m
            [36m<tr[39m
              [33mclass[39m
=[32m"tracking-row"[39m
            [36m>[39m
              [36m<td[39m
                [33mclass[3
9m=[32m"cell-tracking"[39m
              [36m>[39m
                
[36m<button[39m
                  [33maria-l
abel[39m=[32m"Edit 
tracking: Did I 
exercise?"[39m
                  [33mclass
[39m=[32m"tracking-name-link
"[39m
                  
[33mtitle[39m=[32m"Did I 
exercise?. Click to 
edit"[39m
                  [33mtype[
39m=[32m"button"[39m
                [36m>[39m
                  [0mDid I 
exercise?[0m
                
[36m</button>[39m
              [36m</td>[39m
              [36m<td[39m
                [33mclass[3
9m=[32m"cell-notes"[39m
              [36m>[39m
                
[36m<span[39m
                  [33mclass
[39m=[32m"notes-empty"[39m
                [36m>[39m
                  [0mÔÇö[0m
                
[36m</span>[39m
              [36m</td>[39m
              [36m<td[39m
                [33mclass[3
9m=[32m"cell-times"[39m
                
[33mtitle[39m=[32m"No 
times"[39m
              [36m/>[39m
              [36m<td[39m
                [33mclass[3
9m=[32m"cell-frequency"[39m
                
[33mtitle[39m=[32m"No 
upcoming reminder"[39m
              [36m>[39m
                [0mMon, 
Wed, Fri[0m
              [36m</td>[39m
              [36m<td[39m
                [33mclass[3
9m=[32m"cell-next-reminder"
[39m
              [36m>[39m
                [0mÔÇö[0m
              [36m</td>[39m
              [36m<td[39m
                [33mclass[3
9m=[32m"cell-status"[39m
              [36m>[39m
                
[36m<span[39m
                  [33mclass
[39m=[32m"status-badge 
state-badge-running"[39m
                [36m>[39m
                  
[0mRunning[0m
                
[36m</span>[39m
              [36m</td>[39m
              [36m<td[39m
                [33mclass[3
9m=[32m"cell-actions"[39m
              [36m>[39m
                
[36m<div[39m
                  [33mclass
[39m=[32m"actions-container"
[39m
                [36m>[39m
                  
[36m<div[39m
                    [33mclas
s[39m=[32m"actions-buttons"
[39m
                  [36m>[39m
                    
[36m<button[39m
                      [33mar
ia-label[39m=[32m"Pause"[3
9m
                      [33mcl
ass[39m=[32m"action-button"
[39m
                      
[33mtitle[39m=[32m"Pause: 
Stops generating new 
reminders. Existing 
reminders remain 
active."[39m
                      [33mty
pe[39m=[32m"button"[39m
                    
[36m>[39m
                      
[0mÔÅ©´©Å[0m
                    
[36m</button>[39m
                    
[36m<button[39m
                      [33mar
ia-label[39m=[32m"Archive"
[39m
                      [33mcl
ass[39m=[32m"action-button"
[39m
                      [33mti
tle[39m=[32m"Archive: 
Moves tracking to archived 
state and stops all reminder 
generation. All pending and 
upcoming reminders will be 
deleted."[39m
                      [33mty
pe[39m=[32m"button"[39m
                    
[36m>[39m
                      [0m
ƒôª[0m
                    
[36m</button>[39m
                    
[36m<button[39m
                      [33mar
ia-label[39m=[32m"Delete"[
39m
                      [33mcl
ass[39m=[32m"action-button"
[39m
                      [33mti
tle[39m=[32m"Delete: 
Permanently removes this 
tracking and all its 
reminders. This action 
cannot be undone."[39m
                      [33mty
pe[39m=[32m"button"[39m
                    
[36m>[39m
                      [0m
ƒùæ´©Å[0m
                    
[36m</button>[39m
                  
[36m</div>[39m
                
[36m</div>[39m
              [36m</td>[39m
            [36m</tr>[39m
          [36m</tbody>[39m
        [36m</table>[39m
        [36m<div[39m
          [33mclass[39m=[3
2m"trackings-cards"[39m
        [36m>[39m
          [36m<div[39m
            [33mclass[39m=
[32m"tracking-card"[39m
          [36m>[39m
            [36m<div[39m
              [33mclass[39m
=[32m"tracking-card-header"
[39m
            [36m>[39m
              [36m<div[39m
                [33mclass[3
9m=[32m"tracking-card-title"
[39m
              [36m>[39m
                [36m<h3[39m
                  [33mclass
[39m=[32m"tracking-card-ques
tion"[39m
                [36m>[39m
                  [0mDid I 
exercise?[0m
                
[36m</h3>[39m
                
[36m<div[39m
                  [33mclass
[39m=[32m"tracking-card-time
s"[39m
                [36m/>[39m
              
[36m</div>[39m
            [36m</div>[39m
            [36m<div[39m
              [33mclass[39m
=[32m"tracking-card-body"[3
9m
            [36m>[39m
              [36m<div[39m
                [33mclass[3
9m=[32m"tracking-card-row"[
39m
              [36m>[39m
                
[36m<span[39m
                  [33mclass
[39m=[32m"tracking-card-labe
l"[39m
                [36m>[39m
                  
[0mFrequency[0m
                
[36m</span>[39m
                
[36m<span[39m
                  [33mclass
[39m=[32m"tracking-card-valu
e"[39m
                [36m>[39m
                  [0mMon, 
Wed, Fri[0m
                
[36m</span>[39m
              
[36m</div>[39m
            [36m</div>[39m
            [36m<div[39m
              [33mclass[39m
=[32m"tracking-card-footer"
[39m
            [36m>[39m
              [36m<div[39m
                [33mclass[3
9m=[32m"tracking-card-status
"[39m
              [36m>[39m
                
[36m<span[39m
                  [33mclass
[39m=[32m"status-badge 
state-badge-running"[39m
                [36m>[39m
                  
[0mRunning[0m
                
[36m</span>[39m
              
[36m</div>[39m
              [36m<div[39m
                [33mclass[3
9m=[32m"tracking-card-action
s"[39m
              [36m>[39m
                
[36m<button[39m
                  [33maria-l
abel[39m=[32m"Edit 
tracking"[39m
                  [33mclass
[39m=[32m"action-button"[39
m
                  
[33mtitle[39m=[32m"Edit 
tracking"[39m
                  [33mtype[
39m=[32m"button"[39m
                [36m>[39m
                  
[0mÔ£Å´©Å[0m
                
[36m</button>[39m
              
[36m</div>[39m
            [36m</div>[39m
          [36m</div>[39m
        [36m</div>[39m
      [36m</div>[39m
    [36m</div>[39m
  [36m</div>[39m
[36m</body>[39m
[90m [2mÔØ»[22m 
Object.getElementError node_m
odules/@testing-library/react
/node_modules/@testing-librar
y/dom/dist/config.js:[2m37:1
9[22m[39m
[90m [2mÔØ»[22m 
getElementError node_modules/
@testing-library/react/node_m
odules/@testing-library/dom/d
ist/query-helpers.js:[2m20:3
5[22m[39m
[90m [2mÔØ»[22m getMultipl
eElementsFoundError node_modu
les/@testing-library/react/no
de_modules/@testing-library/d
om/dist/query-helpers.js:[2m
23:10[22m[39m
[90m [2mÔØ»[22m node_modul
es/@testing-library/react/nod
e_modules/@testing-library/do
m/dist/query-helpers.js:[2m5
5:13[22m[39m
[90m [2mÔØ»[22m node_modul
es/@testing-library/react/nod
e_modules/@testing-library/do
m/dist/query-helpers.js:[2m9
5:19[22m[39m
[36m [2mÔØ»[22m frontend/s
rc/components/__tests__/Track
ingsList.test.tsx:[2m446:38
[22m[39m
    [90m444| [39m        
)[33m;[39m
    [90m445| [39m
    [90m446| [39m        
[35mconst[39m 
frequencyCell [33m=[39m scr
een[33m.[39m[34mgetByText
[39m([32m"Mon, Wed, 
Fri"[39m)[33m;[39m
    [90m   | [39m          
                           
[31m^[39m
    [90m447| [39m        ex
pect(frequencyCell).toHaveAtt
ribute("title", "No upcoming 
reÔÇª
    [90m448| [39m    
})[33m;[39m

[31m[2mÔÄ»ÔÄ»ÔÄ»ÔÄ»ÔÄ»ÔÄ»ÔÄ
»ÔÄ»ÔÄ»ÔÄ»ÔÄ»ÔÄ»ÔÄ»ÔÄ»ÔÄ»ÔÄ»Ô
Ä»ÔÄ»ÔÄ»ÔÄ»ÔÄ»ÔÄ»[29/50]ÔÄ»[
22m[39m

[41m[1m FAIL [22m[49m fro
ntend/src/components/__tests_
_/TrackingsList.test.tsx[2m 
> [22mTrackingsList[2m > 
[22mshould display table 
headers
[31m[1mTestingLibraryElemen
tError[22m[39m: Found 
multiple elements with the 
text: Frequency

Here are the matching 
elements:

Ignored nodes: comments, 
script, style
[36m<button[39m
  [33maria-label[39m=[32m"
Sort by frequency"[39m
  [33mclass[39m=[32m"sorta
ble-header"[39m
  [33mtype[39m=[32m"button
"[39m
[36m>[39m
  [0mFrequency[0m
[36m</button>[39m

Ignored nodes: comments, 
script, style
[36m<span[39m
  [33mclass[39m=[32m"track
ing-card-label"[39m
[36m>[39m
  [0mFrequency[0m
[36m</span>[39m

(If this is intentional, 
then use the `*AllBy*` 
variant of the query (like 
`queryAllByText`, 
`getAllByText`, or 
`findAllByText`)).

Ignored nodes: comments, 
script, style
[36m<body>[39m
  [36m<div>[39m
    [36m<div[39m
      [33mclass[39m=[32m"t
rackings-list"[39m
    [36m>[39m
      [36m<div[39m
        [33mclass[39m=[32m
"trackings-list-content"[39m
      [36m>[39m
        [36m<table[39m
          [33mclass[39m=[3
2m"trackings-table"[39m
        [36m>[39m
          [36m<thead>[39m
            [36m<tr>[39m
              [36m<th[39m
                [33mclass[3
9m=[32m"col-tracking"[39m
              [36m>[39m
                
[36m<div[39m
                  [33mclass
[39m=[32m"header-with-filter
"[39m
                [36m>[39m
                  
[36m<button[39m
                    [33maria
-expanded[39m=[32m"false"[
39m
                    [33maria
-label[39m=[32m"Show 
filters"[39m
                    [33mclas
s[39m=[32m"filter-toggle-bu
tton"[39m
                    
[33mtitle[39m=[32m"Show 
filters"[39m
                    [33mtype
[39m=[32m"button"[39m
                  [36m>[39m
                    
[36m<span[39m
                      [33mcl
ass[39m=[32m"filter-toggle-
icon"[39m
                    
[36m>[39m
                      [0m
ƒöì[0m
                    
[36m</span>[39m
                  
[36m</button>[39m
                  
[36m<button[39m
                    [33maria
-label[39m=[32m"Sort by 
tracking"[39m
                    [33mclas
s[39m=[32m"sortable-header"
[39m
                    [33mtype
[39m=[32m"button"[39m
                  [36m>[39m
                    
[0mTracking[0m
                  
[36m</button>[39m
                
[36m</div>[39m
              [36m</th>[39m
              [36m<th[39m
                [33mclass[3
9m=[32m"col-notes"[39m
              [36m>[39m
                [0mNotes[0m
              [36m</th>[39m
              [36m<th[39m
                [33mclass[3
9m=[32m"col-times"[39m
              [36m>[39m
                
[36m<button[39m
                  [33maria-l
abel[39m=[32m"Sort by 
times"[39m
                  [33mclass
[39m=[32m"sortable-header"[
39m
                  [33mtype[
39m=[32m"button"[39m
                [36m>[39m
                  
[0mTimes[0m
                
[36m</button>[39m
              [36m</th>[39m
              [36m<th[39m
                [33mclass[3
9m=[32m"col-frequency"[39m
              [36m>[39m
                
[36m<button[39m
                  [33maria-l
abel[39m=[32m"Sort by 
frequency"[39m
                  [33mclass
[39m=[32m"sortable-header"[
39m
                  [33mtype[
39m=[32m"button"[39m
                [36m>[39m
                  
[0mFrequency[0m
                
[36m</button>[39m
              [36m</th>[39m
              [36m<th[39m
                [33mclass[3
9m=[32m"col-next-reminder"[
39m
              [36m>[39m
                
[36m<button[39m
                  [33maria-l
abel[39m=[32m"Sort by next 
reminder"[39m
                  [33mclass
[39m=[32m"sortable-header"[
39m
                  [33mtype[
39m=[32m"button"[39m
                [36m>[39m
                  [0mNext 
reminder[0m
                
[36m</button>[39m
              [36m</th>[39m
              [36m<th[39m
                [33mclass[3
9m=[32m"col-status"[39m
              [36m>[39m
                
[36m<button[39m
                  [33maria-l
abel[39m=[32m"Sort by 
status"[39m
                  [33mclass
[39m=[32m"sortable-header"[
39m
                  [33mtype[
39m=[32m"button"[39m
                [36m>[39m
                  
[0mStatus[0m
                
[36m</button>[39m
              [36m</th>[39m
              [36m<th[39m
                [33mclass[3
9m=[32m"col-actions"[39m
              [36m>[39m
                
[0mActions[0m
              [36m</th>[39m
            [36m</tr>[39m
          [36m</thead>[39m
          [36m<tbody>[39m
            [36m<tr[39m
              [33mclass[39m
=[32m"tracking-row"[39m
            [36m>[39m
              [36m<td[39m
                [33mclass[3
9m=[32m"cell-tracking"[39m
              [36m>[39m
                
[36m<button[39m
                  [33maria-l
abel[39m=[32m"Edit 
tracking: Did I 
exercise?"[39m
                  [33mclass
[39m=[32m"tracking-name-link
"[39m
                  
[33mtitle[39m=[32m"Did I 
exercise?. Click to 
edit"[39m
                  [33mtype[
39m=[32m"button"[39m
                [36m>[39m
                  [0mDid I 
exercise?[0m
                
[36m</button>[39m
              [36m</td>[39m
              [36m<td[39m
                [33mclass[3
9m=[32m"cell-notes"[39m
              [36m>[39m
                
[36m<span[39m
                  [33mclass
[39m=[32m"notes-empty"[39m
                [36m>[39m
                  [0mÔÇö[0m
                
[36m</span>[39m
              [36m</td>[39m
              [36m<td[39m
                [33mclass[3
9m=[32m"cell-times"[39m
                
[33mtitle[39m=[32m"No 
times"[39m
              [36m/>[39m
              [36m<td[39m
                [33mclass[3
9m=[32m"cell-frequency"[39m
                
[33mtitle[39m=[32m"No 
upcoming reminder"[39m
              [36m>[39m
                [0mDaily[0m
              [36m</td>[39m
              [36m<td[39m
                [33mclass[3
9m=[32m"cell-next-reminder"
[39m
              [36m>[39m
                [0mÔÇö[0m
              [36m</td>[39m
              [36m<td[39m
                [33mclass[3
9m=[32m"cell-status"[39m
              [36m>[39m
                
[36m<span[39m
                  [33mclass
[39m=[32m"status-badge 
state-badge-running"[39m
                [36m>[39m
                  
[0mRunning[0m
                
[36m</span>[39m
              [36m</td>[39m
              [36m<td[39m
                [33mclass[3
9m=[32m"cell-actions"[39m
              [36m>[39m
                
[36m<div[39m
                  [33mclass
[39m=[32m"actions-container"
[39m
                [36m>[39m
                  
[36m<div[39m
                    [33mclas
s[39m=[32m"actions-buttons"
[39m
                  [36m>[39m
                    
[36m<button[39m
                      [33mar
ia-label[39m=[32m"Pause"[3
9m
                      [33mcl
ass[39m=[32m"action-button"
[39m
                      
[33mtitle[39m=[32m"Pause: 
Stops generating new 
reminders. Existing 
reminders remain 
active."[39m
                      [33mty
pe[39m=[32m"button"[39m
                    
[36m>[39m
                      
[0mÔÅ©´©Å[0m
                    
[36m</button>[39m
                    
[36m<button[39m
                      [33mar
ia-label[39m=[32m"Archive"
[39m
                      [33mcl
ass[39m=[32m"action-button"
[39m
                      [33mti
tle[39m=[32m"Archive: 
Moves tracking to archived 
state and stops all reminder 
generation. All pending and 
upcoming reminders will be 
deleted."[39m
                      [33mty
pe[39m=[32m"button"[39m
                    
[36m>[39m
                      [0m
ƒôª[0m
                    
[36m</button>[39m
                    
[36m<button[39m
                      [33mar
ia-label[39m=[32m"Delete"[
39m
                      [33mcl
ass[39m=[32m"action-button"
[39m
                      [33mti
tle[39m=[32m"Delete: 
Permanently removes this 
tracking and all its 
reminders. This action 
cannot be undone."[39m
                      [33mty
pe[39m=[32m"button"[39m
                    
[36m>[39m
                      [0m
ƒùæ´©Å[0m
                    
[36m</button>[39m
                  
[36m</div>[39m
                
[36m</div>[39m
              [36m</td>[39m
            [36m</tr>[39m
          [36m</tbody>[39m
        [36m</table>[39m
        [36m<div[39m
          [33mclass[39m=[3
2m"trackings-cards"[39m
        [36m>[39m
          [36m<div[39m
            [33mclass[39m=
[32m"tracking-card"[39m
          [36m>[39m
            [36m<div[39m
              [33mclass[39m
=[32m"tracking-card-header"
[39m
            [36m>[39m
              [36m<div[39m
                [33mclass[3
9m=[32m"tracking-card-title"
[39m
              [36m>[39m
                [36m<h3[39m
                  [33mclass
[39m=[32m"tracking-card-ques
tion"[39m
                [36m>[39m
                  [0mDid I 
exercise?[0m
                
[36m</h3>[39m
                
[36m<div[39m
                  [33mclass
[39m=[32m"tracking-card-time
s"[39m
                [36m/>[39m
              
[36m</div>[39m
            [36m</div>[39m
            [36m<div[39m
              [33mclass[39m
=[32m"tracking-card-body"[3
9m
            [36m>[39m
              [36m<div[39m
                [33mclass[3
9m=[32m"tracking-card-row"[
39m
              [36m>[39m
                
[36m<span[39m
                  [33mclass
[39m=[32m"tracking-card-labe
l"[39m
                [36m>[39m
                  
[0mFrequency[0m
                
[36m</span>[39m
                
[36m<span[39m
                  [33mclass
[39m=[32m"tracking-card-valu
e"[39m
                [36m>[39m
                  
[0mDaily[0m
                
[36m</span>[39m
              
[36m</div>[39m
            [36m</div>[39m
            [36m<div[39m
              [33mclass[39m
=[32m"tracking-card-footer"
[39m
            [36m>[39m
              [36m<div[39m
                [33mclass[3
9m=[32m"tracking-card-status
"[39m
              [36m>[39m
                
[36m<span[39m
                  [33mclass
[39m=[32m"status-badge 
state-badge-running"[39m
                [36m>[39m
                  
[0mRunning[0m
                
[36m</span>[39m
              
[36m</div>[39m
              [36m<div[39m
                [33mclass[3
9m=[32m"tracking-card-action
s"[39m
              [36m>[39m
                
[36m<button[39m
                  [33maria-l
abel[39m=[32m"Edit 
tracking"[39m
                  [33mclass
[39m=[32m"action-button"[39
m
                  
[33mtitle[39m=[32m"Edit 
tracking"[39m
                  [33mtype[
39m=[32m"button"[39m
                [36m>[39m
                  
[0mÔ£Å´©Å[0m
                
[36m</button>[39m
              
[36m</div>[39m
            [36m</div>[39m
          [36m</div>[39m
        [36m</div>[39m
      [36m</div>[39m
    [36m</div>[39m
  [36m</div>[39m
[36m</body>[39m
[90m [2mÔØ»[22m 
Object.getElementError node_m
odules/@testing-library/react
/node_modules/@testing-librar
y/dom/dist/config.js:[2m37:1
9[22m[39m
[90m [2mÔØ»[22m 
getElementError node_modules/
@testing-library/react/node_m
odules/@testing-library/dom/d
ist/query-helpers.js:[2m20:3
5[22m[39m
[90m [2mÔØ»[22m getMultipl
eElementsFoundError node_modu
les/@testing-library/react/no
de_modules/@testing-library/d
om/dist/query-helpers.js:[2m
23:10[22m[39m
[90m [2mÔØ»[22m node_modul
es/@testing-library/react/nod
e_modules/@testing-library/do
m/dist/query-helpers.js:[2m5
5:13[22m[39m
[90m [2mÔØ»[22m node_modul
es/@testing-library/react/nod
e_modules/@testing-library/do
m/dist/query-helpers.js:[2m9
5:19[22m[39m
[36m [2mÔØ»[22m frontend/s
rc/components/__tests__/Track
ingsList.test.tsx:[2m468:23
[22m[39m
    [90m466| [39m        [
34mexpect[39m(screen[33m.[
39m[34mgetByText[39m([32m"
Tracking"[39m))[33m.[39m[
34mtoBeInTheDocument[39m()[
33m;[39m
    [90m467| [39m        [
34mexpect[39m(screen[33m.[
39m[34mgetByText[39m([32m"
Times"[39m))[33m.[39m[34m
toBeInTheDocument[39m()[33m
;[39m
    [90m468| [39m        [
34mexpect[39m(screen[33m.[
39m[34mgetByText[39m([32m"
Frequency"[39m))[33m.[39m
[34mtoBeInTheDocument[39m()
[33m;[39m
    [90m   | [39m          
            [31m^[39m
    [90m469| [39m        [
34mexpect[39m(screen[33m.[
39m[34mgetByText[39m([32m"
Notes"[39m))[33m.[39m[34m
toBeInTheDocument[39m()[33m
;[39m
    [90m470| [39m        [
34mexpect[39m(screen[33m.[
39m[34mgetByText[39m([32m"
Next reminder"[39m))[33m.[
39m[34mtoBeInTheDocument[39
m()[33m;[39m

[31m[2mÔÄ»ÔÄ»ÔÄ»ÔÄ»ÔÄ»ÔÄ»ÔÄ
»ÔÄ»ÔÄ»ÔÄ»ÔÄ»ÔÄ»ÔÄ»ÔÄ»ÔÄ»ÔÄ»Ô
Ä»ÔÄ»ÔÄ»ÔÄ»ÔÄ»ÔÄ»[30/50]ÔÄ»[
22m[39m

[41m[1m FAIL [22m[49m fro
ntend/src/components/__tests_
_/TrackingsList.test.tsx[2m 
> [22mTrackingsList[2m > 
[22mshould handle trackings 
with all fields populated
[31m[1mTestingLibraryElemen
tError[22m[39m: Found 
multiple elements with the 
text: ƒÅï´©Å

Here are the matching 
elements:

Ignored nodes: comments, 
script, style
[36m<span[39m
  [33mclass[39m=[32m"track
ing-icon"[39m
[36m>[39m
  [0m­ƒÅï´©Å[0m
[36m</span>[39m

Ignored nodes: comments, 
script, style
[36m<div[39m
  [33mclass[39m=[32m"track
ing-card-icon"[39m
[36m>[39m
  [0m­ƒÅï´©Å[0m
[36m</div>[39m

(If this is intentional, 
then use the `*AllBy*` 
variant of the query (like 
`queryAllByText`, 
`getAllByText`, or 
`findAllByText`)).

Ignored nodes: comments, 
script, style
[36m<body>[39m
  [36m<div>[39m
    [36m<div[39m
      [33mclass[39m=[32m"t
rackings-list"[39m
    [36m>[39m
      [36m<div[39m
        [33mclass[39m=[32m
"trackings-list-content"[39m
      [36m>[39m
        [36m<table[39m
          [33mclass[39m=[3
2m"trackings-table"[39m
        [36m>[39m
          [36m<thead>[39m
            [36m<tr>[39m
              [36m<th[39m
                [33mclass[3
9m=[32m"col-tracking"[39m
              [36m>[39m
                
[36m<div[39m
                  [33mclass
[39m=[32m"header-with-filter
"[39m
                [36m>[39m
                  
[36m<button[39m
                    [33maria
-expanded[39m=[32m"false"[
39m
                    [33maria
-label[39m=[32m"Show 
filters"[39m
                    [33mclas
s[39m=[32m"filter-toggle-bu
tton"[39m
                    
[33mtitle[39m=[32m"Show 
filters"[39m
                    [33mtype
[39m=[32m"button"[39m
                  [36m>[39m
                    
[36m<span[39m
                      [33mcl
ass[39m=[32m"filter-toggle-
icon"[39m
                    
[36m>[39m
                      [0m
ƒöì[0m
                    
[36m</span>[39m
                  
[36m</button>[39m
                  
[36m<button[39m
                    [33maria
-label[39m=[32m"Sort by 
tracking"[39m
                    [33mclas
s[39m=[32m"sortable-header"
[39m
                    [33mtype
[39m=[32m"button"[39m
                  [36m>[39m
                    
[0mTracking[0m
                  
[36m</button>[39m
                
[36m</div>[39m
              [36m</th>[39m
              [36m<th[39m
                [33mclass[3
9m=[32m"col-notes"[39m
              [36m>[39m
                [0mNotes[0m
              [36m</th>[39m
              [36m<th[39m
                [33mclass[3
9m=[32m"col-times"[39m
              [36m>[39m
                
[36m<button[39m
                  [33maria-l
abel[39m=[32m"Sort by 
times"[39m
                  [33mclass
[39m=[32m"sortable-header"[
39m
                  [33mtype[
39m=[32m"button"[39m
                [36m>[39m
                  
[0mTimes[0m
                
[36m</button>[39m
              [36m</th>[39m
              [36m<th[39m
                [33mclass[3
9m=[32m"col-frequency"[39m
              [36m>[39m
                
[36m<button[39m
                  [33maria-l
abel[39m=[32m"Sort by 
frequency"[39m
                  [33mclass
[39m=[32m"sortable-header"[
39m
                  [33mtype[
39m=[32m"button"[39m
                [36m>[39m
                  
[0mFrequency[0m
                
[36m</button>[39m
              [36m</th>[39m
              [36m<th[39m
                [33mclass[3
9m=[32m"col-next-reminder"[
39m
              [36m>[39m
                
[36m<button[39m
                  [33maria-l
abel[39m=[32m"Sort by next 
reminder"[39m
                  [33mclass
[39m=[32m"sortable-header"[
39m
                  [33mtype[
39m=[32m"button"[39m
                [36m>[39m
                  [0mNext 
reminder[0m
                
[36m</button>[39m
              [36m</th>[39m
              [36m<th[39m
                [33mclass[3
9m=[32m"col-status"[39m
              [36m>[39m
                
[36m<button[39m
                  [33maria-l
abel[39m=[32m"Sort by 
status"[39m
                  [33mclass
[39m=[32m"sortable-header"[
39m
                  [33mtype[
39m=[32m"button"[39m
                [36m>[39m
                  
[0mStatus[0m
                
[36m</button>[39m
              [36m</th>[39m
              [36m<th[39m
                [33mclass[3
9m=[32m"col-actions"[39m
              [36m>[39m
                
[0mActions[0m
              [36m</th>[39m
            [36m</tr>[39m
          [36m</thead>[39m
          [36m<tbody>[39m
            [36m<tr[39m
              [33mclass[39m
=[32m"tracking-row"[39m
            [36m>[39m
              [36m<td[39m
                [33mclass[3
9m=[32m"cell-tracking"[39m
              [36m>[39m
                
[36m<span[39m
                  [33mclass
[39m=[32m"tracking-icon"[39
m
                [36m>[39m
                  [0m
ƒÅï´©Å[0m
                
[36m</span>[39m
                
[36m<button[39m
                  [33maria-l
abel[39m=[32m"Edit 
tracking: Did I exercise 
today?"[39m
                  [33mclass
[39m=[32m"tracking-name-link
"[39m
                  
[33mtitle[39m=[32m"Did I 
exercise today?. Click to 
edit"[39m
                  [33mtype[
39m=[32m"button"[39m
                [36m>[39m
                  [0mDid I 
exercise today?[0m
                
[36m</button>[39m
              [36m</td>[39m
              [36m<td[39m
                [33mclass[3
9m=[32m"cell-notes"[39m
              [36m>[39m
                
[36m<span[39m
                  [33maria-l
abel[39m=[32m"Notes: 
<p>Exercise notes</p>"[39m
                  [33mclass
[39m=[32m"notes-icon"[39m
                  [33mtitle
[39m=[32m"<p>Exercise 
notes</p>"[39m
                [36m>[39m
                  [0mƒôØ[0m
                
[36m</span>[39m
              [36m</td>[39m
              [36m<td[39m
                [33mclass[3
9m=[32m"cell-times"[39m
                
[33mtitle[39m=[32m"09:00, 
18:30"[39m
              [36m>[39m
                [0m09:00 
+1[0m
              [36m</td>[39m
              [36m<td[39m
                [33mclass[3
9m=[32m"cell-frequency"[39m
                
[33mtitle[39m=[32m"No 
upcoming reminder"[39m
              [36m>[39m
                [0mMon, 
Wed, Fri[0m
              [36m</td>[39m
              [36m<td[39m
                [33mclass[3
9m=[32m"cell-next-reminder"
[39m
              [36m>[39m
                [0mÔÇö[0m
              [36m</td>[39m
              [36m<td[39m
                [33mclass[3
9m=[32m"cell-status"[39m
              [36m>[39m
                
[36m<span[39m
                  [33mclass
[39m=[32m"status-badge 
state-badge-running"[39m
                [36m>[39m
                  
[0mRunning[0m
                
[36m</span>[39m
              [36m</td>[39m
              [36m<td[39m
                [33mclass[3
9m=[32m"cell-actions"[39m
              [36m>[39m
                
[36m<div[39m
                  [33mclass
[39m=[32m"actions-container"
[39m
                [36m>[39m
                  
[36m<div[39m
                    [33mclas
s[39m=[32m"actions-buttons"
[39m
                  [36m>[39m
                    
[36m<button[39m
                      [33mar
ia-label[39m=[32m"Pause"[3
9m
                      [33mcl
ass[39m=[32m"action-button"
[39m
                      
[33mtitle[39m=[32m"Pause: 
Stops generating new 
reminders. Existing 
reminders remain 
active."[39m
                      [33mty
pe[39m=[32m"button"[39m
                    
[36m>[39m
                      
[0mÔÅ©´©Å[0m
                    
[36m</button>[39m
                    
[36m<button[39m
                      [33mar
ia-label[39m=[32m"Archive"
[39m
                      [33mcl
ass[39m=[32m"action-button"
[39m
                      [33mti
tle[39m=[32m"Archive: 
Moves tracking to archived 
state and stops all reminder 
generation. All pending and 
upcoming reminders will be 
deleted."[39m
                      [33mty
pe[39m=[32m"button"[39m
                    
[36m>[39m
                      [0m
ƒôª[0m
                    
[36m</button>[39m
                    
[36m<button[39m
                      [33mar
ia-label[39m=[32m"Delete"[
39m
                      [33mcl
ass[39m=[32m"action-button"
[39m
                      [33mti
tle[39m=[32m"Delete: 
Permanently removes this 
tracking and all its 
reminders. This action 
cannot be undone."[39m
                      [33mty
pe[39m=[32m"button"[39m
                    
[36m>[39m
                      [0m
ƒùæ´©Å[0m
                    
[36m</button>[39m
                  
[36m</div>[39m
                
[36m</div>[39m
              [36m</td>[39m
            [36m</tr>[39m
          [36m</tbody>[39m
        [36m</table>[39m
        [36m<div[39m
          [33mclass[39m=[3
2m"trackings-cards"[39m
        [36m>[39m
          [36m<div[39m
            [33mclass[39m=
[32m"tracking-card"[39m
          [36m>[39m
            [36m<div[39m
              [33mclass[39m
=[32m"tracking-card-header"
[39m
            [36m>[39m
              [36m<div[39m
                [33mclass[3
9m=[32m"tracking-card-icon"
[39m
              [36m>[39m
                [0m
ƒÅï´©Å[0m
              
[36m</div>[39m
              [36m<div[39m
                [33mclass[3
9m=[32m"tracking-card-title"
[39m
              [36m>[39m
                [36m<h3[39m
                  [33mclass
[39m=[32m"tracking-card-ques
tion"[39m
                [36m>[39m
                  [0mDid I 
exercise today?[0m
                
[36m</h3>[39m
                
[36m<div[39m
                  [33mclass
[39m=[32m"tracking-card-time
s"[39m
                [36m>[39m
                  [0m09:00 
+1[0m
                
[36m</div>[39m
              
[36m</div>[39m
            [36m</div>[39m
            [36m<div[39m
              [33mclass[39m
=[32m"tracking-card-body"[3
9m
            [36m>[39m
              [36m<div[39m
                [33mclass[3
9m=[32m"tracking-card-row"[
39m
              [36m>[39m
                
[36m<span[39m
                  [33mclass
[39m=[32m"tracking-card-labe
l"[39m
                [36m>[39m
                  
[0mFrequency[0m
                
[36m</span>[39m
                
[36m<span[39m
                  [33mclass
[39m=[32m"tracking-card-valu
e"[39m
                [36m>[39m
                  [0mMon, 
Wed, Fri[0m
                
[36m</span>[39m
              
[36m</div>[39m
              [36m<div[39m
                [33mclass[3
9m=[32m"tracking-card-row"[
39m
              [36m>[39m
                
[36m<span[39m
                  [33mclass
[39m=[32m"tracking-card-labe
l"[39m
                [36m>[39m
                  
[0mNotes[0m
                
[36m</span>[39m
                
[36m<span[39m
                  [33mclass
[39m=[32m"tracking-card-valu
e"[39m
                [36m>[39m
                  [0mƒôØ[0m
                
[36m</span>[39m
              
[36m</div>[39m
            [36m</div>[39m
            [36m<div[39m
              [33mclass[39m
=[32m"tracking-card-footer"
[39m
            [36m>[39m
              [36m<div[39m
                [33mclass[3
9m=[32m"tracking-card-status
"[39m
              [36m>[39m
                
[36m<span[39m
                  [33mclass
[39m=[32m"status-badge 
state-badge-running"[39m
                [36m>[39m
                  
[0mRunning[0m
                
[36m</span>[39m
              
[36m</div>[39m
              [36m<div[39m
                [33mclass[3
9m=[32m"tracking-card-action
s"[39m
              [36m>[39m
                
[36m<button[39m
                  [33maria-l
abel[39m=[32m"Edit 
tracking"[39m
                  [33mclass
[39m=[32m"action-button"[39
m
                  
[33mtitle[39m=[32m"Edit 
tracking"[39m
                  [33mtype[
39m=[32m"button"[39m
                [36m>[39m
                  
[0mÔ£Å´©Å[0m
                
[36m</button>[39m
              
[36m</div>[39m
            [36m</div>[39m
          [36m</div>[39m
        [36m</div>[39m
      [36m</div>[39m
    [36m</div>[39m
  [36m</div>[39m
[36m</body>[39m
[90m [2mÔØ»[22m 
Object.getElementError node_m
odules/@testing-library/react
/node_modules/@testing-librar
y/dom/dist/config.js:[2m37:1
9[22m[39m
[90m [2mÔØ»[22m 
getElementError node_modules/
@testing-library/react/node_m
odules/@testing-library/dom/d
ist/query-helpers.js:[2m20:3
5[22m[39m
[90m [2mÔØ»[22m getMultipl
eElementsFoundError node_modu
les/@testing-library/react/no
de_modules/@testing-library/d
om/dist/query-helpers.js:[2m
23:10[22m[39m
[90m [2mÔØ»[22m node_modul
es/@testing-library/react/nod
e_modules/@testing-library/do
m/dist/query-helpers.js:[2m5
5:13[22m[39m
[90m [2mÔØ»[22m node_modul
es/@testing-library/react/nod
e_modules/@testing-library/do
m/dist/query-helpers.js:[2m9
5:19[22m[39m
[36m [2mÔØ»[22m frontend/s
rc/components/__tests__/Track
ingsList.test.tsx:[2m531:23
[22m[39m
    [90m529| [39m        
)[33m;[39m
    [90m530| [39m
    [90m531| [39m        [
34mexpect[39m(screen[33m.[
39m[34mgetByText[39m([32m"
ƒÅï´©Å"[39m))[33m.[39m[34
mtoBeInTheDocument[39m()[33
m;[39m
    [90m   | [39m          
            [31m^[39m
    [90m532| [39m        
expect(screen.getByText("Did 
I exercise 
today?")).toBeInTheDocÔÇª
    [90m533| [39m        
const trackingCell = 
screen.getByText("Did I 
exercise today?")ÔÇª

[31m[2mÔÄ»ÔÄ»ÔÄ»ÔÄ»ÔÄ»ÔÄ»ÔÄ
»ÔÄ»ÔÄ»ÔÄ»ÔÄ»ÔÄ»ÔÄ»ÔÄ»ÔÄ»ÔÄ»Ô
Ä»ÔÄ»ÔÄ»ÔÄ»ÔÄ»ÔÄ»[31/50]ÔÄ»[
22m[39m

[41m[1m FAIL [22m[49m fro
ntend/src/components/__tests_
_/TrackingsList.test.tsx[2m 
> [22mTrackingsList[2m > 
[22mshould display notes 
icon with tooltip when notes 
are present
[31m[1mTestingLibraryElemen
tError[22m[39m: Found 
multiple elements with the 
text: ƒôØ

Here are the matching 
elements:

Ignored nodes: comments, 
script, style
[36m<span[39m
  [33maria-label[39m=[32m"
Notes: Some exercise 
notes"[39m
  [33mclass[39m=[32m"notes
-icon"[39m
  [33mtitle[39m=[32m"Some 
exercise notes"[39m
[36m>[39m
  [0m­ƒôØ[0m
[36m</span>[39m

Ignored nodes: comments, 
script, style
[36m<span[39m
  [33mclass[39m=[32m"track
ing-card-value"[39m
[36m>[39m
  [0m­ƒôØ[0m
[36m</span>[39m

(If this is intentional, 
then use the `*AllBy*` 
variant of the query (like 
`queryAllByText`, 
`getAllByText`, or 
`findAllByText`)).

Ignored nodes: comments, 
script, style
[36m<body>[39m
  [36m<div>[39m
    [36m<div[39m
      [33mclass[39m=[32m"t
rackings-list"[39m
    [36m>[39m
      [36m<div[39m
        [33mclass[39m=[32m
"trackings-list-content"[39m
      [36m>[39m
        [36m<table[39m
          [33mclass[39m=[3
2m"trackings-table"[39m
        [36m>[39m
          [36m<thead>[39m
            [36m<tr>[39m
              [36m<th[39m
                [33mclass[3
9m=[32m"col-tracking"[39m
              [36m>[39m
                
[36m<div[39m
                  [33mclass
[39m=[32m"header-with-filter
"[39m
                [36m>[39m
                  
[36m<button[39m
                    [33maria
-expanded[39m=[32m"false"[
39m
                    [33maria
-label[39m=[32m"Show 
filters"[39m
                    [33mclas
s[39m=[32m"filter-toggle-bu
tton"[39m
                    
[33mtitle[39m=[32m"Show 
filters"[39m
                    [33mtype
[39m=[32m"button"[39m
                  [36m>[39m
                    
[36m<span[39m
                      [33mcl
ass[39m=[32m"filter-toggle-
icon"[39m
                    
[36m>[39m
                      [0m
ƒöì[0m
                    
[36m</span>[39m
                  
[36m</button>[39m
                  
[36m<button[39m
                    [33maria
-label[39m=[32m"Sort by 
tracking"[39m
                    [33mclas
s[39m=[32m"sortable-header"
[39m
                    [33mtype
[39m=[32m"button"[39m
                  [36m>[39m
                    
[0mTracking[0m
                  
[36m</button>[39m
                
[36m</div>[39m
              [36m</th>[39m
              [36m<th[39m
                [33mclass[3
9m=[32m"col-notes"[39m
              [36m>[39m
                [0mNotes[0m
              [36m</th>[39m
              [36m<th[39m
                [33mclass[3
9m=[32m"col-times"[39m
              [36m>[39m
                
[36m<button[39m
                  [33maria-l
abel[39m=[32m"Sort by 
times"[39m
                  [33mclass
[39m=[32m"sortable-header"[
39m
                  [33mtype[
39m=[32m"button"[39m
                [36m>[39m
                  
[0mTimes[0m
                
[36m</button>[39m
              [36m</th>[39m
              [36m<th[39m
                [33mclass[3
9m=[32m"col-frequency"[39m
              [36m>[39m
                
[36m<button[39m
                  [33maria-l
abel[39m=[32m"Sort by 
frequency"[39m
                  [33mclass
[39m=[32m"sortable-header"[
39m
                  [33mtype[
39m=[32m"button"[39m
                [36m>[39m
                  
[0mFrequency[0m
                
[36m</button>[39m
              [36m</th>[39m
              [36m<th[39m
                [33mclass[3
9m=[32m"col-next-reminder"[
39m
              [36m>[39m
                
[36m<button[39m
                  [33maria-l
abel[39m=[32m"Sort by next 
reminder"[39m
                  [33mclass
[39m=[32m"sortable-header"[
39m
                  [33mtype[
39m=[32m"button"[39m
                [36m>[39m
                  [0mNext 
reminder[0m
                
[36m</button>[39m
              [36m</th>[39m
              [36m<th[39m
                [33mclass[3
9m=[32m"col-status"[39m
              [36m>[39m
                
[36m<button[39m
                  [33maria-l
abel[39m=[32m"Sort by 
status"[39m
                  [33mclass
[39m=[32m"sortable-header"[
39m
                  [33mtype[
39m=[32m"button"[39m
                [36m>[39m
                  
[0mStatus[0m
                
[36m</button>[39m
              [36m</th>[39m
              [36m<th[39m
                [33mclass[3
9m=[32m"col-actions"[39m
              [36m>[39m
                
[0mActions[0m
              [36m</th>[39m
            [36m</tr>[39m
          [36m</thead>[39m
          [36m<tbody>[39m
            [36m<tr[39m
              [33mclass[39m
=[32m"tracking-row"[39m
            [36m>[39m
              [36m<td[39m
                [33mclass[3
9m=[32m"cell-tracking"[39m
              [36m>[39m
                
[36m<button[39m
                  [33maria-l
abel[39m=[32m"Edit 
tracking: Did I 
exercise?"[39m
                  [33mclass
[39m=[32m"tracking-name-link
"[39m
                  
[33mtitle[39m=[32m"Did I 
exercise?. Click to 
edit"[39m
                  [33mtype[
39m=[32m"button"[39m
                [36m>[39m
                  [0mDid I 
exercise?[0m
                
[36m</button>[39m
              [36m</td>[39m
              [36m<td[39m
                [33mclass[3
9m=[32m"cell-notes"[39m
              [36m>[39m
                
[36m<span[39m
                  [33maria-l
abel[39m=[32m"Notes: Some 
exercise notes"[39m
                  [33mclass
[39m=[32m"notes-icon"[39m
                  
[33mtitle[39m=[32m"Some 
exercise notes"[39m
                [36m>[39m
                  [0mƒôØ[0m
                
[36m</span>[39m
              [36m</td>[39m
              [36m<td[39m
                [33mclass[3
9m=[32m"cell-times"[39m
                
[33mtitle[39m=[32m"No 
times"[39m
              [36m/>[39m
              [36m<td[39m
                [33mclass[3
9m=[32m"cell-frequency"[39m
                
[33mtitle[39m=[32m"No 
upcoming reminder"[39m
              [36m>[39m
                [0mDaily[0m
              [36m</td>[39m
              [36m<td[39m
                [33mclass[3
9m=[32m"cell-next-reminder"
[39m
              [36m>[39m
                [0mÔÇö[0m
              [36m</td>[39m
              [36m<td[39m
                [33mclass[3
9m=[32m"cell-status"[39m
              [36m>[39m
                
[36m<span[39m
                  [33mclass
[39m=[32m"status-badge 
state-badge-running"[39m
                [36m>[39m
                  
[0mRunning[0m
                
[36m</span>[39m
              [36m</td>[39m
              [36m<td[39m
                [33mclass[3
9m=[32m"cell-actions"[39m
              [36m>[39m
                
[36m<div[39m
                  [33mclass
[39m=[32m"actions-container"
[39m
                [36m>[39m
                  
[36m<div[39m
                    [33mclas
s[39m=[32m"actions-buttons"
[39m
                  [36m>[39m
                    
[36m<button[39m
                      [33mar
ia-label[39m=[32m"Pause"[3
9m
                      [33mcl
ass[39m=[32m"action-button"
[39m
                      
[33mtitle[39m=[32m"Pause: 
Stops generating new 
reminders. Existing 
reminders remain 
active."[39m
                      [33mty
pe[39m=[32m"button"[39m
                    
[36m>[39m
                      
[0mÔÅ©´©Å[0m
                    
[36m</button>[39m
                    
[36m<button[39m
                      [33mar
ia-label[39m=[32m"Archive"
[39m
                      [33mcl
ass[39m=[32m"action-button"
[39m
                      [33mti
tle[39m=[32m"Archive: 
Moves tracking to archived 
state and stops all reminder 
generation. All pending and 
upcoming reminders will be 
deleted."[39m
                      [33mty
pe[39m=[32m"button"[39m
                    
[36m>[39m
                      [0m
ƒôª[0m
                    
[36m</button>[39m
                    
[36m<button[39m
                      [33mar
ia-label[39m=[32m"Delete"[
39m
                      [33mcl
ass[39m=[32m"action-button"
[39m
                      [33mti
tle[39m=[32m"Delete: 
Permanently removes this 
tracking and all its 
reminders. This action 
cannot be undone."[39m
                      [33mty
pe[39m=[32m"button"[39m
                    
[36m>[39m
                      [0m
ƒùæ´©Å[0m
                    
[36m</button>[39m
                  
[36m</div>[39m
                
[36m</div>[39m
              [36m</td>[39m
            [36m</tr>[39m
          [36m</tbody>[39m
        [36m</table>[39m
        [36m<div[39m
          [33mclass[39m=[3
2m"trackings-cards"[39m
        [36m>[39m
          [36m<div[39m
            [33mclass[39m=
[32m"tracking-card"[39m
          [36m>[39m
            [36m<div[39m
              [33mclass[39m
=[32m"tracking-card-header"
[39m
            [36m>[39m
              [36m<div[39m
                [33mclass[3
9m=[32m"tracking-card-title"
[39m
              [36m>[39m
                [36m<h3[39m
                  [33mclass
[39m=[32m"tracking-card-ques
tion"[39m
                [36m>[39m
                  [0mDid I 
exercise?[0m
                
[36m</h3>[39m
                
[36m<div[39m
                  [33mclass
[39m=[32m"tracking-card-time
s"[39m
                [36m/>[39m
              
[36m</div>[39m
            [36m</div>[39m
            [36m<div[39m
              [33mclass[39m
=[32m"tracking-card-body"[3
9m
            [36m>[39m
              [36m<div[39m
                [33mclass[3
9m=[32m"tracking-card-row"[
39m
              [36m>[39m
                
[36m<span[39m
                  [33mclass
[39m=[32m"tracking-card-labe
l"[39m
                [36m>[39m
                  
[0mFrequency[0m
                
[36m</span>[39m
                
[36m<span[39m
                  [33mclass
[39m=[32m"tracking-card-valu
e"[39m
                [36m>[39m
                  
[0mDaily[0m
                
[36m</span>[39m
              
[36m</div>[39m
              [36m<div[39m
                [33mclass[3
9m=[32m"tracking-card-row"[
39m
              [36m>[39m
                
[36m<span[39m
                  [33mclass
[39m=[32m"tracking-card-labe
l"[39m
                [36m>[39m
                  
[0mNotes[0m
                
[36m</span>[39m
                
[36m<span[39m
                  [33mclass
[39m=[32m"tracking-card-valu
e"[39m
                [36m>[39m
                  [0mƒôØ[0m
                
[36m</span>[39m
              
[36m</div>[39m
            [36m</div>[39m
            [36m<div[39m
              [33mclass[39m
=[32m"tracking-card-footer"
[39m
            [36m>[39m
              [36m<div[39m
                [33mclass[3
9m=[32m"tracking-card-status
"[39m
              [36m>[39m
                
[36m<span[39m
                  [33mclass
[39m=[32m"status-badge 
state-badge-running"[39m
                [36m>[39m
                  
[0mRunning[0m
                
[36m</span>[39m
              
[36m</div>[39m
              [36m<div[39m
                [33mclass[3
9m=[32m"tracking-card-action
s"[39m
              [36m>[39m
                
[36m<button[39m
                  [33maria-l
abel[39m=[32m"Edit 
tracking"[39m
                  [33mclass
[39m=[32m"action-button"[39
m
                  
[33mtitle[39m=[32m"Edit 
tracking"[39m
                  [33mtype[
39m=[32m"button"[39m
                [36m>[39m
                  
[0mÔ£Å´©Å[0m
                
[36m</button>[39m
              
[36m</div>[39m
            [36m</div>[39m
          [36m</div>[39m
        [36m</div>[39m
      [36m</div>[39m
    [36m</div>[39m
  [36m</div>[39m
[36m</body>[39m
[90m [2mÔØ»[22m 
Object.getElementError node_m
odules/@testing-library/react
/node_modules/@testing-librar
y/dom/dist/config.js:[2m37:1
9[22m[39m
[90m [2mÔØ»[22m 
getElementError node_modules/
@testing-library/react/node_m
odules/@testing-library/dom/d
ist/query-helpers.js:[2m20:3
5[22m[39m
[90m [2mÔØ»[22m getMultipl
eElementsFoundError node_modu
les/@testing-library/react/no
de_modules/@testing-library/d
om/dist/query-helpers.js:[2m
23:10[22m[39m
[90m [2mÔØ»[22m node_modul
es/@testing-library/react/nod
e_modules/@testing-library/do
m/dist/query-helpers.js:[2m5
5:13[22m[39m
[90m [2mÔØ»[22m node_modul
es/@testing-library/react/nod
e_modules/@testing-library/do
m/dist/query-helpers.js:[2m9
5:19[22m[39m
[36m [2mÔØ»[22m frontend/s
rc/components/__tests__/Track
ingsList.test.tsx:[2m561:34
[22m[39m
    [90m559| [39m        
)[33m;[39m
    [90m560| [39m
    [90m561| [39m        
[35mconst[39m notesIcon 
[33m=[39m screen[33m.[39m
[34mgetByText[39m([32m"
ƒôØ"[39m)[33m;[39m
    [90m   | [39m          
                       
[31m^[39m
    [90m562| [39m        [
34mexpect[39m(notesIcon)[33
m.[39m[34mtoBeInTheDocument
[39m()[33m;[39m
    [90m563| [39m        ex
pect(notesIcon).toHaveAttribu
te("title", "Some exercise 
noteÔÇª

[31m[2mÔÄ»ÔÄ»ÔÄ»ÔÄ»ÔÄ»ÔÄ»ÔÄ
»ÔÄ»ÔÄ»ÔÄ»ÔÄ»ÔÄ»ÔÄ»ÔÄ»ÔÄ»ÔÄ»Ô
Ä»ÔÄ»ÔÄ»ÔÄ»ÔÄ»ÔÄ»[32/50]ÔÄ»[
22m[39m

[41m[1m FAIL [22m[49m fro
ntend/src/components/__tests_
_/TrackingsList.test.tsx[2m 
> [22mTrackingsList[2m > 
[22mshould display dash 
when notes are empty or 
undefined
[31m[1mError[22m: [2mexpe
ct([22m[31melement[31m[2m
).not.toBeInTheDocument()[22
m

[31mexpected document not 
to contain element, found 
<span
  class="tracking-card-value"
>
  ­ƒôØ
</span> instead[31m[39m
[36m [2mÔØ»[22m frontend/s
rc/components/__tests__/Track
ingsList.test.tsx:[2m599:46
[22m[39m
    [90m597| [39m        [
34mexpect[39m(emptyNotes[33
m.[39mlength)[33m.[39m[34
mtoBeGreaterThanOrEqual[39m(
[34m3[39m)[33m;[39m
    [90m598| [39m        
[90m// Should not display 
notes icon[39m
    [90m599| [39m        [
34mexpect[39m(screen[33m.[
39m[34mqueryByText[39m([32
m"ƒôØ"[39m))[33m.[39mnot[
33m.[39m[34mtoBeInTheDocume
nt[39m()[33m;[39m
    [90m   | [39m          
                             
      [31m^[39m
    [90m600| [39m    
})[33m;[39m
    [90m601| [39m

[31m[2mÔÄ»ÔÄ»ÔÄ»ÔÄ»ÔÄ»ÔÄ»ÔÄ
»ÔÄ»ÔÄ»ÔÄ»ÔÄ»ÔÄ»ÔÄ»ÔÄ»ÔÄ»ÔÄ»Ô
Ä»ÔÄ»ÔÄ»ÔÄ»ÔÄ»ÔÄ»[33/50]ÔÄ»[
22m[39m

[41m[1m FAIL [22m[49m fro
ntend/src/components/__tests_
_/TrackingsList.test.tsx[2m 
> [22mTrackingsList[2m > 
[22mshould handle trackings 
with no schedules
[31m[1mTestingLibraryElemen
tError[22m[39m: Found 
multiple elements with the 
text: Did I exercise?

Here are the matching 
elements:

Ignored nodes: comments, 
script, style
[36m<button[39m
  [33maria-label[39m=[32m"
Edit tracking: Did I 
exercise?"[39m
  [33mclass[39m=[32m"track
ing-name-link"[39m
  [33mtitle[39m=[32m"Did 
I exercise?. Click to 
edit"[39m
  [33mtype[39m=[32m"button
"[39m
[36m>[39m
  [0mDid I exercise?[0m
[36m</button>[39m

Ignored nodes: comments, 
script, style
[36m<h3[39m
  [33mclass[39m=[32m"track
ing-card-question"[39m
[36m>[39m
  [0mDid I exercise?[0m
[36m</h3>[39m

(If this is intentional, 
then use the `*AllBy*` 
variant of the query (like 
`queryAllByText`, 
`getAllByText`, or 
`findAllByText`)).

Ignored nodes: comments, 
script, style
[36m<body>[39m
  [36m<div>[39m
    [36m<div[39m
      [33mclass[39m=[32m"t
rackings-list"[39m
    [36m>[39m
      [36m<div[39m
        [33mclass[39m=[32m
"trackings-list-content"[39m
      [36m>[39m
        [36m<table[39m
          [33mclass[39m=[3
2m"trackings-table"[39m
        [36m>[39m
          [36m<thead>[39m
            [36m<tr>[39m
              [36m<th[39m
                [33mclass[3
9m=[32m"col-tracking"[39m
              [36m>[39m
                
[36m<div[39m
                  [33mclass
[39m=[32m"header-with-filter
"[39m
                [36m>[39m
                  
[36m<button[39m
                    [33maria
-expanded[39m=[32m"false"[
39m
                    [33maria
-label[39m=[32m"Show 
filters"[39m
                    [33mclas
s[39m=[32m"filter-toggle-bu
tton"[39m
                    
[33mtitle[39m=[32m"Show 
filters"[39m
                    [33mtype
[39m=[32m"button"[39m
                  [36m>[39m
                    
[36m<span[39m
                      [33mcl
ass[39m=[32m"filter-toggle-
icon"[39m
                    
[36m>[39m
                      [0m
ƒöì[0m
                    
[36m</span>[39m
                  
[36m</button>[39m
                  
[36m<button[39m
                    [33maria
-label[39m=[32m"Sort by 
tracking"[39m
                    [33mclas
s[39m=[32m"sortable-header"
[39m
                    [33mtype
[39m=[32m"button"[39m
                  [36m>[39m
                    
[0mTracking[0m
                  
[36m</button>[39m
                
[36m</div>[39m
              [36m</th>[39m
              [36m<th[39m
                [33mclass[3
9m=[32m"col-notes"[39m
              [36m>[39m
                [0mNotes[0m
              [36m</th>[39m
              [36m<th[39m
                [33mclass[3
9m=[32m"col-times"[39m
              [36m>[39m
                
[36m<button[39m
                  [33maria-l
abel[39m=[32m"Sort by 
times"[39m
                  [33mclass
[39m=[32m"sortable-header"[
39m
                  [33mtype[
39m=[32m"button"[39m
                [36m>[39m
                  
[0mTimes[0m
                
[36m</button>[39m
              [36m</th>[39m
              [36m<th[39m
                [33mclass[3
9m=[32m"col-frequency"[39m
              [36m>[39m
                
[36m<button[39m
                  [33maria-l
abel[39m=[32m"Sort by 
frequency"[39m
                  [33mclass
[39m=[32m"sortable-header"[
39m
                  [33mtype[
39m=[32m"button"[39m
                [36m>[39m
                  
[0mFrequency[0m
                
[36m</button>[39m
              [36m</th>[39m
              [36m<th[39m
                [33mclass[3
9m=[32m"col-next-reminder"[
39m
              [36m>[39m
                
[36m<button[39m
                  [33maria-l
abel[39m=[32m"Sort by next 
reminder"[39m
                  [33mclass
[39m=[32m"sortable-header"[
39m
                  [33mtype[
39m=[32m"button"[39m
                [36m>[39m
                  [0mNext 
reminder[0m
                
[36m</button>[39m
              [36m</th>[39m
              [36m<th[39m
                [33mclass[3
9m=[32m"col-status"[39m
              [36m>[39m
                
[36m<button[39m
                  [33maria-l
abel[39m=[32m"Sort by 
status"[39m
                  [33mclass
[39m=[32m"sortable-header"[
39m
                  [33mtype[
39m=[32m"button"[39m
                [36m>[39m
                  
[0mStatus[0m
                
[36m</button>[39m
              [36m</th>[39m
              [36m<th[39m
                [33mclass[3
9m=[32m"col-actions"[39m
              [36m>[39m
                
[0mActions[0m
              [36m</th>[39m
            [36m</tr>[39m
          [36m</thead>[39m
          [36m<tbody>[39m
            [36m<tr[39m
              [33mclass[39m
=[32m"tracking-row"[39m
            [36m>[39m
              [36m<td[39m
                [33mclass[3
9m=[32m"cell-tracking"[39m
              [36m>[39m
                
[36m<button[39m
                  [33maria-l
abel[39m=[32m"Edit 
tracking: Did I 
exercise?"[39m
                  [33mclass
[39m=[32m"tracking-name-link
"[39m
                  
[33mtitle[39m=[32m"Did I 
exercise?. Click to 
edit"[39m
                  [33mtype[
39m=[32m"button"[39m
                [36m>[39m
                  [0mDid I 
exercise?[0m
                
[36m</button>[39m
              [36m</td>[39m
              [36m<td[39m
                [33mclass[3
9m=[32m"cell-notes"[39m
              [36m>[39m
                
[36m<span[39m
                  [33mclass
[39m=[32m"notes-empty"[39m
                [36m>[39m
                  [0mÔÇö[0m
                
[36m</span>[39m
              [36m</td>[39m
              [36m<td[39m
                [33mclass[3
9m=[32m"cell-times"[39m
                
[33mtitle[39m=[32m"No 
times"[39m
              [36m/>[39m
              [36m<td[39m
                [33mclass[3
9m=[32m"cell-frequency"[39m
                
[33mtitle[39m=[32m"No 
upcoming reminder"[39m
              [36m>[39m
                [0mDaily[0m
              [36m</td>[39m
              [36m<td[39m
                [33mclass[3
9m=[32m"cell-next-reminder"
[39m
              [36m>[39m
                [0mÔÇö[0m
              [36m</td>[39m
              [36m<td[39m
                [33mclass[3
9m=[32m"cell-status"[39m
              [36m>[39m
                
[36m<span[39m
                  [33mclass
[39m=[32m"status-badge 
state-badge-running"[39m
                [36m>[39m
                  
[0mRunning[0m
                
[36m</span>[39m
              [36m</td>[39m
              [36m<td[39m
                [33mclass[3
9m=[32m"cell-actions"[39m
              [36m>[39m
                
[36m<div[39m
                  [33mclass
[39m=[32m"actions-container"
[39m
                [36m>[39m
                  
[36m<div[39m
                    [33mclas
s[39m=[32m"actions-buttons"
[39m
                  [36m>[39m
                    
[36m<button[39m
                      [33mar
ia-label[39m=[32m"Pause"[3
9m
                      [33mcl
ass[39m=[32m"action-button"
[39m
                      
[33mtitle[39m=[32m"Pause: 
Stops generating new 
reminders. Existing 
reminders remain 
active."[39m
                      [33mty
pe[39m=[32m"button"[39m
                    
[36m>[39m
                      
[0mÔÅ©´©Å[0m
                    
[36m</button>[39m
                    
[36m<button[39m
                      [33mar
ia-label[39m=[32m"Archive"
[39m
                      [33mcl
ass[39m=[32m"action-button"
[39m
                      [33mti
tle[39m=[32m"Archive: 
Moves tracking to archived 
state and stops all reminder 
generation. All pending and 
upcoming reminders will be 
deleted."[39m
                      [33mty
pe[39m=[32m"button"[39m
                    
[36m>[39m
                      [0m
ƒôª[0m
                    
[36m</button>[39m
                    
[36m<button[39m
                      [33mar
ia-label[39m=[32m"Delete"[
39m
                      [33mcl
ass[39m=[32m"action-button"
[39m
                      [33mti
tle[39m=[32m"Delete: 
Permanently removes this 
tracking and all its 
reminders. This action 
cannot be undone."[39m
                      [33mty
pe[39m=[32m"button"[39m
                    
[36m>[39m
                      [0m
ƒùæ´©Å[0m
                    
[36m</button>[39m
                  
[36m</div>[39m
                
[36m</div>[39m
              [36m</td>[39m
            [36m</tr>[39m
          [36m</tbody>[39m
        [36m</table>[39m
        [36m<div[39m
          [33mclass[39m=[3
2m"trackings-cards"[39m
        [36m>[39m
          [36m<div[39m
            [33mclass[39m=
[32m"tracking-card"[39m
          [36m>[39m
            [36m<div[39m
              [33mclass[39m
=[32m"tracking-card-header"
[39m
            [36m>[39m
              [36m<div[39m
                [33mclass[3
9m=[32m"tracking-card-title"
[39m
              [36m>[39m
                [36m<h3[39m
                  [33mclass
[39m=[32m"tracking-card-ques
tion"[39m
                [36m>[39m
                  [0mDid I 
exercise?[0m
                
[36m</h3>[39m
                
[36m<div[39m
                  [33mclass
[39m=[32m"tracking-card-time
s"[39m
                [36m/>[39m
              
[36m</div>[39m
            [36m</div>[39m
            [36m<div[39m
              [33mclass[39m
=[32m"tracking-card-body"[3
9m
            [36m>[39m
              [36m<div[39m
                [33mclass[3
9m=[32m"tracking-card-row"[
39m
              [36m>[39m
                
[36m<span[39m
                  [33mclass
[39m=[32m"tracking-card-labe
l"[39m
                [36m>[39m
                  
[0mFrequency[0m
                
[36m</span>[39m
                
[36m<span[39m
                  [33mclass
[39m=[32m"tracking-card-valu
e"[39m
                [36m>[39m
                  
[0mDaily[0m
                
[36m</span>[39m
              
[36m</div>[39m
            [36m</div>[39m
            [36m<div[39m
              [33mclass[39m
=[32m"tracking-card-footer"
[39m
            [36m>[39m
              [36m<div[39m
                [33mclass[3
9m=[32m"tracking-card-status
"[39m
              [36m>[39m
                
[36m<span[39m
                  [33mclass
[39m=[32m"status-badge 
state-badge-running"[39m
                [36m>[39m
                  
[0mRunning[0m
                
[36m</span>[39m
              
[36m</div>[39m
              [36m<div[39m
                [33mclass[3
9m=[32m"tracking-card-action
s"[39m
              [36m>[39m
                
[36m<button[39m
                  [33maria-l
abel[39m=[32m"Edit 
tracking"[39m
                  [33mclass
[39m=[32m"action-button"[39
m
                  
[33mtitle[39m=[32m"Edit 
tracking"[39m
                  [33mtype[
39m=[32m"button"[39m
                [36m>[39m
                  
[0mÔ£Å´©Å[0m
                
[36m</button>[39m
              
[36m</div>[39m
            [36m</div>[39m
          [36m</div>[39m
        [36m</div>[39m
      [36m</div>[39m
    [36m</div>[39m
  [36m</div>[39m
[36m</body>[39m
[90m [2mÔØ»[22m 
Object.getElementError node_m
odules/@testing-library/react
/node_modules/@testing-librar
y/dom/dist/config.js:[2m37:1
9[22m[39m
[90m [2mÔØ»[22m 
getElementError node_modules/
@testing-library/react/node_m
odules/@testing-library/dom/d
ist/query-helpers.js:[2m20:3
5[22m[39m
[90m [2mÔØ»[22m getMultipl
eElementsFoundError node_modu
les/@testing-library/react/no
de_modules/@testing-library/d
om/dist/query-helpers.js:[2m
23:10[22m[39m
[90m [2mÔØ»[22m node_modul
es/@testing-library/react/nod
e_modules/@testing-library/do
m/dist/query-helpers.js:[2m5
5:13[22m[39m
[90m [2mÔØ»[22m node_modul
es/@testing-library/react/nod
e_modules/@testing-library/do
m/dist/query-helpers.js:[2m9
5:19[22m[39m
[36m [2mÔØ»[22m frontend/s
rc/components/__tests__/Track
ingsList.test.tsx:[2m618:34
[22m[39m
    [90m616| [39m        
)[33m;[39m
    [90m617| [39m
    [90m618| [39m        
const timesCell = 
screen.getByText("Did I 
exercise?").closest(ÔÇª
    [90m   | [39m          
                       
[31m^[39m
    [90m619| [39m        [
34mexpect[39m(timesCell[33m
?.[39mtextContent)[33m.[39
m[34mtoBe[39m([32m""[39m)
[33m;[39m
    [90m620| [39m        [
34mexpect[39m(timesCell)[33
m.[39m[34mtoHaveAttribute[
39m([32m"title"[39m[33m,[
39m [32m"No 
times"[39m)[33m;[39m

[31m[2mÔÄ»ÔÄ»ÔÄ»ÔÄ»ÔÄ»ÔÄ»ÔÄ
»ÔÄ»ÔÄ»ÔÄ»ÔÄ»ÔÄ»ÔÄ»ÔÄ»ÔÄ»ÔÄ»Ô
Ä»ÔÄ»ÔÄ»ÔÄ»ÔÄ»ÔÄ»[34/50]ÔÄ»[
22m[39m

[41m[1m FAIL [22m[49m fro
ntend/src/components/__tests_
_/TrackingsList.test.tsx[2m 
> [22mTrackingsList[2m > 
[22mshould format interval 
frequency correctly
[31m[1mTestingLibraryElemen
tError[22m[39m: Found 
multiple elements with the 
text: Every 2 weeks

Here are the matching 
elements:

Ignored nodes: comments, 
script, style
[36m<td[39m
  [33mclass[39m=[32m"cell-
frequency"[39m
  [33mtitle[39m=[32m"No 
upcoming reminder"[39m
[36m>[39m
  [0mEvery 2 weeks[0m
[36m</td>[39m

Ignored nodes: comments, 
script, style
[36m<span[39m
  [33mclass[39m=[32m"track
ing-card-value"[39m
[36m>[39m
  [0mEvery 2 weeks[0m
[36m</span>[39m

(If this is intentional, 
then use the `*AllBy*` 
variant of the query (like 
`queryAllByText`, 
`getAllByText`, or 
`findAllByText`)).

Ignored nodes: comments, 
script, style
[36m<body>[39m
  [36m<div>[39m
    [36m<div[39m
      [33mclass[39m=[32m"t
rackings-list"[39m
    [36m>[39m
      [36m<div[39m
        [33mclass[39m=[32m
"trackings-list-content"[39m
      [36m>[39m
        [36m<table[39m
          [33mclass[39m=[3
2m"trackings-table"[39m
        [36m>[39m
          [36m<thead>[39m
            [36m<tr>[39m
              [36m<th[39m
                [33mclass[3
9m=[32m"col-tracking"[39m
              [36m>[39m
                
[36m<div[39m
                  [33mclass
[39m=[32m"header-with-filter
"[39m
                [36m>[39m
                  
[36m<button[39m
                    [33maria
-expanded[39m=[32m"false"[
39m
                    [33maria
-label[39m=[32m"Show 
filters"[39m
                    [33mclas
s[39m=[32m"filter-toggle-bu
tton"[39m
                    
[33mtitle[39m=[32m"Show 
filters"[39m
                    [33mtype
[39m=[32m"button"[39m
                  [36m>[39m
                    
[36m<span[39m
                      [33mcl
ass[39m=[32m"filter-toggle-
icon"[39m
                    
[36m>[39m
                      [0m
ƒöì[0m
                    
[36m</span>[39m
                  
[36m</button>[39m
                  
[36m<button[39m
                    [33maria
-label[39m=[32m"Sort by 
tracking"[39m
                    [33mclas
s[39m=[32m"sortable-header"
[39m
                    [33mtype
[39m=[32m"button"[39m
                  [36m>[39m
                    
[0mTracking[0m
                  
[36m</button>[39m
                
[36m</div>[39m
              [36m</th>[39m
              [36m<th[39m
                [33mclass[3
9m=[32m"col-notes"[39m
              [36m>[39m
                [0mNotes[0m
              [36m</th>[39m
              [36m<th[39m
                [33mclass[3
9m=[32m"col-times"[39m
              [36m>[39m
                
[36m<button[39m
                  [33maria-l
abel[39m=[32m"Sort by 
times"[39m
                  [33mclass
[39m=[32m"sortable-header"[
39m
                  [33mtype[
39m=[32m"button"[39m
                [36m>[39m
                  
[0mTimes[0m
                
[36m</button>[39m
              [36m</th>[39m
              [36m<th[39m
                [33mclass[3
9m=[32m"col-frequency"[39m
              [36m>[39m
                
[36m<button[39m
                  [33maria-l
abel[39m=[32m"Sort by 
frequency"[39m
                  [33mclass
[39m=[32m"sortable-header"[
39m
                  [33mtype[
39m=[32m"button"[39m
                [36m>[39m
                  
[0mFrequency[0m
                
[36m</button>[39m
              [36m</th>[39m
              [36m<th[39m
                [33mclass[3
9m=[32m"col-next-reminder"[
39m
              [36m>[39m
                
[36m<button[39m
                  [33maria-l
abel[39m=[32m"Sort by next 
reminder"[39m
                  [33mclass
[39m=[32m"sortable-header"[
39m
                  [33mtype[
39m=[32m"button"[39m
                [36m>[39m
                  [0mNext 
reminder[0m
                
[36m</button>[39m
              [36m</th>[39m
              [36m<th[39m
                [33mclass[3
9m=[32m"col-status"[39m
              [36m>[39m
                
[36m<button[39m
                  [33maria-l
abel[39m=[32m"Sort by 
status"[39m
                  [33mclass
[39m=[32m"sortable-header"[
39m
                  [33mtype[
39m=[32m"button"[39m
                [36m>[39m
                  
[0mStatus[0m
                
[36m</button>[39m
              [36m</th>[39m
              [36m<th[39m
                [33mclass[3
9m=[32m"col-actions"[39m
              [36m>[39m
                
[0mActions[0m
              [36m</th>[39m
            [36m</tr>[39m
          [36m</thead>[39m
          [36m<tbody>[39m
            [36m<tr[39m
              [33mclass[39m
=[32m"tracking-row"[39m
            [36m>[39m
              [36m<td[39m
                [33mclass[3
9m=[32m"cell-tracking"[39m
              [36m>[39m
                
[36m<button[39m
                  [33maria-l
abel[39m=[32m"Edit 
tracking: Did I 
exercise?"[39m
                  [33mclass
[39m=[32m"tracking-name-link
"[39m
                  
[33mtitle[39m=[32m"Did I 
exercise?. Click to 
edit"[39m
                  [33mtype[
39m=[32m"button"[39m
                [36m>[39m
                  [0mDid I 
exercise?[0m
                
[36m</button>[39m
              [36m</td>[39m
              [36m<td[39m
                [33mclass[3
9m=[32m"cell-notes"[39m
              [36m>[39m
                
[36m<span[39m
                  [33mclass
[39m=[32m"notes-empty"[39m
                [36m>[39m
                  [0mÔÇö[0m
                
[36m</span>[39m
              [36m</td>[39m
              [36m<td[39m
                [33mclass[3
9m=[32m"cell-times"[39m
                
[33mtitle[39m=[32m"No 
times"[39m
              [36m/>[39m
              [36m<td[39m
                [33mclass[3
9m=[32m"cell-frequency"[39m
                
[33mtitle[39m=[32m"No 
upcoming reminder"[39m
              [36m>[39m
                [0mEvery 2 
weeks[0m
              [36m</td>[39m
              [36m<td[39m
                [33mclass[3
9m=[32m"cell-next-reminder"
[39m
              [36m>[39m
                [0mÔÇö[0m
              [36m</td>[39m
              [36m<td[39m
                [33mclass[3
9m=[32m"cell-status"[39m
              [36m>[39m
                
[36m<span[39m
                  [33mclass
[39m=[32m"status-badge 
state-badge-running"[39m
                [36m>[39m
                  
[0mRunning[0m
                
[36m</span>[39m
              [36m</td>[39m
              [36m<td[39m
                [33mclass[3
9m=[32m"cell-actions"[39m
              [36m>[39m
                
[36m<div[39m
                  [33mclass
[39m=[32m"actions-container"
[39m
                [36m>[39m
                  
[36m<div[39m
                    [33mclas
s[39m=[32m"actions-buttons"
[39m
                  [36m>[39m
                    
[36m<button[39m
                      [33mar
ia-label[39m=[32m"Pause"[3
9m
                      [33mcl
ass[39m=[32m"action-button"
[39m
                      
[33mtitle[39m=[32m"Pause: 
Stops generating new 
reminders. Existing 
reminders remain 
active."[39m
                      [33mty
pe[39m=[32m"button"[39m
                    
[36m>[39m
                      
[0mÔÅ©´©Å[0m
                    
[36m</button>[39m
                    
[36m<button[39m
                      [33mar
ia-label[39m=[32m"Archive"
[39m
                      [33mcl
ass[39m=[32m"action-button"
[39m
                      [33mti
tle[39m=[32m"Archive: 
Moves tracking to archived 
state and stops all reminder 
generation. All pending and 
upcoming reminders will be 
deleted."[39m
                      [33mty
pe[39m=[32m"button"[39m
                    
[36m>[39m
                      [0m
ƒôª[0m
                    
[36m</button>[39m
                    
[36m<button[39m
                      [33mar
ia-label[39m=[32m"Delete"[
39m
                      [33mcl
ass[39m=[32m"action-button"
[39m
                      [33mti
tle[39m=[32m"Delete: 
Permanently removes this 
tracking and all its 
reminders. This action 
cannot be undone."[39m
                      [33mty
pe[39m=[32m"button"[39m
                    
[36m>[39m
                      [0m
ƒùæ´©Å[0m
                    
[36m</button>[39m
                  
[36m</div>[39m
                
[36m</div>[39m
              [36m</td>[39m
            [36m</tr>[39m
          [36m</tbody>[39m
        [36m</table>[39m
        [36m<div[39m
          [33mclass[39m=[3
2m"trackings-cards"[39m
        [36m>[39m
          [36m<div[39m
            [33mclass[39m=
[32m"tracking-card"[39m
          [36m>[39m
            [36m<div[39m
              [33mclass[39m
=[32m"tracking-card-header"
[39m
            [36m>[39m
              [36m<div[39m
                [33mclass[3
9m=[32m"tracking-card-title"
[39m
              [36m>[39m
                [36m<h3[39m
                  [33mclass
[39m=[32m"tracking-card-ques
tion"[39m
                [36m>[39m
                  [0mDid I 
exercise?[0m
                
[36m</h3>[39m
                
[36m<div[39m
                  [33mclass
[39m=[32m"tracking-card-time
s"[39m
                [36m/>[39m
              
[36m</div>[39m
            [36m</div>[39m
            [36m<div[39m
              [33mclass[39m
=[32m"tracking-card-body"[3
9m
            [36m>[39m
              [36m<div[39m
                [33mclass[3
9m=[32m"tracking-card-row"[
39m
              [36m>[39m
                
[36m<span[39m
                  [33mclass
[39m=[32m"tracking-card-labe
l"[39m
                [36m>[39m
                  
[0mFrequency[0m
                
[36m</span>[39m
                
[36m<span[39m
                  [33mclass
[39m=[32m"tracking-card-valu
e"[39m
                [36m>[39m
                  [0mEvery 
2 weeks[0m
                
[36m</span>[39m
              
[36m</div>[39m
            [36m</div>[39m
            [36m<div[39m
              [33mclass[39m
=[32m"tracking-card-footer"
[39m
            [36m>[39m
              [36m<div[39m
                [33mclass[3
9m=[32m"tracking-card-status
"[39m
              [36m>[39m
                
[36m<span[39m
                  [33mclass
[39m=[32m"status-badge 
state-badge-running"[39m
                [36m>[39m
                  
[0mRunning[0m
                
[36m</span>[39m
              
[36m</div>[39m
              [36m<div[39m
                [33mclass[3
9m=[32m"tracking-card-action
s"[39m
              [36m>[39m
                
[36m<button[39m
                  [33maria-l
abel[39m=[32m"Edit 
tracking"[39m
                  [33mclass
[39m=[32m"action-button"[39
m
                  
[33mtitle[39m=[32m"Edit 
tracking"[39m
                  [33mtype[
39m=[32m"button"[39m
                [36m>[39m
                  
[0mÔ£Å´©Å[0m
                
[36m</button>[39m
              
[36m</div>[39m
            [36m</div>[39m
          [36m</div>[39m
        [36m</div>[39m
      [36m</div>[39m
    [36m</div>[39m
  [36m</div>[39m
[36m</body>[39m
[90m [2mÔØ»[22m 
Object.getElementError node_m
odules/@testing-library/react
/node_modules/@testing-librar
y/dom/dist/config.js:[2m37:1
9[22m[39m
[90m [2mÔØ»[22m 
getElementError node_modules/
@testing-library/react/node_m
odules/@testing-library/dom/d
ist/query-helpers.js:[2m20:3
5[22m[39m
[90m [2mÔØ»[22m getMultipl
eElementsFoundError node_modu
les/@testing-library/react/no
de_modules/@testing-library/d
om/dist/query-helpers.js:[2m
23:10[22m[39m
[90m [2mÔØ»[22m node_modul
es/@testing-library/react/nod
e_modules/@testing-library/do
m/dist/query-helpers.js:[2m5
5:13[22m[39m
[90m [2mÔØ»[22m node_modul
es/@testing-library/react/nod
e_modules/@testing-library/do
m/dist/query-helpers.js:[2m9
5:19[22m[39m
[36m [2mÔØ»[22m frontend/s
rc/components/__tests__/Track
ingsList.test.tsx:[2m644:23
[22m[39m
    [90m642| [39m        
)[33m;[39m
    [90m643| [39m
    [90m644| [39m        [
34mexpect[39m(screen[33m.[
39m[34mgetByText[39m([32m"
Every 2 weeks"[39m))[33m.[
39m[34mtoBeInTheDocument[39
m()[33m;[39m
    [90m   | [39m          
            [31m^[39m
    [90m645| [39m    
})[33m;[39m
    [90m646| [39m

[31m[2mÔÄ»ÔÄ»ÔÄ»ÔÄ»ÔÄ»ÔÄ»ÔÄ
»ÔÄ»ÔÄ»ÔÄ»ÔÄ»ÔÄ»ÔÄ»ÔÄ»ÔÄ»ÔÄ»Ô
Ä»ÔÄ»ÔÄ»ÔÄ»ÔÄ»ÔÄ»[35/50]ÔÄ»[
22m[39m

[41m[1m FAIL [22m[49m fro
ntend/src/components/__tests_
_/TrackingsList.test.tsx[2m 
> [22mTrackingsList[2m > 
[22mshould format last day 
of month pattern
[31m[1mTestingLibraryElemen
tError[22m[39m: Found 
multiple elements with the 
text: Last day of month

Here are the matching 
elements:

Ignored nodes: comments, 
script, style
[36m<td[39m
  [33mclass[39m=[32m"cell-
frequency"[39m
  [33mtitle[39m=[32m"No 
upcoming reminder"[39m
[36m>[39m
  [0mLast day of month[0m
[36m</td>[39m

Ignored nodes: comments, 
script, style
[36m<span[39m
  [33mclass[39m=[32m"track
ing-card-value"[39m
[36m>[39m
  [0mLast day of month[0m
[36m</span>[39m

(If this is intentional, 
then use the `*AllBy*` 
variant of the query (like 
`queryAllByText`, 
`getAllByText`, or 
`findAllByText`)).

Ignored nodes: comments, 
script, style
[36m<body>[39m
  [36m<div>[39m
    [36m<div[39m
      [33mclass[39m=[32m"t
rackings-list"[39m
    [36m>[39m
      [36m<div[39m
        [33mclass[39m=[32m
"trackings-list-content"[39m
      [36m>[39m
        [36m<table[39m
          [33mclass[39m=[3
2m"trackings-table"[39m
        [36m>[39m
          [36m<thead>[39m
            [36m<tr>[39m
              [36m<th[39m
                [33mclass[3
9m=[32m"col-tracking"[39m
              [36m>[39m
                
[36m<div[39m
                  [33mclass
[39m=[32m"header-with-filter
"[39m
                [36m>[39m
                  
[36m<button[39m
                    [33maria
-expanded[39m=[32m"false"[
39m
                    [33maria
-label[39m=[32m"Show 
filters"[39m
                    [33mclas
s[39m=[32m"filter-toggle-bu
tton"[39m
                    
[33mtitle[39m=[32m"Show 
filters"[39m
                    [33mtype
[39m=[32m"button"[39m
                  [36m>[39m
                    
[36m<span[39m
                      [33mcl
ass[39m=[32m"filter-toggle-
icon"[39m
                    
[36m>[39m
                      [0m
ƒöì[0m
                    
[36m</span>[39m
                  
[36m</button>[39m
                  
[36m<button[39m
                    [33maria
-label[39m=[32m"Sort by 
tracking"[39m
                    [33mclas
s[39m=[32m"sortable-header"
[39m
                    [33mtype
[39m=[32m"button"[39m
                  [36m>[39m
                    
[0mTracking[0m
                  
[36m</button>[39m
                
[36m</div>[39m
              [36m</th>[39m
              [36m<th[39m
                [33mclass[3
9m=[32m"col-notes"[39m
              [36m>[39m
                [0mNotes[0m
              [36m</th>[39m
              [36m<th[39m
                [33mclass[3
9m=[32m"col-times"[39m
              [36m>[39m
                
[36m<button[39m
                  [33maria-l
abel[39m=[32m"Sort by 
times"[39m
                  [33mclass
[39m=[32m"sortable-header"[
39m
                  [33mtype[
39m=[32m"button"[39m
                [36m>[39m
                  
[0mTimes[0m
                
[36m</button>[39m
              [36m</th>[39m
              [36m<th[39m
                [33mclass[3
9m=[32m"col-frequency"[39m
              [36m>[39m
                
[36m<button[39m
                  [33maria-l
abel[39m=[32m"Sort by 
frequency"[39m
                  [33mclass
[39m=[32m"sortable-header"[
39m
                  [33mtype[
39m=[32m"button"[39m
                [36m>[39m
                  
[0mFrequency[0m
                
[36m</button>[39m
              [36m</th>[39m
              [36m<th[39m
                [33mclass[3
9m=[32m"col-next-reminder"[
39m
              [36m>[39m
                
[36m<button[39m
                  [33maria-l
abel[39m=[32m"Sort by next 
reminder"[39m
                  [33mclass
[39m=[32m"sortable-header"[
39m
                  [33mtype[
39m=[32m"button"[39m
                [36m>[39m
                  [0mNext 
reminder[0m
                
[36m</button>[39m
              [36m</th>[39m
              [36m<th[39m
                [33mclass[3
9m=[32m"col-status"[39m
              [36m>[39m
                
[36m<button[39m
                  [33maria-l
abel[39m=[32m"Sort by 
status"[39m
                  [33mclass
[39m=[32m"sortable-header"[
39m
                  [33mtype[
39m=[32m"button"[39m
                [36m>[39m
                  
[0mStatus[0m
                
[36m</button>[39m
              [36m</th>[39m
              [36m<th[39m
                [33mclass[3
9m=[32m"col-actions"[39m
              [36m>[39m
                
[0mActions[0m
              [36m</th>[39m
            [36m</tr>[39m
          [36m</thead>[39m
          [36m<tbody>[39m
            [36m<tr[39m
              [33mclass[39m
=[32m"tracking-row"[39m
            [36m>[39m
              [36m<td[39m
                [33mclass[3
9m=[32m"cell-tracking"[39m
              [36m>[39m
                
[36m<button[39m
                  [33maria-l
abel[39m=[32m"Edit 
tracking: Did I 
exercise?"[39m
                  [33mclass
[39m=[32m"tracking-name-link
"[39m
                  
[33mtitle[39m=[32m"Did I 
exercise?. Click to 
edit"[39m
                  [33mtype[
39m=[32m"button"[39m
                [36m>[39m
                  [0mDid I 
exercise?[0m
                
[36m</button>[39m
              [36m</td>[39m
              [36m<td[39m
                [33mclass[3
9m=[32m"cell-notes"[39m
              [36m>[39m
                
[36m<span[39m
                  [33mclass
[39m=[32m"notes-empty"[39m
                [36m>[39m
                  [0mÔÇö[0m
                
[36m</span>[39m
              [36m</td>[39m
              [36m<td[39m
                [33mclass[3
9m=[32m"cell-times"[39m
                
[33mtitle[39m=[32m"No 
times"[39m
              [36m/>[39m
              [36m<td[39m
                [33mclass[3
9m=[32m"cell-frequency"[39m
                
[33mtitle[39m=[32m"No 
upcoming reminder"[39m
              [36m>[39m
                [0mLast day 
of month[0m
              [36m</td>[39m
              [36m<td[39m
                [33mclass[3
9m=[32m"cell-next-reminder"
[39m
              [36m>[39m
                [0mÔÇö[0m
              [36m</td>[39m
              [36m<td[39m
                [33mclass[3
9m=[32m"cell-status"[39m
              [36m>[39m
                
[36m<span[39m
                  [33mclass
[39m=[32m"status-badge 
state-badge-running"[39m
                [36m>[39m
                  
[0mRunning[0m
                
[36m</span>[39m
              [36m</td>[39m
              [36m<td[39m
                [33mclass[3
9m=[32m"cell-actions"[39m
              [36m>[39m
                
[36m<div[39m
                  [33mclass
[39m=[32m"actions-container"
[39m
                [36m>[39m
                  
[36m<div[39m
                    [33mclas
s[39m=[32m"actions-buttons"
[39m
                  [36m>[39m
                    
[36m<button[39m
                      [33mar
ia-label[39m=[32m"Pause"[3
9m
                      [33mcl
ass[39m=[32m"action-button"
[39m
                      
[33mtitle[39m=[32m"Pause: 
Stops generating new 
reminders. Existing 
reminders remain 
active."[39m
                      [33mty
pe[39m=[32m"button"[39m
                    
[36m>[39m
                      
[0mÔÅ©´©Å[0m
                    
[36m</button>[39m
                    
[36m<button[39m
                      [33mar
ia-label[39m=[32m"Archive"
[39m
                      [33mcl
ass[39m=[32m"action-button"
[39m
                      [33mti
tle[39m=[32m"Archive: 
Moves tracking to archived 
state and stops all reminder 
generation. All pending and 
upcoming reminders will be 
deleted."[39m
                      [33mty
pe[39m=[32m"button"[39m
                    
[36m>[39m
                      [0m
ƒôª[0m
                    
[36m</button>[39m
                    
[36m<button[39m
                      [33mar
ia-label[39m=[32m"Delete"[
39m
                      [33mcl
ass[39m=[32m"action-button"
[39m
                      [33mti
tle[39m=[32m"Delete: 
Permanently removes this 
tracking and all its 
reminders. This action 
cannot be undone."[39m
                      [33mty
pe[39m=[32m"button"[39m
                    
[36m>[39m
                      [0m
ƒùæ´©Å[0m
                    
[36m</button>[39m
                  
[36m</div>[39m
                
[36m</div>[39m
              [36m</td>[39m
            [36m</tr>[39m
          [36m</tbody>[39m
        [36m</table>[39m
        [36m<div[39m
          [33mclass[39m=[3
2m"trackings-cards"[39m
        [36m>[39m
          [36m<div[39m
            [33mclass[39m=
[32m"tracking-card"[39m
          [36m>[39m
            [36m<div[39m
              [33mclass[39m
=[32m"tracking-card-header"
[39m
            [36m>[39m
              [36m<div[39m
                [33mclass[3
9m=[32m"tracking-card-title"
[39m
              [36m>[39m
                [36m<h3[39m
                  [33mclass
[39m=[32m"tracking-card-ques
tion"[39m
                [36m>[39m
                  [0mDid I 
exercise?[0m
                
[36m</h3>[39m
                
[36m<div[39m
                  [33mclass
[39m=[32m"tracking-card-time
s"[39m
                [36m/>[39m
              
[36m</div>[39m
            [36m</div>[39m
            [36m<div[39m
              [33mclass[39m
=[32m"tracking-card-body"[3
9m
            [36m>[39m
              [36m<div[39m
                [33mclass[3
9m=[32m"tracking-card-row"[
39m
              [36m>[39m
                
[36m<span[39m
                  [33mclass
[39m=[32m"tracking-card-labe
l"[39m
                [36m>[39m
                  
[0mFrequency[0m
                
[36m</span>[39m
                
[36m<span[39m
                  [33mclass
[39m=[32m"tracking-card-valu
e"[39m
                [36m>[39m
                  [0mLast 
day of month[0m
                
[36m</span>[39m
              
[36m</div>[39m
            [36m</div>[39m
            [36m<div[39m
              [33mclass[39m
=[32m"tracking-card-footer"
[39m
            [36m>[39m
              [36m<div[39m
                [33mclass[3
9m=[32m"tracking-card-status
"[39m
              [36m>[39m
                
[36m<span[39m
                  [33mclass
[39m=[32m"status-badge 
state-badge-running"[39m
                [36m>[39m
                  
[0mRunning[0m
                
[36m</span>[39m
              
[36m</div>[39m
              [36m<div[39m
                [33mclass[3
9m=[32m"tracking-card-action
s"[39m
              [36m>[39m
                
[36m<button[39m
                  [33maria-l
abel[39m=[32m"Edit 
tracking"[39m
                  [33mclass
[39m=[32m"action-button"[39
m
                  
[33mtitle[39m=[32m"Edit 
tracking"[39m
                  [33mtype[
39m=[32m"button"[39m
                [36m>[39m
                  
[0mÔ£Å´©Å[0m
                
[36m</button>[39m
              
[36m</div>[39m
            [36m</div>[39m
          [36m</div>[39m
        [36m</div>[39m
      [36m</div>[39m
    [36m</div>[39m
  [36m</div>[39m
[36m</body>[39m
[90m [2mÔØ»[22m 
Object.getElementError node_m
odules/@testing-library/react
/node_modules/@testing-librar
y/dom/dist/config.js:[2m37:1
9[22m[39m
[90m [2mÔØ»[22m 
getElementError node_modules/
@testing-library/react/node_m
odules/@testing-library/dom/d
ist/query-helpers.js:[2m20:3
5[22m[39m
[90m [2mÔØ»[22m getMultipl
eElementsFoundError node_modu
les/@testing-library/react/no
de_modules/@testing-library/d
om/dist/query-helpers.js:[2m
23:10[22m[39m
[90m [2mÔØ»[22m node_modul
es/@testing-library/react/nod
e_modules/@testing-library/do
m/dist/query-helpers.js:[2m5
5:13[22m[39m
[90m [2mÔØ»[22m node_modul
es/@testing-library/react/nod
e_modules/@testing-library/do
m/dist/query-helpers.js:[2m9
5:19[22m[39m
[36m [2mÔØ»[22m frontend/s
rc/components/__tests__/Track
ingsList.test.tsx:[2m667:23
[22m[39m
    [90m665| [39m        
)[33m;[39m
    [90m666| [39m
    [90m667| [39m        ex
pect(screen.getByText("Last 
day of 
month")).toBeInTheDocumenÔÇª
    [90m   | [39m          
            [31m^[39m
    [90m668| [39m    
})[33m;[39m
    [90m669| [39m

[31m[2mÔÄ»ÔÄ»ÔÄ»ÔÄ»ÔÄ»ÔÄ»ÔÄ
»ÔÄ»ÔÄ»ÔÄ»ÔÄ»ÔÄ»ÔÄ»ÔÄ»ÔÄ»ÔÄ»Ô
Ä»ÔÄ»ÔÄ»ÔÄ»ÔÄ»ÔÄ»[36/50]ÔÄ»[
22m[39m

[41m[1m FAIL [22m[49m fro
ntend/src/components/__tests_
_/TrackingsList.test.tsx[2m 
> [22mTrackingsList[2m > 
[22mshould format weekday 
ordinal pattern
[31m[1mTestingLibraryElemen
tError[22m[39m: Found 
multiple elements with the 
text: Second Monday of month

Here are the matching 
elements:

Ignored nodes: comments, 
script, style
[36m<td[39m
  [33mclass[39m=[32m"cell-
frequency"[39m
  [33mtitle[39m=[32m"No 
upcoming reminder"[39m
[36m>[39m
  [0mSecond Monday of 
month[0m
[36m</td>[39m

Ignored nodes: comments, 
script, style
[36m<span[39m
  [33mclass[39m=[32m"track
ing-card-value"[39m
[36m>[39m
  [0mSecond Monday of 
month[0m
[36m</span>[39m

(If this is intentional, 
then use the `*AllBy*` 
variant of the query (like 
`queryAllByText`, 
`getAllByText`, or 
`findAllByText`)).

Ignored nodes: comments, 
script, style
[36m<body>[39m
  [36m<div>[39m
    [36m<div[39m
      [33mclass[39m=[32m"t
rackings-list"[39m
    [36m>[39m
      [36m<div[39m
        [33mclass[39m=[32m
"trackings-list-content"[39m
      [36m>[39m
        [36m<table[39m
          [33mclass[39m=[3
2m"trackings-table"[39m
        [36m>[39m
          [36m<thead>[39m
            [36m<tr>[39m
              [36m<th[39m
                [33mclass[3
9m=[32m"col-tracking"[39m
              [36m>[39m
                
[36m<div[39m
                  [33mclass
[39m=[32m"header-with-filter
"[39m
                [36m>[39m
                  
[36m<button[39m
                    [33maria
-expanded[39m=[32m"false"[
39m
                    [33maria
-label[39m=[32m"Show 
filters"[39m
                    [33mclas
s[39m=[32m"filter-toggle-bu
tton"[39m
                    
[33mtitle[39m=[32m"Show 
filters"[39m
                    [33mtype
[39m=[32m"button"[39m
                  [36m>[39m
                    
[36m<span[39m
                      [33mcl
ass[39m=[32m"filter-toggle-
icon"[39m
                    
[36m>[39m
                      [0m
ƒöì[0m
                    
[36m</span>[39m
                  
[36m</button>[39m
                  
[36m<button[39m
                    [33maria
-label[39m=[32m"Sort by 
tracking"[39m
                    [33mclas
s[39m=[32m"sortable-header"
[39m
                    [33mtype
[39m=[32m"button"[39m
                  [36m>[39m
                    
[0mTracking[0m
                  
[36m</button>[39m
                
[36m</div>[39m
              [36m</th>[39m
              [36m<th[39m
                [33mclass[3
9m=[32m"col-notes"[39m
              [36m>[39m
                [0mNotes[0m
              [36m</th>[39m
              [36m<th[39m
                [33mclass[3
9m=[32m"col-times"[39m
              [36m>[39m
                
[36m<button[39m
                  [33maria-l
abel[39m=[32m"Sort by 
times"[39m
                  [33mclass
[39m=[32m"sortable-header"[
39m
                  [33mtype[
39m=[32m"button"[39m
                [36m>[39m
                  
[0mTimes[0m
                
[36m</button>[39m
              [36m</th>[39m
              [36m<th[39m
                [33mclass[3
9m=[32m"col-frequency"[39m
              [36m>[39m
                
[36m<button[39m
                  [33maria-l
abel[39m=[32m"Sort by 
frequency"[39m
                  [33mclass
[39m=[32m"sortable-header"[
39m
                  [33mtype[
39m=[32m"button"[39m
                [36m>[39m
                  
[0mFrequency[0m
                
[36m</button>[39m
              [36m</th>[39m
              [36m<th[39m
                [33mclass[3
9m=[32m"col-next-reminder"[
39m
              [36m>[39m
                
[36m<button[39m
                  [33maria-l
abel[39m=[32m"Sort by next 
reminder"[39m
                  [33mclass
[39m=[32m"sortable-header"[
39m
                  [33mtype[
39m=[32m"button"[39m
                [36m>[39m
                  [0mNext 
reminder[0m
                
[36m</button>[39m
              [36m</th>[39m
              [36m<th[39m
                [33mclass[3
9m=[32m"col-status"[39m
              [36m>[39m
                
[36m<button[39m
                  [33maria-l
abel[39m=[32m"Sort by 
status"[39m
                  [33mclass
[39m=[32m"sortable-header"[
39m
                  [33mtype[
39m=[32m"button"[39m
                [36m>[39m
                  
[0mStatus[0m
                
[36m</button>[39m
              [36m</th>[39m
              [36m<th[39m
                [33mclass[3
9m=[32m"col-actions"[39m
              [36m>[39m
                
[0mActions[0m
              [36m</th>[39m
            [36m</tr>[39m
          [36m</thead>[39m
          [36m<tbody>[39m
            [36m<tr[39m
              [33mclass[39m
=[32m"tracking-row"[39m
            [36m>[39m
              [36m<td[39m
                [33mclass[3
9m=[32m"cell-tracking"[39m
              [36m>[39m
                
[36m<button[39m
                  [33maria-l
abel[39m=[32m"Edit 
tracking: Did I 
exercise?"[39m
                  [33mclass
[39m=[32m"tracking-name-link
"[39m
                  
[33mtitle[39m=[32m"Did I 
exercise?. Click to 
edit"[39m
                  [33mtype[
39m=[32m"button"[39m
                [36m>[39m
                  [0mDid I 
exercise?[0m
                
[36m</button>[39m
              [36m</td>[39m
              [36m<td[39m
                [33mclass[3
9m=[32m"cell-notes"[39m
              [36m>[39m
                
[36m<span[39m
                  [33mclass
[39m=[32m"notes-empty"[39m
                [36m>[39m
                  [0mÔÇö[0m
                
[36m</span>[39m
              [36m</td>[39m
              [36m<td[39m
                [33mclass[3
9m=[32m"cell-times"[39m
                
[33mtitle[39m=[32m"No 
times"[39m
              [36m/>[39m
              [36m<td[39m
                [33mclass[3
9m=[32m"cell-frequency"[39m
                
[33mtitle[39m=[32m"No 
upcoming reminder"[39m
              [36m>[39m
                [0mSecond 
Monday of month[0m
              [36m</td>[39m
              [36m<td[39m
                [33mclass[3
9m=[32m"cell-next-reminder"
[39m
              [36m>[39m
                [0mÔÇö[0m
              [36m</td>[39m
              [36m<td[39m
                [33mclass[3
9m=[32m"cell-status"[39m
              [36m>[39m
                
[36m<span[39m
                  [33mclass
[39m=[32m"status-badge 
state-badge-running"[39m
                [36m>[39m
                  
[0mRunning[0m
                
[36m</span>[39m
              [36m</td>[39m
              [36m<td[39m
                [33mclass[3
9m=[32m"cell-actions"[39m
              [36m>[39m
                
[36m<div[39m
                  [33mclass
[39m=[32m"actions-container"
[39m
                [36m>[39m
                  
[36m<div[39m
                    [33mclas
s[39m=[32m"actions-buttons"
[39m
                  [36m>[39m
                    
[36m<button[39m
                      [33mar
ia-label[39m=[32m"Pause"[3
9m
                      [33mcl
ass[39m=[32m"action-button"
[39m
                      
[33mtitle[39m=[32m"Pause: 
Stops generating new 
reminders. Existing 
reminders remain 
active."[39m
                      [33mty
pe[39m=[32m"button"[39m
                    
[36m>[39m
                      
[0mÔÅ©´©Å[0m
                    
[36m</button>[39m
                    
[36m<button[39m
                      [33mar
ia-label[39m=[32m"Archive"
[39m
                      [33mcl
ass[39m=[32m"action-button"
[39m
                      [33mti
tle[39m=[32m"Archive: 
Moves tracking to archived 
state and stops all reminder 
generation. All pending and 
upcoming reminders will be 
deleted."[39m
                      [33mty
pe[39m=[32m"button"[39m
                    
[36m>[39m
                      [0m
ƒôª[0m
                    
[36m</button>[39m
                    
[36m<button[39m
                      [33mar
ia-label[39m=[32m"Delete"[
39m
                      [33mcl
ass[39m=[32m"action-button"
[39m
                      [33mti
tle[39m=[32m"Delete: 
Permanently removes this 
tracking and all its 
reminders. This action 
cannot be undone."[39m
                      [33mty
pe[39m=[32m"button"[39m
                    
[36m>[39m
                      [0m
ƒùæ´©Å[0m
                    
[36m</button>[39m
                  
[36m</div>[39m
                
[36m</div>[39m
              [36m</td>[39m
            [36m</tr>[39m
          [36m</tbody>[39m
        [36m</table>[39m
        [36m<div[39m
          [33mclass[39m=[3
2m"trackings-cards"[39m
        [36m>[39m
          [36m<div[39m
            [33mclass[39m=
[32m"tracking-card"[39m
          [36m>[39m
            [36m<div[39m
              [33mclass[39m
=[32m"tracking-card-header"
[39m
            [36m>[39m
              [36m<div[39m
                [33mclass[3
9m=[32m"tracking-card-title"
[39m
              [36m>[39m
                [36m<h3[39m
                  [33mclass
[39m=[32m"tracking-card-ques
tion"[39m
                [36m>[39m
                  [0mDid I 
exercise?[0m
                
[36m</h3>[39m
                
[36m<div[39m
                  [33mclass
[39m=[32m"tracking-card-time
s"[39m
                [36m/>[39m
              
[36m</div>[39m
            [36m</div>[39m
            [36m<div[39m
              [33mclass[39m
=[32m"tracking-card-body"[3
9m
            [36m>[39m
              [36m<div[39m
                [33mclass[3
9m=[32m"tracking-card-row"[
39m
              [36m>[39m
                
[36m<span[39m
                  [33mclass
[39m=[32m"tracking-card-labe
l"[39m
                [36m>[39m
                  
[0mFrequency[0m
                
[36m</span>[39m
                
[36m<span[39m
                  [33mclass
[39m=[32m"tracking-card-valu
e"[39m
                [36m>[39m
                  [0mSecond 
Monday of month[0m
                
[36m</span>[39m
              
[36m</div>[39m
            [36m</div>[39m
            [36m<div[39m
              [33mclass[39m
=[32m"tracking-card-footer"
[39m
            [36m>[39m
              [36m<div[39m
                [33mclass[3
9m=[32m"tracking-card-status
"[39m
              [36m>[39m
                
[36m<span[39m
                  [33mclass
[39m=[32m"status-badge 
state-badge-running"[39m
                [36m>[39m
                  
[0mRunning[0m
                
[36m</span>[39m
              
[36m</div>[39m
              [36m<div[39m
                [33mclass[3
9m=[32m"tracking-card-action
s"[39m
              [36m>[39m
                
[36m<button[39m
                  [33maria-l
abel[39m=[32m"Edit 
tracking"[39m
                  [33mclass
[39m=[32m"action-button"[39
m
                  
[33mtitle[39m=[32m"Edit 
tracking"[39m
                  [33mtype[
39m=[32m"button"[39m
                [36m>[39m
                  
[0mÔ£Å´©Å[0m
                
[36m</button>[39m
              
[36m</div>[39m
            [36m</div>[39m
          [36m</div>[39m
        [36m</div>[39m
      [36m</div>[39m
    [36m</div>[39m
  [36m</div>[39m
[36m</body>[39m
[90m [2mÔØ»[22m 
Object.getElementError node_m
odules/@testing-library/react
/node_modules/@testing-librar
y/dom/dist/config.js:[2m37:1
9[22m[39m
[90m [2mÔØ»[22m 
getElementError node_modules/
@testing-library/react/node_m
odules/@testing-library/dom/d
ist/query-helpers.js:[2m20:3
5[22m[39m
[90m [2mÔØ»[22m getMultipl
eElementsFoundError node_modu
les/@testing-library/react/no
de_modules/@testing-library/d
om/dist/query-helpers.js:[2m
23:10[22m[39m
[90m [2mÔØ»[22m node_modul
es/@testing-library/react/nod
e_modules/@testing-library/do
m/dist/query-helpers.js:[2m5
5:13[22m[39m
[90m [2mÔØ»[22m node_modul
es/@testing-library/react/nod
e_modules/@testing-library/do
m/dist/query-helpers.js:[2m9
5:19[22m[39m
[36m [2mÔØ»[22m frontend/s
rc/components/__tests__/Track
ingsList.test.tsx:[2m692:23
[22m[39m
    [90m690| [39m        
)[33m;[39m
    [90m691| [39m
    [90m692| [39m        ex
pect(screen.getByText("Second
 Monday of 
month")).toBeInTheDoÔÇª
    [90m   | [39m          
            [31m^[39m
    [90m693| [39m    
})[33m;[39m
    [90m694| [39m

[31m[2mÔÄ»ÔÄ»ÔÄ»ÔÄ»ÔÄ»ÔÄ»ÔÄ
»ÔÄ»ÔÄ»ÔÄ»ÔÄ»ÔÄ»ÔÄ»ÔÄ»ÔÄ»ÔÄ»Ô
Ä»ÔÄ»ÔÄ»ÔÄ»ÔÄ»ÔÄ»[37/50]ÔÄ»[
22m[39m

[41m[1m FAIL [22m[49m fro
ntend/src/components/__tests_
_/TrackingsList.test.tsx[2m 
> [22mTrackingsList[2m > 
[22mshould format all days 
of week as Daily
[31m[1mTestingLibraryElemen
tError[22m[39m: Found 
multiple elements with the 
text: Daily

Here are the matching 
elements:

Ignored nodes: comments, 
script, style
[36m<td[39m
  [33mclass[39m=[32m"cell-
frequency"[39m
  [33mtitle[39m=[32m"No 
upcoming reminder"[39m
[36m>[39m
  [0mDaily[0m
[36m</td>[39m

Ignored nodes: comments, 
script, style
[36m<span[39m
  [33mclass[39m=[32m"track
ing-card-value"[39m
[36m>[39m
  [0mDaily[0m
[36m</span>[39m

(If this is intentional, 
then use the `*AllBy*` 
variant of the query (like 
`queryAllByText`, 
`getAllByText`, or 
`findAllByText`)).

Ignored nodes: comments, 
script, style
[36m<body>[39m
  [36m<div>[39m
    [36m<div[39m
      [33mclass[39m=[32m"t
rackings-list"[39m
    [36m>[39m
      [36m<div[39m
        [33mclass[39m=[32m
"trackings-list-content"[39m
      [36m>[39m
        [36m<table[39m
          [33mclass[39m=[3
2m"trackings-table"[39m
        [36m>[39m
          [36m<thead>[39m
            [36m<tr>[39m
              [36m<th[39m
                [33mclass[3
9m=[32m"col-tracking"[39m
              [36m>[39m
                
[36m<div[39m
                  [33mclass
[39m=[32m"header-with-filter
"[39m
                [36m>[39m
                  
[36m<button[39m
                    [33maria
-expanded[39m=[32m"false"[
39m
                    [33maria
-label[39m=[32m"Show 
filters"[39m
                    [33mclas
s[39m=[32m"filter-toggle-bu
tton"[39m
                    
[33mtitle[39m=[32m"Show 
filters"[39m
                    [33mtype
[39m=[32m"button"[39m
                  [36m>[39m
                    
[36m<span[39m
                      [33mcl
ass[39m=[32m"filter-toggle-
icon"[39m
                    
[36m>[39m
                      [0m
ƒöì[0m
                    
[36m</span>[39m
                  
[36m</button>[39m
                  
[36m<button[39m
                    [33maria
-label[39m=[32m"Sort by 
tracking"[39m
                    [33mclas
s[39m=[32m"sortable-header"
[39m
                    [33mtype
[39m=[32m"button"[39m
                  [36m>[39m
                    
[0mTracking[0m
                  
[36m</button>[39m
                
[36m</div>[39m
              [36m</th>[39m
              [36m<th[39m
                [33mclass[3
9m=[32m"col-notes"[39m
              [36m>[39m
                [0mNotes[0m
              [36m</th>[39m
              [36m<th[39m
                [33mclass[3
9m=[32m"col-times"[39m
              [36m>[39m
                
[36m<button[39m
                  [33maria-l
abel[39m=[32m"Sort by 
times"[39m
                  [33mclass
[39m=[32m"sortable-header"[
39m
                  [33mtype[
39m=[32m"button"[39m
                [36m>[39m
                  
[0mTimes[0m
                
[36m</button>[39m
              [36m</th>[39m
              [36m<th[39m
                [33mclass[3
9m=[32m"col-frequency"[39m
              [36m>[39m
                
[36m<button[39m
                  [33maria-l
abel[39m=[32m"Sort by 
frequency"[39m
                  [33mclass
[39m=[32m"sortable-header"[
39m
                  [33mtype[
39m=[32m"button"[39m
                [36m>[39m
                  
[0mFrequency[0m
                
[36m</button>[39m
              [36m</th>[39m
              [36m<th[39m
                [33mclass[3
9m=[32m"col-next-reminder"[
39m
              [36m>[39m
                
[36m<button[39m
                  [33maria-l
abel[39m=[32m"Sort by next 
reminder"[39m
                  [33mclass
[39m=[32m"sortable-header"[
39m
                  [33mtype[
39m=[32m"button"[39m
                [36m>[39m
                  [0mNext 
reminder[0m
                
[36m</button>[39m
              [36m</th>[39m
              [36m<th[39m
                [33mclass[3
9m=[32m"col-status"[39m
              [36m>[39m
                
[36m<button[39m
                  [33maria-l
abel[39m=[32m"Sort by 
status"[39m
                  [33mclass
[39m=[32m"sortable-header"[
39m
                  [33mtype[
39m=[32m"button"[39m
                [36m>[39m
                  
[0mStatus[0m
                
[36m</button>[39m
              [36m</th>[39m
              [36m<th[39m
                [33mclass[3
9m=[32m"col-actions"[39m
              [36m>[39m
                
[0mActions[0m
              [36m</th>[39m
            [36m</tr>[39m
          [36m</thead>[39m
          [36m<tbody>[39m
            [36m<tr[39m
              [33mclass[39m
=[32m"tracking-row"[39m
            [36m>[39m
              [36m<td[39m
                [33mclass[3
9m=[32m"cell-tracking"[39m
              [36m>[39m
                
[36m<button[39m
                  [33maria-l
abel[39m=[32m"Edit 
tracking: Did I 
exercise?"[39m
                  [33mclass
[39m=[32m"tracking-name-link
"[39m
                  
[33mtitle[39m=[32m"Did I 
exercise?. Click to 
edit"[39m
                  [33mtype[
39m=[32m"button"[39m
                [36m>[39m
                  [0mDid I 
exercise?[0m
                
[36m</button>[39m
              [36m</td>[39m
              [36m<td[39m
                [33mclass[3
9m=[32m"cell-notes"[39m
              [36m>[39m
                
[36m<span[39m
                  [33mclass
[39m=[32m"notes-empty"[39m
                [36m>[39m
                  [0mÔÇö[0m
                
[36m</span>[39m
              [36m</td>[39m
              [36m<td[39m
                [33mclass[3
9m=[32m"cell-times"[39m
                
[33mtitle[39m=[32m"No 
times"[39m
              [36m/>[39m
              [36m<td[39m
                [33mclass[3
9m=[32m"cell-frequency"[39m
                
[33mtitle[39m=[32m"No 
upcoming reminder"[39m
              [36m>[39m
                [0mDaily[0m
              [36m</td>[39m
              [36m<td[39m
                [33mclass[3
9m=[32m"cell-next-reminder"
[39m
              [36m>[39m
                [0mÔÇö[0m
              [36m</td>[39m
              [36m<td[39m
                [33mclass[3
9m=[32m"cell-status"[39m
              [36m>[39m
                
[36m<span[39m
                  [33mclass
[39m=[32m"status-badge 
state-badge-running"[39m
                [36m>[39m
                  
[0mRunning[0m
                
[36m</span>[39m
              [36m</td>[39m
              [36m<td[39m
                [33mclass[3
9m=[32m"cell-actions"[39m
              [36m>[39m
                
[36m<div[39m
                  [33mclass
[39m=[32m"actions-container"
[39m
                [36m>[39m
                  
[36m<div[39m
                    [33mclas
s[39m=[32m"actions-buttons"
[39m
                  [36m>[39m
                    
[36m<button[39m
                      [33mar
ia-label[39m=[32m"Pause"[3
9m
                      [33mcl
ass[39m=[32m"action-button"
[39m
                      
[33mtitle[39m=[32m"Pause: 
Stops generating new 
reminders. Existing 
reminders remain 
active."[39m
                      [33mty
pe[39m=[32m"button"[39m
                    
[36m>[39m
                      
[0mÔÅ©´©Å[0m
                    
[36m</button>[39m
                    
[36m<button[39m
                      [33mar
ia-label[39m=[32m"Archive"
[39m
                      [33mcl
ass[39m=[32m"action-button"
[39m
                      [33mti
tle[39m=[32m"Archive: 
Moves tracking to archived 
state and stops all reminder 
generation. All pending and 
upcoming reminders will be 
deleted."[39m
                      [33mty
pe[39m=[32m"button"[39m
                    
[36m>[39m
                      [0m
ƒôª[0m
                    
[36m</button>[39m
                    
[36m<button[39m
                      [33mar
ia-label[39m=[32m"Delete"[
39m
                      [33mcl
ass[39m=[32m"action-button"
[39m
                      [33mti
tle[39m=[32m"Delete: 
Permanently removes this 
tracking and all its 
reminders. This action 
cannot be undone."[39m
                      [33mty
pe[39m=[32m"button"[39m
                    
[36m>[39m
                      [0m
ƒùæ´©Å[0m
                    
[36m</button>[39m
                  
[36m</div>[39m
                
[36m</div>[39m
              [36m</td>[39m
            [36m</tr>[39m
          [36m</tbody>[39m
        [36m</table>[39m
        [36m<div[39m
          [33mclass[39m=[3
2m"trackings-cards"[39m
        [36m>[39m
          [36m<div[39m
            [33mclass[39m=
[32m"tracking-card"[39m
          [36m>[39m
            [36m<div[39m
              [33mclass[39m
=[32m"tracking-card-header"
[39m
            [36m>[39m
              [36m<div[39m
                [33mclass[3
9m=[32m"tracking-card-title"
[39m
              [36m>[39m
                [36m<h3[39m
                  [33mclass
[39m=[32m"tracking-card-ques
tion"[39m
                [36m>[39m
                  [0mDid I 
exercise?[0m
                
[36m</h3>[39m
                
[36m<div[39m
                  [33mclass
[39m=[32m"tracking-card-time
s"[39m
                [36m/>[39m
              
[36m</div>[39m
            [36m</div>[39m
            [36m<div[39m
              [33mclass[39m
=[32m"tracking-card-body"[3
9m
            [36m>[39m
              [36m<div[39m
                [33mclass[3
9m=[32m"tracking-card-row"[
39m
              [36m>[39m
                
[36m<span[39m
                  [33mclass
[39m=[32m"tracking-card-labe
l"[39m
                [36m>[39m
                  
[0mFrequency[0m
                
[36m</span>[39m
                
[36m<span[39m
                  [33mclass
[39m=[32m"tracking-card-valu
e"[39m
                [36m>[39m
                  
[0mDaily[0m
                
[36m</span>[39m
              
[36m</div>[39m
            [36m</div>[39m
            [36m<div[39m
              [33mclass[39m
=[32m"tracking-card-footer"
[39m
            [36m>[39m
              [36m<div[39m
                [33mclass[3
9m=[32m"tracking-card-status
"[39m
              [36m>[39m
                
[36m<span[39m
                  [33mclass
[39m=[32m"status-badge 
state-badge-running"[39m
                [36m>[39m
                  
[0mRunning[0m
                
[36m</span>[39m
              
[36m</div>[39m
              [36m<div[39m
                [33mclass[3
9m=[32m"tracking-card-action
s"[39m
              [36m>[39m
                
[36m<button[39m
                  [33maria-l
abel[39m=[32m"Edit 
tracking"[39m
                  [33mclass
[39m=[32m"action-button"[39
m
                  
[33mtitle[39m=[32m"Edit 
tracking"[39m
                  [33mtype[
39m=[32m"button"[39m
                [36m>[39m
                  
[0mÔ£Å´©Å[0m
                
[36m</button>[39m
              
[36m</div>[39m
            [36m</div>[39m
          [36m</div>[39m
        [36m</div>[39m
      [36m</div>[39m
    [36m</div>[39m
  [36m</div>[39m
[36m</body>[39m
[90m [2mÔØ»[22m 
Object.getElementError node_m
odules/@testing-library/react
/node_modules/@testing-librar
y/dom/dist/config.js:[2m37:1
9[22m[39m
[90m [2mÔØ»[22m 
getElementError node_modules/
@testing-library/react/node_m
odules/@testing-library/dom/d
ist/query-helpers.js:[2m20:3
5[22m[39m
[90m [2mÔØ»[22m getMultipl
eElementsFoundError node_modu
les/@testing-library/react/no
de_modules/@testing-library/d
om/dist/query-helpers.js:[2m
23:10[22m[39m
[90m [2mÔØ»[22m node_modul
es/@testing-library/react/nod
e_modules/@testing-library/do
m/dist/query-helpers.js:[2m5
5:13[22m[39m
[90m [2mÔØ»[22m node_modul
es/@testing-library/react/nod
e_modules/@testing-library/do
m/dist/query-helpers.js:[2m9
5:19[22m[39m
[36m [2mÔØ»[22m frontend/s
rc/components/__tests__/Track
ingsList.test.tsx:[2m715:23
[22m[39m
    [90m713| [39m        
)[33m;[39m
    [90m714| [39m
    [90m715| [39m        [
34mexpect[39m(screen[33m.[
39m[34mgetByText[39m([32m"
Daily"[39m))[33m.[39m[34m
toBeInTheDocument[39m()[33m
;[39m
    [90m   | [39m          
            [31m^[39m
    [90m716| [39m    
})[33m;[39m
    [90m717| [39m

[31m[2mÔÄ»ÔÄ»ÔÄ»ÔÄ»ÔÄ»ÔÄ»ÔÄ
»ÔÄ»ÔÄ»ÔÄ»ÔÄ»ÔÄ»ÔÄ»ÔÄ»ÔÄ»ÔÄ»Ô
Ä»ÔÄ»ÔÄ»ÔÄ»ÔÄ»ÔÄ»[38/50]ÔÄ»[
22m[39m

[41m[1m FAIL [22m[49m fro
ntend/src/components/__tests_
_/TrackingsList.test.tsx[2m 
> [22mTrackingsList[2m > 
[22mshould filter out 
deleted trackings from 
display
[31m[1mTestingLibraryElemen
tError[22m[39m: Found 
multiple elements with the 
text: Did I exercise?

Here are the matching 
elements:

Ignored nodes: comments, 
script, style
[36m<button[39m
  [33maria-label[39m=[32m"
Edit tracking: Did I 
exercise?"[39m
  [33mclass[39m=[32m"track
ing-name-link"[39m
  [33mtitle[39m=[32m"Did 
I exercise?. Click to 
edit"[39m
  [33mtype[39m=[32m"button
"[39m
[36m>[39m
  [0mDid I exercise?[0m
[36m</button>[39m

Ignored nodes: comments, 
script, style
[36m<h3[39m
  [33mclass[39m=[32m"track
ing-card-question"[39m
[36m>[39m
  [0mDid I exercise?[0m
[36m</h3>[39m

(If this is intentional, 
then use the `*AllBy*` 
variant of the query (like 
`queryAllByText`, 
`getAllByText`, or 
`findAllByText`)).

Ignored nodes: comments, 
script, style
[36m<body>[39m
  [36m<div>[39m
    [36m<div[39m
      [33mclass[39m=[32m"t
rackings-list"[39m
    [36m>[39m
      [36m<div[39m
        [33mclass[39m=[32m
"trackings-list-content"[39m
      [36m>[39m
        [36m<table[39m
          [33mclass[39m=[3
2m"trackings-table"[39m
        [36m>[39m
          [36m<thead>[39m
            [36m<tr>[39m
              [36m<th[39m
                [33mclass[3
9m=[32m"col-tracking"[39m
              [36m>[39m
                
[36m<div[39m
                  [33mclass
[39m=[32m"header-with-filter
"[39m
                [36m>[39m
                  
[36m<button[39m
                    [33maria
-expanded[39m=[32m"false"[
39m
                    [33maria
-label[39m=[32m"Show 
filters"[39m
                    [33mclas
s[39m=[32m"filter-toggle-bu
tton"[39m
                    
[33mtitle[39m=[32m"Show 
filters"[39m
                    [33mtype
[39m=[32m"button"[39m
                  [36m>[39m
                    
[36m<span[39m
                      [33mcl
ass[39m=[32m"filter-toggle-
icon"[39m
                    
[36m>[39m
                      [0m
ƒöì[0m
                    
[36m</span>[39m
                  
[36m</button>[39m
                  
[36m<button[39m
                    [33maria
-label[39m=[32m"Sort by 
tracking"[39m
                    [33mclas
s[39m=[32m"sortable-header"
[39m
                    [33mtype
[39m=[32m"button"[39m
                  [36m>[39m
                    
[0mTracking[0m
                  
[36m</button>[39m
                
[36m</div>[39m
              [36m</th>[39m
              [36m<th[39m
                [33mclass[3
9m=[32m"col-notes"[39m
              [36m>[39m
                [0mNotes[0m
              [36m</th>[39m
              [36m<th[39m
                [33mclass[3
9m=[32m"col-times"[39m
              [36m>[39m
                
[36m<button[39m
                  [33maria-l
abel[39m=[32m"Sort by 
times"[39m
                  [33mclass
[39m=[32m"sortable-header"[
39m
                  [33mtype[
39m=[32m"button"[39m
                [36m>[39m
                  
[0mTimes[0m
                
[36m</button>[39m
              [36m</th>[39m
              [36m<th[39m
                [33mclass[3
9m=[32m"col-frequency"[39m
              [36m>[39m
                
[36m<button[39m
                  [33maria-l
abel[39m=[32m"Sort by 
frequency"[39m
                  [33mclass
[39m=[32m"sortable-header"[
39m
                  [33mtype[
39m=[32m"button"[39m
                [36m>[39m
                  
[0mFrequency[0m
                
[36m</button>[39m
              [36m</th>[39m
              [36m<th[39m
                [33mclass[3
9m=[32m"col-next-reminder"[
39m
              [36m>[39m
                
[36m<button[39m
                  [33maria-l
abel[39m=[32m"Sort by next 
reminder"[39m
                  [33mclass
[39m=[32m"sortable-header"[
39m
                  [33mtype[
39m=[32m"button"[39m
                [36m>[39m
                  [0mNext 
reminder[0m
                
[36m</button>[39m
              [36m</th>[39m
              [36m<th[39m
                [33mclass[3
9m=[32m"col-status"[39m
              [36m>[39m
                
[36m<button[39m
                  [33maria-l
abel[39m=[32m"Sort by 
status"[39m
                  [33mclass
[39m=[32m"sortable-header"[
39m
                  [33mtype[
39m=[32m"button"[39m
                [36m>[39m
                  
[0mStatus[0m
                
[36m</button>[39m
              [36m</th>[39m
              [36m<th[39m
                [33mclass[3
9m=[32m"col-actions"[39m
              [36m>[39m
                
[0mActions[0m
              [36m</th>[39m
            [36m</tr>[39m
          [36m</thead>[39m
          [36m<tbody>[39m
            [36m<tr[39m
              [33mclass[39m
=[32m"tracking-row"[39m
            [36m>[39m
              [36m<td[39m
                [33mclass[3
9m=[32m"cell-tracking"[39m
              [36m>[39m
                
[36m<button[39m
                  [33maria-l
abel[39m=[32m"Edit 
tracking: Did I 
exercise?"[39m
                  [33mclass
[39m=[32m"tracking-name-link
"[39m
                  
[33mtitle[39m=[32m"Did I 
exercise?. Click to 
edit"[39m
                  [33mtype[
39m=[32m"button"[39m
                [36m>[39m
                  [0mDid I 
exercise?[0m
                
[36m</button>[39m
              [36m</td>[39m
              [36m<td[39m
                [33mclass[3
9m=[32m"cell-notes"[39m
              [36m>[39m
                
[36m<span[39m
                  [33mclass
[39m=[32m"notes-empty"[39m
                [36m>[39m
                  [0mÔÇö[0m
                
[36m</span>[39m
              [36m</td>[39m
              [36m<td[39m
                [33mclass[3
9m=[32m"cell-times"[39m
                
[33mtitle[39m=[32m"No 
times"[39m
              [36m/>[39m
              [36m<td[39m
                [33mclass[3
9m=[32m"cell-frequency"[39m
                
[33mtitle[39m=[32m"No 
upcoming reminder"[39m
              [36m>[39m
                [0mDaily[0m
              [36m</td>[39m
              [36m<td[39m
                [33mclass[3
9m=[32m"cell-next-reminder"
[39m
              [36m>[39m
                [0mÔÇö[0m
              [36m</td>[39m
              [36m<td[39m
                [33mclass[3
9m=[32m"cell-status"[39m
              [36m>[39m
                
[36m<span[39m
                  [33mclass
[39m=[32m"status-badge 
state-badge-running"[39m
                [36m>[39m
                  
[0mRunning[0m
                
[36m</span>[39m
              [36m</td>[39m
              [36m<td[39m
                [33mclass[3
9m=[32m"cell-actions"[39m
              [36m>[39m
                
[36m<div[39m
                  [33mclass
[39m=[32m"actions-container"
[39m
                [36m>[39m
                  
[36m<div[39m
                    [33mclas
s[39m=[32m"actions-buttons"
[39m
                  [36m>[39m
                    
[36m<button[39m
                      [33mar
ia-label[39m=[32m"Pause"[3
9m
                      [33mcl
ass[39m=[32m"action-button"
[39m
                      
[33mtitle[39m=[32m"Pause: 
Stops generating new 
reminders. Existing 
reminders remain 
active."[39m
                      [33mty
pe[39m=[32m"button"[39m
                    
[36m>[39m
                      
[0mÔÅ©´©Å[0m
                    
[36m</button>[39m
                    
[36m<button[39m
                      [33mar
ia-label[39m=[32m"Archive"
[39m
                      [33mcl
ass[39m=[32m"action-button"
[39m
                      [33mti
tle[39m=[32m"Archive: 
Moves tracking to archived 
state and stops all reminder 
generation. All pending and 
upcoming reminders will be 
deleted."[39m
                      [33mty
pe[39m=[32m"button"[39m
                    
[36m>[39m
                      [0m
ƒôª[0m
                    
[36m</button>[39m
                    
[36m<button[39m
                      [33mar
ia-label[39m=[32m"Delete"[
39m
                      [33mcl
ass[39m=[32m"action-button"
[39m
                      [33mti
tle[39m=[32m"Delete: 
Permanently removes this 
tracking and all its 
reminders. This action 
cannot be undone."[39m
                      [33mty
pe[39m=[32m"button"[39m
                    
[36m>[39m
                      [0m
ƒùæ´©Å[0m
                    
[36m</button>[39m
                  
[36m</div>[39m
                
[36m</div>[39m
              [36m</td>[39m
            [36m</tr>[39m
          [36m</tbody>[39m
        [36m</table>[39m
        [36m<div[39m
          [33mclass[39m=[3
2m"trackings-cards"[39m
        [36m>[39m
          [36m<div[39m
            [33mclass[39m=
[32m"tracking-card"[39m
          [36m>[39m
            [36m<div[39m
              [33mclass[39m
=[32m"tracking-card-header"
[39m
            [36m>[39m
              [36m<div[39m
                [33mclass[3
9m=[32m"tracking-card-title"
[39m
              [36m>[39m
                [36m<h3[39m
                  [33mclass
[39m=[32m"tracking-card-ques
tion"[39m
                [36m>[39m
                  [0mDid I 
exercise?[0m
                
[36m</h3>[39m
                
[36m<div[39m
                  [33mclass
[39m=[32m"tracking-card-time
s"[39m
                [36m/>[39m
              
[36m</div>[39m
            [36m</div>[39m
            [36m<div[39m
              [33mclass[39m
=[32m"tracking-card-body"[3
9m
            [36m>[39m
              [36m<div[39m
                [33mclass[3
9m=[32m"tracking-card-row"[
39m
              [36m>[39m
                
[36m<span[39m
                  [33mclass
[39m=[32m"tracking-card-labe
l"[39m
                [36m>[39m
                  
[0mFrequency[0m
                
[36m</span>[39m
                
[36m<span[39m
                  [33mclass
[39m=[32m"tracking-card-valu
e"[39m
                [36m>[39m
                  
[0mDaily[0m
                
[36m</span>[39m
              
[36m</div>[39m
            [36m</div>[39m
            [36m<div[39m
              [33mclass[39m
=[32m"tracking-card-footer"
[39m
            [36m>[39m
              [36m<div[39m
                [33mclass[3
9m=[32m"tracking-card-status
"[39m
              [36m>[39m
                
[36m<span[39m
                  [33mclass
[39m=[32m"status-badge 
state-badge-running"[39m
                [36m>[39m
                  
[0mRunning[0m
                
[36m</span>[39m
              
[36m</div>[39m
              [36m<div[39m
                [33mclass[3
9m=[32m"tracking-card-action
s"[39m
              [36m>[39m
                
[36m<button[39m
                  [33maria-l
abel[39m=[32m"Edit 
tracking"[39m
                  [33mclass
[39m=[32m"action-button"[39
m
                  
[33mtitle[39m=[32m"Edit 
tracking"[39m
                  [33mtype[
39m=[32m"button"[39m
                [36m>[39m
                  
[0mÔ£Å´©Å[0m
                
[36m</button>[39m
              
[36m</div>[39m
            [36m</div>[39m
          [36m</div>[39m
        [36m</div>[39m
      [36m</div>[39m
    [36m</div>[39m
  [36m</div>[39m
[36m</body>[39m
[90m [2mÔØ»[22m 
Object.getElementError node_m
odules/@testing-library/react
/node_modules/@testing-librar
y/dom/dist/config.js:[2m37:1
9[22m[39m
[90m [2mÔØ»[22m 
getElementError node_modules/
@testing-library/react/node_m
odules/@testing-library/dom/d
ist/query-helpers.js:[2m20:3
5[22m[39m
[90m [2mÔØ»[22m getMultipl
eElementsFoundError node_modu
les/@testing-library/react/no
de_modules/@testing-library/d
om/dist/query-helpers.js:[2m
23:10[22m[39m
[90m [2mÔØ»[22m node_modul
es/@testing-library/react/nod
e_modules/@testing-library/do
m/dist/query-helpers.js:[2m5
5:13[22m[39m
[90m [2mÔØ»[22m node_modul
es/@testing-library/react/nod
e_modules/@testing-library/do
m/dist/query-helpers.js:[2m9
5:19[22m[39m
[36m [2mÔØ»[22m frontend/s
rc/components/__tests__/Track
ingsList.test.tsx:[2m890:23
[22m[39m
    [90m888| [39m
    [90m889| [39m        
[90m// Only the running 
tracking should be 
visible[39m
    [90m890| [39m        
expect(screen.getByText("Did 
I exercise?")).toBeInTheDocum
ent(ÔÇª
    [90m   | [39m          
            [31m^[39m
    [90m891| [39m        ex
pect(screen.queryByText("Did 
I meditate?")).not.toBeInTheD
ocÔÇª
    [90m892| [39m    
})[33m;[39m

[31m[2mÔÄ»ÔÄ»ÔÄ»ÔÄ»ÔÄ»ÔÄ»ÔÄ
»ÔÄ»ÔÄ»ÔÄ»ÔÄ»ÔÄ»ÔÄ»ÔÄ»ÔÄ»ÔÄ»Ô
Ä»ÔÄ»ÔÄ»ÔÄ»ÔÄ»ÔÄ»[39/50]ÔÄ»[
22m[39m

[41m[1m FAIL [22m[49m fro
ntend/src/components/__tests_
_/TrackingsList.test.tsx[2m 
> [22mTrackingsList[2m > 
[22mFiltering[2m > 
[22mshould filter by 
tracking question text
[31m[1mTestingLibraryElemen
tError[22m[39m: Found 
multiple elements with the 
text: Did I exercise today?

Here are the matching 
elements:

Ignored nodes: comments, 
script, style
[36m<button[39m
  [33maria-label[39m=[32m"
Edit tracking: Did I 
exercise today?"[39m
  [33mclass[39m=[32m"track
ing-name-link"[39m
  [33mtitle[39m=[32m"Did 
I exercise today?. Click to 
edit"[39m
  [33mtype[39m=[32m"button
"[39m
[36m>[39m
  [0mDid I exercise 
today?[0m
[36m</button>[39m

Ignored nodes: comments, 
script, style
[36m<h3[39m
  [33mclass[39m=[32m"track
ing-card-question"[39m
[36m>[39m
  [0mDid I exercise 
today?[0m
[36m</h3>[39m

(If this is intentional, 
then use the `*AllBy*` 
variant of the query (like 
`queryAllByText`, 
`getAllByText`, or 
`findAllByText`)).

Ignored nodes: comments, 
script, style
[36m<body>[39m
  [36m<div>[39m
    [36m<div[39m
      [33mclass[39m=[32m"t
rackings-list"[39m
    [36m>[39m
      [36m<div[39m
        [33mclass[39m=[32m
"trackings-list-content"[39m
      [36m>[39m
        [36m<div[39m
          [33mclass[39m=[3
2m"filter-panel"[39m
        [36m>[39m
          [36m<div[39m
            [33mclass[39m=
[32m"filter-panel-content"[3
9m
          [36m>[39m
            [36m<div[39m
              [33mclass[39m
=[32m"filter-row"[39m
            [36m>[39m
              
[36m<label[39m
                [33mclass[3
9m=[32m"filter-label"[39m
                [33mfor[39m
=[32m"filter-tracking"[39m
              [36m>[39m
                
[0mTracking:[0m
              
[36m</label>[39m
              
[36m<input[39m
                [33maria-lab
el[39m=[32m"Filter by 
tracking"[39m
                [33mclass[3
9m=[32m"filter-input"[39m
                [33mid[39m=
[32m"filter-tracking"[39m
                [33mplacehol
der[39m=[32m"Filter by 
question..."[39m
                [33mtype[39
m=[32m"text"[39m
                [33mvalue[3
9m=[32m"exercise"[39m
              [36m/>[39m
            [36m</div>[39m
            [36m<div[39m
              [33mclass[39m
=[32m"filter-row"[39m
            [36m>[39m
              [36m<div[39m
                [33mclass[3
9m=[32m"filter-row"[39m
              [36m>[39m
                
[36m<label[39m
                  [33mclass
[39m=[32m"filter-label"[39m
                  [33mfor[3
9m=[32m"filter-times"[39m
                [36m>[39m
                  
[0mTimes:[0m
                
[36m</label>[39m
                
[36m<input[39m
                  [33maria-l
abel[39m=[32m"Filter by 
times"[39m
                  [33mclass
[39m=[32m"filter-input"[39m
                  [33mid[39
m=[32m"filter-times"[39m
                  [33mplaceh
older[39m=[32m"Filter by 
times..."[39m
                  [33mtype[
39m=[32m"text"[39m
                  
[33mvalue[39m=[32m""[39m
                [36m/>[39m
              
[36m</div>[39m
              [36m<div[39m
                [33mclass[3
9m=[32m"filter-row"[39m
              [36m>[39m
                
[36m<label[39m
                  [33mclass
[39m=[32m"filter-label"[39m
                  [33mfor[3
9m=[32m"filter-frequency"[3
9m
                [36m>[39m
                  
[0mFrequency:[0m
                
[36m</label>[39m
                
[36m<input[39m
                  [33maria-l
abel[39m=[32m"Filter by 
frequency"[39m
                  [33mclass
[39m=[32m"filter-input"[39m
                  [33mid[39
m=[32m"filter-frequency"[39
m
                  [33mplaceh
older[39m=[32m"Filter by 
frequency..."[39m
                  [33mtype[
39m=[32m"text"[39m
                  
[33mvalue[39m=[32m""[39m
                [36m/>[39m
              
[36m</div>[39m
              [36m<div[39m
                [33mclass[3
9m=[32m"filter-row"[39m
              [36m>[39m
                
[36m<div[39m
                  [33mclass
[39m=[32m"filter-label"[39m
                [36m>[39m
                  
[0mStatus:[0m
                
[36m</div>[39m
                
[36m<div[39m
                  [33mclass
[39m=[32m"filter-checkbox-gr
oup"[39m
                [36m>[39m
                  
[36m<label[39m
                    [33mclas
s[39m=[32m"filter-checkbox-
label"[39m
                  [36m>[39m
                    
[36m<input[39m
                      [33mar
ia-label[39m=[32m"Filter 
by status: Running"[39m
                      [33mty
pe[39m=[32m"checkbox"[39m
                    
[36m/>[39m
                    
[36m<span>[39m
                      
[0mRunning[0m
                    
[36m</span>[39m
                  
[36m</label>[39m
                  
[36m<label[39m
                    [33mclas
s[39m=[32m"filter-checkbox-
label"[39m
                  [36m>[39m
                    
[36m<input[39m
                      [33mar
ia-label[39m=[32m"Filter 
by status: Paused"[39m
                      [33mty
pe[39m=[32m"checkbox"[39m
                    
[36m/>[39m
                    
[36m<span>[39m
                      
[0mPaused[0m
                    
[36m</span>[39m
                  
[36m</label>[39m
                  
[36m<label[39m
                    [33mclas
s[39m=[32m"filter-checkbox-
label"[39m
                  [36m>[39m
                    
[36m<input[39m
                      [33mar
ia-label[39m=[32m"Filter 
by status: Archived"[39m
                      [33mty
pe[39m=[32m"checkbox"[39m
                    
[36m/>[39m
                    
[36m<span>[39m
                      
[0mArchived[0m
                    
[36m</span>[39m
                  
[36m</label>[39m
                
[36m</div>[39m
              
[36m</div>[39m
              [36m<div[39m
                [33mclass[3
9m=[32m"filter-actions"[39m
              [36m>[39m
                
[36m<button[39m
                  [33maria-l
abel[39m=[32m"Reset all 
filters"[39m
                  [33mclass
[39m=[32m"filter-reset-butto
n"[39m
                  [33mtype[
39m=[32m"button"[39m
                [36m>[39m
                  [0mReset 
Filters[0m
                
[36m</button>[39m
              
[36m</div>[39m
            [36m</div>[39m
          [36m</div>[39m
        [36m</div>[39m
        [36m<table[39m
          [33mclass[39m=[3
2m"trackings-table"[39m
        [36m>[39m
          [36m<thead>[39m
            [36m<tr>[39m
              [36m<th[39m
                [33mclass[3
9m=[32m"col-tracking"[39m
              [36m>[39m
                
[36m<div[39m
                  [33mclass
[39m=[32m"header-with-filter
"[39m
                [36m>[39m
                  
[36m<button[39m
                    [33maria
-expanded[39m=[32m"true"[3
9m
                    [33maria
-label[39m=[32m"Hide 
filters"[39m
                    [33mclas
s[39m=[32m"filter-toggle-bu
tton"[39m
                    
[33mtitle[39m=[32m"Hide 
filters"[39m
                    [33mtype
[39m=[32m"button"[39m
                  [36m>[39m
                    
[36m<span[39m
                      [33mcl
ass[39m=[32m"filter-toggle-
icon"[39m
                    
[36m>[39m
                      [0m
ƒöì[0m
                    
[36m</span>[39m
                  
[36m</button>[39m
                  
[36m<button[39m
                    [33maria
-label[39m=[32m"Sort by 
tracking"[39m
                    [33mclas
s[39m=[32m"sortable-header"
[39m
                    [33mtype
[39m=[32m"button"[39m
                  [36m>[39m
                    
[0mTracking[0m
                  
[36m</button>[39m
                
[36m</div>[39m
              [36m</th>[39m
              [36m<th[39m
                [33mclass[3
9m=[32m"col-notes"[39m
              [36m>[39m
                [0mNotes[0m
              [36m</th>[39m
              [36m<th[39m
                [33mclass[3
9m=[32m"col-times"[39m
              [36m>[39m
                
[36m<button[39m
                  [33maria-l
abel[39m=[32m"Sort by 
times"[39m
                  [33mclass
[39m=[32m"sortable-header"[
39m
                  [33mtype[
39m=[32m"button"[39m
                [36m>[39m
                  
[0mTimes[0m
                
[36m</button>[39m
              [36m</th>[39m
              [36m<th[39m
                [33mclass[3
9m=[32m"col-frequency"[39m
              [36m>[39m
                
[36m<button[39m
                  [33maria-l
abel[39m=[32m"Sort by 
frequency"[39m
                  [33mclass
[39m=[32m"sortable-header"[
39m
                  [33mtype[
39m=[32m"button"[39m
                [36m>[39m
                  
[0mFrequency[0m
                
[36m</button>[39m
              [36m</th>[39m
              [36m<th[39m
                [33mclass[3
9m=[32m"col-next-reminder"[
39m
              [36m>[39m
                
[36m<button[39m
                  [33maria-l
abel[39m=[32m"Sort by next 
reminder"[39m
                  [33mclass
[39m=[32m"sortable-header"[
39m
                  [33mtype[
39m=[32m"button"[39m
                [36m>[39m
                  [0mNext 
reminder[0m
                
[36m</button>[39m
              [36m</th>[39m
              [36m<th[39m
                [33mclass[3
9m=[32m"col-status"[39m
              [36m>[39m
                
[36m<button[39m
                  [33maria-l
abel[39m=[32m"Sort by 
status"[39m
                  [33mclass
[39m=[32m"sortable-header"[
39m
                  [33mtype[
39m=[32m"button"[39m
                [36m>[39m
                  
[0mStatus[0m
                
[36m</button>[39m
              [36m</th>[39m
              [36m<th[39m
                [33mclass[3
9m=[32m"col-actions"[39m
              [36m>[39m
                
[0mActions[0m
              [36m</th>[39m
            [36m</tr>[39m
          [36m</thead>[39m
          [36m<tbody>[39m
            [36m<tr[39m
              [33mclass[39m
=[32m"tracking-row"[39m
            [36m>[39m
              [36m<td[39m
                [33mclass[3
9m=[32m"cell-tracking"[39m
              [36m>[39m
                
[36m<button[39m
                  [33maria-l
abel[39m=[32m"Edit 
tracking: Did I exercise 
today?"[39m
                  [33mclass
[39m=[32m"tracking-name-link
"[39m
                  
[33mtitle[39m=[32m"Did I 
exercise today?. Click to 
edit"[39m
                  [33mtype[
39m=[32m"button"[39m
                [36m>[39m
                  [0mDid I 
exercise today?[0m
                
[36m</button>[39m
              [36m</td>[39m
              [36m<td[39m
                [33mclass[3
9m=[32m"cell-notes"[39m
              [36m>[39m
                
[36m<span[39m
                  [33mclass
[39m=[32m"notes-empty"[39m
                [36m>[39m
                  [0mÔÇö[0m
                
[36m</span>[39m
              [36m</td>[39m
              [36m<td[39m
                [33mclass[3
9m=[32m"cell-times"[39m
              [36m>[39m
                [0m08:00[0m
              [36m</td>[39m
              [36m<td[39m
                [33mclass[3
9m=[32m"cell-frequency"[39m
                
[33mtitle[39m=[32m"No 
upcoming reminder"[39m
              [36m>[39m
                [0mDaily[0m
              [36m</td>[39m
              [36m<td[39m
                [33mclass[3
9m=[32m"cell-next-reminder"
[39m
              [36m>[39m
                [0mÔÇö[0m
              [36m</td>[39m
              [36m<td[39m
                [33mclass[3
9m=[32m"cell-status"[39m
              [36m>[39m
                
[36m<span[39m
                  [33mclass
[39m=[32m"status-badge 
state-badge-running"[39m
                [36m>[39m
                  
[0mRunning[0m
                
[36m</span>[39m
              [36m</td>[39m
              [36m<td[39m
                [33mclass[3
9m=[32m"cell-actions"[39m
              [36m>[39m
                
[36m<div[39m
                  [33mclass
[39m=[32m"actions-container"
[39m
                [36m>[39m
                  
[36m<div[39m
                    [33mclas
s[39m=[32m"actions-buttons"
[39m
                  [36m>[39m
                    
[36m<button[39m
                      [33mar
ia-label[39m=[32m"Pause"[3
9m
                      [33mcl
ass[39m=[32m"action-button"
[39m
                      
[33mtitle[39m=[32m"Pause: 
Stops generating new 
reminders. Existing 
reminders remain 
active."[39m
                      [33mty
pe[39m=[32m"button"[39m
                    
[36m>[39m
                      
[0mÔÅ©´©Å[0m
                    
[36m</button>[39m
                    
[36m<button[39m
                      [33mar
ia-label[39m=[32m"Archive"
[39m
                      [33mcl
ass[39m=[32m"action-button"
[39m
                      [33mti
tle[39m=[32m"Archive: 
Moves tracking to archived 
state and stops all reminder 
generation. All pending and 
upcoming reminders will be 
deleted."[39m
                      [33mty
pe[39m=[32m"button"[39m
                    
[36m>[39m
                      [0m
ƒôª[0m
                    
[36m</button>[39m
                    
[36m<button[39m
                      [33mar
ia-label[39m=[32m"Delete"[
39m
                      [33mcl
ass[39m=[32m"action-button"
[39m
                      [33mti
tle[39m=[32m"Delete: 
Permanently removes this 
tracking and all its 
reminders. This action 
cannot be undone."[39m
                      [33mty
pe[39m=[32m"button"[39m
                    
[36m>[39m
                      [0m
ƒùæ´©Å[0m
                    
[36m</button>[39m
                  
[36m</div>[39m
                
[36m</div>[39m
              [36m</td>[39m
            [36m</tr>[39m
          [36m</tbody>[39m
        [36m</table>[39m
        [36m<div[39m
          [33mclass[39m=[3
2m"trackings-cards"[39m
        [36m>[39m
          [36m<div[39m
            [33mclass[39m=
[32m"tracking-card"[39m
          [36m>[39m
            [36m<div[39m
              [33mclass[39m
=[32m"tracking-card-header"
[39m
            [36m>[39m
              [36m<div[39m
                [33mclass[3
9m=[32m"tracking-card-title"
[39m
              [36m>[39m
                [36m<h3[39m
                  [33mclass
[39m=[32m"tracking-card-ques
tion"[39m
                [36m>[39m
                  [0mDid I 
exercise today?[0m
                
[36m</h3>[39m
                
[36m<div[39m
                  [33mclass
[39m=[32m"tracking-card-time
s"[39m
                [36m>[39m
                  
[0m08:00[0m
                
[36m</div>[39m
              
[36m</div>[39m
            [36m</div>[39m
            [36m<div[39m
              [33mclass[39m
=[32m"tracking-card-body"[3
9m
            [36m>[39m
              [36m<div[39m
                [33mclass[3
9m=[32m"tracking-card-row"[
39m
              [36m>[39m
                
[36m<span[39m
                  [33mclass
[39m=[32m"tracking-card-labe
l"[39m
                [36m>[39m
                  
[0mFrequency[0m
                
[36m</span>[39m
                
[36m<span[39m
                  [33mclass
[39m=[32m"tracking-card-valu
e"[39m
                [36m>[39m
                  
[0mDaily[0m
                
[36m</span>[39m
              
[36m</div>[39m
            [36m</div>[39m
            [36m<div[39m
              [33mclass[39m
=[32m"tracking-card-footer"
[39m
            [36m>[39m
              [36m<div[39m
                [33mclass[3
9m=[32m"tracking-card-status
"[39m
              [36m>[39m
                
[36m<span[39m
                  [33mclass
[39m=[32m"status-badge 
state-badge-running"[39m
                [36m>[39m
                  
[0mRunning[0m
                
[36m</span>[39m
              
[36m</div>[39m
              [36m<div[39m
                [33mclass[3
9m=[32m"tracking-card-action
s"[39m
              [36m>[39m
                
[36m<button[39m
                  [33maria-l
abel[39m=[32m"Edit 
tracking"[39m
                  [33mclass
[39m=[32m"action-button"[39
m
                  
[33mtitle[39m=[32m"Edit 
tracking"[39m
                  [33mtype[
39m=[32m"button"[39m
                [36m>[39m
                  
[0mÔ£Å´©Å[0m
                
[36m</button>[39m
              
[36m</div>[39m
            [36m</div>[39m
          [36m</div>[39m
        [36m</div>[39m
      [36m</div>[39m
    [36m</div>[39m
  [36m</div>[39m
[36m</body>[39m
[90m [2mÔØ»[22m 
Object.getElementError node_m
odules/@testing-library/react
/node_modules/@testing-librar
y/dom/dist/config.js:[2m37:1
9[22m[39m
[90m [2mÔØ»[22m 
getElementError node_modules/
@testing-library/react/node_m
odules/@testing-library/dom/d
ist/query-helpers.js:[2m20:3
5[22m[39m
[90m [2mÔØ»[22m getMultipl
eElementsFoundError node_modu
les/@testing-library/react/no
de_modules/@testing-library/d
om/dist/query-helpers.js:[2m
23:10[22m[39m
[90m [2mÔØ»[22m node_modul
es/@testing-library/react/nod
e_modules/@testing-library/do
m/dist/query-helpers.js:[2m5
5:13[22m[39m
[90m [2mÔØ»[22m node_modul
es/@testing-library/react/nod
e_modules/@testing-library/do
m/dist/query-helpers.js:[2m9
5:19[22m[39m
[36m [2mÔØ»[22m frontend/s
rc/components/__tests__/Track
ingsList.test.tsx:[2m1061:27
[22m[39m
    [90m1059| [39m         
   [35mawait[39m user[33m.
[39m[34mtype[39m(filterInp
ut[33m,[39m [32m"exercise"
[39m)[33m;[39m
    [90m1060| [39m
    [90m1061| [39m         
   
expect(screen.getByText("Did 
I exercise 
today?")).toBeInThÔÇª
    [90m   | [39m          
                [31m^[39m
    [90m1062| [39m         
   expect(screen.queryByText(
"Did I 
meditate?")).not.toBeInThÔÇª
    [90m1063| [39m         
   expect(screen.queryByText(
"Did I read a 
book?")).not.toBeIÔÇª

[31m[2mÔÄ»ÔÄ»ÔÄ»ÔÄ»ÔÄ»ÔÄ»ÔÄ
»ÔÄ»ÔÄ»ÔÄ»ÔÄ»ÔÄ»ÔÄ»ÔÄ»ÔÄ»ÔÄ»Ô
Ä»ÔÄ»ÔÄ»ÔÄ»ÔÄ»ÔÄ»[40/50]ÔÄ»[
22m[39m

[41m[1m FAIL [22m[49m fro
ntend/src/components/__tests_
_/TrackingsList.test.tsx[2m 
> [22mTrackingsList[2m > 
[22mFiltering[2m > 
[22mshould filter by times
[31m[1mTestingLibraryElemen
tError[22m[39m: Found 
multiple elements with the 
text: Did I exercise today?

Here are the matching 
elements:

Ignored nodes: comments, 
script, style
[36m<button[39m
  [33maria-label[39m=[32m"
Edit tracking: Did I 
exercise today?"[39m
  [33mclass[39m=[32m"track
ing-name-link"[39m
  [33mtitle[39m=[32m"Did 
I exercise today?. Click to 
edit"[39m
  [33mtype[39m=[32m"button
"[39m
[36m>[39m
  [0mDid I exercise 
today?[0m
[36m</button>[39m

Ignored nodes: comments, 
script, style
[36m<h3[39m
  [33mclass[39m=[32m"track
ing-card-question"[39m
[36m>[39m
  [0mDid I exercise 
today?[0m
[36m</h3>[39m

(If this is intentional, 
then use the `*AllBy*` 
variant of the query (like 
`queryAllByText`, 
`getAllByText`, or 
`findAllByText`)).

Ignored nodes: comments, 
script, style
[36m<body>[39m
  [36m<div>[39m
    [36m<div[39m
      [33mclass[39m=[32m"t
rackings-list"[39m
    [36m>[39m
      [36m<div[39m
        [33mclass[39m=[32m
"trackings-list-content"[39m
      [36m>[39m
        [36m<div[39m
          [33mclass[39m=[3
2m"filter-panel"[39m
        [36m>[39m
          [36m<div[39m
            [33mclass[39m=
[32m"filter-panel-content"[3
9m
          [36m>[39m
            [36m<div[39m
              [33mclass[39m
=[32m"filter-row"[39m
            [36m>[39m
              
[36m<label[39m
                [33mclass[3
9m=[32m"filter-label"[39m
                [33mfor[39m
=[32m"filter-tracking"[39m
              [36m>[39m
                
[0mTracking:[0m
              
[36m</label>[39m
              
[36m<input[39m
                [33maria-lab
el[39m=[32m"Filter by 
tracking"[39m
                [33mclass[3
9m=[32m"filter-input"[39m
                [33mid[39m=
[32m"filter-tracking"[39m
                [33mplacehol
der[39m=[32m"Filter by 
question..."[39m
                [33mtype[39
m=[32m"text"[39m
                
[33mvalue[39m=[32m""[39m
              [36m/>[39m
            [36m</div>[39m
            [36m<div[39m
              [33mclass[39m
=[32m"filter-row"[39m
            [36m>[39m
              [36m<div[39m
                [33mclass[3
9m=[32m"filter-row"[39m
              [36m>[39m
                
[36m<label[39m
                  [33mclass
[39m=[32m"filter-label"[39m
                  [33mfor[3
9m=[32m"filter-times"[39m
                [36m>[39m
                  
[0mTimes:[0m
                
[36m</label>[39m
                
[36m<input[39m
                  [33maria-l
abel[39m=[32m"Filter by 
times"[39m
                  [33mclass
[39m=[32m"filter-input"[39m
                  [33mid[39
m=[32m"filter-times"[39m
                  [33mplaceh
older[39m=[32m"Filter by 
times..."[39m
                  [33mtype[
39m=[32m"text"[39m
                  [33mvalue
[39m=[32m"08:00"[39m
                [36m/>[39m
              
[36m</div>[39m
              [36m<div[39m
                [33mclass[3
9m=[32m"filter-row"[39m
              [36m>[39m
                
[36m<label[39m
                  [33mclass
[39m=[32m"filter-label"[39m
                  [33mfor[3
9m=[32m"filter-frequency"[3
9m
                [36m>[39m
                  
[0mFrequency:[0m
                
[36m</label>[39m
                
[36m<input[39m
                  [33maria-l
abel[39m=[32m"Filter by 
frequency"[39m
                  [33mclass
[39m=[32m"filter-input"[39m
                  [33mid[39
m=[32m"filter-frequency"[39
m
                  [33mplaceh
older[39m=[32m"Filter by 
frequency..."[39m
                  [33mtype[
39m=[32m"text"[39m
                  
[33mvalue[39m=[32m""[39m
                [36m/>[39m
              
[36m</div>[39m
              [36m<div[39m
                [33mclass[3
9m=[32m"filter-row"[39m
              [36m>[39m
                
[36m<div[39m
                  [33mclass
[39m=[32m"filter-label"[39m
                [36m>[39m
                  
[0mStatus:[0m
                
[36m</div>[39m
                
[36m<div[39m
                  [33mclass
[39m=[32m"filter-checkbox-gr
oup"[39m
                [36m>[39m
                  
[36m<label[39m
                    [33mclas
s[39m=[32m"filter-checkbox-
label"[39m
                  [36m>[39m
                    
[36m<input[39m
                      [33mar
ia-label[39m=[32m"Filter 
by status: Running"[39m
                      [33mty
pe[39m=[32m"checkbox"[39m
                    
[36m/>[39m
                    
[36m<span>[39m
                      
[0mRunning[0m
                    
[36m</span>[39m
                  
[36m</label>[39m
                  
[36m<label[39m
                    [33mclas
s[39m=[32m"filter-checkbox-
label"[39m
                  [36m>[39m
                    
[36m<input[39m
                      [33mar
ia-label[39m=[32m"Filter 
by status: Paused"[39m
                      [33mty
pe[39m=[32m"checkbox"[39m
                    
[36m/>[39m
                    
[36m<span>[39m
                      
[0mPaused[0m
                    
[36m</span>[39m
                  
[36m</label>[39m
                  
[36m<label[39m
                    [33mclas
s[39m=[32m"filter-checkbox-
label"[39m
                  [36m>[39m
                    
[36m<input[39m
                      [33mar
ia-label[39m=[32m"Filter 
by status: Archived"[39m
                      [33mty
pe[39m=[32m"checkbox"[39m
                    
[36m/>[39m
                    
[36m<span>[39m
                      
[0mArchived[0m
                    
[36m</span>[39m
                  
[36m</label>[39m
                
[36m</div>[39m
              
[36m</div>[39m
              [36m<div[39m
                [33mclass[3
9m=[32m"filter-actions"[39m
              [36m>[39m
                
[36m<button[39m
                  [33maria-l
abel[39m=[32m"Reset all 
filters"[39m
                  [33mclass
[39m=[32m"filter-reset-butto
n"[39m
                  [33mtype[
39m=[32m"button"[39m
                [36m>[39m
                  [0mReset 
Filters[0m
                
[36m</button>[39m
              
[36m</div>[39m
            [36m</div>[39m
          [36m</div>[39m
        [36m</div>[39m
        [36m<table[39m
          [33mclass[39m=[3
2m"trackings-table"[39m
        [36m>[39m
          [36m<thead>[39m
            [36m<tr>[39m
              [36m<th[39m
                [33mclass[3
9m=[32m"col-tracking"[39m
              [36m>[39m
                
[36m<div[39m
                  [33mclass
[39m=[32m"header-with-filter
"[39m
                [36m>[39m
                  
[36m<button[39m
                    [33maria
-expanded[39m=[32m"true"[3
9m
                    [33maria
-label[39m=[32m"Hide 
filters"[39m
                    [33mclas
s[39m=[32m"filter-toggle-bu
tton"[39m
                    
[33mtitle[39m=[32m"Hide 
filters"[39m
                    [33mtype
[39m=[32m"button"[39m
                  [36m>[39m
                    
[36m<span[39m
                      [33mcl
ass[39m=[32m"filter-toggle-
icon"[39m
                    
[36m>[39m
                      [0m
ƒöì[0m
                    
[36m</span>[39m
                  
[36m</button>[39m
                  
[36m<button[39m
                    [33maria
-label[39m=[32m"Sort by 
tracking"[39m
                    [33mclas
s[39m=[32m"sortable-header"
[39m
                    [33mtype
[39m=[32m"button"[39m
                  [36m>[39m
                    
[0mTracking[0m
                  
[36m</button>[39m
                
[36m</div>[39m
              [36m</th>[39m
              [36m<th[39m
                [33mclass[3
9m=[32m"col-notes"[39m
              [36m>[39m
                [0mNotes[0m
              [36m</th>[39m
              [36m<th[39m
                [33mclass[3
9m=[32m"col-times"[39m
              [36m>[39m
                
[36m<button[39m
                  [33maria-l
abel[39m=[32m"Sort by 
times"[39m
                  [33mclass
[39m=[32m"sortable-header"[
39m
                  [33mtype[
39m=[32m"button"[39m
                [36m>[39m
                  
[0mTimes[0m
                
[36m</button>[39m
              [36m</th>[39m
              [36m<th[39m
                [33mclass[3
9m=[32m"col-frequency"[39m
              [36m>[39m
                
[36m<button[39m
                  [33maria-l
abel[39m=[32m"Sort by 
frequency"[39m
                  [33mclass
[39m=[32m"sortable-header"[
39m
                  [33mtype[
39m=[32m"button"[39m
                [36m>[39m
                  
[0mFrequency[0m
                
[36m</button>[39m
              [36m</th>[39m
              [36m<th[39m
                [33mclass[3
9m=[32m"col-next-reminder"[
39m
              [36m>[39m
                
[36m<button[39m
                  [33maria-l
abel[39m=[32m"Sort by next 
reminder"[39m
                  [33mclass
[39m=[32m"sortable-header"[
39m
                  [33mtype[
39m=[32m"button"[39m
                [36m>[39m
                  [0mNext 
reminder[0m
                
[36m</button>[39m
              [36m</th>[39m
              [36m<th[39m
                [33mclass[3
9m=[32m"col-status"[39m
              [36m>[39m
                
[36m<button[39m
                  [33maria-l
abel[39m=[32m"Sort by 
status"[39m
                  [33mclass
[39m=[32m"sortable-header"[
39m
                  [33mtype[
39m=[32m"button"[39m
                [36m>[39m
                  
[0mStatus[0m
                
[36m</button>[39m
              [36m</th>[39m
              [36m<th[39m
                [33mclass[3
9m=[32m"col-actions"[39m
              [36m>[39m
                
[0mActions[0m
              [36m</th>[39m
            [36m</tr>[39m
          [36m</thead>[39m
          [36m<tbody>[39m
            [36m<tr[39m
              [33mclass[39m
=[32m"tracking-row"[39m
            [36m>[39m
              [36m<td[39m
                [33mclass[3
9m=[32m"cell-tracking"[39m
              [36m>[39m
                
[36m<button[39m
                  [33maria-l
abel[39m=[32m"Edit 
tracking: Did I exercise 
today?"[39m
                  [33mclass
[39m=[32m"tracking-name-link
"[39m
                  
[33mtitle[39m=[32m"Did I 
exercise today?. Click to 
edit"[39m
                  [33mtype[
39m=[32m"button"[39m
                [36m>[39m
                  [0mDid I 
exercise today?[0m
                
[36m</button>[39m
              [36m</td>[39m
              [36m<td[39m
                [33mclass[3
9m=[32m"cell-notes"[39m
              [36m>[39m
                
[36m<span[39m
                  [33mclass
[39m=[32m"notes-empty"[39m
                [36m>[39m
                  [0mÔÇö[0m
                
[36m</span>[39m
              [36m</td>[39m
              [36m<td[39m
                [33mclass[3
9m=[32m"cell-times"[39m
              [36m>[39m
                [0m08:00[0m
              [36m</td>[39m
              [36m<td[39m
                [33mclass[3
9m=[32m"cell-frequency"[39m
                
[33mtitle[39m=[32m"No 
upcoming reminder"[39m
              [36m>[39m
                [0mDaily[0m
              [36m</td>[39m
              [36m<td[39m
                [33mclass[3
9m=[32m"cell-next-reminder"
[39m
              [36m>[39m
                [0mÔÇö[0m
              [36m</td>[39m
              [36m<td[39m
                [33mclass[3
9m=[32m"cell-status"[39m
              [36m>[39m
                
[36m<span[39m
                  [33mclass
[39m=[32m"status-badge 
state-badge-running"[39m
                [36m>[39m
                  
[0mRunning[0m
                
[36m</span>[39m
              [36m</td>[39m
              [36m<td[39m
                [33mclass[3
9m=[32m"cell-actions"[39m
              [36m>[39m
                
[36m<div[39m
                  [33mclass
[39m=[32m"actions-container"
[39m
                [36m>[39m
                  
[36m<div[39m
                    [33mclas
s[39m=[32m"actions-buttons"
[39m
                  [36m>[39m
                    
[36m<button[39m
                      [33mar
ia-label[39m=[32m"Pause"[3
9m
                      [33mcl
ass[39m=[32m"action-button"
[39m
                      
[33mtitle[39m=[32m"Pause: 
Stops generating new 
reminders. Existing 
reminders remain 
active."[39m
                      [33mty
pe[39m=[32m"button"[39m
                    
[36m>[39m
                      
[0mÔÅ©´©Å[0m
                    
[36m</button>[39m
                    
[36m<button[39m
                      [33mar
ia-label[39m=[32m"Archive"
[39m
                      [33mcl
ass[39m=[32m"action-button"
[39m
                      [33mti
tle[39m=[32m"Archive: 
Moves tracking to archived 
state and stops all reminder 
generation. All pending and 
upcoming reminders will be 
deleted."[39m
                      [33mty
pe[39m=[32m"button"[39m
                    
[36m>[39m
                      [0m
ƒôª[0m
                    
[36m</button>[39m
                    
[36m<button[39m
                      [33mar
ia-label[39m=[32m"Delete"[
39m
                      [33mcl
ass[39m=[32m"action-button"
[39m
                      [33mti
tle[39m=[32m"Delete: 
Permanently removes this 
tracking and all its 
reminders. This action 
cannot be undone."[39m
                      [33mty
pe[39m=[32m"button"[39m
                    
[36m>[39m
                      [0m
ƒùæ´©Å[0m
                    
[36m</button>[39m
                  
[36m</div>[39m
                
[36m</div>[39m
              [36m</td>[39m
            [36m</tr>[39m
          [36m</tbody>[39m
        [36m</table>[39m
        [36m<div[39m
          [33mclass[39m=[3
2m"trackings-cards"[39m
        [36m>[39m
          [36m<div[39m
            [33mclass[39m=
[32m"tracking-card"[39m
          [36m>[39m
            [36m<div[39m
              [33mclass[39m
=[32m"tracking-card-header"
[39m
            [36m>[39m
              [36m<div[39m
                [33mclass[3
9m=[32m"tracking-card-title"
[39m
              [36m>[39m
                [36m<h3[39m
                  [33mclass
[39m=[32m"tracking-card-ques
tion"[39m
                [36m>[39m
                  [0mDid I 
exercise today?[0m
                
[36m</h3>[39m
                
[36m<div[39m
                  [33mclass
[39m=[32m"tracking-card-time
s"[39m
                [36m>[39m
                  
[0m08:00[0m
                
[36m</div>[39m
              
[36m</div>[39m
            [36m</div>[39m
            [36m<div[39m
              [33mclass[39m
=[32m"tracking-card-body"[3
9m
            [36m>[39m
              [36m<div[39m
                [33mclass[3
9m=[32m"tracking-card-row"[
39m
              [36m>[39m
                
[36m<span[39m
                  [33mclass
[39m=[32m"tracking-card-labe
l"[39m
                [36m>[39m
                  
[0mFrequency[0m
                
[36m</span>[39m
                
[36m<span[39m
                  [33mclass
[39m=[32m"tracking-card-valu
e"[39m
                [36m>[39m
                  
[0mDaily[0m
                
[36m</span>[39m
              
[36m</div>[39m
            [36m</div>[39m
            [36m<div[39m
              [33mclass[39m
=[32m"tracking-card-footer"
[39m
            [36m>[39m
              [36m<div[39m
                [33mclass[3
9m=[32m"tracking-card-status
"[39m
              [36m>[39m
                
[36m<span[39m
                  [33mclass
[39m=[32m"status-badge 
state-badge-running"[39m
                [36m>[39m
                  
[0mRunning[0m
                
[36m</span>[39m
              
[36m</div>[39m
              [36m<div[39m
                [33mclass[3
9m=[32m"tracking-card-action
s"[39m
              [36m>[39m
                
[36m<button[39m
                  [33maria-l
abel[39m=[32m"Edit 
tracking"[39m
                  [33mclass
[39m=[32m"action-button"[39
m
                  
[33mtitle[39m=[32m"Edit 
tracking"[39m
                  [33mtype[
39m=[32m"button"[39m
                [36m>[39m
                  
[0mÔ£Å´©Å[0m
                
[36m</button>[39m
              
[36m</div>[39m
            [36m</div>[39m
          [36m</div>[39m
        [36m</div>[39m
      [36m</div>[39m
    [36m</div>[39m
  [36m</div>[39m
[36m</body>[39m
[90m [2mÔØ»[22m 
Object.getElementError node_m
odules/@testing-library/react
/node_modules/@testing-librar
y/dom/dist/config.js:[2m37:1
9[22m[39m
[90m [2mÔØ»[22m 
getElementError node_modules/
@testing-library/react/node_m
odules/@testing-library/dom/d
ist/query-helpers.js:[2m20:3
5[22m[39m
[90m [2mÔØ»[22m getMultipl
eElementsFoundError node_modu
les/@testing-library/react/no
de_modules/@testing-library/d
om/dist/query-helpers.js:[2m
23:10[22m[39m
[90m [2mÔØ»[22m node_modul
es/@testing-library/react/nod
e_modules/@testing-library/do
m/dist/query-helpers.js:[2m5
5:13[22m[39m
[90m [2mÔØ»[22m node_modul
es/@testing-library/react/nod
e_modules/@testing-library/do
m/dist/query-helpers.js:[2m9
5:19[22m[39m
[36m [2mÔØ»[22m frontend/s
rc/components/__tests__/Track
ingsList.test.tsx:[2m1081:27
[22m[39m
    [90m1079| [39m         
   [35mawait[39m user[33m.
[39m[34mtype[39m(timesInpu
t[33m,[39m 
[32m"08:00"[39m)[33m;[39m
    [90m1080| [39m
    [90m1081| [39m         
   
expect(screen.getByText("Did 
I exercise 
today?")).toBeInThÔÇª
    [90m   | [39m          
                [31m^[39m
    [90m1082| [39m         
   expect(screen.queryByText(
"Did I 
meditate?")).not.toBeInThÔÇª
    [90m1083| [39m         
   expect(screen.queryByText(
"Did I read a 
book?")).not.toBeIÔÇª

[31m[2mÔÄ»ÔÄ»ÔÄ»ÔÄ»ÔÄ»ÔÄ»ÔÄ
»ÔÄ»ÔÄ»ÔÄ»ÔÄ»ÔÄ»ÔÄ»ÔÄ»ÔÄ»ÔÄ»Ô
Ä»ÔÄ»ÔÄ»ÔÄ»ÔÄ»ÔÄ»[41/50]ÔÄ»[
22m[39m

[41m[1m FAIL [22m[49m fro
ntend/src/components/__tests_
_/TrackingsList.test.tsx[2m 
> [22mTrackingsList[2m > 
[22mFiltering[2m > 
[22mshould filter by 
frequency
[31m[1mTestingLibraryElemen
tError[22m[39m: Found 
multiple elements with the 
text: Did I meditate?

Here are the matching 
elements:

Ignored nodes: comments, 
script, style
[36m<button[39m
  [33maria-label[39m=[32m"
Edit tracking: Did I 
meditate?"[39m
  [33mclass[39m=[32m"track
ing-name-link"[39m
  [33mtitle[39m=[32m"Did 
I meditate?. Click to 
edit"[39m
  [33mtype[39m=[32m"button
"[39m
[36m>[39m
  [0mDid I meditate?[0m
[36m</button>[39m

Ignored nodes: comments, 
script, style
[36m<h3[39m
  [33mclass[39m=[32m"track
ing-card-question"[39m
[36m>[39m
  [0mDid I meditate?[0m
[36m</h3>[39m

(If this is intentional, 
then use the `*AllBy*` 
variant of the query (like 
`queryAllByText`, 
`getAllByText`, or 
`findAllByText`)).

Ignored nodes: comments, 
script, style
[36m<body>[39m
  [36m<div>[39m
    [36m<div[39m
      [33mclass[39m=[32m"t
rackings-list"[39m
    [36m>[39m
      [36m<div[39m
        [33mclass[39m=[32m
"trackings-list-content"[39m
      [36m>[39m
        [36m<div[39m
          [33mclass[39m=[3
2m"filter-panel"[39m
        [36m>[39m
          [36m<div[39m
            [33mclass[39m=
[32m"filter-panel-content"[3
9m
          [36m>[39m
            [36m<div[39m
              [33mclass[39m
=[32m"filter-row"[39m
            [36m>[39m
              
[36m<label[39m
                [33mclass[3
9m=[32m"filter-label"[39m
                [33mfor[39m
=[32m"filter-tracking"[39m
              [36m>[39m
                
[0mTracking:[0m
              
[36m</label>[39m
              
[36m<input[39m
                [33maria-lab
el[39m=[32m"Filter by 
tracking"[39m
                [33mclass[3
9m=[32m"filter-input"[39m
                [33mid[39m=
[32m"filter-tracking"[39m
                [33mplacehol
der[39m=[32m"Filter by 
question..."[39m
                [33mtype[39
m=[32m"text"[39m
                
[33mvalue[39m=[32m""[39m
              [36m/>[39m
            [36m</div>[39m
            [36m<div[39m
              [33mclass[39m
=[32m"filter-row"[39m
            [36m>[39m
              [36m<div[39m
                [33mclass[3
9m=[32m"filter-row"[39m
              [36m>[39m
                
[36m<label[39m
                  [33mclass
[39m=[32m"filter-label"[39m
                  [33mfor[3
9m=[32m"filter-times"[39m
                [36m>[39m
                  
[0mTimes:[0m
                
[36m</label>[39m
                
[36m<input[39m
                  [33maria-l
abel[39m=[32m"Filter by 
times"[39m
                  [33mclass
[39m=[32m"filter-input"[39m
                  [33mid[39
m=[32m"filter-times"[39m
                  [33mplaceh
older[39m=[32m"Filter by 
times..."[39m
                  [33mtype[
39m=[32m"text"[39m
                  
[33mvalue[39m=[32m""[39m
                [36m/>[39m
              
[36m</div>[39m
              [36m<div[39m
                [33mclass[3
9m=[32m"filter-row"[39m
              [36m>[39m
                
[36m<label[39m
                  [33mclass
[39m=[32m"filter-label"[39m
                  [33mfor[3
9m=[32m"filter-frequency"[3
9m
                [36m>[39m
                  
[0mFrequency:[0m
                
[36m</label>[39m
                
[36m<input[39m
                  [33maria-l
abel[39m=[32m"Filter by 
frequency"[39m
                  [33mclass
[39m=[32m"filter-input"[39m
                  [33mid[39
m=[32m"filter-frequency"[39
m
                  [33mplaceh
older[39m=[32m"Filter by 
frequency..."[39m
                  [33mtype[
39m=[32m"text"[39m
                  [33mvalue
[39m=[32m"Mon"[39m
                [36m/>[39m
              
[36m</div>[39m
              [36m<div[39m
                [33mclass[3
9m=[32m"filter-row"[39m
              [36m>[39m
                
[36m<div[39m
                  [33mclass
[39m=[32m"filter-label"[39m
                [36m>[39m
                  
[0mStatus:[0m
                
[36m</div>[39m
                
[36m<div[39m
                  [33mclass
[39m=[32m"filter-checkbox-gr
oup"[39m
                [36m>[39m
                  
[36m<label[39m
                    [33mclas
s[39m=[32m"filter-checkbox-
label"[39m
                  [36m>[39m
                    
[36m<input[39m
                      [33mar
ia-label[39m=[32m"Filter 
by status: Running"[39m
                      [33mty
pe[39m=[32m"checkbox"[39m
                    
[36m/>[39m
                    
[36m<span>[39m
                      
[0mRunning[0m
                    
[36m</span>[39m
                  
[36m</label>[39m
                  
[36m<label[39m
                    [33mclas
s[39m=[32m"filter-checkbox-
label"[39m
                  [36m>[39m
                    
[36m<input[39m
                      [33mar
ia-label[39m=[32m"Filter 
by status: Paused"[39m
                      [33mty
pe[39m=[32m"checkbox"[39m
                    
[36m/>[39m
                    
[36m<span>[39m
                      
[0mPaused[0m
                    
[36m</span>[39m
                  
[36m</label>[39m
                  
[36m<label[39m
                    [33mclas
s[39m=[32m"filter-checkbox-
label"[39m
                  [36m>[39m
                    
[36m<input[39m
                      [33mar
ia-label[39m=[32m"Filter 
by status: Archived"[39m
                      [33mty
pe[39m=[32m"checkbox"[39m
                    
[36m/>[39m
                    
[36m<span>[39m
                      
[0mArchived[0m
                    
[36m</span>[39m
                  
[36m</label>[39m
                
[36m</div>[39m
              
[36m</div>[39m
              [36m<div[39m
                [33mclass[3
9m=[32m"filter-actions"[39m
              [36m>[39m
                
[36m<button[39m
                  [33maria-l
abel[39m=[32m"Reset all 
filters"[39m
                  [33mclass
[39m=[32m"filter-reset-butto
n"[39m
                  [33mtype[
39m=[32m"button"[39m
                [36m>[39m
                  [0mReset 
Filters[0m
                
[36m</button>[39m
              
[36m</div>[39m
            [36m</div>[39m
          [36m</div>[39m
        [36m</div>[39m
        [36m<table[39m
          [33mclass[39m=[3
2m"trackings-table"[39m
        [36m>[39m
          [36m<thead>[39m
            [36m<tr>[39m
              [36m<th[39m
                [33mclass[3
9m=[32m"col-tracking"[39m
              [36m>[39m
                
[36m<div[39m
                  [33mclass
[39m=[32m"header-with-filter
"[39m
                [36m>[39m
                  
[36m<button[39m
                    [33maria
-expanded[39m=[32m"true"[3
9m
                    [33maria
-label[39m=[32m"Hide 
filters"[39m
                    [33mclas
s[39m=[32m"filter-toggle-bu
tton"[39m
                    
[33mtitle[39m=[32m"Hide 
filters"[39m
                    [33mtype
[39m=[32m"button"[39m
                  [36m>[39m
                    
[36m<span[39m
                      [33mcl
ass[39m=[32m"filter-toggle-
icon"[39m
                    
[36m>[39m
                      [0m
ƒöì[0m
                    
[36m</span>[39m
                  
[36m</button>[39m
                  
[36m<button[39m
                    [33maria
-label[39m=[32m"Sort by 
tracking"[39m
                    [33mclas
s[39m=[32m"sortable-header"
[39m
                    [33mtype
[39m=[32m"button"[39m
                  [36m>[39m
                    
[0mTracking[0m
                  
[36m</button>[39m
                
[36m</div>[39m
              [36m</th>[39m
              [36m<th[39m
                [33mclass[3
9m=[32m"col-notes"[39m
              [36m>[39m
                [0mNotes[0m
              [36m</th>[39m
              [36m<th[39m
                [33mclass[3
9m=[32m"col-times"[39m
              [36m>[39m
                
[36m<button[39m
                  [33maria-l
abel[39m=[32m"Sort by 
times"[39m
                  [33mclass
[39m=[32m"sortable-header"[
39m
                  [33mtype[
39m=[32m"button"[39m
                [36m>[39m
                  
[0mTimes[0m
                
[36m</button>[39m
              [36m</th>[39m
              [36m<th[39m
                [33mclass[3
9m=[32m"col-frequency"[39m
              [36m>[39m
                
[36m<button[39m
                  [33maria-l
abel[39m=[32m"Sort by 
frequency"[39m
                  [33mclass
[39m=[32m"sortable-header"[
39m
                  [33mtype[
39m=[32m"button"[39m
                [36m>[39m
                  
[0mFrequency[0m
                
[36m</button>[39m
              [36m</th>[39m
              [36m<th[39m
                [33mclass[3
9m=[32m"col-next-reminder"[
39m
              [36m>[39m
                
[36m<button[39m
                  [33maria-l
abel[39m=[32m"Sort by next 
reminder"[39m
                  [33mclass
[39m=[32m"sortable-header"[
39m
                  [33mtype[
39m=[32m"button"[39m
                [36m>[39m
                  [0mNext 
reminder[0m
                
[36m</button>[39m
              [36m</th>[39m
              [36m<th[39m
                [33mclass[3
9m=[32m"col-status"[39m
              [36m>[39m
                
[36m<button[39m
                  [33maria-l
abel[39m=[32m"Sort by 
status"[39m
                  [33mclass
[39m=[32m"sortable-header"[
39m
                  [33mtype[
39m=[32m"button"[39m
                [36m>[39m
                  
[0mStatus[0m
                
[36m</button>[39m
              [36m</th>[39m
              [36m<th[39m
                [33mclass[3
9m=[32m"col-actions"[39m
              [36m>[39m
                
[0mActions[0m
              [36m</th>[39m
            [36m</tr>[39m
          [36m</thead>[39m
          [36m<tbody>[39m
            [36m<tr[39m
              [33mclass[39m
=[32m"tracking-row"[39m
            [36m>[39m
              [36m<td[39m
                [33mclass[3
9m=[32m"cell-tracking"[39m
              [36m>[39m
                
[36m<button[39m
                  [33maria-l
abel[39m=[32m"Edit 
tracking: Did I 
meditate?"[39m
                  [33mclass
[39m=[32m"tracking-name-link
"[39m
                  
[33mtitle[39m=[32m"Did I 
meditate?. Click to 
edit"[39m
                  [33mtype[
39m=[32m"button"[39m
                [36m>[39m
                  [0mDid I 
meditate?[0m
                
[36m</button>[39m
              [36m</td>[39m
              [36m<td[39m
                [33mclass[3
9m=[32m"cell-notes"[39m
              [36m>[39m
                
[36m<span[39m
                  [33mclass
[39m=[32m"notes-empty"[39m
                [36m>[39m
                  [0mÔÇö[0m
                
[36m</span>[39m
              [36m</td>[39m
              [36m<td[39m
                [33mclass[3
9m=[32m"cell-times"[39m
              [36m>[39m
                [0m09:30[0m
              [36m</td>[39m
              [36m<td[39m
                [33mclass[3
9m=[32m"cell-frequency"[39m
                
[33mtitle[39m=[32m"No 
upcoming reminder"[39m
              [36m>[39m
                [0mMon, 
Wed, Fri[0m
              [36m</td>[39m
              [36m<td[39m
                [33mclass[3
9m=[32m"cell-next-reminder"
[39m
              [36m>[39m
                [0mÔÇö[0m
              [36m</td>[39m
              [36m<td[39m
                [33mclass[3
9m=[32m"cell-status"[39m
              [36m>[39m
                
[36m<span[39m
                  [33mclass
[39m=[32m"status-badge 
state-badge-paused"[39m
                [36m>[39m
                  
[0mPaused[0m
                
[36m</span>[39m
              [36m</td>[39m
              [36m<td[39m
                [33mclass[3
9m=[32m"cell-actions"[39m
              [36m>[39m
                
[36m<div[39m
                  [33mclass
[39m=[32m"actions-container"
[39m
                [36m>[39m
                  
[36m<div[39m
                    [33mclas
s[39m=[32m"actions-buttons"
[39m
                  [36m>[39m
                    
[36m<button[39m
                      [33mar
ia-label[39m=[32m"Resume"[
39m
                      [33mcl
ass[39m=[32m"action-button"
[39m
                      [33mti
tle[39m=[32m"Resume: 
Restarts reminder generation 
according to the tracking 
schedule."[39m
                      [33mty
pe[39m=[32m"button"[39m
                    
[36m>[39m
                      
[0mÔûÂ´©Å[0m
                    
[36m</button>[39m
                    
[36m<button[39m
                      [33mar
ia-label[39m=[32m"Archive"
[39m
                      [33mcl
ass[39m=[32m"action-button"
[39m
                      [33mti
tle[39m=[32m"Archive: 
Moves tracking to archived 
state and stops all reminder 
generation. All pending and 
upcoming reminders will be 
deleted."[39m
                      [33mty
pe[39m=[32m"button"[39m
                    
[36m>[39m
                      [0m
ƒôª[0m
                    
[36m</button>[39m
                    
[36m<button[39m
                      [33mar
ia-label[39m=[32m"Delete"[
39m
                      [33mcl
ass[39m=[32m"action-button"
[39m
                      [33mti
tle[39m=[32m"Delete: 
Permanently removes this 
tracking and all its 
reminders. This action 
cannot be undone."[39m
                      [33mty
pe[39m=[32m"button"[39m
                    
[36m>[39m
                      [0m
ƒùæ´©Å[0m
                    
[36m</button>[39m
                  
[36m</div>[39m
                
[36m</div>[39m
              [36m</td>[39m
            [36m</tr>[39m
          [36m</tbody>[39m
        [36m</table>[39m
        [36m<div[39m
          [33mclass[39m=[3
2m"trackings-cards"[39m
        [36m>[39m
          [36m<div[39m
            [33mclass[39m=
[32m"tracking-card"[39m
          [36m>[39m
            [36m<div[39m
              [33mclass[39m
=[32m"tracking-card-header"
[39m
            [36m>[39m
              [36m<div[39m
                [33mclass[3
9m=[32m"tracking-card-title"
[39m
              [36m>[39m
                [36m<h3[39m
                  [33mclass
[39m=[32m"tracking-card-ques
tion"[39m
                [36m>[39m
                  [0mDid I 
meditate?[0m
                
[36m</h3>[39m
                
[36m<div[39m
                  [33mclass
[39m=[32m"tracking-card-time
s"[39m
                [36m>[39m
                  
[0m09:30[0m
                
[36m</div>[39m
              
[36m</div>[39m
            [36m</div>[39m
            [36m<div[39m
              [33mclass[39m
=[32m"tracking-card-body"[3
9m
            [36m>[39m
              [36m<div[39m
                [33mclass[3
9m=[32m"tracking-card-row"[
39m
              [36m>[39m
                
[36m<span[39m
                  [33mclass
[39m=[32m"tracking-card-labe
l"[39m
                [36m>[39m
                  
[0mFrequency[0m
                
[36m</span>[39m
                
[36m<span[39m
                  [33mclass
[39m=[32m"tracking-card-valu
e"[39m
                [36m>[39m
                  [0mMon, 
Wed, Fri[0m
                
[36m</span>[39m
              
[36m</div>[39m
            [36m</div>[39m
            [36m<div[39m
              [33mclass[39m
=[32m"tracking-card-footer"
[39m
            [36m>[39m
              [36m<div[39m
                [33mclass[3
9m=[32m"tracking-card-status
"[39m
              [36m>[39m
                
[36m<span[39m
                  [33mclass
[39m=[32m"status-badge 
state-badge-paused"[39m
                [36m>[39m
                  
[0mPaused[0m
                
[36m</span>[39m
              
[36m</div>[39m
              [36m<div[39m
                [33mclass[3
9m=[32m"tracking-card-action
s"[39m
              [36m>[39m
                
[36m<button[39m
                  [33maria-l
abel[39m=[32m"Edit 
tracking"[39m
                  [33mclass
[39m=[32m"action-button"[39
m
                  
[33mtitle[39m=[32m"Edit 
tracking"[39m
                  [33mtype[
39m=[32m"button"[39m
                [36m>[39m
                  
[0mÔ£Å´©Å[0m
                
[36m</button>[39m
              
[36m</div>[39m
            [36m</div>[39m
          [36m</div>[39m
        [36m</div>[39m
      [36m</div>[39m
    [36m</div>[39m
  [36m</div>[39m
[36m</body>[39m
[90m [2mÔØ»[22m 
Object.getElementError node_m
odules/@testing-library/react
/node_modules/@testing-librar
y/dom/dist/config.js:[2m37:1
9[22m[39m
[90m [2mÔØ»[22m 
getElementError node_modules/
@testing-library/react/node_m
odules/@testing-library/dom/d
ist/query-helpers.js:[2m20:3
5[22m[39m
[90m [2mÔØ»[22m getMultipl
eElementsFoundError node_modu
les/@testing-library/react/no
de_modules/@testing-library/d
om/dist/query-helpers.js:[2m
23:10[22m[39m
[90m [2mÔØ»[22m node_modul
es/@testing-library/react/nod
e_modules/@testing-library/do
m/dist/query-helpers.js:[2m5
5:13[22m[39m
[90m [2mÔØ»[22m node_modul
es/@testing-library/react/nod
e_modules/@testing-library/do
m/dist/query-helpers.js:[2m9
5:19[22m[39m
[36m [2mÔØ»[22m frontend/s
rc/components/__tests__/Track
ingsList.test.tsx:[2m1101:27
[22m[39m
    [90m1099| [39m         
   [35mawait[39m user[33m.
[39m[34mtype[39m(frequency
Input[33m,[39m 
[32m"Mon"[39m)[33m;[39m
    [90m1100| [39m
    [90m1101| [39m         
   
expect(screen.getByText("Did 
I meditate?")).toBeInTheDocum
ÔÇª
    [90m   | [39m          
                [31m^[39m
    [90m1102| [39m         
   expect(screen.queryByText(
"Did I exercise 
today?")).not.toÔÇª
    [90m1103| [39m         
   expect(screen.queryByText(
"Did I read a 
book?")).not.toBeIÔÇª

[31m[2mÔÄ»ÔÄ»ÔÄ»ÔÄ»ÔÄ»ÔÄ»ÔÄ
»ÔÄ»ÔÄ»ÔÄ»ÔÄ»ÔÄ»ÔÄ»ÔÄ»ÔÄ»ÔÄ»Ô
Ä»ÔÄ»ÔÄ»ÔÄ»ÔÄ»ÔÄ»[42/50]ÔÄ»[
22m[39m

[41m[1m FAIL [22m[49m fro
ntend/src/components/__tests_
_/TrackingsList.test.tsx[2m 
> [22mTrackingsList[2m > 
[22mFiltering[2m > 
[22mshould filter by status 
using checkboxes
[31m[1mTestingLibraryElemen
tError[22m[39m: Found 
multiple elements with the 
text: Did I exercise today?

Here are the matching 
elements:

Ignored nodes: comments, 
script, style
[36m<button[39m
  [33maria-label[39m=[32m"
Edit tracking: Did I 
exercise today?"[39m
  [33mclass[39m=[32m"track
ing-name-link"[39m
  [33mtitle[39m=[32m"Did 
I exercise today?. Click to 
edit"[39m
  [33mtype[39m=[32m"button
"[39m
[36m>[39m
  [0mDid I exercise 
today?[0m
[36m</button>[39m

Ignored nodes: comments, 
script, style
[36m<h3[39m
  [33mclass[39m=[32m"track
ing-card-question"[39m
[36m>[39m
  [0mDid I exercise 
today?[0m
[36m</h3>[39m

(If this is intentional, 
then use the `*AllBy*` 
variant of the query (like 
`queryAllByText`, 
`getAllByText`, or 
`findAllByText`)).

Ignored nodes: comments, 
script, style
[36m<body>[39m
  [36m<div>[39m
    [36m<div[39m
      [33mclass[39m=[32m"t
rackings-list"[39m
    [36m>[39m
      [36m<div[39m
        [33mclass[39m=[32m
"trackings-list-content"[39m
      [36m>[39m
        [36m<div[39m
          [33mclass[39m=[3
2m"filter-panel"[39m
        [36m>[39m
          [36m<div[39m
            [33mclass[39m=
[32m"filter-panel-content"[3
9m
          [36m>[39m
            [36m<div[39m
              [33mclass[39m
=[32m"filter-row"[39m
            [36m>[39m
              
[36m<label[39m
                [33mclass[3
9m=[32m"filter-label"[39m
                [33mfor[39m
=[32m"filter-tracking"[39m
              [36m>[39m
                
[0mTracking:[0m
              
[36m</label>[39m
              
[36m<input[39m
                [33maria-lab
el[39m=[32m"Filter by 
tracking"[39m
                [33mclass[3
9m=[32m"filter-input"[39m
                [33mid[39m=
[32m"filter-tracking"[39m
                [33mplacehol
der[39m=[32m"Filter by 
question..."[39m
                [33mtype[39
m=[32m"text"[39m
                
[33mvalue[39m=[32m""[39m
              [36m/>[39m
            [36m</div>[39m
            [36m<div[39m
              [33mclass[39m
=[32m"filter-row"[39m
            [36m>[39m
              [36m<div[39m
                [33mclass[3
9m=[32m"filter-row"[39m
              [36m>[39m
                
[36m<label[39m
                  [33mclass
[39m=[32m"filter-label"[39m
                  [33mfor[3
9m=[32m"filter-times"[39m
                [36m>[39m
                  
[0mTimes:[0m
                
[36m</label>[39m
                
[36m<input[39m
                  [33maria-l
abel[39m=[32m"Filter by 
times"[39m
                  [33mclass
[39m=[32m"filter-input"[39m
                  [33mid[39
m=[32m"filter-times"[39m
                  [33mplaceh
older[39m=[32m"Filter by 
times..."[39m
                  [33mtype[
39m=[32m"text"[39m
                  
[33mvalue[39m=[32m""[39m
                [36m/>[39m
              
[36m</div>[39m
              [36m<div[39m
                [33mclass[3
9m=[32m"filter-row"[39m
              [36m>[39m
                
[36m<label[39m
                  [33mclass
[39m=[32m"filter-label"[39m
                  [33mfor[3
9m=[32m"filter-frequency"[3
9m
                [36m>[39m
                  
[0mFrequency:[0m
                
[36m</label>[39m
                
[36m<input[39m
                  [33maria-l
abel[39m=[32m"Filter by 
frequency"[39m
                  [33mclass
[39m=[32m"filter-input"[39m
                  [33mid[39
m=[32m"filter-frequency"[39
m
                  [33mplaceh
older[39m=[32m"Filter by 
frequency..."[39m
                  [33mtype[
39m=[32m"text"[39m
                  
[33mvalue[39m=[32m""[39m
                [36m/>[39m
              
[36m</div>[39m
              [36m<div[39m
                [33mclass[3
9m=[32m"filter-row"[39m
              [36m>[39m
                
[36m<div[39m
                  [33mclass
[39m=[32m"filter-label"[39m
                [36m>[39m
                  
[0mStatus:[0m
                
[36m</div>[39m
                
[36m<div[39m
                  [33mclass
[39m=[32m"filter-checkbox-gr
oup"[39m
                [36m>[39m
                  
[36m<label[39m
                    [33mclas
s[39m=[32m"filter-checkbox-
label"[39m
                  [36m>[39m
                    
[36m<input[39m
                      [33mar
ia-label[39m=[32m"Filter 
by status: Running"[39m
                      [33mty
pe[39m=[32m"checkbox"[39m
                    
[36m/>[39m
                    
[36m<span>[39m
                      
[0mRunning[0m
                    
[36m</span>[39m
                  
[36m</label>[39m
                  
[36m<label[39m
                    [33mclas
s[39m=[32m"filter-checkbox-
label"[39m
                  [36m>[39m
                    
[36m<input[39m
                      [33mar
ia-label[39m=[32m"Filter 
by status: Paused"[39m
                      [33mty
pe[39m=[32m"checkbox"[39m
                    
[36m/>[39m
                    
[36m<span>[39m
                      
[0mPaused[0m
                    
[36m</span>[39m
                  
[36m</label>[39m
                  
[36m<label[39m
                    [33mclas
s[39m=[32m"filter-checkbox-
label"[39m
                  [36m>[39m
                    
[36m<input[39m
                      [33mar
ia-label[39m=[32m"Filter 
by status: Archived"[39m
                      [33mty
pe[39m=[32m"checkbox"[39m
                    
[36m/>[39m
                    
[36m<span>[39m
                      
[0mArchived[0m
                    
[36m</span>[39m
                  
[36m</label>[39m
                
[36m</div>[39m
              
[36m</div>[39m
              [36m<div[39m
                [33mclass[3
9m=[32m"filter-actions"[39m
              [36m>[39m
                
[36m<button[39m
                  [33maria-l
abel[39m=[32m"Reset all 
filters"[39m
                  [33mclass
[39m=[32m"filter-reset-butto
n"[39m
                  [33mtype[
39m=[32m"button"[39m
                [36m>[39m
                  [0mReset 
Filters[0m
                
[36m</button>[39m
              
[36m</div>[39m
            [36m</div>[39m
          [36m</div>[39m
        [36m</div>[39m
        [36m<table[39m
          [33mclass[39m=[3
2m"trackings-table"[39m
        [36m>[39m
          [36m<thead>[39m
            [36m<tr>[39m
              [36m<th[39m
                [33mclass[3
9m=[32m"col-tracking"[39m
              [36m>[39m
                
[36m<div[39m
                  [33mclass
[39m=[32m"header-with-filter
"[39m
                [36m>[39m
                  
[36m<button[39m
                    [33maria
-expanded[39m=[32m"true"[3
9m
                    [33maria
-label[39m=[32m"Hide 
filters"[39m
                    [33mclas
s[39m=[32m"filter-toggle-bu
tton"[39m
                    
[33mtitle[39m=[32m"Hide 
filters"[39m
                    [33mtype
[39m=[32m"button"[39m
                  [36m>[39m
                    
[36m<span[39m
                      [33mcl
ass[39m=[32m"filter-toggle-
icon"[39m
                    
[36m>[39m
                      [0m
ƒöì[0m
                    
[36m</span>[39m
                  
[36m</button>[39m
                  
[36m<button[39m
                    [33maria
-label[39m=[32m"Sort by 
tracking"[39m
                    [33mclas
s[39m=[32m"sortable-header"
[39m
                    [33mtype
[39m=[32m"button"[39m
                  [36m>[39m
                    
[0mTracking[0m
                  
[36m</button>[39m
                
[36m</div>[39m
              [36m</th>[39m
              [36m<th[39m
                [33mclass[3
9m=[32m"col-notes"[39m
              [36m>[39m
                [0mNotes[0m
              [36m</th>[39m
              [36m<th[39m
                [33mclass[3
9m=[32m"col-times"[39m
              [36m>[39m
                
[36m<button[39m
                  [33maria-l
abel[39m=[32m"Sort by 
times"[39m
                  [33mclass
[39m=[32m"sortable-header"[
39m
                  [33mtype[
39m=[32m"button"[39m
                [36m>[39m
                  
[0mTimes[0m
                
[36m</button>[39m
              [36m</th>[39m
              [36m<th[39m
                [33mclass[3
9m=[32m"col-frequency"[39m
              [36m>[39m
                
[36m<button[39m
                  [33maria-l
abel[39m=[32m"Sort by 
frequency"[39m
                  [33mclass
[39m=[32m"sortable-header"[
39m
                  [33mtype[
39m=[32m"button"[39m
                [36m>[39m
                  
[0mFrequency[0m
                
[36m</button>[39m
              [36m</th>[39m
              [36m<th[39m
                [33mclass[3
9m=[32m"col-next-reminder"[
39m
              [36m>[39m
                
[36m<button[39m
                  [33maria-l
abel[39m=[32m"Sort by next 
reminder"[39m
                  [33mclass
[39m=[32m"sortable-header"[
39m
                  [33mtype[
39m=[32m"button"[39m
                [36m>[39m
                  [0mNext 
reminder[0m
                
[36m</button>[39m
              [36m</th>[39m
              [36m<th[39m
                [33mclass[3
9m=[32m"col-status"[39m
              [36m>[39m
                
[36m<button[39m
                  [33maria-l
abel[39m=[32m"Sort by 
status"[39m
                  [33mclass
[39m=[32m"sortable-header"[
39m
                  [33mtype[
39m=[32m"button"[39m
                [36m>[39m
                  
[0mStatus[0m
                
[36m</button>[39m
              [36m</th>[39m
              [36m<th[39m
                [33mclass[3
9m=[32m"col-actions"[39m
              [36m>[39m
                
[0mActions[0m
              [36m</th>[39m
            [36m</tr>[39m
          [36m</thead>[39m
          [36m<tbody>[39m
            [36m<tr[39m
              [33mclass[39m
=[32m"tracking-row"[39m
            [36m>[39m
              [36m<td[39m
                [33mclass[3
9m=[32m"cell-tracking"[39m
              [36m>[39m
                
[36m<button[39m
                  [33maria-l
abel[39m=[32m"Edit 
tracking: Did I exercise 
today?"[39m
                  [33mclass
[39m=[32m"tracking-name-link
"[39m
                  
[33mtitle[39m=[32m"Did I 
exercise today?. Click to 
edit"[39m
                  [33mtype[
39m=[32m"button"[39m
                [36m>[39m
                  [0mDid I 
exercise today?[0m
                
[36m</button>[39m
              [36m</td>[39m
              [36m<td[39m
                [33mclass[3
9m=[32m"cell-notes"[39m
              [36m>[39m
                
[36m<span[39m
                  [33mclass
[39m=[32m"notes-empty"[39m
                [36m>[39m
                  [0mÔÇö[0m
                
[36m</span>[39m
              [36m</td>[39m
              [36m<td[39m
                [33mclass[3
9m=[32m"cell-times"[39m
              [36m>[39m
                [0m08:00[0m
              [36m</td>[39m
              [36m<td[39m
                [33mclass[3
9m=[32m"cell-frequency"[39m
                
[33mtitle[39m=[32m"No 
upcoming reminder"[39m
              [36m>[39m
                [0mDaily[0m
              [36m</td>[39m
              [36m<td[39m
                [33mclass[3
9m=[32m"cell-next-reminder"
[39m
              [36m>[39m
                [0mÔÇö[0m
              [36m</td>[39m
              [36m<td[39m
                [33mclass[3
9m=[32m"cell-status"[39m
              [36m>[39m
                
[36m<span[39m
                  [33mclass
[39m=[32m"status-badge 
state-badge-running"[39m
                [36m>[39m
                  
[0mRunning[0m
                
[36m</span>[39m
              [36m</td>[39m
              [36m<td[39m
                [33mclass[3
9m=[32m"cell-actions"[39m
              [36m>[39m
                
[36m<div[39m
                  [33mclass
[39m=[32m"actions-container"
[39m
                [36m>[39m
                  
[36m<div[39m
                    [33mclas
s[39m=[32m"actions-buttons"
[39m
                  [36m>[39m
                    
[36m<button[39m
                      [33mar
ia-label[39m=[32m"Pause"[3
9m
                      [33mcl
ass[39m=[32m"action-button"
[39m
                      
[33mtitle[39m=[32m"Pause: 
Stops generating new 
reminders. Existing 
reminders remain 
active."[39m
                      [33mty
pe[39m=[32m"button"[39m
                    
[36m>[39m
                      
[0mÔÅ©´©Å[0m
                    
[36m</button>[39m
                    
[36m<button[39m
                      [33mar
ia-label[39m=[32m"Archive"
[39m
                      [33mcl
ass[39m=[32m"action-button"
[39m
                      [33mti
tle[39m=[32m"Archive: 
Moves tracking to archived 
state and stops all reminder 
generation. All pending and 
upcoming reminders will be 
deleted."[39m
                      [33mty
pe[39m=[32m"button"[39m
                    
[36m>[39m
                      [0m
ƒôª[0m
                    
[36m</button>[39m
                    
[36m<button[39m
                      [33mar
ia-label[39m=[32m"Delete"[
39m
                      [33mcl
ass[39m=[32m"action-button"
[39m
                      [33mti
tle[39m=[32m"Delete: 
Permanently removes this 
tracking and all its 
reminders. This action 
cannot be undone."[39m
                      [33mty
pe[39m=[32m"button"[39m
                    
[36m>[39m
                      [0m
ƒùæ´©Å[0m
                    
[36m</button>[39m
                  
[36m</div>[39m
                
[36m</div>[39m
              [36m</td>[39m
            [36m</tr>[39m
          [36m</tbody>[39m
        [36m</table>[39m
        [36m<div[39m
          [33mclass[39m=[3
2m"trackings-cards"[39m
        [36m>[39m
          [36m<div[39m
            [33mclass[39m=
[32m"tracking-card"[39m
          [36m>[39m
            [36m<div[39m
              [33mclass[39m
=[32m"tracking-card-header"
[39m
            [36m>[39m
              [36m<div[39m
                [33mclass[3
9m=[32m"tracking-card-title"
[39m
              [36m>[39m
                [36m<h3[39m
                  [33mclass
[39m=[32m"tracking-card-ques
tion"[39m
                [36m>[39m
                  [0mDid I 
exercise today?[0m
                
[36m</h3>[39m
                
[36m<div[39m
                  [33mclass
[39m=[32m"tracking-card-time
s"[39m
                [36m>[39m
                  
[0m08:00[0m
                
[36m</div>[39m
              
[36m</div>[39m
            [36m</div>[39m
            [36m<div[39m
              [33mclass[39m
=[32m"tracking-card-body"[3
9m
            [36m>[39m
              [36m<div[39m
                [33mclass[3
9m=[32m"tracking-card-row"[
39m
              [36m>[39m
                
[36m<span[39m
                  [33mclass
[39m=[32m"tracking-card-labe
l"[39m
                [36m>[39m
                  
[0mFrequency[0m
                
[36m</span>[39m
                
[36m<span[39m
                  [33mclass
[39m=[32m"tracking-card-valu
e"[39m
                [36m>[39m
                  
[0mDaily[0m
                
[36m</span>[39m
              
[36m</div>[39m
            [36m</div>[39m
            [36m<div[39m
              [33mclass[39m
=[32m"tracking-card-footer"
[39m
            [36m>[39m
              [36m<div[39m
                [33mclass[3
9m=[32m"tracking-card-status
"[39m
              [36m>[39m
                
[36m<span[39m
                  [33mclass
[39m=[32m"status-badge 
state-badge-running"[39m
                [36m>[39m
                  
[0mRunning[0m
                
[36m</span>[39m
              
[36m</div>[39m
              [36m<div[39m
                [33mclass[3
9m=[32m"tracking-card-action
s"[39m
              [36m>[39m
                
[36m<button[39m
                  [33maria-l
abel[39m=[32m"Edit 
tracking"[39m
                  [33mclass
[39m=[32m"action-button"[39
m
                  
[33mtitle[39m=[32m"Edit 
tracking"[39m
                  [33mtype[
39m=[32m"button"[39m
                [36m>[39m
                  
[0mÔ£Å´©Å[0m
                
[36m</button>[39m
              
[36m</div>[39m
            [36m</div>[39m
          [36m</div>[39m
        [36m</div>[39m
      [36m</div>[39m
    [36m</div>[39m
  [36m</div>[39m
[36m</body>[39m
[90m [2mÔØ»[22m 
Object.getElementError node_m
odules/@testing-library/react
/node_modules/@testing-librar
y/dom/dist/config.js:[2m37:1
9[22m[39m
[90m [2mÔØ»[22m 
getElementError node_modules/
@testing-library/react/node_m
odules/@testing-library/dom/d
ist/query-helpers.js:[2m20:3
5[22m[39m
[90m [2mÔØ»[22m getMultipl
eElementsFoundError node_modu
les/@testing-library/react/no
de_modules/@testing-library/d
om/dist/query-helpers.js:[2m
23:10[22m[39m
[90m [2mÔØ»[22m node_modul
es/@testing-library/react/nod
e_modules/@testing-library/do
m/dist/query-helpers.js:[2m5
5:13[22m[39m
[90m [2mÔØ»[22m node_modul
es/@testing-library/react/nod
e_modules/@testing-library/do
m/dist/query-helpers.js:[2m9
5:19[22m[39m
[36m [2mÔØ»[22m frontend/s
rc/components/__tests__/Track
ingsList.test.tsx:[2m1121:27
[22m[39m
    [90m1119| [39m         
   [35mawait[39m user[33m.
[39m[34mclick[39m(runningC
heckbox)[33m;[39m
    [90m1120| [39m
    [90m1121| [39m         
   
expect(screen.getByText("Did 
I exercise 
today?")).toBeInThÔÇª
    [90m   | [39m          
                [31m^[39m
    [90m1122| [39m         
   expect(screen.queryByText(
"Did I 
meditate?")).not.toBeInThÔÇª
    [90m1123| [39m         
   expect(screen.queryByText(
"Did I read a 
book?")).not.toBeIÔÇª

[31m[2mÔÄ»ÔÄ»ÔÄ»ÔÄ»ÔÄ»ÔÄ»ÔÄ
»ÔÄ»ÔÄ»ÔÄ»ÔÄ»ÔÄ»ÔÄ»ÔÄ»ÔÄ»ÔÄ»Ô
Ä»ÔÄ»ÔÄ»ÔÄ»ÔÄ»ÔÄ»[43/50]ÔÄ»[
22m[39m

[41m[1m FAIL [22m[49m fro
ntend/src/components/__tests_
_/TrackingsList.test.tsx[2m 
> [22mTrackingsList[2m > 
[22mFiltering[2m > 
[22mshould apply multiple 
filters simultaneously
[31m[1mTestingLibraryElemen
tError[22m[39m: Found 
multiple elements with the 
text: Did I exercise today?

Here are the matching 
elements:

Ignored nodes: comments, 
script, style
[36m<button[39m
  [33maria-label[39m=[32m"
Edit tracking: Did I 
exercise today?"[39m
  [33mclass[39m=[32m"track
ing-name-link"[39m
  [33mtitle[39m=[32m"Did 
I exercise today?. Click to 
edit"[39m
  [33mtype[39m=[32m"button
"[39m
[36m>[39m
  [0mDid I exercise 
today?[0m
[36m</button>[39m

Ignored nodes: comments, 
script, style
[36m<h3[39m
  [33mclass[39m=[32m"track
ing-card-question"[39m
[36m>[39m
  [0mDid I exercise 
today?[0m
[36m</h3>[39m

(If this is intentional, 
then use the `*AllBy*` 
variant of the query (like 
`queryAllByText`, 
`getAllByText`, or 
`findAllByText`)).

Ignored nodes: comments, 
script, style
[36m<body>[39m
  [36m<div>[39m
    [36m<div[39m
      [33mclass[39m=[32m"t
rackings-list"[39m
    [36m>[39m
      [36m<div[39m
        [33mclass[39m=[32m
"trackings-list-content"[39m
      [36m>[39m
        [36m<div[39m
          [33mclass[39m=[3
2m"filter-panel"[39m
        [36m>[39m
          [36m<div[39m
            [33mclass[39m=
[32m"filter-panel-content"[3
9m
          [36m>[39m
            [36m<div[39m
              [33mclass[39m
=[32m"filter-row"[39m
            [36m>[39m
              
[36m<label[39m
                [33mclass[3
9m=[32m"filter-label"[39m
                [33mfor[39m
=[32m"filter-tracking"[39m
              [36m>[39m
                
[0mTracking:[0m
              
[36m</label>[39m
              
[36m<input[39m
                [33maria-lab
el[39m=[32m"Filter by 
tracking"[39m
                [33mclass[3
9m=[32m"filter-input"[39m
                [33mid[39m=
[32m"filter-tracking"[39m
                [33mplacehol
der[39m=[32m"Filter by 
question..."[39m
                [33mtype[39
m=[32m"text"[39m
                [33mvalue[3
9m=[32m"exercise"[39m
              [36m/>[39m
            [36m</div>[39m
            [36m<div[39m
              [33mclass[39m
=[32m"filter-row"[39m
            [36m>[39m
              [36m<div[39m
                [33mclass[3
9m=[32m"filter-row"[39m
              [36m>[39m
                
[36m<label[39m
                  [33mclass
[39m=[32m"filter-label"[39m
                  [33mfor[3
9m=[32m"filter-times"[39m
                [36m>[39m
                  
[0mTimes:[0m
                
[36m</label>[39m
                
[36m<input[39m
                  [33maria-l
abel[39m=[32m"Filter by 
times"[39m
                  [33mclass
[39m=[32m"filter-input"[39m
                  [33mid[39
m=[32m"filter-times"[39m
                  [33mplaceh
older[39m=[32m"Filter by 
times..."[39m
                  [33mtype[
39m=[32m"text"[39m
                  
[33mvalue[39m=[32m""[39m
                [36m/>[39m
              
[36m</div>[39m
              [36m<div[39m
                [33mclass[3
9m=[32m"filter-row"[39m
              [36m>[39m
                
[36m<label[39m
                  [33mclass
[39m=[32m"filter-label"[39m
                  [33mfor[3
9m=[32m"filter-frequency"[3
9m
                [36m>[39m
                  
[0mFrequency:[0m
                
[36m</label>[39m
                
[36m<input[39m
                  [33maria-l
abel[39m=[32m"Filter by 
frequency"[39m
                  [33mclass
[39m=[32m"filter-input"[39m
                  [33mid[39
m=[32m"filter-frequency"[39
m
                  [33mplaceh
older[39m=[32m"Filter by 
frequency..."[39m
                  [33mtype[
39m=[32m"text"[39m
                  
[33mvalue[39m=[32m""[39m
                [36m/>[39m
              
[36m</div>[39m
              [36m<div[39m
                [33mclass[3
9m=[32m"filter-row"[39m
              [36m>[39m
                
[36m<div[39m
                  [33mclass
[39m=[32m"filter-label"[39m
                [36m>[39m
                  
[0mStatus:[0m
                
[36m</div>[39m
                
[36m<div[39m
                  [33mclass
[39m=[32m"filter-checkbox-gr
oup"[39m
                [36m>[39m
                  
[36m<label[39m
                    [33mclas
s[39m=[32m"filter-checkbox-
label"[39m
                  [36m>[39m
                    
[36m<input[39m
                      [33mar
ia-label[39m=[32m"Filter 
by status: Running"[39m
                      [33mty
pe[39m=[32m"checkbox"[39m
                    
[36m/>[39m
                    
[36m<span>[39m
                      
[0mRunning[0m
                    
[36m</span>[39m
                  
[36m</label>[39m
                  
[36m<label[39m
                    [33mclas
s[39m=[32m"filter-checkbox-
label"[39m
                  [36m>[39m
                    
[36m<input[39m
                      [33mar
ia-label[39m=[32m"Filter 
by status: Paused"[39m
                      [33mty
pe[39m=[32m"checkbox"[39m
                    
[36m/>[39m
                    
[36m<span>[39m
                      
[0mPaused[0m
                    
[36m</span>[39m
                  
[36m</label>[39m
                  
[36m<label[39m
                    [33mclas
s[39m=[32m"filter-checkbox-
label"[39m
                  [36m>[39m
                    
[36m<input[39m
                      [33mar
ia-label[39m=[32m"Filter 
by status: Archived"[39m
                      [33mty
pe[39m=[32m"checkbox"[39m
                    
[36m/>[39m
                    
[36m<span>[39m
                      
[0mArchived[0m
                    
[36m</span>[39m
                  
[36m</label>[39m
                
[36m</div>[39m
              
[36m</div>[39m
              [36m<div[39m
                [33mclass[3
9m=[32m"filter-actions"[39m
              [36m>[39m
                
[36m<button[39m
                  [33maria-l
abel[39m=[32m"Reset all 
filters"[39m
                  [33mclass
[39m=[32m"filter-reset-butto
n"[39m
                  [33mtype[
39m=[32m"button"[39m
                [36m>[39m
                  [0mReset 
Filters[0m
                
[36m</button>[39m
              
[36m</div>[39m
            [36m</div>[39m
          [36m</div>[39m
        [36m</div>[39m
        [36m<table[39m
          [33mclass[39m=[3
2m"trackings-table"[39m
        [36m>[39m
          [36m<thead>[39m
            [36m<tr>[39m
              [36m<th[39m
                [33mclass[3
9m=[32m"col-tracking"[39m
              [36m>[39m
                
[36m<div[39m
                  [33mclass
[39m=[32m"header-with-filter
"[39m
                [36m>[39m
                  
[36m<button[39m
                    [33maria
-expanded[39m=[32m"true"[3
9m
                    [33maria
-label[39m=[32m"Hide 
filters"[39m
                    [33mclas
s[39m=[32m"filter-toggle-bu
tton"[39m
                    
[33mtitle[39m=[32m"Hide 
filters"[39m
                    [33mtype
[39m=[32m"button"[39m
                  [36m>[39m
                    
[36m<span[39m
                      [33mcl
ass[39m=[32m"filter-toggle-
icon"[39m
                    
[36m>[39m
                      [0m
ƒöì[0m
                    
[36m</span>[39m
                  
[36m</button>[39m
                  
[36m<button[39m
                    [33maria
-label[39m=[32m"Sort by 
tracking"[39m
                    [33mclas
s[39m=[32m"sortable-header"
[39m
                    [33mtype
[39m=[32m"button"[39m
                  [36m>[39m
                    
[0mTracking[0m
                  
[36m</button>[39m
                
[36m</div>[39m
              [36m</th>[39m
              [36m<th[39m
                [33mclass[3
9m=[32m"col-notes"[39m
              [36m>[39m
                [0mNotes[0m
              [36m</th>[39m
              [36m<th[39m
                [33mclass[3
9m=[32m"col-times"[39m
              [36m>[39m
                
[36m<button[39m
                  [33maria-l
abel[39m=[32m"Sort by 
times"[39m
                  [33mclass
[39m=[32m"sortable-header"[
39m
                  [33mtype[
39m=[32m"button"[39m
                [36m>[39m
                  
[0mTimes[0m
                
[36m</button>[39m
              [36m</th>[39m
              [36m<th[39m
                [33mclass[3
9m=[32m"col-frequency"[39m
              [36m>[39m
                
[36m<button[39m
                  [33maria-l
abel[39m=[32m"Sort by 
frequency"[39m
                  [33mclass
[39m=[32m"sortable-header"[
39m
                  [33mtype[
39m=[32m"button"[39m
                [36m>[39m
                  
[0mFrequency[0m
                
[36m</button>[39m
              [36m</th>[39m
              [36m<th[39m
                [33mclass[3
9m=[32m"col-next-reminder"[
39m
              [36m>[39m
                
[36m<button[39m
                  [33maria-l
abel[39m=[32m"Sort by next 
reminder"[39m
                  [33mclass
[39m=[32m"sortable-header"[
39m
                  [33mtype[
39m=[32m"button"[39m
                [36m>[39m
                  [0mNext 
reminder[0m
                
[36m</button>[39m
              [36m</th>[39m
              [36m<th[39m
                [33mclass[3
9m=[32m"col-status"[39m
              [36m>[39m
                
[36m<button[39m
                  [33maria-l
abel[39m=[32m"Sort by 
status"[39m
                  [33mclass
[39m=[32m"sortable-header"[
39m
                  [33mtype[
39m=[32m"button"[39m
                [36m>[39m
                  
[0mStatus[0m
                
[36m</button>[39m
              [36m</th>[39m
              [36m<th[39m
                [33mclass[3
9m=[32m"col-actions"[39m
              [36m>[39m
                
[0mActions[0m
              [36m</th>[39m
            [36m</tr>[39m
          [36m</thead>[39m
          [36m<tbody>[39m
            [36m<tr[39m
              [33mclass[39m
=[32m"tracking-row"[39m
            [36m>[39m
              [36m<td[39m
                [33mclass[3
9m=[32m"cell-tracking"[39m
              [36m>[39m
                
[36m<button[39m
                  [33maria-l
abel[39m=[32m"Edit 
tracking: Did I exercise 
today?"[39m
                  [33mclass
[39m=[32m"tracking-name-link
"[39m
                  
[33mtitle[39m=[32m"Did I 
exercise today?. Click to 
edit"[39m
                  [33mtype[
39m=[32m"button"[39m
                [36m>[39m
                  [0mDid I 
exercise today?[0m
                
[36m</button>[39m
              [36m</td>[39m
              [36m<td[39m
                [33mclass[3
9m=[32m"cell-notes"[39m
              [36m>[39m
                
[36m<span[39m
                  [33mclass
[39m=[32m"notes-empty"[39m
                [36m>[39m
                  [0mÔÇö[0m
                
[36m</span>[39m
              [36m</td>[39m
              [36m<td[39m
                [33mclass[3
9m=[32m"cell-times"[39m
              [36m>[39m
                [0m08:00[0m
              [36m</td>[39m
              [36m<td[39m
                [33mclass[3
9m=[32m"cell-frequency"[39m
                
[33mtitle[39m=[32m"No 
upcoming reminder"[39m
              [36m>[39m
                [0mDaily[0m
              [36m</td>[39m
              [36m<td[39m
                [33mclass[3
9m=[32m"cell-next-reminder"
[39m
              [36m>[39m
                [0mÔÇö[0m
              [36m</td>[39m
              [36m<td[39m
                [33mclass[3
9m=[32m"cell-status"[39m
              [36m>[39m
                
[36m<span[39m
                  [33mclass
[39m=[32m"status-badge 
state-badge-running"[39m
                [36m>[39m
                  
[0mRunning[0m
                
[36m</span>[39m
              [36m</td>[39m
              [36m<td[39m
                [33mclass[3
9m=[32m"cell-actions"[39m
              [36m>[39m
                
[36m<div[39m
                  [33mclass
[39m=[32m"actions-container"
[39m
                [36m>[39m
                  
[36m<div[39m
                    [33mclas
s[39m=[32m"actions-buttons"
[39m
                  [36m>[39m
                    
[36m<button[39m
                      [33mar
ia-label[39m=[32m"Pause"[3
9m
                      [33mcl
ass[39m=[32m"action-button"
[39m
                      
[33mtitle[39m=[32m"Pause: 
Stops generating new 
reminders. Existing 
reminders remain 
active."[39m
                      [33mty
pe[39m=[32m"button"[39m
                    
[36m>[39m
                      
[0mÔÅ©´©Å[0m
                    
[36m</button>[39m
                    
[36m<button[39m
                      [33mar
ia-label[39m=[32m"Archive"
[39m
                      [33mcl
ass[39m=[32m"action-button"
[39m
                      [33mti
tle[39m=[32m"Archive: 
Moves tracking to archived 
state and stops all reminder 
generation. All pending and 
upcoming reminders will be 
deleted."[39m
                      [33mty
pe[39m=[32m"button"[39m
                    
[36m>[39m
                      [0m
ƒôª[0m
                    
[36m</button>[39m
                    
[36m<button[39m
                      [33mar
ia-label[39m=[32m"Delete"[
39m
                      [33mcl
ass[39m=[32m"action-button"
[39m
                      [33mti
tle[39m=[32m"Delete: 
Permanently removes this 
tracking and all its 
reminders. This action 
cannot be undone."[39m
                      [33mty
pe[39m=[32m"button"[39m
                    
[36m>[39m
                      [0m
ƒùæ´©Å[0m
                    
[36m</button>[39m
                  
[36m</div>[39m
                
[36m</div>[39m
              [36m</td>[39m
            [36m</tr>[39m
          [36m</tbody>[39m
        [36m</table>[39m
        [36m<div[39m
          [33mclass[39m=[3
2m"trackings-cards"[39m
        [36m>[39m
          [36m<div[39m
            [33mclass[39m=
[32m"tracking-card"[39m
          [36m>[39m
            [36m<div[39m
              [33mclass[39m
=[32m"tracking-card-header"
[39m
            [36m>[39m
              [36m<div[39m
                [33mclass[3
9m=[32m"tracking-card-title"
[39m
              [36m>[39m
                [36m<h3[39m
                  [33mclass
[39m=[32m"tracking-card-ques
tion"[39m
                [36m>[39m
                  [0mDid I 
exercise today?[0m
                
[36m</h3>[39m
                
[36m<div[39m
                  [33mclass
[39m=[32m"tracking-card-time
s"[39m
                [36m>[39m
                  
[0m08:00[0m
                
[36m</div>[39m
              
[36m</div>[39m
            [36m</div>[39m
            [36m<div[39m
              [33mclass[39m
=[32m"tracking-card-body"[3
9m
            [36m>[39m
              [36m<div[39m
                [33mclass[3
9m=[32m"tracking-card-row"[
39m
              [36m>[39m
                
[36m<span[39m
                  [33mclass
[39m=[32m"tracking-card-labe
l"[39m
                [36m>[39m
                  
[0mFrequency[0m
                
[36m</span>[39m
                
[36m<span[39m
                  [33mclass
[39m=[32m"tracking-card-valu
e"[39m
                [36m>[39m
                  
[0mDaily[0m
                
[36m</span>[39m
              
[36m</div>[39m
            [36m</div>[39m
            [36m<div[39m
              [33mclass[39m
=[32m"tracking-card-footer"
[39m
            [36m>[39m
              [36m<div[39m
                [33mclass[3
9m=[32m"tracking-card-status
"[39m
              [36m>[39m
                
[36m<span[39m
                  [33mclass
[39m=[32m"status-badge 
state-badge-running"[39m
                [36m>[39m
                  
[0mRunning[0m
                
[36m</span>[39m
              
[36m</div>[39m
              [36m<div[39m
                [33mclass[3
9m=[32m"tracking-card-action
s"[39m
              [36m>[39m
                
[36m<button[39m
                  [33maria-l
abel[39m=[32m"Edit 
tracking"[39m
                  [33mclass
[39m=[32m"action-button"[39
m
                  
[33mtitle[39m=[32m"Edit 
tracking"[39m
                  [33mtype[
39m=[32m"button"[39m
                [36m>[39m
                  
[0mÔ£Å´©Å[0m
                
[36m</button>[39m
              
[36m</div>[39m
            [36m</div>[39m
          [36m</div>[39m
        [36m</div>[39m
      [36m</div>[39m
    [36m</div>[39m
  [36m</div>[39m
[36m</body>[39m
[90m [2mÔØ»[22m 
Object.getElementError node_m
odules/@testing-library/react
/node_modules/@testing-librar
y/dom/dist/config.js:[2m37:1
9[22m[39m
[90m [2mÔØ»[22m 
getElementError node_modules/
@testing-library/react/node_m
odules/@testing-library/dom/d
ist/query-helpers.js:[2m20:3
5[22m[39m
[90m [2mÔØ»[22m getMultipl
eElementsFoundError node_modu
les/@testing-library/react/no
de_modules/@testing-library/d
om/dist/query-helpers.js:[2m
23:10[22m[39m
[90m [2mÔØ»[22m node_modul
es/@testing-library/react/nod
e_modules/@testing-library/do
m/dist/query-helpers.js:[2m5
5:13[22m[39m
[90m [2mÔØ»[22m node_modul
es/@testing-library/react/nod
e_modules/@testing-library/do
m/dist/query-helpers.js:[2m9
5:19[22m[39m
[36m [2mÔØ»[22m frontend/s
rc/components/__tests__/Track
ingsList.test.tsx:[2m1162:27
[22m[39m
    [90m1160| [39m         
   [35mawait[39m user[33m.
[39m[34mclick[39m(runningC
heckbox)[33m;[39m
    [90m1161| [39m
    [90m1162| [39m         
   
expect(screen.getByText("Did 
I exercise 
today?")).toBeInThÔÇª
    [90m   | [39m          
                [31m^[39m
    [90m1163| [39m         
   expect(screen.queryByText(
"Did I 
meditate?")).not.toBeInThÔÇª
    [90m1164| [39m         
   expect(screen.queryByText(
"Did I read a 
book?")).not.toBeIÔÇª

[31m[2mÔÄ»ÔÄ»ÔÄ»ÔÄ»ÔÄ»ÔÄ»ÔÄ
»ÔÄ»ÔÄ»ÔÄ»ÔÄ»ÔÄ»ÔÄ»ÔÄ»ÔÄ»ÔÄ»Ô
Ä»ÔÄ»ÔÄ»ÔÄ»ÔÄ»ÔÄ»[44/50]ÔÄ»[
22m[39m

[41m[1m FAIL [22m[49m fro
ntend/src/components/__tests_
_/TrackingsList.test.tsx[2m 
> [22mTrackingsList[2m > 
[22mFiltering[2m > 
[22mshould be 
case-insensitive when 
filtering by text
[31m[1mTestingLibraryElemen
tError[22m[39m: Found 
multiple elements with the 
text: Did I exercise today?

Here are the matching 
elements:

Ignored nodes: comments, 
script, style
[36m<button[39m
  [33maria-label[39m=[32m"
Edit tracking: Did I 
exercise today?"[39m
  [33mclass[39m=[32m"track
ing-name-link"[39m
  [33mtitle[39m=[32m"Did 
I exercise today?. Click to 
edit"[39m
  [33mtype[39m=[32m"button
"[39m
[36m>[39m
  [0mDid I exercise 
today?[0m
[36m</button>[39m

Ignored nodes: comments, 
script, style
[36m<h3[39m
  [33mclass[39m=[32m"track
ing-card-question"[39m
[36m>[39m
  [0mDid I exercise 
today?[0m
[36m</h3>[39m

(If this is intentional, 
then use the `*AllBy*` 
variant of the query (like 
`queryAllByText`, 
`getAllByText`, or 
`findAllByText`)).

Ignored nodes: comments, 
script, style
[36m<body>[39m
  [36m<div>[39m
    [36m<div[39m
      [33mclass[39m=[32m"t
rackings-list"[39m
    [36m>[39m
      [36m<div[39m
        [33mclass[39m=[32m
"trackings-list-content"[39m
      [36m>[39m
        [36m<div[39m
          [33mclass[39m=[3
2m"filter-panel"[39m
        [36m>[39m
          [36m<div[39m
            [33mclass[39m=
[32m"filter-panel-content"[3
9m
          [36m>[39m
            [36m<div[39m
              [33mclass[39m
=[32m"filter-row"[39m
            [36m>[39m
              
[36m<label[39m
                [33mclass[3
9m=[32m"filter-label"[39m
                [33mfor[39m
=[32m"filter-tracking"[39m
              [36m>[39m
                
[0mTracking:[0m
              
[36m</label>[39m
              
[36m<input[39m
                [33maria-lab
el[39m=[32m"Filter by 
tracking"[39m
                [33mclass[3
9m=[32m"filter-input"[39m
                [33mid[39m=
[32m"filter-tracking"[39m
                [33mplacehol
der[39m=[32m"Filter by 
question..."[39m
                [33mtype[39
m=[32m"text"[39m
                [33mvalue[3
9m=[32m"EXERCISE"[39m
              [36m/>[39m
            [36m</div>[39m
            [36m<div[39m
              [33mclass[39m
=[32m"filter-row"[39m
            [36m>[39m
              [36m<div[39m
                [33mclass[3
9m=[32m"filter-row"[39m
              [36m>[39m
                
[36m<label[39m
                  [33mclass
[39m=[32m"filter-label"[39m
                  [33mfor[3
9m=[32m"filter-times"[39m
                [36m>[39m
                  
[0mTimes:[0m
                
[36m</label>[39m
                
[36m<input[39m
                  [33maria-l
abel[39m=[32m"Filter by 
times"[39m
                  [33mclass
[39m=[32m"filter-input"[39m
                  [33mid[39
m=[32m"filter-times"[39m
                  [33mplaceh
older[39m=[32m"Filter by 
times..."[39m
                  [33mtype[
39m=[32m"text"[39m
                  
[33mvalue[39m=[32m""[39m
                [36m/>[39m
              
[36m</div>[39m
              [36m<div[39m
                [33mclass[3
9m=[32m"filter-row"[39m
              [36m>[39m
                
[36m<label[39m
                  [33mclass
[39m=[32m"filter-label"[39m
                  [33mfor[3
9m=[32m"filter-frequency"[3
9m
                [36m>[39m
                  
[0mFrequency:[0m
                
[36m</label>[39m
                
[36m<input[39m
                  [33maria-l
abel[39m=[32m"Filter by 
frequency"[39m
                  [33mclass
[39m=[32m"filter-input"[39m
                  [33mid[39
m=[32m"filter-frequency"[39
m
                  [33mplaceh
older[39m=[32m"Filter by 
frequency..."[39m
                  [33mtype[
39m=[32m"text"[39m
                  
[33mvalue[39m=[32m""[39m
                [36m/>[39m
              
[36m</div>[39m
              [36m<div[39m
                [33mclass[3
9m=[32m"filter-row"[39m
              [36m>[39m
                
[36m<div[39m
                  [33mclass
[39m=[32m"filter-label"[39m
                [36m>[39m
                  
[0mStatus:[0m
                
[36m</div>[39m
                
[36m<div[39m
                  [33mclass
[39m=[32m"filter-checkbox-gr
oup"[39m
                [36m>[39m
                  
[36m<label[39m
                    [33mclas
s[39m=[32m"filter-checkbox-
label"[39m
                  [36m>[39m
                    
[36m<input[39m
                      [33mar
ia-label[39m=[32m"Filter 
by status: Running"[39m
                      [33mty
pe[39m=[32m"checkbox"[39m
                    
[36m/>[39m
                    
[36m<span>[39m
                      
[0mRunning[0m
                    
[36m</span>[39m
                  
[36m</label>[39m
                  
[36m<label[39m
                    [33mclas
s[39m=[32m"filter-checkbox-
label"[39m
                  [36m>[39m
                    
[36m<input[39m
                      [33mar
ia-label[39m=[32m"Filter 
by status: Paused"[39m
                      [33mty
pe[39m=[32m"checkbox"[39m
                    
[36m/>[39m
                    
[36m<span>[39m
                      
[0mPaused[0m
                    
[36m</span>[39m
                  
[36m</label>[39m
                  
[36m<label[39m
                    [33mclas
s[39m=[32m"filter-checkbox-
label"[39m
                  [36m>[39m
                    
[36m<input[39m
                      [33mar
ia-label[39m=[32m"Filter 
by status: Archived"[39m
                      [33mty
pe[39m=[32m"checkbox"[39m
                    
[36m/>[39m
                    
[36m<span>[39m
                      
[0mArchived[0m
                    
[36m</span>[39m
                  
[36m</label>[39m
                
[36m</div>[39m
              
[36m</div>[39m
              [36m<div[39m
                [33mclass[3
9m=[32m"filter-actions"[39m
              [36m>[39m
                
[36m<button[39m
                  [33maria-l
abel[39m=[32m"Reset all 
filters"[39m
                  [33mclass
[39m=[32m"filter-reset-butto
n"[39m
                  [33mtype[
39m=[32m"button"[39m
                [36m>[39m
                  [0mReset 
Filters[0m
                
[36m</button>[39m
              
[36m</div>[39m
            [36m</div>[39m
          [36m</div>[39m
        [36m</div>[39m
        [36m<table[39m
          [33mclass[39m=[3
2m"trackings-table"[39m
        [36m>[39m
          [36m<thead>[39m
            [36m<tr>[39m
              [36m<th[39m
                [33mclass[3
9m=[32m"col-tracking"[39m
              [36m>[39m
                
[36m<div[39m
                  [33mclass
[39m=[32m"header-with-filter
"[39m
                [36m>[39m
                  
[36m<button[39m
                    [33maria
-expanded[39m=[32m"true"[3
9m
                    [33maria
-label[39m=[32m"Hide 
filters"[39m
                    [33mclas
s[39m=[32m"filter-toggle-bu
tton"[39m
                    
[33mtitle[39m=[32m"Hide 
filters"[39m
                    [33mtype
[39m=[32m"button"[39m
                  [36m>[39m
                    
[36m<span[39m
                      [33mcl
ass[39m=[32m"filter-toggle-
icon"[39m
                    
[36m>[39m
                      [0m
ƒöì[0m
                    
[36m</span>[39m
                  
[36m</button>[39m
                  
[36m<button[39m
                    [33maria
-label[39m=[32m"Sort by 
tracking"[39m
                    [33mclas
s[39m=[32m"sortable-header"
[39m
                    [33mtype
[39m=[32m"button"[39m
                  [36m>[39m
                    
[0mTracking[0m
                  
[36m</button>[39m
                
[36m</div>[39m
              [36m</th>[39m
              [36m<th[39m
                [33mclass[3
9m=[32m"col-notes"[39m
              [36m>[39m
                [0mNotes[0m
              [36m</th>[39m
              [36m<th[39m
                [33mclass[3
9m=[32m"col-times"[39m
              [36m>[39m
                
[36m<button[39m
                  [33maria-l
abel[39m=[32m"Sort by 
times"[39m
                  [33mclass
[39m=[32m"sortable-header"[
39m
                  [33mtype[
39m=[32m"button"[39m
                [36m>[39m
                  
[0mTimes[0m
                
[36m</button>[39m
              [36m</th>[39m
              [36m<th[39m
                [33mclass[3
9m=[32m"col-frequency"[39m
              [36m>[39m
                
[36m<button[39m
                  [33maria-l
abel[39m=[32m"Sort by 
frequency"[39m
                  [33mclass
[39m=[32m"sortable-header"[
39m
                  [33mtype[
39m=[32m"button"[39m
                [36m>[39m
                  
[0mFrequency[0m
                
[36m</button>[39m
              [36m</th>[39m
              [36m<th[39m
                [33mclass[3
9m=[32m"col-next-reminder"[
39m
              [36m>[39m
                
[36m<button[39m
                  [33maria-l
abel[39m=[32m"Sort by next 
reminder"[39m
                  [33mclass
[39m=[32m"sortable-header"[
39m
                  [33mtype[
39m=[32m"button"[39m
                [36m>[39m
                  [0mNext 
reminder[0m
                
[36m</button>[39m
              [36m</th>[39m
              [36m<th[39m
                [33mclass[3
9m=[32m"col-status"[39m
              [36m>[39m
                
[36m<button[39m
                  [33maria-l
abel[39m=[32m"Sort by 
status"[39m
                  [33mclass
[39m=[32m"sortable-header"[
39m
                  [33mtype[
39m=[32m"button"[39m
                [36m>[39m
                  
[0mStatus[0m
                
[36m</button>[39m
              [36m</th>[39m
              [36m<th[39m
                [33mclass[3
9m=[32m"col-actions"[39m
              [36m>[39m
                
[0mActions[0m
              [36m</th>[39m
            [36m</tr>[39m
          [36m</thead>[39m
          [36m<tbody>[39m
            [36m<tr[39m
              [33mclass[39m
=[32m"tracking-row"[39m
            [36m>[39m
              [36m<td[39m
                [33mclass[3
9m=[32m"cell-tracking"[39m
              [36m>[39m
                
[36m<button[39m
                  [33maria-l
abel[39m=[32m"Edit 
tracking: Did I exercise 
today?"[39m
                  [33mclass
[39m=[32m"tracking-name-link
"[39m
                  
[33mtitle[39m=[32m"Did I 
exercise today?. Click to 
edit"[39m
                  [33mtype[
39m=[32m"button"[39m
                [36m>[39m
                  [0mDid I 
exercise today?[0m
                
[36m</button>[39m
              [36m</td>[39m
              [36m<td[39m
                [33mclass[3
9m=[32m"cell-notes"[39m
              [36m>[39m
                
[36m<span[39m
                  [33mclass
[39m=[32m"notes-empty"[39m
                [36m>[39m
                  [0mÔÇö[0m
                
[36m</span>[39m
              [36m</td>[39m
              [36m<td[39m
                [33mclass[3
9m=[32m"cell-times"[39m
              [36m>[39m
                [0m08:00[0m
              [36m</td>[39m
              [36m<td[39m
                [33mclass[3
9m=[32m"cell-frequency"[39m
                
[33mtitle[39m=[32m"No 
upcoming reminder"[39m
              [36m>[39m
                [0mDaily[0m
              [36m</td>[39m
              [36m<td[39m
                [33mclass[3
9m=[32m"cell-next-reminder"
[39m
              [36m>[39m
                [0mÔÇö[0m
              [36m</td>[39m
              [36m<td[39m
                [33mclass[3
9m=[32m"cell-status"[39m
              [36m>[39m
                
[36m<span[39m
                  [33mclass
[39m=[32m"status-badge 
state-badge-running"[39m
                [36m>[39m
                  
[0mRunning[0m
                
[36m</span>[39m
              [36m</td>[39m
              [36m<td[39m
                [33mclass[3
9m=[32m"cell-actions"[39m
              [36m>[39m
                
[36m<div[39m
                  [33mclass
[39m=[32m"actions-container"
[39m
                [36m>[39m
                  
[36m<div[39m
                    [33mclas
s[39m=[32m"actions-buttons"
[39m
                  [36m>[39m
                    
[36m<button[39m
                      [33mar
ia-label[39m=[32m"Pause"[3
9m
                      [33mcl
ass[39m=[32m"action-button"
[39m
                      
[33mtitle[39m=[32m"Pause: 
Stops generating new 
reminders. Existing 
reminders remain 
active."[39m
                      [33mty
pe[39m=[32m"button"[39m
                    
[36m>[39m
                      
[0mÔÅ©´©Å[0m
                    
[36m</button>[39m
                    
[36m<button[39m
                      [33mar
ia-label[39m=[32m"Archive"
[39m
                      [33mcl
ass[39m=[32m"action-button"
[39m
                      [33mti
tle[39m=[32m"Archive: 
Moves tracking to archived 
state and stops all reminder 
generation. All pending and 
upcoming reminders will be 
deleted."[39m
                      [33mty
pe[39m=[32m"button"[39m
                    
[36m>[39m
                      [0m
ƒôª[0m
                    
[36m</button>[39m
                    
[36m<button[39m
                      [33mar
ia-label[39m=[32m"Delete"[
39m
                      [33mcl
ass[39m=[32m"action-button"
[39m
                      [33mti
tle[39m=[32m"Delete: 
Permanently removes this 
tracking and all its 
reminders. This action 
cannot be undone."[39m
                      [33mty
pe[39m=[32m"button"[39m
                    
[36m>[39m
                      [0m
ƒùæ´©Å[0m
                    
[36m</button>[39m
                  
[36m</div>[39m
                
[36m</div>[39m
              [36m</td>[39m
            [36m</tr>[39m
          [36m</tbody>[39m
        [36m</table>[39m
        [36m<div[39m
          [33mclass[39m=[3
2m"trackings-cards"[39m
        [36m>[39m
          [36m<div[39m
            [33mclass[39m=
[32m"tracking-card"[39m
          [36m>[39m
            [36m<div[39m
              [33mclass[39m
=[32m"tracking-card-header"
[39m
            [36m>[39m
              [36m<div[39m
                [33mclass[3
9m=[32m"tracking-card-title"
[39m
              [36m>[39m
                [36m<h3[39m
                  [33mclass
[39m=[32m"tracking-card-ques
tion"[39m
                [36m>[39m
                  [0mDid I 
exercise today?[0m
                
[36m</h3>[39m
                
[36m<div[39m
                  [33mclass
[39m=[32m"tracking-card-time
s"[39m
                [36m>[39m
                  
[0m08:00[0m
                
[36m</div>[39m
              
[36m</div>[39m
            [36m</div>[39m
            [36m<div[39m
              [33mclass[39m
=[32m"tracking-card-body"[3
9m
            [36m>[39m
              [36m<div[39m
                [33mclass[3
9m=[32m"tracking-card-row"[
39m
              [36m>[39m
                
[36m<span[39m
                  [33mclass
[39m=[32m"tracking-card-labe
l"[39m
                [36m>[39m
                  
[0mFrequency[0m
                
[36m</span>[39m
                
[36m<span[39m
                  [33mclass
[39m=[32m"tracking-card-valu
e"[39m
                [36m>[39m
                  
[0mDaily[0m
                
[36m</span>[39m
              
[36m</div>[39m
            [36m</div>[39m
            [36m<div[39m
              [33mclass[39m
=[32m"tracking-card-footer"
[39m
            [36m>[39m
              [36m<div[39m
                [33mclass[3
9m=[32m"tracking-card-status
"[39m
              [36m>[39m
                
[36m<span[39m
                  [33mclass
[39m=[32m"status-badge 
state-badge-running"[39m
                [36m>[39m
                  
[0mRunning[0m
                
[36m</span>[39m
              
[36m</div>[39m
              [36m<div[39m
                [33mclass[3
9m=[32m"tracking-card-action
s"[39m
              [36m>[39m
                
[36m<button[39m
                  [33maria-l
abel[39m=[32m"Edit 
tracking"[39m
                  [33mclass
[39m=[32m"action-button"[39
m
                  
[33mtitle[39m=[32m"Edit 
tracking"[39m
                  [33mtype[
39m=[32m"button"[39m
                [36m>[39m
                  
[0mÔ£Å´©Å[0m
                
[36m</button>[39m
              
[36m</div>[39m
            [36m</div>[39m
          [36m</div>[39m
        [36m</div>[39m
      [36m</div>[39m
    [36m</div>[39m
  [36m</div>[39m
[36m</body>[39m
[90m [2mÔØ»[22m 
Object.getElementError node_m
odules/@testing-library/react
/node_modules/@testing-librar
y/dom/dist/config.js:[2m37:1
9[22m[39m
[90m [2mÔØ»[22m 
getElementError node_modules/
@testing-library/react/node_m
odules/@testing-library/dom/d
ist/query-helpers.js:[2m20:3
5[22m[39m
[90m [2mÔØ»[22m getMultipl
eElementsFoundError node_modu
les/@testing-library/react/no
de_modules/@testing-library/d
om/dist/query-helpers.js:[2m
23:10[22m[39m
[90m [2mÔØ»[22m node_modul
es/@testing-library/react/nod
e_modules/@testing-library/do
m/dist/query-helpers.js:[2m5
5:13[22m[39m
[90m [2mÔØ»[22m node_modul
es/@testing-library/react/nod
e_modules/@testing-library/do
m/dist/query-helpers.js:[2m9
5:19[22m[39m
[36m [2mÔØ»[22m frontend/s
rc/components/__tests__/Track
ingsList.test.tsx:[2m1182:27
[22m[39m
    [90m1180| [39m         
   [35mawait[39m user[33m.
[39m[34mtype[39m(filterInp
ut[33m,[39m [32m"EXERCISE"
[39m)[33m;[39m
    [90m1181| [39m
    [90m1182| [39m         
   
expect(screen.getByText("Did 
I exercise 
today?")).toBeInThÔÇª
    [90m   | [39m          
                [31m^[39m
    [90m1183| [39m        
})[33m;[39m
    [90m1184| [39m    
})[33m;[39m

[31m[2mÔÄ»ÔÄ»ÔÄ»ÔÄ»ÔÄ»ÔÄ»ÔÄ
»ÔÄ»ÔÄ»ÔÄ»ÔÄ»ÔÄ»ÔÄ»ÔÄ»ÔÄ»ÔÄ»Ô
Ä»ÔÄ»ÔÄ»ÔÄ»ÔÄ»ÔÄ»[45/50]ÔÄ»[
22m[39m

[41m[1m FAIL [22m[49m fro
ntend/src/components/__tests_
_/TrackingsList.test.tsx[2m 
> [22mTrackingsList[2m > 
[22mNext Reminder value 
updates[2m > [22mReminder 
actions that update Next 
Reminder[2m > [22mshould 
update Next Reminder when a 
reminder is answered (status 
changes to ANSWERED)
[31m[1mTestingLibraryElemen
tError[22m[39m: Found 
multiple elements with the 
text: Did I exercise?

Here are the matching 
elements:

Ignored nodes: comments, 
script, style
[36m<button[39m
  [33maria-label[39m=[32m"
Edit tracking: Did I 
exercise?"[39m
  [33mclass[39m=[32m"track
ing-name-link"[39m
  [33mtitle[39m=[32m"Did 
I exercise?. Click to 
edit"[39m
  [33mtype[39m=[32m"button
"[39m
[36m>[39m
  [0mDid I exercise?[0m
[36m</button>[39m

Ignored nodes: comments, 
script, style
[36m<h3[39m
  [33mclass[39m=[32m"track
ing-card-question"[39m
[36m>[39m
  [0mDid I exercise?[0m
[36m</h3>[39m

(If this is intentional, 
then use the `*AllBy*` 
variant of the query (like 
`queryAllByText`, 
`getAllByText`, or 
`findAllByText`)).

Ignored nodes: comments, 
script, style
[36m<body>[39m
  [36m<div>[39m
    [36m<div[39m
      [33mclass[39m=[32m"t
rackings-list"[39m
    [36m>[39m
      [36m<div[39m
        [33mclass[39m=[32m
"trackings-list-content"[39m
      [36m>[39m
        [36m<table[39m
          [33mclass[39m=[3
2m"trackings-table"[39m
        [36m>[39m
          [36m<thead>[39m
            [36m<tr>[39m
              [36m<th[39m
                [33mclass[3
9m=[32m"col-tracking"[39m
              [36m>[39m
                
[36m<div[39m
                  [33mclass
[39m=[32m"header-with-filter
"[39m
                [36m>[39m
                  
[36m<button[39m
                    [33maria
-expanded[39m=[32m"false"[
39m
                    [33maria
-label[39m=[32m"Show 
filters"[39m
                    [33mclas
s[39m=[32m"filter-toggle-bu
tton"[39m
                    
[33mtitle[39m=[32m"Show 
filters"[39m
                    [33mtype
[39m=[32m"button"[39m
                  [36m>[39m
                    
[36m<span[39m
                      [33mcl
ass[39m=[32m"filter-toggle-
icon"[39m
                    
[36m>[39m
                      [0m
ƒöì[0m
                    
[36m</span>[39m
                  
[36m</button>[39m
                  
[36m<button[39m
                    [33maria
-label[39m=[32m"Sort by 
tracking"[39m
                    [33mclas
s[39m=[32m"sortable-header"
[39m
                    [33mtype
[39m=[32m"button"[39m
                  [36m>[39m
                    
[0mTracking[0m
                  
[36m</button>[39m
                
[36m</div>[39m
              [36m</th>[39m
              [36m<th[39m
                [33mclass[3
9m=[32m"col-notes"[39m
              [36m>[39m
                [0mNotes[0m
              [36m</th>[39m
              [36m<th[39m
                [33mclass[3
9m=[32m"col-times"[39m
              [36m>[39m
                
[36m<button[39m
                  [33maria-l
abel[39m=[32m"Sort by 
times"[39m
                  [33mclass
[39m=[32m"sortable-header"[
39m
                  [33mtype[
39m=[32m"button"[39m
                [36m>[39m
                  
[0mTimes[0m
                
[36m</button>[39m
              [36m</th>[39m
              [36m<th[39m
                [33mclass[3
9m=[32m"col-frequency"[39m
              [36m>[39m
                
[36m<button[39m
                  [33maria-l
abel[39m=[32m"Sort by 
frequency"[39m
                  [33mclass
[39m=[32m"sortable-header"[
39m
                  [33mtype[
39m=[32m"button"[39m
                [36m>[39m
                  
[0mFrequency[0m
                
[36m</button>[39m
              [36m</th>[39m
              [36m<th[39m
                [33mclass[3
9m=[32m"col-next-reminder"[
39m
              [36m>[39m
                
[36m<button[39m
                  [33maria-l
abel[39m=[32m"Sort by next 
reminder"[39m
                  [33mclass
[39m=[32m"sortable-header"[
39m
                  [33mtype[
39m=[32m"button"[39m
                [36m>[39m
                  [0mNext 
reminder[0m
                
[36m</button>[39m
              [36m</th>[39m
              [36m<th[39m
                [33mclass[3
9m=[32m"col-status"[39m
              [36m>[39m
                
[36m<button[39m
                  [33maria-l
abel[39m=[32m"Sort by 
status"[39m
                  [33mclass
[39m=[32m"sortable-header"[
39m
                  [33mtype[
39m=[32m"button"[39m
                [36m>[39m
                  
[0mStatus[0m
                
[36m</button>[39m
              [36m</th>[39m
              [36m<th[39m
                [33mclass[3
9m=[32m"col-actions"[39m
              [36m>[39m
                
[0mActions[0m
              [36m</th>[39m
            [36m</tr>[39m
          [36m</thead>[39m
          [36m<tbody>[39m
            [36m<tr[39m
              [33mclass[39m
=[32m"tracking-row"[39m
            [36m>[39m
              [36m<td[39m
                [33mclass[3
9m=[32m"cell-tracking"[39m
              [36m>[39m
                
[36m<button[39m
                  [33maria-l
abel[39m=[32m"Edit 
tracking: Did I 
exercise?"[39m
                  [33mclass
[39m=[32m"tracking-name-link
"[39m
                  
[33mtitle[39m=[32m"Did I 
exercise?. Click to 
edit"[39m
                  [33mtype[
39m=[32m"button"[39m
                [36m>[39m
                  [0mDid I 
exercise?[0m
                
[36m</button>[39m
              [36m</td>[39m
              [36m<td[39m
                [33mclass[3
9m=[32m"cell-notes"[39m
              [36m>[39m
                
[36m<span[39m
                  [33mclass
[39m=[32m"notes-empty"[39m
                [36m>[39m
                  [0mÔÇö[0m
                
[36m</span>[39m
              [36m</td>[39m
              [36m<td[39m
                [33mclass[3
9m=[32m"cell-times"[39m
                
[33mtitle[39m=[32m"No 
times"[39m
              [36m/>[39m
              [36m<td[39m
                [33mclass[3
9m=[32m"cell-frequency"[39m
                
[33mtitle[39m=[32m"No 
upcoming reminder"[39m
              [36m>[39m
                [0mDaily[0m
              [36m</td>[39m
              [36m<td[39m
                [33mclass[3
9m=[32m"cell-next-reminder"
[39m
              [36m>[39m
                [0mÔÇö[0m
              [36m</td>[39m
              [36m<td[39m
                [33mclass[3
9m=[32m"cell-status"[39m
              [36m>[39m
                
[36m<span[39m
                  [33mclass
[39m=[32m"status-badge 
state-badge-running"[39m
                [36m>[39m
                  
[0mRunning[0m
                
[36m</span>[39m
              [36m</td>[39m
              [36m<td[39m
                [33mclass[3
9m=[32m"cell-actions"[39m
              [36m>[39m
                
[36m<div[39m
                  [33mclass
[39m=[32m"actions-container"
[39m
                [36m>[39m
                  
[36m<div[39m
                    [33mclas
s[39m=[32m"actions-buttons"
[39m
                  [36m>[39m
                    
[36m<button[39m
                      [33mar
ia-label[39m=[32m"Pause"[3
9m
                      [33mcl
ass[39m=[32m"action-button"
[39m
                      
[33mtitle[39m=[32m"Pause: 
Stops generating new 
reminders. Existing 
reminders remain 
active."[39m
                      [33mty
pe[39m=[32m"button"[39m
                    
[36m>[39m
                      
[0mÔÅ©´©Å[0m
                    
[36m</button>[39m
                    
[36m<button[39m
                      [33mar
ia-label[39m=[32m"Archive"
[39m
                      [33mcl
ass[39m=[32m"action-button"
[39m
                      [33mti
tle[39m=[32m"Archive: 
Moves tracking to archived 
state and stops all reminder 
generation. All pending and 
upcoming reminders will be 
deleted."[39m
                      [33mty
pe[39m=[32m"button"[39m
                    
[36m>[39m
                      [0m
ƒôª[0m
                    
[36m</button>[39m
                    
[36m<button[39m
                      [33mar
ia-label[39m=[32m"Delete"[
39m
                      [33mcl
ass[39m=[32m"action-button"
[39m
                      [33mti
tle[39m=[32m"Delete: 
Permanently removes this 
tracking and all its 
reminders. This action 
cannot be undone."[39m
                      [33mty
pe[39m=[32m"button"[39m
                    
[36m>[39m
                      [0m
ƒùæ´©Å[0m
                    
[36m</button>[39m
                  
[36m</div>[39m
                
[36m</div>[39m
              [36m</td>[39m
            [36m</tr>[39m
          [36m</tbody>[39m
        [36m</table>[39m
        [36m<div[39m
          [33mclass[39m=[3
2m"trackings-cards"[39m
        [36m>[39m
          [36m<div[39m
            [33mclass[39m=
[32m"tracking-card"[39m
          [36m>[39m
            [36m<div[39m
              [33mclass[39m
=[32m"tracking-card-header"
[39m
            [36m>[39m
              [36m<div[39m
                [33mclass[3
9m=[32m"tracking-card-title"
[39m
              [36m>[39m
                [36m<h3[39m
                  [33mclass
[39m=[32m"tracking-card-ques
tion"[39m
                [36m>[39m
                  [0mDid I 
exercise?[0m
                
[36m</h3>[39m
                
[36m<div[39m
                  [33mclass
[39m=[32m"tracking-card-time
s"[39m
                [36m/>[39m
              
[36m</div>[39m
            [36m</div>[39m
            [36m<div[39m
              [33mclass[39m
=[32m"tracking-card-body"[3
9m
            [36m>[39m
              [36m<div[39m
                [33mclass[3
9m=[32m"tracking-card-row"[
39m
              [36m>[39m
                
[36m<span[39m
                  [33mclass
[39m=[32m"tracking-card-labe
l"[39m
                [36m>[39m
                  
[0mFrequency[0m
                
[36m</span>[39m
                
[36m<span[39m
                  [33mclass
[39m=[32m"tracking-card-valu
e"[39m
                [36m>[39m
                  
[0mDaily[0m
                
[36m</span>[39m
              
[36m</div>[39m
            [36m</div>[39m
            [36m<div[39m
              [33mclass[39m
=[32m"tracking-card-footer"
[39m
            [36m>[39m
              [36m<div[39m
                [33mclass[3
9m=[32m"tracking-card-status
"[39m
              [36m>[39m
                
[36m<span[39m
                  [33mclass
[39m=[32m"status-badge 
state-badge-running"[39m
                [36m>[39m
                  
[0mRunning[0m
                
[36m</span>[39m
              
[36m</div>[39m
              [36m<div[39m
                [33mclass[3
9m=[32m"tracking-card-action
s"[39m
              [36m>[39m
                
[36m<button[39m
                  [33maria-l
abel[39m=[32m"Edit 
tracking"[39m
                  [33mclass
[39m=[32m"action-button"[39
m
                  
[33mtitle[39m=[32m"Edit 
tracking"[39m
                  [33mtype[
39m=[32m"button"[39m
                [36m>[39m
                  
[0mÔ£Å´©Å[0m
                
[36m</button>[39m
              
[36m</div>[39m
            [36m</div>[39m
          [36m</div>[39m
        [36m</div>[39m
      [36m</div>[39m
    [36m</div>[39m
  [36m</div>[39m
[36m</body>[39m
[90m [2mÔØ»[22m 
Object.getElementError node_m
odules/@testing-library/react
/node_modules/@testing-librar
y/dom/dist/config.js:[2m37:1
9[22m[39m
[90m [2mÔØ»[22m 
getElementError node_modules/
@testing-library/react/node_m
odules/@testing-library/dom/d
ist/query-helpers.js:[2m20:3
5[22m[39m
[90m [2mÔØ»[22m getMultipl
eElementsFoundError node_modu
les/@testing-library/react/no
de_modules/@testing-library/d
om/dist/query-helpers.js:[2m
23:10[22m[39m
[90m [2mÔØ»[22m node_modul
es/@testing-library/react/nod
e_modules/@testing-library/do
m/dist/query-helpers.js:[2m5
5:13[22m[39m
[90m [2mÔØ»[22m node_modul
es/@testing-library/react/nod
e_modules/@testing-library/do
m/dist/query-helpers.js:[2m9
5:19[22m[39m
[36m [2mÔØ»[22m frontend/s
rc/components/__tests__/Track
ingsList.test.tsx:[2m1472:50
[22m[39m
    [90m1470| [39m
    [90m1471| [39m         
       // Next Reminder 
should now be empty (no 
PENDING or UPÔÇª
    [90m1472| [39m         
       const 
emptyReminderCell = 
screen.getByText("Did I 
exerÔÇª
    [90m   | [39m          
                             
          [31m^[39m
    [90m1473| [39m         
       [34mexpect[39m(empty
ReminderCell)[33m.[39m[34m
toHaveTextContent[39m([32m"
ÔÇö"[39m)[33m;[39m
    [90m1474| [39m         
   })[33m;[39m

[31m[2mÔÄ»ÔÄ»ÔÄ»ÔÄ»ÔÄ»ÔÄ»ÔÄ
»ÔÄ»ÔÄ»ÔÄ»ÔÄ»ÔÄ»ÔÄ»ÔÄ»ÔÄ»ÔÄ»Ô
Ä»ÔÄ»ÔÄ»ÔÄ»ÔÄ»ÔÄ»[46/50]ÔÄ»[
22m[39m

[41m[1m FAIL [22m[49m fro
ntend/src/components/__tests_
_/TrackingsList.test.tsx[2m 
> [22mTrackingsList[2m > 
[22mNext Reminder value 
updates[2m > [22mTracking 
state changes that update 
Next Reminder[2m > 
[22mshould show no Next 
Reminder when tracking is 
Paused (no new reminders 
generated)
[31m[1mTestingLibraryElemen
tError[22m[39m: Found 
multiple elements with the 
text: Did I exercise?

Here are the matching 
elements:

Ignored nodes: comments, 
script, style
[36m<button[39m
  [33maria-label[39m=[32m"
Edit tracking: Did I 
exercise?"[39m
  [33mclass[39m=[32m"track
ing-name-link"[39m
  [33mtitle[39m=[32m"Did 
I exercise?. Click to 
edit"[39m
  [33mtype[39m=[32m"button
"[39m
[36m>[39m
  [0mDid I exercise?[0m
[36m</button>[39m

Ignored nodes: comments, 
script, style
[36m<h3[39m
  [33mclass[39m=[32m"track
ing-card-question"[39m
[36m>[39m
  [0mDid I exercise?[0m
[36m</h3>[39m

(If this is intentional, 
then use the `*AllBy*` 
variant of the query (like 
`queryAllByText`, 
`getAllByText`, or 
`findAllByText`)).

Ignored nodes: comments, 
script, style
[36m<body>[39m
  [36m<div>[39m
    [36m<div[39m
      [33mclass[39m=[32m"t
rackings-list"[39m
    [36m>[39m
      [36m<div[39m
        [33mclass[39m=[32m
"trackings-list-content"[39m
      [36m>[39m
        [36m<table[39m
          [33mclass[39m=[3
2m"trackings-table"[39m
        [36m>[39m
          [36m<thead>[39m
            [36m<tr>[39m
              [36m<th[39m
                [33mclass[3
9m=[32m"col-tracking"[39m
              [36m>[39m
                
[36m<div[39m
                  [33mclass
[39m=[32m"header-with-filter
"[39m
                [36m>[39m
                  
[36m<button[39m
                    [33maria
-expanded[39m=[32m"false"[
39m
                    [33maria
-label[39m=[32m"Show 
filters"[39m
                    [33mclas
s[39m=[32m"filter-toggle-bu
tton"[39m
                    
[33mtitle[39m=[32m"Show 
filters"[39m
                    [33mtype
[39m=[32m"button"[39m
                  [36m>[39m
                    
[36m<span[39m
                      [33mcl
ass[39m=[32m"filter-toggle-
icon"[39m
                    
[36m>[39m
                      [0m
ƒöì[0m
                    
[36m</span>[39m
                  
[36m</button>[39m
                  
[36m<button[39m
                    [33maria
-label[39m=[32m"Sort by 
tracking"[39m
                    [33mclas
s[39m=[32m"sortable-header"
[39m
                    [33mtype
[39m=[32m"button"[39m
                  [36m>[39m
                    
[0mTracking[0m
                  
[36m</button>[39m
                
[36m</div>[39m
              [36m</th>[39m
              [36m<th[39m
                [33mclass[3
9m=[32m"col-notes"[39m
              [36m>[39m
                [0mNotes[0m
              [36m</th>[39m
              [36m<th[39m
                [33mclass[3
9m=[32m"col-times"[39m
              [36m>[39m
                
[36m<button[39m
                  [33maria-l
abel[39m=[32m"Sort by 
times"[39m
                  [33mclass
[39m=[32m"sortable-header"[
39m
                  [33mtype[
39m=[32m"button"[39m
                [36m>[39m
                  
[0mTimes[0m
                
[36m</button>[39m
              [36m</th>[39m
              [36m<th[39m
                [33mclass[3
9m=[32m"col-frequency"[39m
              [36m>[39m
                
[36m<button[39m
                  [33maria-l
abel[39m=[32m"Sort by 
frequency"[39m
                  [33mclass
[39m=[32m"sortable-header"[
39m
                  [33mtype[
39m=[32m"button"[39m
                [36m>[39m
                  
[0mFrequency[0m
                
[36m</button>[39m
              [36m</th>[39m
              [36m<th[39m
                [33mclass[3
9m=[32m"col-next-reminder"[
39m
              [36m>[39m
                
[36m<button[39m
                  [33maria-l
abel[39m=[32m"Sort by next 
reminder"[39m
                  [33mclass
[39m=[32m"sortable-header"[
39m
                  [33mtype[
39m=[32m"button"[39m
                [36m>[39m
                  [0mNext 
reminder[0m
                
[36m</button>[39m
              [36m</th>[39m
              [36m<th[39m
                [33mclass[3
9m=[32m"col-status"[39m
              [36m>[39m
                
[36m<button[39m
                  [33maria-l
abel[39m=[32m"Sort by 
status"[39m
                  [33mclass
[39m=[32m"sortable-header"[
39m
                  [33mtype[
39m=[32m"button"[39m
                [36m>[39m
                  
[0mStatus[0m
                
[36m</button>[39m
              [36m</th>[39m
              [36m<th[39m
                [33mclass[3
9m=[32m"col-actions"[39m
              [36m>[39m
                
[0mActions[0m
              [36m</th>[39m
            [36m</tr>[39m
          [36m</thead>[39m
          [36m<tbody>[39m
            [36m<tr[39m
              [33mclass[39m
=[32m"tracking-row"[39m
            [36m>[39m
              [36m<td[39m
                [33mclass[3
9m=[32m"cell-tracking"[39m
              [36m>[39m
                
[36m<button[39m
                  [33maria-l
abel[39m=[32m"Edit 
tracking: Did I 
exercise?"[39m
                  [33mclass
[39m=[32m"tracking-name-link
"[39m
                  
[33mtitle[39m=[32m"Did I 
exercise?. Click to 
edit"[39m
                  [33mtype[
39m=[32m"button"[39m
                [36m>[39m
                  [0mDid I 
exercise?[0m
                
[36m</button>[39m
              [36m</td>[39m
              [36m<td[39m
                [33mclass[3
9m=[32m"cell-notes"[39m
              [36m>[39m
                
[36m<span[39m
                  [33mclass
[39m=[32m"notes-empty"[39m
                [36m>[39m
                  [0mÔÇö[0m
                
[36m</span>[39m
              [36m</td>[39m
              [36m<td[39m
                [33mclass[3
9m=[32m"cell-times"[39m
                
[33mtitle[39m=[32m"No 
times"[39m
              [36m/>[39m
              [36m<td[39m
                [33mclass[3
9m=[32m"cell-frequency"[39m
                
[33mtitle[39m=[32m"No 
upcoming reminder"[39m
              [36m>[39m
                [0mDaily[0m
              [36m</td>[39m
              [36m<td[39m
                [33mclass[3
9m=[32m"cell-next-reminder"
[39m
              [36m>[39m
                [0mÔÇö[0m
              [36m</td>[39m
              [36m<td[39m
                [33mclass[3
9m=[32m"cell-status"[39m
              [36m>[39m
                
[36m<span[39m
                  [33mclass
[39m=[32m"status-badge 
state-badge-paused"[39m
                [36m>[39m
                  
[0mPaused[0m
                
[36m</span>[39m
              [36m</td>[39m
              [36m<td[39m
                [33mclass[3
9m=[32m"cell-actions"[39m
              [36m>[39m
                
[36m<div[39m
                  [33mclass
[39m=[32m"actions-container"
[39m
                [36m>[39m
                  
[36m<div[39m
                    [33mclas
s[39m=[32m"actions-buttons"
[39m
                  [36m>[39m
                    
[36m<button[39m
                      [33mar
ia-label[39m=[32m"Resume"[
39m
                      [33mcl
ass[39m=[32m"action-button"
[39m
                      [33mti
tle[39m=[32m"Resume: 
Restarts reminder generation 
according to the tracking 
schedule."[39m
                      [33mty
pe[39m=[32m"button"[39m
                    
[36m>[39m
                      
[0mÔûÂ´©Å[0m
                    
[36m</button>[39m
                    
[36m<button[39m
                      [33mar
ia-label[39m=[32m"Archive"
[39m
                      [33mcl
ass[39m=[32m"action-button"
[39m
                      [33mti
tle[39m=[32m"Archive: 
Moves tracking to archived 
state and stops all reminder 
generation. All pending and 
upcoming reminders will be 
deleted."[39m
                      [33mty
pe[39m=[32m"button"[39m
                    
[36m>[39m
                      [0m
ƒôª[0m
                    
[36m</button>[39m
                    
[36m<button[39m
                      [33mar
ia-label[39m=[32m"Delete"[
39m
                      [33mcl
ass[39m=[32m"action-button"
[39m
                      [33mti
tle[39m=[32m"Delete: 
Permanently removes this 
tracking and all its 
reminders. This action 
cannot be undone."[39m
                      [33mty
pe[39m=[32m"button"[39m
                    
[36m>[39m
                      [0m
ƒùæ´©Å[0m
                    
[36m</button>[39m
                  
[36m</div>[39m
                
[36m</div>[39m
              [36m</td>[39m
            [36m</tr>[39m
          [36m</tbody>[39m
        [36m</table>[39m
        [36m<div[39m
          [33mclass[39m=[3
2m"trackings-cards"[39m
        [36m>[39m
          [36m<div[39m
            [33mclass[39m=
[32m"tracking-card"[39m
          [36m>[39m
            [36m<div[39m
              [33mclass[39m
=[32m"tracking-card-header"
[39m
            [36m>[39m
              [36m<div[39m
                [33mclass[3
9m=[32m"tracking-card-title"
[39m
              [36m>[39m
                [36m<h3[39m
                  [33mclass
[39m=[32m"tracking-card-ques
tion"[39m
                [36m>[39m
                  [0mDid I 
exercise?[0m
                
[36m</h3>[39m
                
[36m<div[39m
                  [33mclass
[39m=[32m"tracking-card-time
s"[39m
                [36m/>[39m
              
[36m</div>[39m
            [36m</div>[39m
            [36m<div[39m
              [33mclass[39m
=[32m"tracking-card-body"[3
9m
            [36m>[39m
              [36m<div[39m
                [33mclass[3
9m=[32m"tracking-card-row"[
39m
              [36m>[39m
                
[36m<span[39m
                  [33mclass
[39m=[32m"tracking-card-labe
l"[39m
                [36m>[39m
                  
[0mFrequency[0m
                
[36m</span>[39m
                
[36m<span[39m
                  [33mclass
[39m=[32m"tracking-card-valu
e"[39m
                [36m>[39m
                  
[0mDaily[0m
                
[36m</span>[39m
              
[36m</div>[39m
            [36m</div>[39m
            [36m<div[39m
              [33mclass[39m
=[32m"tracking-card-footer"
[39m
            [36m>[39m
              [36m<div[39m
                [33mclass[3
9m=[32m"tracking-card-status
"[39m
              [36m>[39m
                
[36m<span[39m
                  [33mclass
[39m=[32m"status-badge 
state-badge-paused"[39m
                [36m>[39m
                  
[0mPaused[0m
                
[36m</span>[39m
              
[36m</div>[39m
              [36m<div[39m
                [33mclass[3
9m=[32m"tracking-card-action
s"[39m
              [36m>[39m
                
[36m<button[39m
                  [33maria-l
abel[39m=[32m"Edit 
tracking"[39m
                  [33mclass
[39m=[32m"action-button"[39
m
                  
[33mtitle[39m=[32m"Edit 
tracking"[39m
                  [33mtype[
39m=[32m"button"[39m
                [36m>[39m
                  
[0mÔ£Å´©Å[0m
                
[36m</button>[39m
              
[36m</div>[39m
            [36m</div>[39m
          [36m</div>[39m
        [36m</div>[39m
      [36m</div>[39m
    [36m</div>[39m
  [36m</div>[39m
[36m</body>[39m
[90m [2mÔØ»[22m 
Object.getElementError node_m
odules/@testing-library/react
/node_modules/@testing-librar
y/dom/dist/config.js:[2m37:1
9[22m[39m
[90m [2mÔØ»[22m 
getElementError node_modules/
@testing-library/react/node_m
odules/@testing-library/dom/d
ist/query-helpers.js:[2m20:3
5[22m[39m
[90m [2mÔØ»[22m getMultipl
eElementsFoundError node_modu
les/@testing-library/react/no
de_modules/@testing-library/d
om/dist/query-helpers.js:[2m
23:10[22m[39m
[90m [2mÔØ»[22m node_modul
es/@testing-library/react/nod
e_modules/@testing-library/do
m/dist/query-helpers.js:[2m5
5:13[22m[39m
[90m [2mÔØ»[22m node_modul
es/@testing-library/react/nod
e_modules/@testing-library/do
m/dist/query-helpers.js:[2m9
5:19[22m[39m
[36m [2mÔØ»[22m frontend/s
rc/components/__tests__/Track
ingsList.test.tsx:[2m1903:51
[22m[39m
    [90m1901| [39m
    [90m1902| [39m         
       [90m// Next Reminder 
should be empty[39m
    [90m1903| [39m         
       const 
emptyReminderCell4 = 
screen.getByText("Did I 
exeÔÇª
    [90m   | [39m          
                             
           [31m^[39m
    [90m1904| [39m         
       [34mexpect[39m(empty
ReminderCell4)[33m.[39m[34
mtoHaveTextContent[39m([32m
"ÔÇö"[39m)[33m;[39m
    [90m1905| [39m         
   })[33m;[39m

[31m[2mÔÄ»ÔÄ»ÔÄ»ÔÄ»ÔÄ»ÔÄ»ÔÄ
»ÔÄ»ÔÄ»ÔÄ»ÔÄ»ÔÄ»ÔÄ»ÔÄ»ÔÄ»ÔÄ»Ô
Ä»ÔÄ»ÔÄ»ÔÄ»ÔÄ»ÔÄ»[47/50]ÔÄ»[
22m[39m

[41m[1m FAIL [22m[49m fro
ntend/src/components/__tests_
_/TrackingsList.test.tsx[2m 
> [22mTrackingsList[2m > 
[22mNext Reminder value 
updates[2m > [22mTracking 
state changes that update 
Next Reminder[2m > 
[22mshould show no Next 
Reminder when tracking is 
Archived
[31m[1mTestingLibraryElemen
tError[22m[39m: Found 
multiple elements with the 
text: Did I exercise?

Here are the matching 
elements:

Ignored nodes: comments, 
script, style
[36m<button[39m
  [33maria-label[39m=[32m"
Edit tracking: Did I 
exercise?"[39m
  [33mclass[39m=[32m"track
ing-name-link"[39m
  [33mtitle[39m=[32m"Did 
I exercise?. Click to 
edit"[39m
  [33mtype[39m=[32m"button
"[39m
[36m>[39m
  [0mDid I exercise?[0m
[36m</button>[39m

Ignored nodes: comments, 
script, style
[36m<h3[39m
  [33mclass[39m=[32m"track
ing-card-question"[39m
[36m>[39m
  [0mDid I exercise?[0m
[36m</h3>[39m

(If this is intentional, 
then use the `*AllBy*` 
variant of the query (like 
`queryAllByText`, 
`getAllByText`, or 
`findAllByText`)).

Ignored nodes: comments, 
script, style
[36m<body>[39m
  [36m<div>[39m
    [36m<div[39m
      [33mclass[39m=[32m"t
rackings-list"[39m
    [36m>[39m
      [36m<div[39m
        [33mclass[39m=[32m
"trackings-list-content"[39m
      [36m>[39m
        [36m<table[39m
          [33mclass[39m=[3
2m"trackings-table"[39m
        [36m>[39m
          [36m<thead>[39m
            [36m<tr>[39m
              [36m<th[39m
                [33mclass[3
9m=[32m"col-tracking"[39m
              [36m>[39m
                
[36m<div[39m
                  [33mclass
[39m=[32m"header-with-filter
"[39m
                [36m>[39m
                  
[36m<button[39m
                    [33maria
-expanded[39m=[32m"false"[
39m
                    [33maria
-label[39m=[32m"Show 
filters"[39m
                    [33mclas
s[39m=[32m"filter-toggle-bu
tton"[39m
                    
[33mtitle[39m=[32m"Show 
filters"[39m
                    [33mtype
[39m=[32m"button"[39m
                  [36m>[39m
                    
[36m<span[39m
                      [33mcl
ass[39m=[32m"filter-toggle-
icon"[39m
                    
[36m>[39m
                      [0m
ƒöì[0m
                    
[36m</span>[39m
                  
[36m</button>[39m
                  
[36m<button[39m
                    [33maria
-label[39m=[32m"Sort by 
tracking"[39m
                    [33mclas
s[39m=[32m"sortable-header"
[39m
                    [33mtype
[39m=[32m"button"[39m
                  [36m>[39m
                    
[0mTracking[0m
                  
[36m</button>[39m
                
[36m</div>[39m
              [36m</th>[39m
              [36m<th[39m
                [33mclass[3
9m=[32m"col-notes"[39m
              [36m>[39m
                [0mNotes[0m
              [36m</th>[39m
              [36m<th[39m
                [33mclass[3
9m=[32m"col-times"[39m
              [36m>[39m
                
[36m<button[39m
                  [33maria-l
abel[39m=[32m"Sort by 
times"[39m
                  [33mclass
[39m=[32m"sortable-header"[
39m
                  [33mtype[
39m=[32m"button"[39m
                [36m>[39m
                  
[0mTimes[0m
                
[36m</button>[39m
              [36m</th>[39m
              [36m<th[39m
                [33mclass[3
9m=[32m"col-frequency"[39m
              [36m>[39m
                
[36m<button[39m
                  [33maria-l
abel[39m=[32m"Sort by 
frequency"[39m
                  [33mclass
[39m=[32m"sortable-header"[
39m
                  [33mtype[
39m=[32m"button"[39m
                [36m>[39m
                  
[0mFrequency[0m
                
[36m</button>[39m
              [36m</th>[39m
              [36m<th[39m
                [33mclass[3
9m=[32m"col-next-reminder"[
39m
              [36m>[39m
                
[36m<button[39m
                  [33maria-l
abel[39m=[32m"Sort by next 
reminder"[39m
                  [33mclass
[39m=[32m"sortable-header"[
39m
                  [33mtype[
39m=[32m"button"[39m
                [36m>[39m
                  [0mNext 
reminder[0m
                
[36m</button>[39m
              [36m</th>[39m
              [36m<th[39m
                [33mclass[3
9m=[32m"col-status"[39m
              [36m>[39m
                
[36m<button[39m
                  [33maria-l
abel[39m=[32m"Sort by 
status"[39m
                  [33mclass
[39m=[32m"sortable-header"[
39m
                  [33mtype[
39m=[32m"button"[39m
                [36m>[39m
                  
[0mStatus[0m
                
[36m</button>[39m
              [36m</th>[39m
              [36m<th[39m
                [33mclass[3
9m=[32m"col-actions"[39m
              [36m>[39m
                
[0mActions[0m
              [36m</th>[39m
            [36m</tr>[39m
          [36m</thead>[39m
          [36m<tbody>[39m
            [36m<tr[39m
              [33mclass[39m
=[32m"tracking-row"[39m
            [36m>[39m
              [36m<td[39m
                [33mclass[3
9m=[32m"cell-tracking"[39m
              [36m>[39m
                
[36m<button[39m
                  [33maria-l
abel[39m=[32m"Edit 
tracking: Did I 
exercise?"[39m
                  [33mclass
[39m=[32m"tracking-name-link
"[39m
                  
[33mtitle[39m=[32m"Did I 
exercise?. Click to 
edit"[39m
                  [33mtype[
39m=[32m"button"[39m
                [36m>[39m
                  [0mDid I 
exercise?[0m
                
[36m</button>[39m
              [36m</td>[39m
              [36m<td[39m
                [33mclass[3
9m=[32m"cell-notes"[39m
              [36m>[39m
                
[36m<span[39m
                  [33mclass
[39m=[32m"notes-empty"[39m
                [36m>[39m
                  [0mÔÇö[0m
                
[36m</span>[39m
              [36m</td>[39m
              [36m<td[39m
                [33mclass[3
9m=[32m"cell-times"[39m
                
[33mtitle[39m=[32m"No 
times"[39m
              [36m/>[39m
              [36m<td[39m
                [33mclass[3
9m=[32m"cell-frequency"[39m
                
[33mtitle[39m=[32m"No 
upcoming reminder"[39m
              [36m>[39m
                [0mDaily[0m
              [36m</td>[39m
              [36m<td[39m
                [33mclass[3
9m=[32m"cell-next-reminder"
[39m
              [36m>[39m
                [0mÔÇö[0m
              [36m</td>[39m
              [36m<td[39m
                [33mclass[3
9m=[32m"cell-status"[39m
              [36m>[39m
                
[36m<span[39m
                  [33mclass
[39m=[32m"status-badge 
state-badge-archived"[39m
                [36m>[39m
                  
[0mArchived[0m
                
[36m</span>[39m
              [36m</td>[39m
              [36m<td[39m
                [33mclass[3
9m=[32m"cell-actions"[39m
              [36m>[39m
                
[36m<div[39m
                  [33mclass
[39m=[32m"actions-container"
[39m
                [36m>[39m
                  
[36m<div[39m
                    [33mclas
s[39m=[32m"actions-buttons"
[39m
                  [36m>[39m
                    
[36m<button[39m
                      [33mar
ia-label[39m=[32m"Resume"[
39m
                      [33mcl
ass[39m=[32m"action-button"
[39m
                      [33mti
tle[39m=[32m"Resume: 
Restarts reminder generation 
according to the tracking 
schedule."[39m
                      [33mty
pe[39m=[32m"button"[39m
                    
[36m>[39m
                      
[0mÔûÂ´©Å[0m
                    
[36m</button>[39m
                    
[36m<button[39m
                      [33mar
ia-label[39m=[32m"Delete"[
39m
                      [33mcl
ass[39m=[32m"action-button"
[39m
                      [33mti
tle[39m=[32m"Delete: 
Permanently removes this 
tracking and all its 
reminders. This action 
cannot be undone."[39m
                      [33mty
pe[39m=[32m"button"[39m
                    
[36m>[39m
                      [0m
ƒùæ´©Å[0m
                    
[36m</button>[39m
                  
[36m</div>[39m
                
[36m</div>[39m
              [36m</td>[39m
            [36m</tr>[39m
          [36m</tbody>[39m
        [36m</table>[39m
        [36m<div[39m
          [33mclass[39m=[3
2m"trackings-cards"[39m
        [36m>[39m
          [36m<div[39m
            [33mclass[39m=
[32m"tracking-card"[39m
          [36m>[39m
            [36m<div[39m
              [33mclass[39m
=[32m"tracking-card-header"
[39m
            [36m>[39m
              [36m<div[39m
                [33mclass[3
9m=[32m"tracking-card-title"
[39m
              [36m>[39m
                [36m<h3[39m
                  [33mclass
[39m=[32m"tracking-card-ques
tion"[39m
                [36m>[39m
                  [0mDid I 
exercise?[0m
                
[36m</h3>[39m
                
[36m<div[39m
                  [33mclass
[39m=[32m"tracking-card-time
s"[39m
                [36m/>[39m
              
[36m</div>[39m
            [36m</div>[39m
            [36m<div[39m
              [33mclass[39m
=[32m"tracking-card-body"[3
9m
            [36m>[39m
              [36m<div[39m
                [33mclass[3
9m=[32m"tracking-card-row"[
39m
              [36m>[39m
                
[36m<span[39m
                  [33mclass
[39m=[32m"tracking-card-labe
l"[39m
                [36m>[39m
                  
[0mFrequency[0m
                
[36m</span>[39m
                
[36m<span[39m
                  [33mclass
[39m=[32m"tracking-card-valu
e"[39m
                [36m>[39m
                  
[0mDaily[0m
                
[36m</span>[39m
              
[36m</div>[39m
            [36m</div>[39m
            [36m<div[39m
              [33mclass[39m
=[32m"tracking-card-footer"
[39m
            [36m>[39m
              [36m<div[39m
                [33mclass[3
9m=[32m"tracking-card-status
"[39m
              [36m>[39m
                
[36m<span[39m
                  [33mclass
[39m=[32m"status-badge 
state-badge-archived"[39m
                [36m>[39m
                  
[0mArchived[0m
                
[36m</span>[39m
              
[36m</div>[39m
              [36m<div[39m
                [33mclass[3
9m=[32m"tracking-card-action
s"[39m
              [36m>[39m
                
[36m<button[39m
                  [33maria-l
abel[39m=[32m"Edit 
tracking"[39m
                  [33mclass
[39m=[32m"action-button"[39
m
                  
[33mtitle[39m=[32m"Edit 
tracking"[39m
                  [33mtype[
39m=[32m"button"[39m
                [36m>[39m
                  
[0mÔ£Å´©Å[0m
                
[36m</button>[39m
              
[36m</div>[39m
            [36m</div>[39m
          [36m</div>[39m
        [36m</div>[39m
      [36m</div>[39m
    [36m</div>[39m
  [36m</div>[39m
[36m</body>[39m
[90m [2mÔØ»[22m 
Object.getElementError node_m
odules/@testing-library/react
/node_modules/@testing-librar
y/dom/dist/config.js:[2m37:1
9[22m[39m
[90m [2mÔØ»[22m 
getElementError node_modules/
@testing-library/react/node_m
odules/@testing-library/dom/d
ist/query-helpers.js:[2m20:3
5[22m[39m
[90m [2mÔØ»[22m getMultipl
eElementsFoundError node_modu
les/@testing-library/react/no
de_modules/@testing-library/d
om/dist/query-helpers.js:[2m
23:10[22m[39m
[90m [2mÔØ»[22m node_modul
es/@testing-library/react/nod
e_modules/@testing-library/do
m/dist/query-helpers.js:[2m5
5:13[22m[39m
[90m [2mÔØ»[22m node_modul
es/@testing-library/react/nod
e_modules/@testing-library/do
m/dist/query-helpers.js:[2m9
5:19[22m[39m
[36m [2mÔØ»[22m frontend/s
rc/components/__tests__/Track
ingsList.test.tsx:[2m1972:51
[22m[39m
    [90m1970| [39m
    [90m1971| [39m         
       [90m// Next Reminder 
should be empty[39m
    [90m1972| [39m         
       const 
emptyReminderCell1 = 
screen.getByText("Did I 
exeÔÇª
    [90m   | [39m          
                             
           [31m^[39m
    [90m1973| [39m         
       [34mexpect[39m(empty
ReminderCell1)[33m.[39m[34
mtoHaveTextContent[39m([32m
"ÔÇö"[39m)[33m;[39m
    [90m1974| [39m         
   })[33m;[39m

[31m[2mÔÄ»ÔÄ»ÔÄ»ÔÄ»ÔÄ»ÔÄ»ÔÄ
»ÔÄ»ÔÄ»ÔÄ»ÔÄ»ÔÄ»ÔÄ»ÔÄ»ÔÄ»ÔÄ»Ô
Ä»ÔÄ»ÔÄ»ÔÄ»ÔÄ»ÔÄ»[48/50]ÔÄ»[
22m[39m

[41m[1m FAIL [22m[49m fro
ntend/src/components/__tests_
_/TrackingsList.test.tsx[2m 
> [22mTrackingsList[2m > 
[22mNext Reminder value 
updates[2m > [22mNext 
Reminder calculation 
logic[2m > [22mshould not 
show past reminders in Next 
Reminder
[31m[1mTestingLibraryElemen
tError[22m[39m: Found 
multiple elements with the 
text: Did I exercise?

Here are the matching 
elements:

Ignored nodes: comments, 
script, style
[36m<button[39m
  [33maria-label[39m=[32m"
Edit tracking: Did I 
exercise?"[39m
  [33mclass[39m=[32m"track
ing-name-link"[39m
  [33mtitle[39m=[32m"Did 
I exercise?. Click to 
edit"[39m
  [33mtype[39m=[32m"button
"[39m
[36m>[39m
  [0mDid I exercise?[0m
[36m</button>[39m

Ignored nodes: comments, 
script, style
[36m<h3[39m
  [33mclass[39m=[32m"track
ing-card-question"[39m
[36m>[39m
  [0mDid I exercise?[0m
[36m</h3>[39m

(If this is intentional, 
then use the `*AllBy*` 
variant of the query (like 
`queryAllByText`, 
`getAllByText`, or 
`findAllByText`)).

Ignored nodes: comments, 
script, style
[36m<body>[39m
  [36m<div>[39m
    [36m<div[39m
      [33mclass[39m=[32m"t
rackings-list"[39m
    [36m>[39m
      [36m<div[39m
        [33mclass[39m=[32m
"trackings-list-content"[39m
      [36m>[39m
        [36m<table[39m
          [33mclass[39m=[3
2m"trackings-table"[39m
        [36m>[39m
          [36m<thead>[39m
            [36m<tr>[39m
              [36m<th[39m
                [33mclass[3
9m=[32m"col-tracking"[39m
              [36m>[39m
                
[36m<div[39m
                  [33mclass
[39m=[32m"header-with-filter
"[39m
                [36m>[39m
                  
[36m<button[39m
                    [33maria
-expanded[39m=[32m"false"[
39m
                    [33maria
-label[39m=[32m"Show 
filters"[39m
                    [33mclas
s[39m=[32m"filter-toggle-bu
tton"[39m
                    
[33mtitle[39m=[32m"Show 
filters"[39m
                    [33mtype
[39m=[32m"button"[39m
                  [36m>[39m
                    
[36m<span[39m
                      [33mcl
ass[39m=[32m"filter-toggle-
icon"[39m
                    
[36m>[39m
                      [0m
ƒöì[0m
                    
[36m</span>[39m
                  
[36m</button>[39m
                  
[36m<button[39m
                    [33maria
-label[39m=[32m"Sort by 
tracking"[39m
                    [33mclas
s[39m=[32m"sortable-header"
[39m
                    [33mtype
[39m=[32m"button"[39m
                  [36m>[39m
                    
[0mTracking[0m
                  
[36m</button>[39m
                
[36m</div>[39m
              [36m</th>[39m
              [36m<th[39m
                [33mclass[3
9m=[32m"col-notes"[39m
              [36m>[39m
                [0mNotes[0m
              [36m</th>[39m
              [36m<th[39m
                [33mclass[3
9m=[32m"col-times"[39m
              [36m>[39m
                
[36m<button[39m
                  [33maria-l
abel[39m=[32m"Sort by 
times"[39m
                  [33mclass
[39m=[32m"sortable-header"[
39m
                  [33mtype[
39m=[32m"button"[39m
                [36m>[39m
                  
[0mTimes[0m
                
[36m</button>[39m
              [36m</th>[39m
              [36m<th[39m
                [33mclass[3
9m=[32m"col-frequency"[39m
              [36m>[39m
                
[36m<button[39m
                  [33maria-l
abel[39m=[32m"Sort by 
frequency"[39m
                  [33mclass
[39m=[32m"sortable-header"[
39m
                  [33mtype[
39m=[32m"button"[39m
                [36m>[39m
                  
[0mFrequency[0m
                
[36m</button>[39m
              [36m</th>[39m
              [36m<th[39m
                [33mclass[3
9m=[32m"col-next-reminder"[
39m
              [36m>[39m
                
[36m<button[39m
                  [33maria-l
abel[39m=[32m"Sort by next 
reminder"[39m
                  [33mclass
[39m=[32m"sortable-header"[
39m
                  [33mtype[
39m=[32m"button"[39m
                [36m>[39m
                  [0mNext 
reminder[0m
                
[36m</button>[39m
              [36m</th>[39m
              [36m<th[39m
                [33mclass[3
9m=[32m"col-status"[39m
              [36m>[39m
                
[36m<button[39m
                  [33maria-l
abel[39m=[32m"Sort by 
status"[39m
                  [33mclass
[39m=[32m"sortable-header"[
39m
                  [33mtype[
39m=[32m"button"[39m
                [36m>[39m
                  
[0mStatus[0m
                
[36m</button>[39m
              [36m</th>[39m
              [36m<th[39m
                [33mclass[3
9m=[32m"col-actions"[39m
              [36m>[39m
                
[0mActions[0m
              [36m</th>[39m
            [36m</tr>[39m
          [36m</thead>[39m
          [36m<tbody>[39m
            [36m<tr[39m
              [33mclass[39m
=[32m"tracking-row"[39m
            [36m>[39m
              [36m<td[39m
                [33mclass[3
9m=[32m"cell-tracking"[39m
              [36m>[39m
                
[36m<button[39m
                  [33maria-l
abel[39m=[32m"Edit 
tracking: Did I 
exercise?"[39m
                  [33mclass
[39m=[32m"tracking-name-link
"[39m
                  
[33mtitle[39m=[32m"Did I 
exercise?. Click to 
edit"[39m
                  [33mtype[
39m=[32m"button"[39m
                [36m>[39m
                  [0mDid I 
exercise?[0m
                
[36m</button>[39m
              [36m</td>[39m
              [36m<td[39m
                [33mclass[3
9m=[32m"cell-notes"[39m
              [36m>[39m
                
[36m<span[39m
                  [33mclass
[39m=[32m"notes-empty"[39m
                [36m>[39m
                  [0mÔÇö[0m
                
[36m</span>[39m
              [36m</td>[39m
              [36m<td[39m
                [33mclass[3
9m=[32m"cell-times"[39m
                
[33mtitle[39m=[32m"No 
times"[39m
              [36m/>[39m
              [36m<td[39m
                [33mclass[3
9m=[32m"cell-frequency"[39m
                
[33mtitle[39m=[32m"No 
upcoming reminder"[39m
              [36m>[39m
                [0mDaily[0m
              [36m</td>[39m
              [36m<td[39m
                [33mclass[3
9m=[32m"cell-next-reminder"
[39m
              [36m>[39m
                [0mÔÇö[0m
              [36m</td>[39m
              [36m<td[39m
                [33mclass[3
9m=[32m"cell-status"[39m
              [36m>[39m
                
[36m<span[39m
                  [33mclass
[39m=[32m"status-badge 
state-badge-running"[39m
                [36m>[39m
                  
[0mRunning[0m
                
[36m</span>[39m
              [36m</td>[39m
              [36m<td[39m
                [33mclass[3
9m=[32m"cell-actions"[39m
              [36m>[39m
                
[36m<div[39m
                  [33mclass
[39m=[32m"actions-container"
[39m
                [36m>[39m
                  
[36m<div[39m
                    [33mclas
s[39m=[32m"actions-buttons"
[39m
                  [36m>[39m
                    
[36m<button[39m
                      [33mar
ia-label[39m=[32m"Pause"[3
9m
                      [33mcl
ass[39m=[32m"action-button"
[39m
                      
[33mtitle[39m=[32m"Pause: 
Stops generating new 
reminders. Existing 
reminders remain 
active."[39m
                      [33mty
pe[39m=[32m"button"[39m
                    
[36m>[39m
                      
[0mÔÅ©´©Å[0m
                    
[36m</button>[39m
                    
[36m<button[39m
                      [33mar
ia-label[39m=[32m"Archive"
[39m
                      [33mcl
ass[39m=[32m"action-button"
[39m
                      [33mti
tle[39m=[32m"Archive: 
Moves tracking to archived 
state and stops all reminder 
generation. All pending and 
upcoming reminders will be 
deleted."[39m
                      [33mty
pe[39m=[32m"button"[39m
                    
[36m>[39m
                      [0m
ƒôª[0m
                    
[36m</button>[39m
                    
[36m<button[39m
                      [33mar
ia-label[39m=[32m"Delete"[
39m
                      [33mcl
ass[39m=[32m"action-button"
[39m
                      [33mti
tle[39m=[32m"Delete: 
Permanently removes this 
tracking and all its 
reminders. This action 
cannot be undone."[39m
                      [33mty
pe[39m=[32m"button"[39m
                    
[36m>[39m
                      [0m
ƒùæ´©Å[0m
                    
[36m</button>[39m
                  
[36m</div>[39m
                
[36m</div>[39m
              [36m</td>[39m
            [36m</tr>[39m
          [36m</tbody>[39m
        [36m</table>[39m
        [36m<div[39m
          [33mclass[39m=[3
2m"trackings-cards"[39m
        [36m>[39m
          [36m<div[39m
            [33mclass[39m=
[32m"tracking-card"[39m
          [36m>[39m
            [36m<div[39m
              [33mclass[39m
=[32m"tracking-card-header"
[39m
            [36m>[39m
              [36m<div[39m
                [33mclass[3
9m=[32m"tracking-card-title"
[39m
              [36m>[39m
                [36m<h3[39m
                  [33mclass
[39m=[32m"tracking-card-ques
tion"[39m
                [36m>[39m
                  [0mDid I 
exercise?[0m
                
[36m</h3>[39m
                
[36m<div[39m
                  [33mclass
[39m=[32m"tracking-card-time
s"[39m
                [36m/>[39m
              
[36m</div>[39m
            [36m</div>[39m
            [36m<div[39m
              [33mclass[39m
=[32m"tracking-card-body"[3
9m
            [36m>[39m
              [36m<div[39m
                [33mclass[3
9m=[32m"tracking-card-row"[
39m
              [36m>[39m
                
[36m<span[39m
                  [33mclass
[39m=[32m"tracking-card-labe
l"[39m
                [36m>[39m
                  
[0mFrequency[0m
                
[36m</span>[39m
                
[36m<span[39m
                  [33mclass
[39m=[32m"tracking-card-valu
e"[39m
                [36m>[39m
                  
[0mDaily[0m
                
[36m</span>[39m
              
[36m</div>[39m
            [36m</div>[39m
            [36m<div[39m
              [33mclass[39m
=[32m"tracking-card-footer"
[39m
            [36m>[39m
              [36m<div[39m
                [33mclass[3
9m=[32m"tracking-card-status
"[39m
              [36m>[39m
                
[36m<span[39m
                  [33mclass
[39m=[32m"status-badge 
state-badge-running"[39m
                [36m>[39m
                  
[0mRunning[0m
                
[36m</span>[39m
              
[36m</div>[39m
              [36m<div[39m
                [33mclass[3
9m=[32m"tracking-card-action
s"[39m
              [36m>[39m
                
[36m<button[39m
                  [33maria-l
abel[39m=[32m"Edit 
tracking"[39m
                  [33mclass
[39m=[32m"action-button"[39
m
                  
[33mtitle[39m=[32m"Edit 
tracking"[39m
                  [33mtype[
39m=[32m"button"[39m
                [36m>[39m
                  
[0mÔ£Å´©Å[0m
                
[36m</button>[39m
              
[36m</div>[39m
            [36m</div>[39m
          [36m</div>[39m
        [36m</div>[39m
      [36m</div>[39m
    [36m</div>[39m
  [36m</div>[39m
[36m</body>[39m
[90m [2mÔØ»[22m 
Object.getElementError node_m
odules/@testing-library/react
/node_modules/@testing-librar
y/dom/dist/config.js:[2m37:1
9[22m[39m
[90m [2mÔØ»[22m 
getElementError node_modules/
@testing-library/react/node_m
odules/@testing-library/dom/d
ist/query-helpers.js:[2m20:3
5[22m[39m
[90m [2mÔØ»[22m getMultipl
eElementsFoundError node_modu
les/@testing-library/react/no
de_modules/@testing-library/d
om/dist/query-helpers.js:[2m
23:10[22m[39m
[90m [2mÔØ»[22m node_modul
es/@testing-library/react/nod
e_modules/@testing-library/do
m/dist/query-helpers.js:[2m5
5:13[22m[39m
[90m [2mÔØ»[22m node_modul
es/@testing-library/react/nod
e_modules/@testing-library/do
m/dist/query-helpers.js:[2m9
5:19[22m[39m
[36m [2mÔØ»[22m frontend/s
rc/components/__tests__/Track
ingsList.test.tsx:[2m2166:51
[22m[39m
    [90m2164| [39m
    [90m2165| [39m         
       // Next Reminder 
should be empty (past 
reminders are fÔÇª
    [90m2166| [39m         
       const 
emptyReminderCell2 = 
screen.getByText("Did I 
exeÔÇª
    [90m   | [39m          
                             
           [31m^[39m
    [90m2167| [39m         
       [34mexpect[39m(empty
ReminderCell2)[33m.[39m[34
mtoHaveTextContent[39m([32m
"ÔÇö"[39m)[33m;[39m
    [90m2168| [39m         
   })[33m;[39m

[31m[2mÔÄ»ÔÄ»ÔÄ»ÔÄ»ÔÄ»ÔÄ»ÔÄ
»ÔÄ»ÔÄ»ÔÄ»ÔÄ»ÔÄ»ÔÄ»ÔÄ»ÔÄ»ÔÄ»Ô
Ä»ÔÄ»ÔÄ»ÔÄ»ÔÄ»ÔÄ»[49/50]ÔÄ»[
22m[39m

[41m[1m FAIL [22m[49m fro
ntend/src/components/__tests_
_/TrackingsList.test.tsx[2m 
> [22mTrackingsList[2m > 
[22mNext Reminder value 
updates[2m > [22mNext 
Reminder calculation 
logic[2m > [22mshould not 
show ANSWERED reminders in 
Next Reminder
[31m[1mTestingLibraryElemen
tError[22m[39m: Found 
multiple elements with the 
text: Did I exercise?

Here are the matching 
elements:

Ignored nodes: comments, 
script, style
[36m<button[39m
  [33maria-label[39m=[32m"
Edit tracking: Did I 
exercise?"[39m
  [33mclass[39m=[32m"track
ing-name-link"[39m
  [33mtitle[39m=[32m"Did 
I exercise?. Click to 
edit"[39m
  [33mtype[39m=[32m"button
"[39m
[36m>[39m
  [0mDid I exercise?[0m
[36m</button>[39m

Ignored nodes: comments, 
script, style
[36m<h3[39m
  [33mclass[39m=[32m"track
ing-card-question"[39m
[36m>[39m
  [0mDid I exercise?[0m
[36m</h3>[39m

(If this is intentional, 
then use the `*AllBy*` 
variant of the query (like 
`queryAllByText`, 
`getAllByText`, or 
`findAllByText`)).

Ignored nodes: comments, 
script, style
[36m<body>[39m
  [36m<div>[39m
    [36m<div[39m
      [33mclass[39m=[32m"t
rackings-list"[39m
    [36m>[39m
      [36m<div[39m
        [33mclass[39m=[32m
"trackings-list-content"[39m
      [36m>[39m
        [36m<table[39m
          [33mclass[39m=[3
2m"trackings-table"[39m
        [36m>[39m
          [36m<thead>[39m
            [36m<tr>[39m
              [36m<th[39m
                [33mclass[3
9m=[32m"col-tracking"[39m
              [36m>[39m
                
[36m<div[39m
                  [33mclass
[39m=[32m"header-with-filter
"[39m
                [36m>[39m
                  
[36m<button[39m
                    [33maria
-expanded[39m=[32m"false"[
39m
                    [33maria
-label[39m=[32m"Show 
filters"[39m
                    [33mclas
s[39m=[32m"filter-toggle-bu
tton"[39m
                    
[33mtitle[39m=[32m"Show 
filters"[39m
                    [33mtype
[39m=[32m"button"[39m
                  [36m>[39m
                    
[36m<span[39m
                      [33mcl
ass[39m=[32m"filter-toggle-
icon"[39m
                    
[36m>[39m
                      [0m
ƒöì[0m
                    
[36m</span>[39m
                  
[36m</button>[39m
                  
[36m<button[39m
                    [33maria
-label[39m=[32m"Sort by 
tracking"[39m
                    [33mclas
s[39m=[32m"sortable-header"
[39m
                    [33mtype
[39m=[32m"button"[39m
                  [36m>[39m
                    
[0mTracking[0m
                  
[36m</button>[39m
                
[36m</div>[39m
              [36m</th>[39m
              [36m<th[39m
                [33mclass[3
9m=[32m"col-notes"[39m
              [36m>[39m
                [0mNotes[0m
              [36m</th>[39m
              [36m<th[39m
                [33mclass[3
9m=[32m"col-times"[39m
              [36m>[39m
                
[36m<button[39m
                  [33maria-l
abel[39m=[32m"Sort by 
times"[39m
                  [33mclass
[39m=[32m"sortable-header"[
39m
                  [33mtype[
39m=[32m"button"[39m
                [36m>[39m
                  
[0mTimes[0m
                
[36m</button>[39m
              [36m</th>[39m
              [36m<th[39m
                [33mclass[3
9m=[32m"col-frequency"[39m
              [36m>[39m
                
[36m<button[39m
                  [33maria-l
abel[39m=[32m"Sort by 
frequency"[39m
                  [33mclass
[39m=[32m"sortable-header"[
39m
                  [33mtype[
39m=[32m"button"[39m
                [36m>[39m
                  
[0mFrequency[0m
                
[36m</button>[39m
              [36m</th>[39m
              [36m<th[39m
                [33mclass[3
9m=[32m"col-next-reminder"[
39m
              [36m>[39m
                
[36m<button[39m
                  [33maria-l
abel[39m=[32m"Sort by next 
reminder"[39m
                  [33mclass
[39m=[32m"sortable-header"[
39m
                  [33mtype[
39m=[32m"button"[39m
                [36m>[39m
                  [0mNext 
reminder[0m
                
[36m</button>[39m
              [36m</th>[39m
              [36m<th[39m
                [33mclass[3
9m=[32m"col-status"[39m
              [36m>[39m
                
[36m<button[39m
                  [33maria-l
abel[39m=[32m"Sort by 
status"[39m
                  [33mclass
[39m=[32m"sortable-header"[
39m
                  [33mtype[
39m=[32m"button"[39m
                [36m>[39m
                  
[0mStatus[0m
                
[36m</button>[39m
              [36m</th>[39m
              [36m<th[39m
                [33mclass[3
9m=[32m"col-actions"[39m
              [36m>[39m
                
[0mActions[0m
              [36m</th>[39m
            [36m</tr>[39m
          [36m</thead>[39m
          [36m<tbody>[39m
            [36m<tr[39m
              [33mclass[39m
=[32m"tracking-row"[39m
            [36m>[39m
              [36m<td[39m
                [33mclass[3
9m=[32m"cell-tracking"[39m
              [36m>[39m
                
[36m<button[39m
                  [33maria-l
abel[39m=[32m"Edit 
tracking: Did I 
exercise?"[39m
                  [33mclass
[39m=[32m"tracking-name-link
"[39m
                  
[33mtitle[39m=[32m"Did I 
exercise?. Click to 
edit"[39m
                  [33mtype[
39m=[32m"button"[39m
                [36m>[39m
                  [0mDid I 
exercise?[0m
                
[36m</button>[39m
              [36m</td>[39m
              [36m<td[39m
                [33mclass[3
9m=[32m"cell-notes"[39m
              [36m>[39m
                
[36m<span[39m
                  [33mclass
[39m=[32m"notes-empty"[39m
                [36m>[39m
                  [0mÔÇö[0m
                
[36m</span>[39m
              [36m</td>[39m
              [36m<td[39m
                [33mclass[3
9m=[32m"cell-times"[39m
                
[33mtitle[39m=[32m"No 
times"[39m
              [36m/>[39m
              [36m<td[39m
                [33mclass[3
9m=[32m"cell-frequency"[39m
                
[33mtitle[39m=[32m"No 
upcoming reminder"[39m
              [36m>[39m
                [0mDaily[0m
              [36m</td>[39m
              [36m<td[39m
                [33mclass[3
9m=[32m"cell-next-reminder"
[39m
              [36m>[39m
                [0mÔÇö[0m
              [36m</td>[39m
              [36m<td[39m
                [33mclass[3
9m=[32m"cell-status"[39m
              [36m>[39m
                
[36m<span[39m
                  [33mclass
[39m=[32m"status-badge 
state-badge-running"[39m
                [36m>[39m
                  
[0mRunning[0m
                
[36m</span>[39m
              [36m</td>[39m
              [36m<td[39m
                [33mclass[3
9m=[32m"cell-actions"[39m
              [36m>[39m
                
[36m<div[39m
                  [33mclass
[39m=[32m"actions-container"
[39m
                [36m>[39m
                  
[36m<div[39m
                    [33mclas
s[39m=[32m"actions-buttons"
[39m
                  [36m>[39m
                    
[36m<button[39m
                      [33mar
ia-label[39m=[32m"Pause"[3
9m
                      [33mcl
ass[39m=[32m"action-button"
[39m
                      
[33mtitle[39m=[32m"Pause: 
Stops generating new 
reminders. Existing 
reminders remain 
active."[39m
                      [33mty
pe[39m=[32m"button"[39m
                    
[36m>[39m
                      
[0mÔÅ©´©Å[0m
                    
[36m</button>[39m
                    
[36m<button[39m
                      [33mar
ia-label[39m=[32m"Archive"
[39m
                      [33mcl
ass[39m=[32m"action-button"
[39m
                      [33mti
tle[39m=[32m"Archive: 
Moves tracking to archived 
state and stops all reminder 
generation. All pending and 
upcoming reminders will be 
deleted."[39m
                      [33mty
pe[39m=[32m"button"[39m
                    
[36m>[39m
                      [0m
ƒôª[0m
                    
[36m</button>[39m
                    
[36m<button[39m
                      [33mar
ia-label[39m=[32m"Delete"[
39m
                      [33mcl
ass[39m=[32m"action-button"
[39m
                      [33mti
tle[39m=[32m"Delete: 
Permanently removes this 
tracking and all its 
reminders. This action 
cannot be undone."[39m
                      [33mty
pe[39m=[32m"button"[39m
                    
[36m>[39m
                      [0m
ƒùæ´©Å[0m
                    
[36m</button>[39m
                  
[36m</div>[39m
                
[36m</div>[39m
              [36m</td>[39m
            [36m</tr>[39m
          [36m</tbody>[39m
        [36m</table>[39m
        [36m<div[39m
          [33mclass[39m=[3
2m"trackings-cards"[39m
        [36m>[39m
          [36m<div[39m
            [33mclass[39m=
[32m"tracking-card"[39m
          [36m>[39m
            [36m<div[39m
              [33mclass[39m
=[32m"tracking-card-header"
[39m
            [36m>[39m
              [36m<div[39m
                [33mclass[3
9m=[32m"tracking-card-title"
[39m
              [36m>[39m
                [36m<h3[39m
                  [33mclass
[39m=[32m"tracking-card-ques
tion"[39m
                [36m>[39m
                  [0mDid I 
exercise?[0m
                
[36m</h3>[39m
                
[36m<div[39m
                  [33mclass
[39m=[32m"tracking-card-time
s"[39m
                [36m/>[39m
              
[36m</div>[39m
            [36m</div>[39m
            [36m<div[39m
              [33mclass[39m
=[32m"tracking-card-body"[3
9m
            [36m>[39m
              [36m<div[39m
                [33mclass[3
9m=[32m"tracking-card-row"[
39m
              [36m>[39m
                
[36m<span[39m
                  [33mclass
[39m=[32m"tracking-card-labe
l"[39m
                [36m>[39m
                  
[0mFrequency[0m
                
[36m</span>[39m
                
[36m<span[39m
                  [33mclass
[39m=[32m"tracking-card-valu
e"[39m
                [36m>[39m
                  
[0mDaily[0m
                
[36m</span>[39m
              
[36m</div>[39m
            [36m</div>[39m
            [36m<div[39m
              [33mclass[39m
=[32m"tracking-card-footer"
[39m
            [36m>[39m
              [36m<div[39m
                [33mclass[3
9m=[32m"tracking-card-status
"[39m
              [36m>[39m
                
[36m<span[39m
                  [33mclass
[39m=[32m"status-badge 
state-badge-running"[39m
                [36m>[39m
                  
[0mRunning[0m
                
[36m</span>[39m
              
[36m</div>[39m
              [36m<div[39m
                [33mclass[3
9m=[32m"tracking-card-action
s"[39m
              [36m>[39m
                
[36m<button[39m
                  [33maria-l
abel[39m=[32m"Edit 
tracking"[39m
                  [33mclass
[39m=[32m"action-button"[39
m
                  
[33mtitle[39m=[32m"Edit 
tracking"[39m
                  [33mtype[
39m=[32m"button"[39m
                [36m>[39m
                  
[0mÔ£Å´©Å[0m
                
[36m</button>[39m
              
[36m</div>[39m
            [36m</div>[39m
          [36m</div>[39m
        [36m</div>[39m
      [36m</div>[39m
    [36m</div>[39m
  [36m</div>[39m
[36m</body>[39m
[90m [2mÔØ»[22m 
Object.getElementError node_m
odules/@testing-library/react
/node_modules/@testing-librar
y/dom/dist/config.js:[2m37:1
9[22m[39m
[90m [2mÔØ»[22m 
getElementError node_modules/
@testing-library/react/node_m
odules/@testing-library/dom/d
ist/query-helpers.js:[2m20:3
5[22m[39m
[90m [2mÔØ»[22m getMultipl
eElementsFoundError node_modu
les/@testing-library/react/no
de_modules/@testing-library/d
om/dist/query-helpers.js:[2m
23:10[22m[39m
[90m [2mÔØ»[22m node_modul
es/@testing-library/react/nod
e_modules/@testing-library/do
m/dist/query-helpers.js:[2m5
5:13[22m[39m
[90m [2mÔØ»[22m node_modul
es/@testing-library/react/nod
e_modules/@testing-library/do
m/dist/query-helpers.js:[2m9
5:19[22m[39m
[36m [2mÔØ»[22m frontend/s
rc/components/__tests__/Track
ingsList.test.tsx:[2m2205:51
[22m[39m
    [90m2203| [39m
    [90m2204| [39m         
       // Next Reminder 
should be empty (ANSWERED 
reminders aÔÇª
    [90m2205| [39m         
       const 
emptyReminderCell3 = 
screen.getByText("Did I 
exeÔÇª
    [90m   | [39m          
                             
           [31m^[39m

[2m Test Files [22m [1m[31m2 failed[39m[22m[2m | [22m[1m[32m51 passed[39m[22m[90m (53)[39m
[2m      Tests [22m [1m[31m50 failed[39m[22m[2m | [22m[1m[32m998 passed[39m[22m[90m (1048)[39m
[2m   Start at [22m 09:04:02
[2m   Duration [22m 13.41s[2m (transform 4.44s, setup 13.63s, import 25.35s, tests 59.90s, environment 41.03s)[22m

    [90m2206| [39m         
       [34mexpect[39m(empty
ReminderCell3)[33m.[39m[34
mtoHaveTextContent[39m([32m
"ÔÇö"[39m)[33m;[39m
    [90m2207| [39m         
   })[33m;[39m

[31m[2mÔÄ»ÔÄ»ÔÄ»ÔÄ»ÔÄ»ÔÄ»ÔÄ
»ÔÄ»ÔÄ»ÔÄ»ÔÄ»ÔÄ»ÔÄ»ÔÄ»ÔÄ»ÔÄ»Ô
Ä»ÔÄ»ÔÄ»ÔÄ»ÔÄ»ÔÄ»[50/50]ÔÄ»[
22m[39m

